Building bootstrap
    Finished `dev` profile [unoptimized] target(s) in 0.03s
Building stage1 compiler artifacts (stage0 -> stage1, aarch64-apple-darwin)
    Finished `release` profile [optimized + debuginfo] target(s) in 0.16s
Creating a sysroot for stage1 compiler (use `rustup toolchain link 'name' build/host/stage1`)
Building stage1 library artifacts (stage1 -> stage1, aarch64-apple-darwin)
    Finished `release` profile [optimized + debuginfo] target(s) in 0.01s
Building stage1 library artifacts (stage1:aarch64-apple-darwin -> stage1:riscv32cheriot-unknown-cheriotrtos)
warning: dropping unsupported crate type `dylib` for target `riscv32cheriot-unknown-cheriotrtos`

warning: `std` (lib) generated 1 warning
    Finished `release` profile [optimized + debuginfo] target(s) in 0.01s
Building stage1 rustdoc_tool_binary (stage0 -> stage1, aarch64-apple-darwin)
    Finished `release` profile [optimized + debuginfo] target(s) in 0.09s
Testing stage2 {core} (riscv32cheriot-unknown-cheriotrtos)
    Finished `release` profile [optimized + debuginfo] target(s) in 0.01s
   Doc-tests core

running 5563 tests
test library/core/src/../../portable-simd/crates/core_simd/src/fmt.rs - core_simd::fmt::Simd<T,N>::fmt (line 10) ... ok
test library/core/src/../../portable-simd/crates/core_simd/src/masks.rs - core_simd::masks::Mask<T,N>::first_set (line 313) ... ok
test library/core/src/../../portable-simd/crates/core_simd/src/select.rs - core_simd::select::Mask<T,N>::select (line 14) ... ok
test library/core/src/../../portable-simd/crates/core_simd/src/select.rs - core_simd::select::Mask<T,N>::select_mask (line 40) ... ok
test library/core/src/../../portable-simd/crates/core_simd/src/simd/num/float.rs - core_simd::simd::num::float::SimdFloat::cast (line 27) ... ok
error: linking with `./cheri/linker.sh` failed: exit status: 255
  |
  = note:  "./cheri/linker.sh" "-flavor" "gnu" "/var/folders/9k/gp4ckb6n1wd80tfd822vr6j80000gp/T/rustco3Aiym/symbols.o" "<2 object files omitted>" "--as-needed" "-Bstatic" "<sysroot>/lib/rustlib/riscv32cheriot-unknown-cheriotrtos/lib/{libpanic_abort-*,libstd-*,libcfg_if-*,librustc_demangle-*,libstd_detect-*,libhashbrown-*,librustc_std_workspace_alloc-*,libminiz_oxide-*,libadler2-*,libunwind-*,liblibc-*,librustc_std_workspace_core-*,liballoc-*,libcore-*,libcompiler_builtins-*}.rlib" "-L" "/var/folders/9k/gp4ckb6n1wd80tfd822vr6j80000gp/T/rustco3Aiym/raw-dylibs" "-Bdynamic" "-z" "noexecstack" "-L" "<sysroot>/lib/rustlib/riscv32cheriot-unknown-cheriotrtos/lib/self-contained" "-o" "/var/folders/9k/gp4ckb6n1wd80tfd822vr6j80000gp/T/rustdoctestKJpvCA/rust_out" "--gc-sections" "-static"
  = note: some arguments are omitted. use `--verbose` to show all linker arguments
  = note: Remapping priority of thread 1 from 1 to 0
          Enabling sub-object bounds for cheriot.allocator
          Enabling sub-object bounds for cheriot.loader
          Enabling sub-object bounds for test_fw.scheduler
          Patched board file will be saved as "/Users/jacob/CHERIoT/rust/cheri/doctests/build/board.json"
          [ 93%]: linking compartment test_runner.compartment
          [ 93%]: linking firmware build/cheriot/cheriot/release/test_fw
          error: ld.lld: error: undefined symbol: __library_export_libcalls_fmaxf
          >>> referenced by compiler_builtins.f5786da9a5584453-cgu.112
          >>>               build/cheriot/cheriot/release/test_runner.compartment:()
          
          warning: $(buildir) has been deprecated, please use $(builddir)
          

error: aborting due to 1 previous error

Couldn't compile the test.test library/core/src/../../portable-simd/crates/core_simd/src/simd/num/float.rs - core_simd::simd::num::float::SimdFloat::reduce_max (line 194) ... FAILED
error: linking with `./cheri/linker.sh` failed: exit status: 255
  |
  = note:  "./cheri/linker.sh" "-flavor" "gnu" "/var/folders/9k/gp4ckb6n1wd80tfd822vr6j80000gp/T/rustcZsluPg/symbols.o" "<2 object files omitted>" "--as-needed" "-Bstatic" "<sysroot>/lib/rustlib/riscv32cheriot-unknown-cheriotrtos/lib/{libpanic_abort-*,libstd-*,libcfg_if-*,librustc_demangle-*,libstd_detect-*,libhashbrown-*,librustc_std_workspace_alloc-*,libminiz_oxide-*,libadler2-*,libunwind-*,liblibc-*,librustc_std_workspace_core-*,liballoc-*,libcore-*,libcompiler_builtins-*}.rlib" "-L" "/var/folders/9k/gp4ckb6n1wd80tfd822vr6j80000gp/T/rustcZsluPg/raw-dylibs" "-Bdynamic" "-z" "noexecstack" "-L" "<sysroot>/lib/rustlib/riscv32cheriot-unknown-cheriotrtos/lib/self-contained" "-o" "/var/folders/9k/gp4ckb6n1wd80tfd822vr6j80000gp/T/rustdoctestq46UwG/rust_out" "--gc-sections" "-static"
  = note: some arguments are omitted. use `--verbose` to show all linker arguments
  = note: Remapping priority of thread 1 from 1 to 0
          Enabling sub-object bounds for cheriot.allocator
          Enabling sub-object bounds for cheriot.loader
          Enabling sub-object bounds for test_fw.scheduler
          Patched board file will be saved as "/Users/jacob/CHERIoT/rust/cheri/doctests/build/board.json"
          [ 93%]: linking compartment test_runner.compartment
          [ 93%]: linking firmware build/cheriot/cheriot/release/test_fw
          error: ld.lld: error: undefined symbol: __library_export_libcalls_fminf
          >>> referenced by compiler_builtins.f5786da9a5584453-cgu.112
          >>>               build/cheriot/cheriot/release/test_runner.compartment:()
          
          warning: $(buildir) has been deprecated, please use $(builddir)
          

error: aborting due to 1 previous error

Couldn't compile the test.test library/core/src/../../portable-simd/crates/core_simd/src/simd/num/float.rs - core_simd::simd::num::float::SimdFloat::reduce_min (line 221) ... FAILED
test library/core/src/../../portable-simd/crates/core_simd/src/simd/num/float.rs - core_simd::simd::num::float::SimdFloat::reduce_product (line 175) ... ok
test library/core/src/../../portable-simd/crates/core_simd/src/simd/num/float.rs - core_simd::simd::num::float::SimdFloat::reduce_sum (line 161) ... ok
test library/core/src/../../portable-simd/crates/core_simd/src/simd/num/int.rs - core_simd::simd::num::int::SimdInt::abs (line 68) ... ok
test library/core/src/../../portable-simd/crates/core_simd/src/simd/num/int.rs - core_simd::simd::num::int::SimdInt::abs_diff (line 83) ... ok
test library/core/src/../../portable-simd/crates/core_simd/src/simd/num/int.rs - core_simd::simd::num::int::SimdInt::reduce_max (line 183) ... ok
test library/core/src/../../portable-simd/crates/core_simd/src/simd/num/int.rs - core_simd::simd::num::int::SimdInt::reduce_min (line 197) ... ok
test library/core/src/../../portable-simd/crates/core_simd/src/simd/num/int.rs - core_simd::simd::num::int::SimdInt::reduce_product (line 165) ... ok
test library/core/src/../../portable-simd/crates/core_simd/src/simd/num/int.rs - core_simd::simd::num::int::SimdInt::reduce_sum (line 147) ... ok
test library/core/src/../../portable-simd/crates/core_simd/src/simd/num/int.rs - core_simd::simd::num::int::SimdInt::saturating_abs (line 99) ... ok
test library/core/src/../../portable-simd/crates/core_simd/src/simd/num/int.rs - core_simd::simd::num::int::SimdInt::saturating_add (line 31) ... ok
test library/core/src/../../portable-simd/crates/core_simd/src/simd/num/int.rs - core_simd::simd::num::int::SimdInt::saturating_neg (line 117) ... ok
test library/core/src/../../portable-simd/crates/core_simd/src/simd/num/int.rs - core_simd::simd::num::int::SimdInt::saturating_sub (line 49) ... ok
test library/core/src/../../portable-simd/crates/core_simd/src/simd/num/uint.rs - core_simd::simd::num::uint::SimdUint::abs_diff (line 65) ... ok
test library/core/src/../../portable-simd/crates/core_simd/src/simd/num/uint.rs - core_simd::simd::num::uint::SimdUint::saturating_add (line 28) ... ok
test library/core/src/../../portable-simd/crates/core_simd/src/simd/num/uint.rs - core_simd::simd::num::uint::SimdUint::saturating_sub (line 46) ... ok
test library/core/src/../../portable-simd/crates/core_simd/src/simd/prelude.rs - core_simd::simd::prelude (line 4) ... ignored
test library/core/src/../../portable-simd/crates/core_simd/src/swizzle.rs - core_simd::swizzle::Mask<T,N>::deinterleave (line 616) ... ok
test library/core/src/../../portable-simd/crates/core_simd/src/swizzle.rs - core_simd::swizzle::Mask<T,N>::extract (line 672) ... ok
test library/core/src/../../portable-simd/crates/core_simd/src/swizzle.rs - core_simd::swizzle::Mask<T,N>::interleave (line 587) ... ok
test library/core/src/../../portable-simd/crates/core_simd/src/swizzle.rs - core_simd::swizzle::Mask<T,N>::resize (line 645) ... ok
test library/core/src/../../portable-simd/crates/core_simd/src/swizzle.rs - core_simd::swizzle::Simd<T,N>::deinterleave (line 408) ... ok
test library/core/src/../../portable-simd/crates/core_simd/src/swizzle.rs - core_simd::swizzle::Simd<T,N>::extract (line 486) ... ok
test library/core/src/../../portable-simd/crates/core_simd/src/swizzle.rs - core_simd::swizzle::Simd<T,N>::interleave (line 357) ... ok
test library/core/src/../../portable-simd/crates/core_simd/src/swizzle.rs - core_simd::swizzle::Simd<T,N>::resize (line 454) ... ok
test library/core/src/../../portable-simd/crates/core_simd/src/swizzle.rs - core_simd::swizzle::Simd<T,N>::rotate_elements_left (line 217) ... ok
test library/core/src/../../portable-simd/crates/core_simd/src/swizzle.rs - core_simd::swizzle::Simd<T,N>::rotate_elements_right (line 252) ... ok
test library/core/src/../../portable-simd/crates/core_simd/src/swizzle.rs - core_simd::swizzle::Simd<T,N>::shift_elements_left (line 286) ... ok
test library/core/src/../../portable-simd/crates/core_simd/src/swizzle.rs - core_simd::swizzle::Simd<T,N>::shift_elements_right (line 319) ... ok
test library/core/src/../../portable-simd/crates/core_simd/src/swizzle.rs - core_simd::swizzle::simd_swizzle (line 12) ... ok
test library/core/src/../../portable-simd/crates/core_simd/src/swizzle.rs - core_simd::swizzle::simd_swizzle (line 28) ... ok
test library/core/src/../../portable-simd/crates/core_simd/src/vector.rs - core_simd::vector::Simd (line 20) ... ok
test library/core/src/../../portable-simd/crates/core_simd/src/vector.rs - core_simd::vector::Simd<T,N>::as_array (line 179) ... ok
test library/core/src/../../portable-simd/crates/core_simd/src/vector.rs - core_simd::vector::Simd<T,N>::copy_to_slice (line 315) ... ok
test library/core/src/../../portable-simd/crates/core_simd/src/vector.rs - core_simd::vector::Simd<T,N>::from_slice (line 287) ... ok
rustc-LLVM ERROR: Cannot select: 0x13a8c9d10: c64 = add 0x13b081310, 0x13a8c9ca0
  0x13b081310: c64,ch = load<(dereferenceable load (s64) from %ir.9, align 32, addrspace 200)> 0x13ab82260, FrameIndex:c64<2>, undef:c64
  0x13a8c9ca0: c64 = shl 0x13a8c9fb0, Constant:i32<2>
    0x13a8c9fb0: c64,ch = load<(dereferenceable load (s32) from %ir.8, align 16, addrspace 200), sext from i32> 0x13a9077f0, FrameIndex:c64<1>, undef:c64
In function: _ZN4core9core_simd6vector17Simd$LT$T$C$_$GT$13gather_select17h7345589e3b689e06E
Couldn't compile the test.test library/core/src/../../portable-simd/crates/core_simd/src/vector.rs - core_simd::vector::Simd<T,N>::gather_or (line 491) ... FAILED
rustc-LLVM ERROR: Cannot select: 0x15245c710: c64 = add 0x15225c710, 0x15245c6a0
  0x15225c710: c64,ch = load<(dereferenceable load (s64) from %ir.9, align 32, addrspace 200)> 0x152385460, FrameIndex:c64<2>, undef:c64
  0x15245c6a0: c64 = shl 0x15245c9b0, Constant:i32<2>
    0x15245c9b0: c64,ch = load<(dereferenceable load (s32) from %ir.8, align 16, addrspace 200), sext from i32> 0x1521067f0, FrameIndex:c64<1>, undef:c64
In function: _ZN4core9core_simd6vector17Simd$LT$T$C$_$GT$13gather_select17h7345589e3b689e06E
Couldn't compile the test.test library/core/src/../../portable-simd/crates/core_simd/src/vector.rs - core_simd::vector::Simd<T,N>::gather_or_default (line 511) ... FAILED
rustc-LLVM ERROR: Cannot select: 0x12e871710: c64 = add 0x12e86c400, 0x12e8716a0
  0x12e86c400: c64,ch = load<(load (s64) from %ir.1, align 32, addrspace 200)> 0x12e867f10, 0x12e865350, undef:c64
    0x12e865350: c64,ch = CopyFromReg 0x10620b168, Register:c64 %1
  0x12e8716a0: c64 = shl 0x12e8719b0, Constant:i32<2>
    0x12e8719b0: c64,ch = load<(dereferenceable load (s32) from %ir.4, align 16, addrspace 200), sext from i32> 0x12e867f10, FrameIndex:c64<0>, undef:c64
In function: _ZN128_$LT$core..core_simd..vector..Simd$LT$$BP$const$u20$T$C$_$GT$$u20$as$u20$core..core_simd..simd..ptr..const_ptr..SimdConstPtr$GT$12wrapping_add17had2b7485d5ccd59dE
Couldn't compile the test.test library/core/src/../../portable-simd/crates/core_simd/src/vector.rs - core_simd::vector::Simd<T,N>::gather_ptr (line 608) ... FAILED
rustc-LLVM ERROR: Cannot select: 0x13717c910: c64 = add 0x1371630a0, 0x13717c8a0
  0x1371630a0: c64,ch = load<(dereferenceable load (s64) from %ir.9, align 32, addrspace 200)> 0x1370913d0, FrameIndex:c64<2>, undef:c64
  0x13717c8a0: c64 = shl 0x13717cbb0, Constant:i32<2>
    0x13717cbb0: c64,ch = load<(dereferenceable load (s32) from %ir.8, align 16, addrspace 200), sext from i32> 0x13715c9f0, FrameIndex:c64<1>, undef:c64
In function: _ZN4core9core_simd6vector17Simd$LT$T$C$_$GT$13gather_select17h7345589e3b689e06E
Couldn't compile the test.test library/core/src/../../portable-simd/crates/core_simd/src/vector.rs - core_simd::vector::Simd<T,N>::gather_select (line 534) ... FAILED
rustc-LLVM ERROR: Cannot select: 0x14b042110: c64 = add 0x14b03ce00, 0x14b0420a0
  0x14b03ce00: c64,ch = load<(load (s64) from %ir.1, align 32, addrspace 200)> 0x14b038910, 0x14b035150, undef:c64
    0x14b035150: c64,ch = CopyFromReg 0x13a6055b8, Register:c64 %1
  0x14b0420a0: c64 = shl 0x14b0423b0, Constant:i32<2>
    0x14b0423b0: c64,ch = load<(dereferenceable load (s32) from %ir.4, align 16, addrspace 200), sext from i32> 0x14b038910, FrameIndex:c64<0>, undef:c64
In function: _ZN128_$LT$core..core_simd..vector..Simd$LT$$BP$const$u20$T$C$_$GT$$u20$as$u20$core..core_simd..simd..ptr..const_ptr..SimdConstPtr$GT$12wrapping_add17had2b7485d5ccd59dE
Couldn't compile the test.test library/core/src/../../portable-simd/crates/core_simd/src/vector.rs - core_simd::vector::Simd<T,N>::gather_select_ptr (line 641) ... FAILED
rustc-LLVM ERROR: Cannot select: 0x14ac65170: c64 = add 0x14aa43000, 0x14aa04f20
  0x14aa43000: c64,ch = load<(dereferenceable load (s64) from %ir.9, align 32, addrspace 200)> 0x14ac69330, FrameIndex:c64<2>, undef:c64
  0x14aa04f20: c64 = shl 0x14aa04000, Constant:i32<2>
    0x14aa04000: c64,ch = load<(dereferenceable load (s32) from %ir.8, align 16, addrspace 200), sext from i32> 0x14aa03890, FrameIndex:c64<1>, undef:c64
In function: _ZN4core9core_simd6vector17Simd$LT$T$C$_$GT$23gather_select_unchecked17h5105b43f7dc97661E
Couldn't compile the test.test library/core/src/../../portable-simd/crates/core_simd/src/vector.rs - core_simd::vector::Simd<T,N>::gather_select_unchecked (line 568) ... FAILED
test library/core/src/../../portable-simd/crates/core_simd/src/vector.rs - core_simd::vector::Simd<T,N>::len (line 120) ... ok
test library/core/src/../../portable-simd/crates/core_simd/src/vector.rs - core_simd::vector::Simd<T,N>::load_or (line 364) ... ok
test library/core/src/../../portable-simd/crates/core_simd/src/vector.rs - core_simd::vector::Simd<T,N>::load_or_default (line 341) ... ok
test library/core/src/../../portable-simd/crates/core_simd/src/vector.rs - core_simd::vector::Simd<T,N>::load_select (line 416) ... ok
test library/core/src/../../portable-simd/crates/core_simd/src/vector.rs - core_simd::vector::Simd<T,N>::load_select_or_default (line 388) ... ok
rustc-LLVM ERROR: Cannot select: 0x14fb0b110: c64 = add 0x14f8e14c0, 0x14fb0b0a0
  0x14f8e14c0: c64,ch = load<(dereferenceable load (s64) from %ir.8, align 32, addrspace 200)> 0x14fb594e0, FrameIndex:c64<2>, undef:c64
  0x14fb0b0a0: c64 = shl 0x14fb0b3b0, Constant:i32<2>
    0x14fb0b3b0: c64,ch = load<(dereferenceable load (s32) from %ir.7, align 16, addrspace 200), sext from i32> 0x14f8e1680, FrameIndex:c64<1>, undef:c64
In function: _ZN4core9core_simd6vector17Simd$LT$T$C$_$GT$14scatter_select17h72b308d88bca3e2fE
Couldn't compile the test.test library/core/src/../../portable-simd/crates/core_simd/src/vector.rs - core_simd::vector::Simd<T,N>::scatter (line 749) ... FAILED
rustc-LLVM ERROR: Cannot select: 0x13006dd10: c64 = add 0x130068a00, 0x13006dca0
  0x130068a00: c64,ch = load<(load (s64) from %ir.1, align 32, addrspace 200)> 0x130064510, 0x130061950, undef:c64
    0x130061950: c64,ch = CopyFromReg 0x127e0ad88, Register:c64 %1
  0x13006dca0: c64 = shl 0x13006dfb0, Constant:i32<2>
    0x13006dfb0: c64,ch = load<(dereferenceable load (s32) from %ir.4, align 16, addrspace 200), sext from i32> 0x130064510, FrameIndex:c64<0>, undef:c64
In function: _ZN122_$LT$core..core_simd..vector..Simd$LT$$BP$mut$u20$T$C$_$GT$$u20$as$u20$core..core_simd..simd..ptr..mut_ptr..SimdMutPtr$GT$12wrapping_add17h0e390fd6183bbe4cE
Couldn't compile the test.test library/core/src/../../portable-simd/crates/core_simd/src/vector.rs - core_simd::vector::Simd<T,N>::scatter_ptr (line 856) ... FAILED
rustc-LLVM ERROR: Cannot select: 0x1240cad10: c64 = add 0x124107cc0, 0x1240caca0
  0x124107cc0: c64,ch = load<(dereferenceable load (s64) from %ir.8, align 32, addrspace 200)> 0x124305650, FrameIndex:c64<2>, undef:c64
  0x1240caca0: c64 = shl 0x1240cafb0, Constant:i32<2>
    0x1240cafb0: c64,ch = load<(dereferenceable load (s32) from %ir.7, align 16, addrspace 200), sext from i32> 0x124107e80, FrameIndex:c64<1>, undef:c64
In function: _ZN4core9core_simd6vector17Simd$LT$T$C$_$GT$14scatter_select17h72b308d88bca3e2fE
Couldn't compile the test.test library/core/src/../../portable-simd/crates/core_simd/src/vector.rs - core_simd::vector::Simd<T,N>::scatter_select (line 771) ... FAILED
rustc-LLVM ERROR: Cannot select: 0x14d20dd10: c64 = add 0x14d313e00, 0x14d20dca0
  0x14d313e00: c64,ch = load<(load (s64) from %ir.1, align 32, addrspace 200)> 0x14d0cad10, 0x14d1f6b50, undef:c64
    0x14d1f6b50: c64,ch = CopyFromReg 0x14ce62be8, Register:c64 %1
  0x14d20dca0: c64 = shl 0x14d20dfb0, Constant:i32<2>
    0x14d20dfb0: c64,ch = load<(dereferenceable load (s32) from %ir.4, align 16, addrspace 200), sext from i32> 0x14d0cad10, FrameIndex:c64<0>, undef:c64
In function: _ZN122_$LT$core..core_simd..vector..Simd$LT$$BP$mut$u20$T$C$_$GT$$u20$as$u20$core..core_simd..simd..ptr..mut_ptr..SimdMutPtr$GT$12wrapping_add17h0e390fd6183bbe4cE
Couldn't compile the test.test library/core/src/../../portable-simd/crates/core_simd/src/vector.rs - core_simd::vector::Simd<T,N>::scatter_select_ptr (line 883) ... FAILED
rustc-LLVM ERROR: Cannot select: 0x128b31b90: c64 = add 0x10502eee0, 0x128b31650
  0x10502eee0: c64,ch = load<(dereferenceable load (s64) from %ir.8, align 32, addrspace 200)> 0x10507d950, FrameIndex:c64<2>, undef:c64
  0x128b31650: c64 = shl 0x128b313b0, Constant:i32<2>
    0x128b313b0: c64,ch = load<(dereferenceable load (s32) from %ir.7, align 16, addrspace 200), sext from i32> 0x10507ae00, FrameIndex:c64<1>, undef:c64
In function: _ZN4core9core_simd6vector17Simd$LT$T$C$_$GT$24scatter_select_unchecked17h61ccf607c46e898cE
Couldn't compile the test.test library/core/src/../../portable-simd/crates/core_simd/src/vector.rs - core_simd::vector::Simd<T,N>::scatter_select_unchecked (line 802) ... FAILED
test library/core/src/../../portable-simd/crates/core_simd/src/vector.rs - core_simd::vector::Simd<T,N>::splat (line 138) ... ok
test library/core/src/../../portable-simd/crates/core_simd/src/vector.rs - core_simd::vector::Simd<T,N>::store_select (line 671) ... ok
test library/core/src/../../portable-simd/crates/core_simd/src/vector.rs - core_simd::vector::Simd<T,N>::store_select_unchecked (line 699) ... ok
test library/core/src/../../stdarch/crates/core_arch/src/core_arch_docs.md - arch (line 114) ... ignored
test library/core/src/../../stdarch/crates/core_arch/src/core_arch_docs.md - arch (line 222) ... ok
test library/core/src/../../stdarch/crates/core_arch/src/core_arch_docs.md - arch (line 258) ... ok
test library/core/src/../../stdarch/crates/core_arch/src/core_arch_docs.md - arch (line 58) ... ignored
test library/core/src/../../stdarch/crates/core_arch/src/core_arch_docs.md - core_arch::arch (line 114) ... ignored
test library/core/src/../../stdarch/crates/core_arch/src/core_arch_docs.md - core_arch::arch (line 222) ... ok
test library/core/src/../../stdarch/crates/core_arch/src/core_arch_docs.md - core_arch::arch (line 258) ... ok
test library/core/src/../../stdarch/crates/core_arch/src/core_arch_docs.md - core_arch::arch (line 58) ... ignored
test library/core/src/alloc/global.rs - alloc::global::GlobalAlloc (line 106) ... ignored
error: linking with `./cheri/linker.sh` failed: exit status: 255
  |
  = note:  "./cheri/linker.sh" "-flavor" "gnu" "/var/folders/9k/gp4ckb6n1wd80tfd822vr6j80000gp/T/rustcsXwBqS/symbols.o" "<2 object files omitted>" "--as-needed" "-Bstatic" "<sysroot>/lib/rustlib/riscv32cheriot-unknown-cheriotrtos/lib/{libpanic_abort-*,libstd-*,libcfg_if-*,librustc_demangle-*,libstd_detect-*,libhashbrown-*,librustc_std_workspace_alloc-*,libminiz_oxide-*,libadler2-*,libunwind-*,liblibc-*,librustc_std_workspace_core-*,liballoc-*,libcore-*,libcompiler_builtins-*}.rlib" "-L" "/var/folders/9k/gp4ckb6n1wd80tfd822vr6j80000gp/T/rustcsXwBqS/raw-dylibs" "-Bdynamic" "-z" "noexecstack" "-L" "<sysroot>/lib/rustlib/riscv32cheriot-unknown-cheriotrtos/lib/self-contained" "-o" "/var/folders/9k/gp4ckb6n1wd80tfd822vr6j80000gp/T/rustdoctestPtwhFJ/rust_out" "--gc-sections" "-static"
  = note: some arguments are omitted. use `--verbose` to show all linker arguments
  = note: Remapping priority of thread 1 from 1 to 0
          Enabling sub-object bounds for cheriot.allocator
          Enabling sub-object bounds for cheriot.loader
          Enabling sub-object bounds for test_fw.scheduler
          Patched board file will be saved as "/Users/jacob/CHERIoT/rust/cheri/doctests/build/board.json"
          [ 93%]: linking compartment test_runner.compartment
          [ 93%]: linking firmware build/cheriot/cheriot/release/test_fw
          error: ld.lld: error: build/cheriot/cheriot/release/test_runner.compartment:(function __rustc::__rust_alloc: .text+0x5ea): relocation R_RISCV_CHERIOT_COMPARTMENT_SIZE out of range: 135168 is not in [0, 4095]; references 'rust_out::ALLOCATOR::ha2f5dc787630f00c'
          >>> referenced by magic_enum.hpp:1166 (/Users/jacob/CHERIoT/rtos/sdk/include/magic_enum/magic_enum.hpp:1166)
          >>> defined in build/cheriot/cheriot/release/test_runner.compartment
          
          ld.lld: error: build/cheriot/cheriot/release/test_runner.compartment:(function __rustc::__rust_dealloc: .text+0x632): relocation R_RISCV_CHERIOT_COMPARTMENT_SIZE out of range: 135168 is not in [0, 4095]; references 'rust_out::ALLOCATOR::ha2f5dc787630f00c'
          >>> referenced by stdio.h:62 (/Users/jacob/CHERIoT/rtos/sdk/include/stdio.h:62)
          >>> defined in build/cheriot/cheriot/release/test_runner.compartment
          
          ld.lld: error: build/cheriot/cheriot/release/test_runner.compartment:(function __rustc::__rust_realloc: .text+0x67e): relocation R_RISCV_CHERIOT_COMPARTMENT_SIZE out of range: 135168 is not in [0, 4095]; references 'rust_out::ALLOCATOR::ha2f5dc787630f00c'
          >>> referenced by stdio.h:62 (/Users/jacob/CHERIoT/rtos/sdk/include/stdio.h:62)
          >>> defined in build/cheriot/cheriot/release/test_runner.compartment
          
          ld.lld: error: build/cheriot/cheriot/release/test_runner.compartment:(function __rustc::__rust_alloc_zeroed: .text+0x6b6): relocation R_RISCV_CHERIOT_COMPARTMENT_SIZE out of range: 135168 is not in [0, 4095]; references 'rust_out::ALLOCATOR::ha2f5dc787630f00c'
          >>> referenced by stdio.h:62 (/Users/jacob/CHERIoT/rtos/sdk/include/stdio.h:62)
          >>> defined in build/cheriot/cheriot/release/test_runner.compartment
          
          ld.lld: error: build/cheriot/cheriot/release/test_runner.compartment:(function rust_out::main::hf5df2ee7ae91747b: .text+0x1b5e): relocation R_RISCV_CHERIOT_COMPARTMENT_SIZE out of range: 135168 is not in [0, 4095]; references 'rust_out::ALLOCATOR::ha2f5dc787630f00c'
          >>> referenced by magic_enum.hpp:1091 (/Users/jacob/CHERIoT/rtos/sdk/include/magic_enum/magic_enum.hpp:1091)
          >>> defined in build/cheriot/cheriot/release/test_runner.compartment
          
          warning: $(buildir) has been deprecated, please use $(builddir)
          

error: aborting due to 1 previous error

Couldn't compile the test.test library/core/src/alloc/global.rs - alloc::global::GlobalAlloc (line 22) ... FAILED
test library/core/src/alloc/layout.rs - alloc::layout::Layout::extend (line 392) ... ok
test library/core/src/alloc/layout.rs - alloc::layout::Layout::repeat (line 343) ... ok
test library/core/src/any.rs - any (line 27) ... ok
test library/core/src/any.rs - any (line 50) ... ok
test library/core/src/any.rs - any::Any::type_id (line 123) ... ok
test library/core/src/any.rs - any::TypeId (line 653) ... ok
test library/core/src/any.rs - any::TypeId (line 668) ... ok
test library/core/src/any.rs - any::TypeId::of (line 774) ... ok
test library/core/src/any.rs - any::dynAny+Send+Sync::downcast_mut (line 518) ... ok
test library/core/src/any.rs - any::dynAny+Send+Sync::downcast_ref (line 494) ... ok
test library/core/src/any.rs - any::dynAny+Send+Sync::downcast_unchecked_mut (line 572) ... ok
test library/core/src/any.rs - any::dynAny+Send+Sync::downcast_unchecked_ref (line 546) ... ok
test library/core/src/any.rs - any::dynAny+Send+Sync::is (line 470) ... ok
test library/core/src/any.rs - any::dynAny+Send::downcast_mut (line 384) ... ok
test library/core/src/any.rs - any::dynAny+Send::downcast_ref (line 360) ... ok
test library/core/src/any.rs - any::dynAny+Send::downcast_unchecked_mut (line 439) ... ok
test library/core/src/any.rs - any::dynAny+Send::downcast_unchecked_ref (line 412) ... ok
test library/core/src/any.rs - any::dynAny+Send::is (line 336) ... ok
test library/core/src/any.rs - any::dynAny::downcast_mut (line 241) ... ok
test library/core/src/any.rs - any::dynAny::downcast_ref (line 209) ... ok
test library/core/src/any.rs - any::dynAny::downcast_unchecked_mut (line 304) ... ok
test library/core/src/any.rs - any::dynAny::downcast_unchecked_ref (line 276) ... ok
test library/core/src/any.rs - any::dynAny::is (line 177) ... ok
test library/core/src/any.rs - any::type_name (line 857) ... ok
test library/core/src/any.rs - any::type_name_of_val (line 892) ... ok
test library/core/src/array/ascii.rs - array::ascii::[u8;N]::as_ascii (line 9) ... ok
test library/core/src/array/iter.rs - array::iter::IntoIter<T,N>::empty (line 162) ... ok
test library/core/src/array/iter.rs - array::iter::IntoIter<T,N>::empty (line 189) ... ok
test library/core/src/array/iter.rs - array::iter::IntoIter<T,N>::new_unchecked (line 101) ... ok
test library/core/src/array/mod.rs - array::&'a[T;N] (line 292) ... ok
test library/core/src/array/mod.rs - array::&'amut[T;N] (line 315) ... ok
test library/core/src/array/mod.rs - array::[T;N] (line 240) ... ok
test library/core/src/array/mod.rs - array::[T;N] (line 266) ... ok
test library/core/src/array/mod.rs - array::[T;N] (line 338) ... ok
test library/core/src/array/mod.rs - array::[T;N]::each_mut (line 671) ... ok
test library/core/src/array/mod.rs - array::[T;N]::each_ref (line 630) ... ok
test library/core/src/array/mod.rs - array::[T;N]::each_ref (line 640) ... ok
test library/core/src/array/mod.rs - array::[T;N]::map (line 537) ... ok
test library/core/src/array/mod.rs - array::[T;N]::rsplit_array_mut (line 831) ... ok
test library/core/src/array/mod.rs - array::[T;N]::rsplit_array_ref (line 786) ... ok
test library/core/src/array/mod.rs - array::[T;N]::split_array_mut (line 753) ... ok
test library/core/src/array/mod.rs - array::[T;N]::split_array_ref (line 708) ... ok
test library/core/src/array/mod.rs - array::[T;N]::try_map (line 572) ... ok
test library/core/src/array/mod.rs - array::from_fn (line 101) ... ok
test library/core/src/array/mod.rs - array::from_fn (line 71) ... ok
test library/core/src/array/mod.rs - array::from_fn (line 92) ... ok
test library/core/src/array/mod.rs - array::repeat (line 44) ... ok
test library/core/src/array/mod.rs - array::try_from_fn (line 130) ... ok
test library/core/src/ascii.rs - ascii::escape_default (line 50) ... ok
test library/core/src/ascii/ascii_char.rs - ascii::ascii_char::AsciiChar::eq_ignore_case (line 619) ... ok
test library/core/src/ascii/ascii_char.rs - ascii::ascii_char::AsciiChar::escape_ascii (line 1127) ... ok
test library/core/src/ascii/ascii_char.rs - ascii::ascii_char::AsciiChar::is_alphabetic (line 697) ... ok
test library/core/src/ascii/ascii_char.rs - ascii::ascii_char::AsciiChar::is_alphanumeric (line 808) ... ok
test library/core/src/ascii/ascii_char.rs - ascii::ascii_char::AsciiChar::is_control (line 1088) ... ok
test library/core/src/ascii/ascii_char.rs - ascii::ascii_char::AsciiChar::is_digit (line 844) ... ok
test library/core/src/ascii/ascii_char.rs - ascii::ascii_char::AsciiChar::is_graphic (line 997) ... ok
test library/core/src/ascii/ascii_char.rs - ascii::ascii_char::AsciiChar::is_hexdigit (line 921) ... ok
test library/core/src/ascii/ascii_char.rs - ascii::ascii_char::AsciiChar::is_lowercase (line 769) ... ok
test library/core/src/ascii/ascii_char.rs - ascii::ascii_char::AsciiChar::is_octdigit (line 880) ... ok
test library/core/src/ascii/ascii_char.rs - ascii::ascii_char::AsciiChar::is_punctuation (line 961) ... ok
test library/core/src/ascii/ascii_char.rs - ascii::ascii_char::AsciiChar::is_uppercase (line 733) ... ok
test library/core/src/ascii/ascii_char.rs - ascii::ascii_char::AsciiChar::is_whitespace (line 1050) ... ok
test library/core/src/ascii/ascii_char.rs - ascii::ascii_char::AsciiChar::make_lowercase (line 672) ... ok
test library/core/src/ascii/ascii_char.rs - ascii::ascii_char::AsciiChar::make_uppercase (line 645) ... ok
test library/core/src/ascii/ascii_char.rs - ascii::ascii_char::AsciiChar::to_lowercase (line 591) ... ok
test library/core/src/ascii/ascii_char.rs - ascii::ascii_char::AsciiChar::to_uppercase (line 561) ... ok
test library/core/src/async_iter/mod.rs - async_iter (line 32) ... ok
test library/core/src/async_iter/mod.rs - async_iter (line 70) ... ok
test library/core/src/bool.rs - bool::bool::ok_or (line 76) ... ok
test library/core/src/bool.rs - bool::bool::ok_or (line 83) ... ok
test library/core/src/bool.rs - bool::bool::ok_or_else (line 107) ... ok
test library/core/src/bool.rs - bool::bool::ok_or_else (line 114) ... ok
test library/core/src/bool.rs - bool::bool::then (line 42) ... ok
test library/core/src/bool.rs - bool::bool::then (line 47) ... ok
test library/core/src/bool.rs - bool::bool::then_some (line 15) ... ok
test library/core/src/bool.rs - bool::bool::then_some (line 20) ... ok
test library/core/src/borrow.rs - borrow::Borrow (line 118) ... ok
test library/core/src/borrow.rs - borrow::Borrow (line 133) ... ok
test library/core/src/borrow.rs - borrow::Borrow (line 62) ... ok
test library/core/src/borrow.rs - borrow::Borrow::borrow (line 163) ... ok
test library/core/src/borrow.rs - borrow::BorrowMut::borrow_mut (line 195) ... ok
test library/core/src/bstr/mod.rs - bstr::ByteStr::new (line 54) ... ok
test library/core/src/cell.rs - cell (line 123) ... ok
test library/core/src/cell.rs - cell (line 158) ... ok
test library/core/src/cell.rs - cell (line 189) ... ok
test library/core/src/cell.rs - cell::Cell (line 284) ... ok
test library/core/src/cell.rs - cell::Cell<T>::as_ptr (line 589) ... ok
test library/core/src/cell.rs - cell::Cell<T>::from_mut (line 638) ... ok
test library/core/src/cell.rs - cell::Cell<T>::get (line 542) ... ok
test library/core/src/cell.rs - cell::Cell<T>::get_cloned (line 805) ... ok
test library/core/src/cell.rs - cell::Cell<T>::get_mut (line 619) ... ok
test library/core/src/cell.rs - cell::Cell<T>::into_inner (line 521) ... ok
test library/core/src/cell.rs - cell::Cell<T>::new (line 407) ... ok
test library/core/src/cell.rs - cell::Cell<T>::replace (line 498) ... ok
test library/core/src/cell.rs - cell::Cell<T>::set (line 423) ... ok
test library/core/src/cell.rs - cell::Cell<T>::swap (line 454) ... ok
test library/core/src/cell.rs - cell::Cell<T>::take (line 661) ... ok
test library/core/src/cell.rs - cell::Cell<T>::update (line 563) ... ok
test library/core/src/cell.rs - cell::Cell<[T;N]>::as_array_of_cells (line 720) ... ok
test library/core/src/cell.rs - cell::Cell<[T]>::as_slice_of_cells (line 698) ... ok
test library/core/src/cell.rs - cell::CloneFromCell (line 742) ... ok
test library/core/src/cell.rs - cell::CloneFromCell (line 753) ... ok
test library/core/src/cell.rs - cell::Ref<'b,T>::filter_map (line 1671) ... ok
test library/core/src/cell.rs - cell::Ref<'b,T>::leak (line 1779) ... ok
test library/core/src/cell.rs - cell::Ref<'b,T>::map (line 1642) ... ok
test library/core/src/cell.rs - cell::Ref<'b,T>::map_split (line 1743) ... ok
test library/core/src/cell.rs - cell::Ref<'b,T>::try_map (line 1703) ... ok
test library/core/src/cell.rs - cell::RefCell<T>::as_ptr (line 1258) ... ok
test library/core/src/cell.rs - cell::RefCell<T>::borrow (line 1075) ... ok
test library/core/src/cell.rs - cell::RefCell<T>::borrow (line 1086) ... ok
test library/core/src/cell.rs - cell::RefCell<T>::borrow_mut (line 1174) ... ok
test library/core/src/cell.rs - cell::RefCell<T>::borrow_mut (line 1186) ... ok
test library/core/src/cell.rs - cell::RefCell<T>::get_mut (line 1297) ... ok
test library/core/src/cell.rs - cell::RefCell<T>::into_inner (line 962) ... ok
test library/core/src/cell.rs - cell::RefCell<T>::new (line 941) ... ok
test library/core/src/cell.rs - cell::RefCell<T>::replace (line 990) ... ok
test library/core/src/cell.rs - cell::RefCell<T>::replace_with (line 1016) ... ok
test library/core/src/cell.rs - cell::RefCell<T>::swap (line 1045) ... ok
test library/core/src/cell.rs - cell::RefCell<T>::take (line 1398) ... ok
test library/core/src/cell.rs - cell::RefCell<T>::try_borrow (line 1116) ... ok
test library/core/src/cell.rs - cell::RefCell<T>::try_borrow_mut (line 1216) ... ok
test library/core/src/cell.rs - cell::RefCell<T>::try_borrow_unguarded (line 1352) ... ok
test library/core/src/cell.rs - cell::RefCell<T>::undo_leak (line 1322) ... ok
test library/core/src/cell.rs - cell::RefMut<'b,T>::filter_map (line 1859) ... ok
test library/core/src/cell.rs - cell::RefMut<'b,T>::leak (line 1998) ... ok
test library/core/src/cell.rs - cell::RefMut<'b,T>::map (line 1825) ... ok
test library/core/src/cell.rs - cell::RefMut<'b,T>::map_split (line 1959) ... ok
test library/core/src/cell.rs - cell::RefMut<'b,T>::try_map (line 1905) ... ok
error: casting `&T` to `&mut T` is undefined behavior, even if the reference is unused, consider instead using an `UnsafeCell`
    --> library/core/src/cell.rs:2216:12
     |
2213 |   let t = ptr as *const UnsafeCell<T> as *mut T;
     |           ------------------------------------- casting happened here
...
2216 |   unsafe { &mut *t }
     |            ^^^^^^^
     |
     = note: for more information, visit <https://doc.rust-lang.org/book/ch15-05-interior-mutability.html>
     = note: even for types with interior mutability, the only legal way to obtain a mutable pointer from a shared reference is through `UnsafeCell::get`
     = note: `#[deny(invalid_reference_casting)]` on by default

error: aborting due to 1 previous error

test library/core/src/cell.rs - cell::UnsafeCell (line 2210) ... ok
test library/core/src/cell.rs - cell::UnsafeCell (line 2222) ... ok
test library/core/src/cell.rs - cell::UnsafeCell (line 2234) ... ok
test library/core/src/cell.rs - cell::UnsafeCell (line 2251) ... ok
test library/core/src/cell.rs - cell::UnsafeCell (line 2278) ... ok
test library/core/src/cell.rs - cell::UnsafeCell<T>::as_mut_unchecked (line 2527) ... ok
test library/core/src/cell.rs - cell::UnsafeCell<T>::as_ref_unchecked (line 2499) ... ok
test library/core/src/cell.rs - cell::UnsafeCell<T>::from_mut (line 2383) ... ok
test library/core/src/cell.rs - cell::UnsafeCell<T>::get (line 2408) ... ok
test library/core/src/cell.rs - cell::UnsafeCell<T>::get_mut (line 2435) ... ok
test library/core/src/cell.rs - cell::UnsafeCell<T>::into_inner (line 2332) ... ok
test library/core/src/cell.rs - cell::UnsafeCell<T>::new (line 2316) ... ok
test library/core/src/cell.rs - cell::UnsafeCell<T>::raw_get (line 2465) ... ok
test library/core/src/cell.rs - cell::UnsafeCell<T>::replace (line 2360) ... ok
test library/core/src/cell/lazy.rs - cell::lazy::LazyCell (line 36) ... ok
test library/core/src/cell/lazy.rs - cell::lazy::LazyCell<T,F>::force (line 127) ... ok
test library/core/src/cell/lazy.rs - cell::lazy::LazyCell<T,F>::force_mut (line 167) ... ok
test library/core/src/cell/lazy.rs - cell::lazy::LazyCell<T,F>::get (line 293) ... ok
test library/core/src/cell/lazy.rs - cell::lazy::LazyCell<T,F>::get_mut (line 266) ... ok
test library/core/src/cell/lazy.rs - cell::lazy::LazyCell<T,F>::into_inner (line 89) ... ok
test library/core/src/cell/lazy.rs - cell::lazy::LazyCell<T,F>::new (line 63) ... ok
test library/core/src/cell/once.rs - cell::once::OnceCell (line 22) ... ok
test library/core/src/cell/once.rs - cell::once::OnceCell<T>::get_mut_or_init (line 182) ... ok
test library/core/src/cell/once.rs - cell::once::OnceCell<T>::get_mut_or_try_init (line 259) ... ok
test library/core/src/cell/once.rs - cell::once::OnceCell<T>::get_or_init (line 151) ... ok
test library/core/src/cell/once.rs - cell::once::OnceCell<T>::get_or_try_init (line 222) ... ok
test library/core/src/cell/once.rs - cell::once::OnceCell<T>::into_inner (line 309) ... ok
test library/core/src/cell/once.rs - cell::once::OnceCell<T>::set (line 78) ... ok
test library/core/src/cell/once.rs - cell::once::OnceCell<T>::take (line 337) ... ok
test library/core/src/cell/once.rs - cell::once::OnceCell<T>::try_insert (line 109) ... ok
test library/core/src/char/convert.rs - char::convert::char::from (line 179) ... ok
test library/core/src/char/convert.rs - char::convert::u128::from (line 83) ... ok
test library/core/src/char/convert.rs - char::convert::u16::try_from (line 138) ... ok
test library/core/src/char/convert.rs - char::convert::u32::from (line 45) ... ok
test library/core/src/char/convert.rs - char::convert::u64::from (line 63) ... ok
test library/core/src/char/convert.rs - char::convert::u8::try_from (line 109) ... ok
test library/core/src/char/methods.rs - char::methods::char::MAX (line 50) ... ok
test library/core/src/char/methods.rs - char::methods::char::MAX (line 63) ... ok
test library/core/src/char/methods.rs - char::methods::char::MIN (line 19) ... ok
test library/core/src/char/methods.rs - char::methods::char::MIN (line 32) ... ok
test library/core/src/char/methods.rs - char::methods::char::decode_utf16 (line 113) ... ok
test library/core/src/char/methods.rs - char::methods::char::decode_utf16 (line 135) ... ok
test library/core/src/char/methods.rs - char::methods::char::encode_utf16 (line 731) ... ok
test library/core/src/char/methods.rs - char::methods::char::encode_utf16 (line 741) ... ok
test library/core/src/char/methods.rs - char::methods::char::encode_utf8 (line 693) ... ok
test library/core/src/char/methods.rs - char::methods::char::encode_utf8 (line 705) ... ok
test library/core/src/char/methods.rs - char::methods::char::eq_ignore_ascii_case (line 1345) ... ok
test library/core/src/char/methods.rs - char::methods::char::escape_debug (line 501) ... ok
test library/core/src/char/methods.rs - char::methods::char::escape_debug (line 510) ... ok
test library/core/src/char/methods.rs - char::methods::char::escape_debug (line 516) ... ok
test library/core/src/char/methods.rs - char::methods::char::escape_debug (line 522) ... ok
test library/core/src/char/methods.rs - char::methods::char::escape_default (line 557) ... ok
test library/core/src/char/methods.rs - char::methods::char::escape_default (line 566) ... ok
test library/core/src/char/methods.rs - char::methods::char::escape_default (line 572) ... ok
test library/core/src/char/methods.rs - char::methods::char::escape_default (line 578) ... ok
test library/core/src/char/methods.rs - char::methods::char::escape_unicode (line 436) ... ok
test library/core/src/char/methods.rs - char::methods::char::escape_unicode (line 445) ... ok
test library/core/src/char/methods.rs - char::methods::char::escape_unicode (line 451) ... ok
test library/core/src/char/methods.rs - char::methods::char::escape_unicode (line 457) ... ok
test library/core/src/char/methods.rs - char::methods::char::from_digit (line 260) ... ok
test library/core/src/char/methods.rs - char::methods::char::from_digit (line 273) ... ok
test library/core/src/char/methods.rs - char::methods::char::from_digit (line 281) ... ok
test library/core/src/char/methods.rs - char::methods::char::from_u32 (line 159) ... ok
test library/core/src/char/methods.rs - char::methods::char::from_u32 (line 179) ... ok
test library/core/src/char/methods.rs - char::methods::char::from_u32 (line 187) ... ok
test library/core/src/char/methods.rs - char::methods::char::from_u32_unchecked (line 205) ... ok
test library/core/src/char/methods.rs - char::methods::char::from_u32_unchecked (line 228) ... ok
test library/core/src/char/methods.rs - char::methods::char::is_alphabetic (line 767) ... ok
test library/core/src/char/methods.rs - char::methods::char::is_alphanumeric (line 909) ... ok
test library/core/src/char/methods.rs - char::methods::char::is_ascii (line 1217) ... ok
test library/core/src/char/methods.rs - char::methods::char::is_ascii_alphabetic (line 1422) ... ok
test library/core/src/char/methods.rs - char::methods::char::is_ascii_alphanumeric (line 1527) ... ok
test library/core/src/char/methods.rs - char::methods::char::is_ascii_control (line 1791) ... ok
test library/core/src/char/methods.rs - char::methods::char::is_ascii_digit (line 1561) ... ok
test library/core/src/char/methods.rs - char::methods::char::is_ascii_graphic (line 1704) ... ok
test library/core/src/char/methods.rs - char::methods::char::is_ascii_hexdigit (line 1629) ... ok
test library/core/src/char/methods.rs - char::methods::char::is_ascii_lowercase (line 1490) ... ok
test library/core/src/char/methods.rs - char::methods::char::is_ascii_octdigit (line 1595) ... ok
test library/core/src/char/methods.rs - char::methods::char::is_ascii_punctuation (line 1667) ... ok
test library/core/src/char/methods.rs - char::methods::char::is_ascii_uppercase (line 1456) ... ok
test library/core/src/char/methods.rs - char::methods::char::is_ascii_whitespace (line 1755) ... ok
test library/core/src/char/methods.rs - char::methods::char::is_control (line 944) ... ok
test library/core/src/char/methods.rs - char::methods::char::is_digit (line 321) ... ok
test library/core/src/char/methods.rs - char::methods::char::is_digit (line 329) ... ok
test library/core/src/char/methods.rs - char::methods::char::is_digit (line 336) ... ok
test library/core/src/char/methods.rs - char::methods::char::is_lowercase (line 798) ... ok
test library/core/src/char/methods.rs - char::methods::char::is_lowercase (line 811) ... ok
test library/core/src/char/methods.rs - char::methods::char::is_numeric (line 1033) ... ok
test library/core/src/char/methods.rs - char::methods::char::is_uppercase (line 839) ... ok
test library/core/src/char/methods.rs - char::methods::char::is_uppercase (line 852) ... ok
test library/core/src/char/methods.rs - char::methods::char::is_whitespace (line 878) ... ok
test library/core/src/char/methods.rs - char::methods::char::len_utf16 (line 666) ... ok
test library/core/src/char/methods.rs - char::methods::char::len_utf8 (line 604) ... ok
test library/core/src/char/methods.rs - char::methods::char::len_utf8 (line 621) ... ok
test library/core/src/char/methods.rs - char::methods::char::make_ascii_lowercase (line 1399) ... ok
test library/core/src/char/methods.rs - char::methods::char::make_ascii_uppercase (line 1373) ... ok
test library/core/src/char/methods.rs - char::methods::char::to_ascii_lowercase (line 1317) ... ok
test library/core/src/char/methods.rs - char::methods::char::to_ascii_uppercase (line 1283) ... ok
test library/core/src/char/methods.rs - char::methods::char::to_digit (line 372) ... ok
test library/core/src/char/methods.rs - char::methods::char::to_digit (line 379) ... ok
test library/core/src/char/methods.rs - char::methods::char::to_digit (line 386) ... ok
test library/core/src/char/methods.rs - char::methods::char::to_digit (line 392) ... ok
test library/core/src/char/methods.rs - char::methods::char::to_lowercase (line 1082) ... ok
test library/core/src/char/methods.rs - char::methods::char::to_lowercase (line 1091) ... ok
test library/core/src/char/methods.rs - char::methods::char::to_lowercase (line 1097) ... ok
test library/core/src/char/methods.rs - char::methods::char::to_lowercase (line 1103) ... ok
test library/core/src/char/methods.rs - char::methods::char::to_uppercase (line 1149) ... ok
test library/core/src/char/methods.rs - char::methods::char::to_uppercase (line 1158) ... ok
test library/core/src/char/methods.rs - char::methods::char::to_uppercase (line 1164) ... ok
test library/core/src/char/methods.rs - char::methods::char::to_uppercase (line 1170) ... ok
test library/core/src/char/methods.rs - char::methods::char::to_uppercase (line 1190) ... ok
test library/core/src/char/methods.rs - char::methods::char::to_uppercase (line 1198) ... ok
test library/core/src/clone.rs - clone (line 16) ... ok
test library/core/src/clone.rs - clone (line 24) ... ok
test library/core/src/clone.rs - clone::Clone (line 104) ... ok
test library/core/src/clone.rs - clone::Clone (line 111) ... ok
error[E0599]: the method `clone` exists for struct `Generate<NotCloneable>`, but its trait bounds were not satisfied
   --> library/core/src/clone.rs:138:34
    |
130 | struct Generate<T>(fn() -> T);
    | ------------------ method `clone` not found for this struct because it doesn't satisfy `Generate<NotCloneable>: Clone`
131 |
132 | struct NotCloneable;
    | ------------------- doesn't satisfy `NotCloneable: Clone`
...
138 | Generate(generate_not_cloneable).clone();
    |                                  ^^^^^ method cannot be called on `Generate<NotCloneable>` due to unsatisfied trait bounds
    |
note: trait bound `NotCloneable: Clone` was not satisfied
   --> library/core/src/clone.rs:129:16
    |
129 | #[derive(Copy, Clone)]
    |                ^^^^^ unsatisfied trait bound introduced in this `derive` macro
help: consider annotating `NotCloneable` with `#[derive(Clone)]`
    |
132 + #[derive(Clone)]
133 | struct NotCloneable;
    |

error: aborting due to 1 previous error

For more information about this error, try `rustc --explain E0599`.
test library/core/src/clone.rs - clone::Clone (line 128) ... ok
test library/core/src/clone.rs - clone::Clone (line 72) ... ok
test library/core/src/clone.rs - clone::Clone (line 90) ... ok
test library/core/src/clone.rs - clone::Clone::clone (line 208) ... ok
test library/core/src/clone.rs - clone::Clone::clone (line 217) ... ok
test library/core/src/clone.rs - clone::CloneToUninit (line 395) ... ok
test library/core/src/clone.rs - clone::CloneToUninit (line 426) ... ok
test library/core/src/clone.rs - clone::UseCloned (line 310) ... ignored
test library/core/src/cmp.rs - cmp::Eq (line 313) ... ok
test library/core/src/cmp.rs - cmp::Ord (line 763) ... ok
test library/core/src/cmp.rs - cmp::Ord (line 775) ... ok
test library/core/src/cmp.rs - cmp::Ord (line 811) ... ok
test library/core/src/cmp.rs - cmp::Ord (line 848) ... ok
test library/core/src/cmp.rs - cmp::Ord (line 898) ... ok
test library/core/src/cmp.rs - cmp::Ord::clamp (line 1078) ... ok
test library/core/src/cmp.rs - cmp::Ord::cmp (line 977) ... ok
test library/core/src/cmp.rs - cmp::Ord::max (line 995) ... ok
test library/core/src/cmp.rs - cmp::Ord::max (line 999) ... ok
test library/core/src/cmp.rs - cmp::Ord::min (line 1034) ... ok
test library/core/src/cmp.rs - cmp::Ord::min (line 1038) ... ok
test library/core/src/cmp.rs - cmp::Ordering (line 375) ... ok
test library/core/src/cmp.rs - cmp::Ordering::is_eq (line 415) ... ok
test library/core/src/cmp.rs - cmp::Ordering::is_ge (line 514) ... ok
test library/core/src/cmp.rs - cmp::Ordering::is_gt (line 476) ... ok
test library/core/src/cmp.rs - cmp::Ordering::is_le (line 495) ... ok
test library/core/src/cmp.rs - cmp::Ordering::is_lt (line 457) ... ok
test library/core/src/cmp.rs - cmp::Ordering::is_ne (line 438) ... ok
test library/core/src/cmp.rs - cmp::Ordering::reverse (line 539) ... ok
test library/core/src/cmp.rs - cmp::Ordering::reverse (line 549) ... ok
test library/core/src/cmp.rs - cmp::Ordering::then (line 576) ... ok
test library/core/src/cmp.rs - cmp::Ordering::then_with (line 615) ... ok
test library/core/src/cmp.rs - cmp::PartialEq (line 114) ... ok
test library/core/src/cmp.rs - cmp::PartialEq (line 145) ... ok
test library/core/src/cmp.rs - cmp::PartialEq (line 190) ... ok
test library/core/src/cmp.rs - cmp::PartialEq (line 230) ... ok
error: linking with `./cheri/linker.sh` failed: exit status: 255
  |
  = note:  "./cheri/linker.sh" "-flavor" "gnu" "/var/folders/9k/gp4ckb6n1wd80tfd822vr6j80000gp/T/rustcJM2OcW/symbols.o" "<2 object files omitted>" "--as-needed" "-Bstatic" "<sysroot>/lib/rustlib/riscv32cheriot-unknown-cheriotrtos/lib/{libpanic_abort-*,libstd-*,libcfg_if-*,librustc_demangle-*,libstd_detect-*,libhashbrown-*,librustc_std_workspace_alloc-*,libminiz_oxide-*,libadler2-*,libunwind-*,liblibc-*,librustc_std_workspace_core-*,liballoc-*,libcore-*,libcompiler_builtins-*}.rlib" "-L" "/var/folders/9k/gp4ckb6n1wd80tfd822vr6j80000gp/T/rustcJM2OcW/raw-dylibs" "-Bdynamic" "-z" "noexecstack" "-L" "<sysroot>/lib/rustlib/riscv32cheriot-unknown-cheriotrtos/lib/self-contained" "-o" "/var/folders/9k/gp4ckb6n1wd80tfd822vr6j80000gp/T/rustdoctestX26EWk/rust_out" "--gc-sections" "-static"
  = note: some arguments are omitted. use `--verbose` to show all linker arguments
  = note: Remapping priority of thread 1 from 1 to 0
          Enabling sub-object bounds for cheriot.allocator
          Enabling sub-object bounds for cheriot.loader
          Enabling sub-object bounds for test_fw.scheduler
          Patched board file will be saved as "/Users/jacob/CHERIoT/rust/cheri/doctests/build/board.json"
          [ 93%]: linking compartment test_runner.compartment
          [ 93%]: linking firmware build/cheriot/cheriot/release/test_fw
          error: ld.lld: error: undefined symbol: __library_export_libcalls_sqrt
          >>> referenced by compiler_builtins.f5786da9a5584453-cgu.112
          >>>               build/cheriot/cheriot/release/test_runner.compartment:()
          
          warning: $(buildir) has been deprecated, please use $(builddir)
          

error: aborting due to 1 previous error

Couldn't compile the test.test library/core/src/cmp.rs - cmp::PartialOrd (line 1188) ... FAILED
test library/core/src/cmp.rs - cmp::PartialOrd (line 1205) ... ok
test library/core/src/cmp.rs - cmp::PartialOrd (line 1217) ... ok
test library/core/src/cmp.rs - cmp::PartialOrd (line 1240) ... ok
test library/core/src/cmp.rs - cmp::PartialOrd (line 1274) ... ok
test library/core/src/cmp.rs - cmp::PartialOrd (line 1298) ... ok
test library/core/src/cmp.rs - cmp::PartialOrd (line 1330) ... ok
test library/core/src/cmp.rs - cmp::PartialOrd::ge (line 1443) ... ok
test library/core/src/cmp.rs - cmp::PartialOrd::gt (line 1425) ... ok
test library/core/src/cmp.rs - cmp::PartialOrd::le (line 1407) ... ok
test library/core/src/cmp.rs - cmp::PartialOrd::lt (line 1389) ... ok
test library/core/src/cmp.rs - cmp::PartialOrd::partial_cmp (line 1361) ... ok
test library/core/src/cmp.rs - cmp::PartialOrd::partial_cmp (line 1376) ... ok
test library/core/src/cmp.rs - cmp::Reverse (line 660) ... ok
test library/core/src/cmp.rs - cmp::max (line 1640) ... ok
test library/core/src/cmp.rs - cmp::max (line 1646) ... ok
test library/core/src/cmp.rs - cmp::max_by (line 1682) ... ok
test library/core/src/cmp.rs - cmp::max_by_key (line 1714) ... ok
test library/core/src/cmp.rs - cmp::min (line 1533) ... ok
test library/core/src/cmp.rs - cmp::min (line 1539) ... ok
test library/core/src/cmp.rs - cmp::min_by (line 1575) ... ok
test library/core/src/cmp.rs - cmp::min_by_key (line 1607) ... ok
test library/core/src/cmp.rs - cmp::minmax (line 1745) ... ok
test library/core/src/cmp.rs - cmp::minmax (line 1757) ... ok
test library/core/src/cmp.rs - cmp::minmax_by (line 1796) ... ok
test library/core/src/cmp.rs - cmp::minmax_by_key (line 1828) ... ok
test library/core/src/convert/mod.rs - convert::AsMut (line 251) ... ok
test library/core/src/convert/mod.rs - convert::AsMut (line 264) ... ok
test library/core/src/convert/mod.rs - convert::AsMut (line 317) ... ok
test library/core/src/convert/mod.rs - convert::AsRef (line 144) ... ok
test library/core/src/convert/mod.rs - convert::AsRef (line 156) ... ok
test library/core/src/convert/mod.rs - convert::AsRef (line 206) ... ok
test library/core/src/convert/mod.rs - convert::From (line 534) ... ok
test library/core/src/convert/mod.rs - convert::From (line 547) ... ok
test library/core/src/convert/mod.rs - convert::Infallible (line 892) ... ignored
test library/core/src/convert/mod.rs - convert::Infallible (line 908) ... ignored
test library/core/src/convert/mod.rs - convert::Infallible (line 918) ... ok
test library/core/src/convert/mod.rs - convert::Into (line 401) ... ok
test library/core/src/convert/mod.rs - convert::Into (line 413) ... ok
test library/core/src/convert/mod.rs - convert::Into (line 435) ... ok
test library/core/src/convert/mod.rs - convert::TryFrom (line 653) ... ok
test library/core/src/convert/mod.rs - convert::TryFrom (line 673) ... ok
test library/core/src/convert/mod.rs - convert::identity (line 65) ... ok
test library/core/src/convert/mod.rs - convert::identity (line 78) ... ok
test library/core/src/convert/mod.rs - convert::identity (line 94) ... ok
test library/core/src/convert/num.rs - convert::num::f128::from (line 210) ... ok
test library/core/src/convert/num.rs - convert::num::f16::from (line 210) ... ok
test library/core/src/convert/num.rs - convert::num::f32::from (line 210) ... ok
test library/core/src/convert/num.rs - convert::num::f64::from (line 210) ... ok
test library/core/src/convert/num.rs - convert::num::i128::from (line 55) ... ok
test library/core/src/convert/num.rs - convert::num::i16::from (line 55) ... ok
test library/core/src/convert/num.rs - convert::num::i32::from (line 55) ... ok
test library/core/src/convert/num.rs - convert::num::i64::from (line 55) ... ok
test library/core/src/convert/num.rs - convert::num::i8::from (line 55) ... ok
test library/core/src/convert/num.rs - convert::num::isize::from (line 55) ... ok
test library/core/src/convert/num.rs - convert::num::u128::from (line 55) ... ok
test library/core/src/convert/num.rs - convert::num::u16::from (line 55) ... ok
test library/core/src/convert/num.rs - convert::num::u32::from (line 55) ... ok
test library/core/src/convert/num.rs - convert::num::u64::from (line 55) ... ok
test library/core/src/convert/num.rs - convert::num::u8::from (line 55) ... ok
test library/core/src/convert/num.rs - convert::num::usize::from (line 55) ... ok
test library/core/src/default.rs - default::Default (line 13) ... ok
test library/core/src/default.rs - default::Default (line 23) ... ok
test library/core/src/default.rs - default::Default (line 40) ... ok
test library/core/src/default.rs - default::Default (line 62) ... ok
test library/core/src/default.rs - default::Default (line 81) ... ok
test library/core/src/default.rs - default::Default (line 96) ... ok
test library/core/src/default.rs - default::Default::default (line 117) ... ok
test library/core/src/default.rs - default::Default::default (line 125) ... ok
test library/core/src/error.md - error (line 68) ... ok
test library/core/src/error.md - error (line 76) ... ok
test library/core/src/error.md - error (line 85) ... ok
test library/core/src/error.rs - error::Error (line 14) ... ok
test library/core/src/error.rs - error::Error (line 36) ... ok
test library/core/src/error.rs - error::Error::description (line 129) ... ok
test library/core/src/error.rs - error::Error::provide (line 158) ... ok
test library/core/src/error.rs - error::Error::source (line 64) ... ok
test library/core/src/error.rs - error::Request (line 484) ... ok
test library/core/src/error.rs - error::Request<'a>::provide_ref (line 616) ... ok
test library/core/src/error.rs - error::Request<'a>::provide_ref_with (line 648) ... ok
test library/core/src/error.rs - error::Request<'a>::provide_value (line 547) ... ok
test library/core/src/error.rs - error::Request<'a>::provide_value_with (line 581) ... ok
test library/core/src/error.rs - error::Request<'a>::would_be_satisfied_by_ref_of (line 802) ... ok
test library/core/src/error.rs - error::Request<'a>::would_be_satisfied_by_value_of (line 714) ... ok
test library/core/src/error.rs - error::dynError::sources (line 322) ... ok
test library/core/src/error.rs - error::request_ref (line 413) ... ok
test library/core/src/error.rs - error::request_value (line 390) ... ok
test library/core/src/ffi/c_str.rs - ffi::c_str::CStr (line 41) ... ok
test library/core/src/ffi/c_str.rs - ffi::c_str::CStr (line 57) ... ok
test library/core/src/ffi/c_str.rs - ffi::c_str::CStr (line 72) ... ok
test library/core/src/ffi/c_str.rs - ffi::c_str::CStr::as_ptr (line 439) ... ok
test library/core/src/ffi/c_str.rs - ffi::c_str::CStr::as_ptr (line 469) ... ok
test library/core/src/ffi/c_str.rs - ffi::c_str::CStr::bytes (line 594) ... ok
test library/core/src/ffi/c_str.rs - ffi::c_str::CStr::count_bytes (line 505) ... ok
test library/core/src/ffi/c_str.rs - ffi::c_str::CStr::display (line 638) ... ok
test library/core/src/ffi/c_str.rs - ffi::c_str::CStr::from_bytes_until_nul (line 281) ... ok
test library/core/src/ffi/c_str.rs - ffi::c_str::CStr::from_bytes_with_nul (line 325) ... ok
test library/core/src/ffi/c_str.rs - ffi::c_str::CStr::from_bytes_with_nul (line 334) ... ok
test library/core/src/ffi/c_str.rs - ffi::c_str::CStr::from_bytes_with_nul (line 343) ... ok
test library/core/src/ffi/c_str.rs - ffi::c_str::CStr::from_bytes_with_nul_unchecked (line 375) ... ok
test library/core/src/ffi/c_str.rs - ffi::c_str::CStr::from_ptr (line 223) ... ok
test library/core/src/ffi/c_str.rs - ffi::c_str::CStr::from_ptr (line 236) ... ok
test library/core/src/ffi/c_str.rs - ffi::c_str::CStr::is_empty (line 522) ... ok
test library/core/src/ffi/c_str.rs - ffi::c_str::CStr::to_bytes (line 547) ... ok
test library/core/src/ffi/c_str.rs - ffi::c_str::CStr::to_bytes_with_nul (line 573) ... ok
test library/core/src/ffi/c_str.rs - ffi::c_str::CStr::to_str (line 615) ... ok
test library/core/src/ffi/c_str.rs - ffi::c_str::FromBytesWithNulError (line 120) ... ok
test library/core/src/fmt/builders.rs - fmt::builders::DebugList (line 687) ... ok
test library/core/src/fmt/builders.rs - fmt::builders::DebugList<'a,'b>::entries (line 762) ... ok
test library/core/src/fmt/builders.rs - fmt::builders::DebugList<'a,'b>::entry (line 720) ... ok
test library/core/src/fmt/builders.rs - fmt::builders::DebugList<'a,'b>::finish (line 844) ... ok
test library/core/src/fmt/builders.rs - fmt::builders::DebugList<'a,'b>::finish_non_exhaustive (line 798) ... ok
test library/core/src/fmt/builders.rs - fmt::builders::DebugMap (line 878) ... ok
test library/core/src/fmt/builders.rs - fmt::builders::DebugMap<'a,'b>::entries (line 1084) ... ok
test library/core/src/fmt/builders.rs - fmt::builders::DebugMap<'a,'b>::entry (line 916) ... ok
test library/core/src/fmt/builders.rs - fmt::builders::DebugMap<'a,'b>::finish (line 1180) ... ok
test library/core/src/fmt/builders.rs - fmt::builders::DebugMap<'a,'b>::finish_non_exhaustive (line 1122) ... ok
test library/core/src/fmt/builders.rs - fmt::builders::DebugMap<'a,'b>::key (line 952) ... ok
test library/core/src/fmt/builders.rs - fmt::builders::DebugMap<'a,'b>::value (line 1028) ... ok
test library/core/src/fmt/builders.rs - fmt::builders::DebugSet (line 495) ... ok
test library/core/src/fmt/builders.rs - fmt::builders::DebugSet<'a,'b>::entries (line 570) ... ok
test library/core/src/fmt/builders.rs - fmt::builders::DebugSet<'a,'b>::entry (line 528) ... ok
test library/core/src/fmt/builders.rs - fmt::builders::DebugSet<'a,'b>::finish (line 653) ... ok
test library/core/src/fmt/builders.rs - fmt::builders::DebugSet<'a,'b>::finish_non_exhaustive (line 606) ... ok
test library/core/src/fmt/builders.rs - fmt::builders::DebugStruct (line 62) ... ok
test library/core/src/fmt/builders.rs - fmt::builders::DebugStruct<'a,'b>::field (line 107) ... ok
test library/core/src/fmt/builders.rs - fmt::builders::DebugStruct<'a,'b>::finish (line 220) ... ok
test library/core/src/fmt/builders.rs - fmt::builders::DebugStruct<'a,'b>::finish_non_exhaustive (line 175) ... ok
test library/core/src/fmt/builders.rs - fmt::builders::DebugTuple (line 267) ... ok
test library/core/src/fmt/builders.rs - fmt::builders::DebugTuple<'a,'b>::field (line 309) ... ok
test library/core/src/fmt/builders.rs - fmt::builders::DebugTuple<'a,'b>::finish (line 410) ... ok
test library/core/src/fmt/builders.rs - fmt::builders::DebugTuple<'a,'b>::finish_non_exhaustive (line 368) ... ok
test library/core/src/fmt/builders.rs - fmt::builders::from_fn (line 1218) ... ok
test library/core/src/fmt/mod.rs - fmt::Arguments (line 601) ... ok
test library/core/src/fmt/mod.rs - fmt::Arguments<'a>::as_str (line 860) ... ok
test library/core/src/fmt/mod.rs - fmt::Arguments<'a>::as_str (line 874) ... ok
test library/core/src/fmt/mod.rs - fmt::Binary (line 1319) ... ok
test library/core/src/fmt/mod.rs - fmt::Binary (line 1330) ... ok
test library/core/src/fmt/mod.rs - fmt::Debug (line 1002) ... ok
test library/core/src/fmt/mod.rs - fmt::Debug (line 1037) ... ok
test library/core/src/fmt/mod.rs - fmt::Debug (line 1056) ... ok
test library/core/src/fmt/mod.rs - fmt::Debug (line 985) ... ok
test library/core/src/fmt/mod.rs - fmt::Debug::fmt (line 1126) ... ok
test library/core/src/fmt/mod.rs - fmt::Display (line 1185) ... ok
test library/core/src/fmt/mod.rs - fmt::Display::fmt (line 1254) ... ok
test library/core/src/fmt/mod.rs - fmt::Error (line 99) ... ok
test library/core/src/fmt/mod.rs - fmt::Formatter<'a>::align (line 2214) ... ok
test library/core/src/fmt/mod.rs - fmt::Formatter<'a>::alternate (line 2379) ... ok
test library/core/src/fmt/mod.rs - fmt::Formatter<'a>::debug_list (line 2750) ... ok
test library/core/src/fmt/mod.rs - fmt::Formatter<'a>::debug_map (line 2831) ... ok
test library/core/src/fmt/mod.rs - fmt::Formatter<'a>::debug_set (line 2773) ... ok
test library/core/src/fmt/mod.rs - fmt::Formatter<'a>::debug_set (line 2792) ... ok
test library/core/src/fmt/mod.rs - fmt::Formatter<'a>::debug_struct (line 2445) ... ok
test library/core/src/fmt/mod.rs - fmt::Formatter<'a>::debug_tuple (line 2612) ... ok
test library/core/src/fmt/mod.rs - fmt::Formatter<'a>::fill (line 2181) ... ok
test library/core/src/fmt/mod.rs - fmt::Formatter<'a>::pad (line 1928) ... ok
test library/core/src/fmt/mod.rs - fmt::Formatter<'a>::pad_integral (line 1830) ... ok
test library/core/src/fmt/mod.rs - fmt::Formatter<'a>::precision (line 2284) ... ok
test library/core/src/fmt/mod.rs - fmt::Formatter<'a>::sign_aware_zero_pad (line 2407) ... ok
test library/core/src/fmt/mod.rs - fmt::Formatter<'a>::sign_minus (line 2350) ... ok
test library/core/src/fmt/mod.rs - fmt::Formatter<'a>::sign_plus (line 2318) ... ok
test library/core/src/fmt/mod.rs - fmt::Formatter<'a>::width (line 2249) ... ok
test library/core/src/fmt/mod.rs - fmt::Formatter<'a>::write_fmt (line 2139) ... ok
test library/core/src/fmt/mod.rs - fmt::Formatter<'a>::write_str (line 2109) ... ok
test library/core/src/fmt/mod.rs - fmt::LowerExp (line 1542) ... ok
test library/core/src/fmt/mod.rs - fmt::LowerExp (line 1550) ... ok
test library/core/src/fmt/mod.rs - fmt::LowerHex (line 1379) ... ok
test library/core/src/fmt/mod.rs - fmt::LowerHex (line 1390) ... ok
test library/core/src/fmt/mod.rs - fmt::Octal (line 1265) ... ok
test library/core/src/fmt/mod.rs - fmt::Octal (line 1276) ... ok
test library/core/src/fmt/mod.rs - fmt::Pointer (line 1492) ... ok
test library/core/src/fmt/mod.rs - fmt::Pointer (line 1500) ... ok
test library/core/src/fmt/mod.rs - fmt::Result (line 51) ... ok
test library/core/src/fmt/mod.rs - fmt::UpperExp (line 1593) ... ok
test library/core/src/fmt/mod.rs - fmt::UpperExp (line 1601) ... ok
test library/core/src/fmt/mod.rs - fmt::UpperHex (line 1434) ... ok
test library/core/src/fmt/mod.rs - fmt::UpperHex (line 1445) ... ok
test library/core/src/fmt/mod.rs - fmt::Write::write_char (line 169) ... ok
test library/core/src/fmt/mod.rs - fmt::Write::write_fmt (line 199) ... ok
test library/core/src/fmt/mod.rs - fmt::Write::write_str (line 141) ... ok
test library/core/src/fmt/mod.rs - fmt::write (line 1642) ... ok
test library/core/src/fmt/mod.rs - fmt::write (line 1653) ... ok
test library/core/src/fmt/num.rs - fmt::num::i128::format_into (line 779) ... ok
test library/core/src/fmt/num.rs - fmt::num::imp::i16::format_into (line 262) ... ok
test library/core/src/fmt/num.rs - fmt::num::imp::i32::format_into (line 262) ... ok
test library/core/src/fmt/num.rs - fmt::num::imp::i64::format_into (line 262) ... ok
test library/core/src/fmt/num.rs - fmt::num::imp::i8::format_into (line 262) ... ok
test library/core/src/fmt/num.rs - fmt::num::imp::isize::format_into (line 262) ... ok
test library/core/src/fmt/num.rs - fmt::num::imp::u16::format_into (line 307) ... ok
test library/core/src/fmt/num.rs - fmt::num::imp::u32::format_into (line 307) ... ok
test library/core/src/fmt/num.rs - fmt::num::imp::u64::format_into (line 307) ... ok
test library/core/src/fmt/num.rs - fmt::num::imp::u8::format_into (line 307) ... ok
test library/core/src/fmt/num.rs - fmt::num::imp::usize::format_into (line 307) ... ok
test library/core/src/fmt/num.rs - fmt::num::u128::format_into (line 744) ... ok
test library/core/src/future/into_future.rs - future::into_future::IntoFuture (line 15) ... ok
test library/core/src/future/into_future.rs - future::into_future::IntoFuture (line 33) ... ok
test library/core/src/future/into_future.rs - future::into_future::IntoFuture (line 89) ... ok
test library/core/src/future/into_future.rs - future::into_future::IntoFuture::into_future (line 123) ... ok
test library/core/src/future/join.rs - future::join::join (line 17) ... ok
test library/core/src/future/join.rs - future::join::join (line 33) ... ok
test library/core/src/future/pending.rs - future::pending::pending (line 23) ... ok
test library/core/src/future/poll_fn.rs - future::poll_fn::poll_fn (line 14) ... ok
test library/core/src/future/poll_fn.rs - future::poll_fn::poll_fn (line 32) ... ok
test library/core/src/future/poll_fn.rs - future::poll_fn::poll_fn (line 76) ... ok
test library/core/src/future/ready.rs - future::ready::Ready<T>::into_inner (line 36) ... ok
test library/core/src/future/ready.rs - future::ready::ready (line 58) ... ok
test library/core/src/hash/mod.rs - hash (line 14) ... ok
test library/core/src/hash/mod.rs - hash (line 47) ... ok
test library/core/src/hash/mod.rs - hash::BuildHasher (line 621) ... ok
test library/core/src/hash/mod.rs - hash::BuildHasher::build_hasher (line 650) ... ok
test library/core/src/hash/mod.rs - hash::BuildHasher::hash_one (line 672) ... ok
test library/core/src/hash/mod.rs - hash::BuildHasherDefault (line 723) ... ok
test library/core/src/hash/mod.rs - hash::Hash (line 108) ... ok
test library/core/src/hash/mod.rs - hash::Hash (line 119) ... ok
test library/core/src/hash/mod.rs - hash::Hash::hash (line 191) ... ok
test library/core/src/hash/mod.rs - hash::Hash::hash_slice (line 220) ... ok
test library/core/src/hash/mod.rs - hash::Hasher (line 274) ... ok
test library/core/src/hash/mod.rs - hash::Hasher (line 281) ... ok
test library/core/src/hash/mod.rs - hash::Hasher (line 295) ... ok
test library/core/src/hash/mod.rs - hash::Hasher::finish (line 323) ... ok
test library/core/src/hash/mod.rs - hash::Hasher::write (line 341) ... ok
test library/core/src/hash/mod.rs - hash::Hasher::write_length_prefix (line 452) ... ok
test library/core/src/hash/mod.rs - hash::Hasher::write_str (line 506) ... ok
test library/core/src/hash/mod.rs - hash::Hasher::write_str (line 529) ... ok
test library/core/src/hint.rs - hint::assert_unchecked (line 150) ... ok
test library/core/src/hint.rs - hint::black_box (line 329) ... ok
test library/core/src/hint.rs - hint::black_box (line 357) ... ok
test library/core/src/hint.rs - hint::black_box (line 398) ... ok
test library/core/src/hint.rs - hint::black_box (line 419) ... ok
test library/core/src/hint.rs - hint::black_box (line 446) ... ok
test library/core/src/hint.rs - hint::black_box (line 461) ... ok
test library/core/src/hint.rs - hint::cold_path (line 704) ... ok
test library/core/src/hint.rs - hint::likely (line 620) ... ok
test library/core/src/hint.rs - hint::must_use (line 488) ... ok
test library/core/src/hint.rs - hint::must_use (line 531) ... ok
test library/core/src/hint.rs - hint::must_use (line 552) ... ok
test library/core/src/hint.rs - hint::select_unpredictable (line 737) ... ignored
test library/core/src/hint.rs - hint::select_unpredictable (line 758) ... ok
Test executable failed (exit status: 1).

stdout:

thread 'main' (1) panicked at /Users/jacob/CHERIoT/rust/library/std/src/thread/functions.rs:131:29:
failed to spawn thread: Error { kind: Unsupported, message: "operation not supported on this platform" }
note: run with `RUST_BACKTRACE=1` environment variable to display a backtrace
[35mError handler[0m: Unhandled error 0x2 at 0x800155d2 (v:0 0x8000e200-0x80028300 l:0x1a100 o:0x0 p: G R-cgm- X- ---)
Running file /var/folders/9k/gp4ckb6n1wd80tfd822vr6j80000gp/T/rustdoctestB5EaCL/rust_out.
ELF Entry @ 0x80000000
FAILURE: 1

stderr:
tohost located at 0x8002ab88

test library/core/src/hint.rs - hint::spin_loop (line 235) ... FAILED
test library/core/src/hint.rs - hint::unlikely (line 670) ... ok
test library/core/src/hint.rs - hint::unreachable_unchecked (line 39) ... ok
test library/core/src/hint.rs - hint::unreachable_unchecked (line 84) ... ok
test library/core/src/index.rs - index::Clamp (line 13) ... ok
test library/core/src/index.rs - index::Last (line 35) ... ok
error: the feature `custom_mir` is internal to the compiler or standard library
   --> library/core/src/intrinsics/mir.rs:149:29
    |
149 | #![feature(core_intrinsics, custom_mir)]
    |                             ^^^^^^^^^^
    |
    = note: using it is strongly discouraged
note: the lint level is defined here
   --> library/core/src/intrinsics/mir.rs:147:9
    |
147 | #![deny(warnings)]
    |         ^^^^^^^^
    = note: `#[deny(internal_features)]` implied by `#[deny(warnings)]`

error: the feature `core_intrinsics` is internal to the compiler or standard library
   --> library/core/src/intrinsics/mir.rs:149:12
    |
149 | #![feature(core_intrinsics, custom_mir)]
    |            ^^^^^^^^^^^^^^^
    |
    = note: using it is strongly discouraged

error: unused extern crate
   --> library/core/src/intrinsics/mir.rs:152:1
    |
152 | extern crate core;
    | ^^^^^^^^^^^^^^^^^^ unused
    |
    = note: `#[deny(unused_extern_crates)]` implied by `#[deny(warnings)]`
help: remove the unused `extern crate`
    |
152 - extern crate core;
    |

error[E0381]: used binding is possibly-uninitialized
   --> library/core/src/intrinsics/mir.rs:174:13
    |
158 | /     mir! {
159 | |         let temp: i32;
...   |
169 | |             temp = 0;
    | |             -------- binding initialized here in some conditions
...   |
174 | |             RET = temp;
    | |             ^^^^^^^^^^ value used here but it is possibly-uninitialized
...   |
177 | |     }
    | |_____- binding declared here but left uninitialized

error: aborting due to 4 previous errors

For more information about this error, try `rustc --explain E0381`.
test library/core/src/intrinsics/mir.rs - intrinsics::mir (line 149) ... ok
test library/core/src/intrinsics/mir.rs - intrinsics::mir (line 15) ... ok
test library/core/src/intrinsics/mir.rs - intrinsics::mir (line 264) ... ok
test library/core/src/intrinsics/mir.rs - intrinsics::mir (line 65) ... ok
test library/core/src/intrinsics/mir.rs - intrinsics::mir::Field (line 442) ... ok
test library/core/src/intrinsics/mod.rs - intrinsics::autodiff (line 3362) ... ignored
test library/core/src/intrinsics/mod.rs - intrinsics::autodiff (line 3371) ... ignored
test library/core/src/intrinsics/mod.rs - intrinsics::const_eval_select (line 2355) ... ok
test library/core/src/intrinsics/mod.rs - intrinsics::const_eval_select (line 2391) ... ignored
test library/core/src/intrinsics/mod.rs - intrinsics::ctlz (line 1677) ... ok
test library/core/src/intrinsics/mod.rs - intrinsics::ctlz (line 1690) ... ok
test library/core/src/intrinsics/mod.rs - intrinsics::ctlz_nonzero (line 1712) ... ok
test library/core/src/intrinsics/mod.rs - intrinsics::cttz (line 1740) ... ok
test library/core/src/intrinsics/mod.rs - intrinsics::cttz (line 1753) ... ok
test library/core/src/intrinsics/mod.rs - intrinsics::cttz_nonzero (line 1775) ... ok
test library/core/src/intrinsics/mod.rs - intrinsics::is_val_statically_known (line 2486) ... ok
test library/core/src/intrinsics/mod.rs - intrinsics::is_val_statically_known (line 2498) ... ok
test library/core/src/intrinsics/mod.rs - intrinsics::is_val_statically_known (line 2530) ... ok
test library/core/src/intrinsics/mod.rs - intrinsics::offload (line 3395) ... ignored
test library/core/src/intrinsics/mod.rs - intrinsics::transmute (line 621) ... ok
test library/core/src/intrinsics/mod.rs - intrinsics::transmute (line 638) ... ok
test library/core/src/intrinsics/mod.rs - intrinsics::transmute (line 658) ... ok
error[E0512]: cannot transmute between types of different sizes, or dependently-sized types
   --> library/core/src/intrinsics/mod.rs:680:5
    |
680 |     std::mem::transmute::<&i32, usize>(ptr)
    |     ^^^^^^^^^^^^^^^^^^^^^^^^^^^^^^^^^^
    |
    = note: source type: `&i32` (64 bits)
    = note: target type: `usize` (32 bits)

error: aborting due to 1 previous error

For more information about this error, try `rustc --explain E0512`.
Couldn't compile the test.test library/core/src/intrinsics/mod.rs - intrinsics::transmute (line 677) ... FAILED
test library/core/src/intrinsics/mod.rs - intrinsics::transmute (line 699) ... ok
test library/core/src/intrinsics/mod.rs - intrinsics::transmute (line 711) ... ok
test library/core/src/intrinsics/mod.rs - intrinsics::transmute (line 724) ... ok
test library/core/src/intrinsics/mod.rs - intrinsics::transmute (line 746) ... ok
test library/core/src/intrinsics/mod.rs - intrinsics::transmute (line 785) ... ok
test library/core/src/iter/adapters/array_chunks.rs - iter::adapters::array_chunks::ArrayChunks<I,N>::into_remainder (line 39) ... ok
test library/core/src/iter/adapters/chain.rs - iter::adapters::chain::Chain (line 12) ... ok
test library/core/src/iter/adapters/chain.rs - iter::adapters::chain::Chain<A,B>::default (line 311) ... ok
test library/core/src/iter/adapters/chain.rs - iter::adapters::chain::chain (line 47) ... ok
test library/core/src/iter/adapters/cloned.rs - iter::adapters::cloned::Cloned<I>::default (line 161) ... ok
test library/core/src/iter/adapters/copied.rs - iter::adapters::copied::Copied<I>::default (line 252) ... ok
test library/core/src/iter/adapters/enumerate.rs - iter::adapters::enumerate::Enumerate<I>::default (line 308) ... ok
test library/core/src/iter/adapters/enumerate.rs - iter::adapters::enumerate::Enumerate<I>::next_index (line 36) ... ok
test library/core/src/iter/adapters/flatten.rs - iter::adapters::flatten::Flatten<I>::default (line 341) ... ok
test library/core/src/iter/adapters/fuse.rs - iter::adapters::fuse::Fuse<I>::default (line 195) ... ok
test library/core/src/iter/adapters/fuse.rs - iter::adapters::fuse::Fuse<I>::default (line 206) ... ok
test library/core/src/iter/adapters/map.rs - iter::adapters::map::Map (line 21) ... ok
test library/core/src/iter/adapters/map.rs - iter::adapters::map::Map (line 32) ... ok
test library/core/src/iter/adapters/map.rs - iter::adapters::map::Map (line 49) ... ok
test library/core/src/iter/adapters/mod.rs - iter::adapters::SourceIter (line 90) ... ok
test library/core/src/iter/adapters/peekable.rs - iter::adapters::peekable::Peekable<I>::next_if (line 268) ... ok
test library/core/src/iter/adapters/peekable.rs - iter::adapters::peekable::Peekable<I>::next_if (line 279) ... ok
test library/core/src/iter/adapters/peekable.rs - iter::adapters::peekable::Peekable<I>::next_if_eq (line 303) ... ok
test library/core/src/iter/adapters/peekable.rs - iter::adapters::peekable::Peekable<I>::next_if_map (line 339) ... ok
test library/core/src/iter/adapters/peekable.rs - iter::adapters::peekable::Peekable<I>::next_if_map (line 351) ... ok
test library/core/src/iter/adapters/peekable.rs - iter::adapters::peekable::Peekable<I>::next_if_map_mut (line 439) ... ok
test library/core/src/iter/adapters/peekable.rs - iter::adapters::peekable::Peekable<I>::peek (line 193) ... ok
test library/core/src/iter/adapters/peekable.rs - iter::adapters::peekable::Peekable<I>::peek_mut (line 237) ... ok
test library/core/src/iter/adapters/rev.rs - iter::adapters::rev::Rev<I>::default (line 162) ... ok
test library/core/src/iter/adapters/rev.rs - iter::adapters::rev::Rev<T>::into_inner (line 28) ... ok
test library/core/src/iter/adapters/zip.rs - iter::adapters::zip::zip (line 43) ... ok
test library/core/src/iter/mod.rs - iter (line 143) ... ok
test library/core/src/iter/mod.rs - iter (line 163) ... ok
test library/core/src/iter/mod.rs - iter (line 173) ... ok
test library/core/src/iter/mod.rs - iter (line 198) ... ignored
test library/core/src/iter/mod.rs - iter (line 217) ... ok
test library/core/src/iter/mod.rs - iter (line 234) ... ok
test library/core/src/iter/mod.rs - iter (line 281) ... ok
test library/core/src/iter/mod.rs - iter (line 299) ... ok
test library/core/src/iter/mod.rs - iter (line 322) ... ok
test library/core/src/iter/mod.rs - iter (line 329) ... ok
test library/core/src/iter/mod.rs - iter (line 34) ... ok
test library/core/src/iter/mod.rs - iter (line 346) ... ok
test library/core/src/iter/mod.rs - iter (line 80) ... ok
test library/core/src/iter/sources/empty.rs - iter::sources::empty::empty (line 10) ... ok
test library/core/src/iter/sources/from_coroutine.rs - iter::sources::from_coroutine::from_coroutine (line 13) ... ok
test library/core/src/iter/sources/from_fn.rs - iter::sources::from_fn::from_fn (line 28) ... ok
test library/core/src/iter/sources/generator.rs - iter::sources::generator::iter (line 10) ... ok
test library/core/src/iter/sources/once.rs - iter::sources::once::once (line 16) ... ok
test library/core/src/iter/sources/once.rs - iter::sources::once::once (line 32) ... ok
test library/core/src/iter/sources/once_with.rs - iter::sources::once_with::once_with (line 21) ... ok
test library/core/src/iter/sources/once_with.rs - iter::sources::once_with::once_with (line 37) ... ok
test library/core/src/iter/sources/repeat.rs - iter::sources::repeat::repeat (line 29) ... ok
test library/core/src/iter/sources/repeat.rs - iter::sources::repeat::repeat (line 47) ... ok
test library/core/src/iter/sources/repeat_n.rs - iter::sources::repeat_n::repeat_n (line 19) ... ok
test library/core/src/iter/sources/repeat_n.rs - iter::sources::repeat_n::repeat_n (line 36) ... ok
test library/core/src/iter/sources/repeat_with.rs - iter::sources::repeat_with::repeat_with (line 27) ... ok
test library/core/src/iter/sources/repeat_with.rs - iter::sources::repeat_with::repeat_with (line 47) ... ok
test library/core/src/iter/sources/successors.rs - iter::sources::successors::successors (line 15) ... ok
test library/core/src/iter/traits/accum.rs - iter::traits::accum::Option<T>::product (line 313) ... ok
test library/core/src/iter/traits/accum.rs - iter::traits::accum::Option<T>::sum (line 283) ... ok
test library/core/src/iter/traits/accum.rs - iter::traits::accum::Result<T,E>::product (line 253) ... ok
test library/core/src/iter/traits/accum.rs - iter::traits::accum::Result<T,E>::sum (line 222) ... ok
test library/core/src/iter/traits/collect.rs - iter::traits::collect::(ExtendT,) (line 511) ... ok
test library/core/src/iter/traits/collect.rs - iter::traits::collect::(ExtendT,)::extend (line 471) ... ok
test library/core/src/iter/traits/collect.rs - iter::traits::collect::Extend (line 337) ... ok
test library/core/src/iter/traits/collect.rs - iter::traits::collect::Extend (line 348) ... ok
test library/core/src/iter/traits/collect.rs - iter::traits::collect::Extend::extend (line 404) ... ok
test library/core/src/iter/traits/collect.rs - iter::traits::collect::FromIterator (line 21) ... ok
test library/core/src/iter/traits/collect.rs - iter::traits::collect::FromIterator (line 31) ... ok
test library/core/src/iter/traits/collect.rs - iter::traits::collect::FromIterator (line 42) ... ok
test library/core/src/iter/traits/collect.rs - iter::traits::collect::FromIterator (line 52) ... ok
test library/core/src/iter/traits/collect.rs - iter::traits::collect::FromIterator::from_iter (line 143) ... ok
test library/core/src/iter/traits/collect.rs - iter::traits::collect::IntoIterator (line 170) ... ok
test library/core/src/iter/traits/collect.rs - iter::traits::collect::IntoIterator (line 181) ... ok
test library/core/src/iter/traits/collect.rs - iter::traits::collect::IntoIterator (line 227) ... ok
test library/core/src/iter/traits/collect.rs - iter::traits::collect::IntoIterator::into_iter (line 299) ... ok
test library/core/src/iter/traits/double_ended.rs - iter::traits::double_ended::DoubleEndedIterator (line 25) ... ok
test library/core/src/iter/traits/double_ended.rs - iter::traits::double_ended::DoubleEndedIterator::advance_back_by (line 120) ... ok
test library/core/src/iter/traits/double_ended.rs - iter::traits::double_ended::DoubleEndedIterator::next_back (line 54) ... ok
test library/core/src/iter/traits/double_ended.rs - iter::traits::double_ended::DoubleEndedIterator::next_back (line 74) ... ok
test library/core/src/iter/traits/double_ended.rs - iter::traits::double_ended::DoubleEndedIterator::nth_back (line 167) ... ok
test library/core/src/iter/traits/double_ended.rs - iter::traits::double_ended::DoubleEndedIterator::nth_back (line 174) ... ok
test library/core/src/iter/traits/double_ended.rs - iter::traits::double_ended::DoubleEndedIterator::nth_back (line 185) ... ok
test library/core/src/iter/traits/double_ended.rs - iter::traits::double_ended::DoubleEndedIterator::rfind (line 334) ... ok
test library/core/src/iter/traits/double_ended.rs - iter::traits::double_ended::DoubleEndedIterator::rfind (line 344) ... ok
test library/core/src/iter/traits/double_ended.rs - iter::traits::double_ended::DoubleEndedIterator::rfold (line 273) ... ok
test library/core/src/iter/traits/double_ended.rs - iter::traits::double_ended::DoubleEndedIterator::rfold (line 287) ... ok
test library/core/src/iter/traits/double_ended.rs - iter::traits::double_ended::DoubleEndedIterator::try_rfold (line 205) ... ok
test library/core/src/iter/traits/double_ended.rs - iter::traits::double_ended::DoubleEndedIterator::try_rfold (line 215) ... ok
test library/core/src/iter/traits/exact_size.rs - iter::traits::exact_size::ExactSizeIterator (line 38) ... ok
test library/core/src/iter/traits/exact_size.rs - iter::traits::exact_size::ExactSizeIterator (line 50) ... ok
test library/core/src/iter/traits/exact_size.rs - iter::traits::exact_size::ExactSizeIterator::is_empty (line 135) ... ok
test library/core/src/iter/traits/exact_size.rs - iter::traits::exact_size::ExactSizeIterator::len (line 106) ... ok
test library/core/src/iter/traits/iterator.rs - iter::traits::iterator::Iterator::advance_by (line 282) ... ok
test library/core/src/iter/traits/iterator.rs - iter::traits::iterator::Iterator::all (line 2740) ... ok
test library/core/src/iter/traits/iterator.rs - iter::traits::iterator::Iterator::all (line 2750) ... ok
test library/core/src/iter/traits/iterator.rs - iter::traits::iterator::Iterator::any (line 2793) ... ok
test library/core/src/iter/traits/iterator.rs - iter::traits::iterator::Iterator::any (line 2803) ... ok
test library/core/src/iter/traits/iterator.rs - iter::traits::iterator::Iterator::array_chunks (line 3519) ... ok
test library/core/src/iter/traits/iterator.rs - iter::traits::iterator::Iterator::array_chunks (line 3529) ... ok
test library/core/src/iter/traits/iterator.rs - iter::traits::iterator::Iterator::by_ref (line 1883) ... ok
test library/core/src/iter/traits/iterator.rs - iter::traits::iterator::Iterator::chain (line 446) ... ok
test library/core/src/iter/traits/iterator.rs - iter::traits::iterator::Iterator::chain (line 466) ... ok
test library/core/src/iter/traits/iterator.rs - iter::traits::iterator::Iterator::chain (line 483) ... ok
test library/core/src/iter/traits/iterator.rs - iter::traits::iterator::Iterator::cloned (line 3441) ... ok
test library/core/src/iter/traits/iterator.rs - iter::traits::iterator::Iterator::cloned (line 3455) ... ok
test library/core/src/iter/traits/iterator.rs - iter::traits::iterator::Iterator::cmp (line 3621) ... ok
test library/core/src/iter/traits/iterator.rs - iter::traits::iterator::Iterator::cmp_by (line 3643) ... ok
test library/core/src/iter/traits/iterator.rs - iter::traits::iterator::Iterator::collect (line 1928) ... ok
test library/core/src/iter/traits/iterator.rs - iter::traits::iterator::Iterator::collect (line 1943) ... ok
test library/core/src/iter/traits/iterator.rs - iter::traits::iterator::Iterator::collect (line 1957) ... ok
test library/core/src/iter/traits/iterator.rs - iter::traits::iterator::Iterator::collect (line 1968) ... ok
test library/core/src/iter/traits/iterator.rs - iter::traits::iterator::Iterator::collect (line 1978) ... ok
test library/core/src/iter/traits/iterator.rs - iter::traits::iterator::Iterator::collect (line 1992) ... ok
test library/core/src/iter/traits/iterator.rs - iter::traits::iterator::Iterator::collect_into (line 2127) ... ok
test library/core/src/iter/traits/iterator.rs - iter::traits::iterator::Iterator::collect_into (line 2141) ... ok
test library/core/src/iter/traits/iterator.rs - iter::traits::iterator::Iterator::collect_into (line 2156) ... ok
test library/core/src/iter/traits/iterator.rs - iter::traits::iterator::Iterator::copied (line 3405) ... ok
test library/core/src/iter/traits/iterator.rs - iter::traits::iterator::Iterator::count (line 213) ... ok
test library/core/src/iter/traits/iterator.rs - iter::traits::iterator::Iterator::cycle (line 3483) ... ok
test library/core/src/iter/traits/iterator.rs - iter::traits::iterator::Iterator::enumerate (line 972) ... ok
test library/core/src/iter/traits/iterator.rs - iter::traits::iterator::Iterator::eq (line 3776) ... ok
test library/core/src/iter/traits/iterator.rs - iter::traits::iterator::Iterator::eq_by (line 3795) ... ok
test library/core/src/iter/traits/iterator.rs - iter::traits::iterator::Iterator::filter (line 842) ... ok
test library/core/src/iter/traits/iterator.rs - iter::traits::iterator::Iterator::filter (line 856) ... ok
test library/core/src/iter/traits/iterator.rs - iter::traits::iterator::Iterator::filter (line 867) ... ok
test library/core/src/iter/traits/iterator.rs - iter::traits::iterator::Iterator::filter (line 878) ... ok
test library/core/src/iter/traits/iterator.rs - iter::traits::iterator::Iterator::filter_map (line 917) ... ok
test library/core/src/iter/traits/iterator.rs - iter::traits::iterator::Iterator::filter_map (line 929) ... ok
test library/core/src/iter/traits/iterator.rs - iter::traits::iterator::Iterator::find (line 2854) ... ok
test library/core/src/iter/traits/iterator.rs - iter::traits::iterator::Iterator::find (line 2863) ... ok
test library/core/src/iter/traits/iterator.rs - iter::traits::iterator::Iterator::find_map (line 2899) ... ok
test library/core/src/iter/traits/iterator.rs - iter::traits::iterator::Iterator::flat_map (line 1462) ... ok
test library/core/src/iter/traits/iterator.rs - iter::traits::iterator::Iterator::flatten (line 1492) ... ok
test library/core/src/iter/traits/iterator.rs - iter::traits::iterator::Iterator::flatten (line 1500) ... ok
test library/core/src/iter/traits/iterator.rs - iter::traits::iterator::Iterator::flatten (line 1514) ... ok
test library/core/src/iter/traits/iterator.rs - iter::traits::iterator::Iterator::flatten (line 1526) ... ok
test library/core/src/iter/traits/iterator.rs - iter::traits::iterator::Iterator::flatten (line 1538) ... ok
test library/core/src/iter/traits/iterator.rs - iter::traits::iterator::Iterator::fold (line 2534) ... ok
test library/core/src/iter/traits/iterator.rs - iter::traits::iterator::Iterator::fold (line 2558) ... ok
test library/core/src/iter/traits/iterator.rs - iter::traits::iterator::Iterator::fold (line 2575) ... ok
Test executable failed (exit status: 1).

stdout:

thread 'main' (1) panicked at /Users/jacob/CHERIoT/rust/library/std/src/sync/mpmc/counter.rs:40:18:
misaligned pointer dereference: address must be a multiple of 0x40 but is 0x8002fa10
note: run with `RUST_BACKTRACE=1` environment variable to display a backtrace
thread caused non-unwinding panic. aborting.
[35mError handler[0m: Unhandled error 0x2 at 0x8001d90a (v:0 0x8000e200-0x8002cc00 l:0x1ea00 o:0x0 p: G R-cgm- X- ---)
Running file /var/folders/9k/gp4ckb6n1wd80tfd822vr6j80000gp/T/rustdoctest3kA3U8/rust_out.
ELF Entry @ 0x80000000
FAILURE: 1

stderr:
tohost located at 0x8002f488

test library/core/src/iter/traits/iterator.rs - iter::traits::iterator::Iterator::for_each (line 796) ... FAILED
test library/core/src/iter/traits/iterator.rs - iter::traits::iterator::Iterator::for_each (line 810) ... ok
test library/core/src/iter/traits/iterator.rs - iter::traits::iterator::Iterator::fuse (line 1736) ... ok
test library/core/src/iter/traits/iterator.rs - iter::traits::iterator::Iterator::ge (line 3910) ... ok
test library/core/src/iter/traits/iterator.rs - iter::traits::iterator::Iterator::gt (line 3889) ... ok
test library/core/src/iter/traits/iterator.rs - iter::traits::iterator::Iterator::inspect (line 1797) ... ok
test library/core/src/iter/traits/iterator.rs - iter::traits::iterator::Iterator::inspect (line 1834) ... ok
test library/core/src/iter/traits/iterator.rs - iter::traits::iterator::Iterator::intersperse (line 631) ... ok
test library/core/src/iter/traits/iterator.rs - iter::traits::iterator::Iterator::intersperse (line 644) ... ok
test library/core/src/iter/traits/iterator.rs - iter::traits::iterator::Iterator::intersperse_with (line 679) ... ok
test library/core/src/iter/traits/iterator.rs - iter::traits::iterator::Iterator::intersperse_with (line 698) ... ok
test library/core/src/iter/traits/iterator.rs - iter::traits::iterator::Iterator::is_partitioned (line 2318) ... ok
test library/core/src/iter/traits/iterator.rs - iter::traits::iterator::Iterator::is_sorted (line 3937) ... ok
test library/core/src/iter/traits/iterator.rs - iter::traits::iterator::Iterator::is_sorted_by (line 3961) ... ok
test library/core/src/iter/traits/iterator.rs - iter::traits::iterator::Iterator::is_sorted_by_key (line 4010) ... ok
test library/core/src/iter/traits/iterator.rs - iter::traits::iterator::Iterator::last (line 241) ... ok
test library/core/src/iter/traits/iterator.rs - iter::traits::iterator::Iterator::le (line 3868) ... ok
test library/core/src/iter/traits/iterator.rs - iter::traits::iterator::Iterator::lt (line 3847) ... ok
test library/core/src/iter/traits/iterator.rs - iter::traits::iterator::Iterator::map (line 745) ... ok
test library/core/src/iter/traits/iterator.rs - iter::traits::iterator::Iterator::map (line 758) ... ok
test library/core/src/iter/traits/iterator.rs - iter::traits::iterator::Iterator::map_while (line 1217) ... ok
test library/core/src/iter/traits/iterator.rs - iter::traits::iterator::Iterator::map_while (line 1232) ... ok
test library/core/src/iter/traits/iterator.rs - iter::traits::iterator::Iterator::map_while (line 1247) ... ok
test library/core/src/iter/traits/iterator.rs - iter::traits::iterator::Iterator::map_while (line 1262) ... ok
test library/core/src/iter/traits/iterator.rs - iter::traits::iterator::Iterator::map_windows (line 1572) ... ok
test library/core/src/iter/traits/iterator.rs - iter::traits::iterator::Iterator::map_windows (line 1602) ... ok
test library/core/src/iter/traits/iterator.rs - iter::traits::iterator::Iterator::map_windows (line 1612) ... ok
test library/core/src/iter/traits/iterator.rs - iter::traits::iterator::Iterator::map_windows (line 1625) ... ok
test library/core/src/iter/traits/iterator.rs - iter::traits::iterator::Iterator::map_windows (line 1639) ... ok
test library/core/src/iter/traits/iterator.rs - iter::traits::iterator::Iterator::map_windows (line 1656) ... ok
error: linking with `./cheri/linker.sh` failed: exit status: 255
  |
  = note:  "./cheri/linker.sh" "-flavor" "gnu" "/var/folders/9k/gp4ckb6n1wd80tfd822vr6j80000gp/T/rustcICqv6G/symbols.o" "<2 object files omitted>" "--as-needed" "-Bstatic" "<sysroot>/lib/rustlib/riscv32cheriot-unknown-cheriotrtos/lib/{libpanic_abort-*,libstd-*,libcfg_if-*,librustc_demangle-*,libstd_detect-*,libhashbrown-*,librustc_std_workspace_alloc-*,libminiz_oxide-*,libadler2-*,libunwind-*,liblibc-*,librustc_std_workspace_core-*,liballoc-*,libcore-*,libcompiler_builtins-*}.rlib" "-L" "/var/folders/9k/gp4ckb6n1wd80tfd822vr6j80000gp/T/rustcICqv6G/raw-dylibs" "-Bdynamic" "-z" "noexecstack" "-L" "<sysroot>/lib/rustlib/riscv32cheriot-unknown-cheriotrtos/lib/self-contained" "-o" "/var/folders/9k/gp4ckb6n1wd80tfd822vr6j80000gp/T/rustdoctestBTXjDp/rust_out" "--gc-sections" "-static"
  = note: some arguments are omitted. use `--verbose` to show all linker arguments
  = note: Remapping priority of thread 1 from 1 to 0
          Enabling sub-object bounds for cheriot.allocator
          Enabling sub-object bounds for cheriot.loader
          Enabling sub-object bounds for test_fw.scheduler
          Patched board file will be saved as "/Users/jacob/CHERIoT/rust/cheri/doctests/build/board.json"
          [ 93%]: linking compartment test_runner.compartment
          [ 93%]: linking firmware build/cheriot/cheriot/release/test_fw
          error: ld.lld: error: undefined symbol: __library_export_libcalls_fmaxf
          >>> referenced by compiler_builtins.f5786da9a5584453-cgu.112
          >>>               build/cheriot/cheriot/release/test_runner.compartment:()
          
          warning: $(buildir) has been deprecated, please use $(builddir)
          

error: aborting due to 1 previous error

Couldn't compile the test.test library/core/src/iter/traits/iterator.rs - iter::traits::iterator::Iterator::max (line 3142) ... FAILED
test library/core/src/iter/traits/iterator.rs - iter::traits::iterator::Iterator::max (line 3154) ... ok
test library/core/src/iter/traits/iterator.rs - iter::traits::iterator::Iterator::max_by (line 3248) ... ok
test library/core/src/iter/traits/iterator.rs - iter::traits::iterator::Iterator::max_by_key (line 3215) ... ok
error: linking with `./cheri/linker.sh` failed: exit status: 255
  |
  = note:  "./cheri/linker.sh" "-flavor" "gnu" "/var/folders/9k/gp4ckb6n1wd80tfd822vr6j80000gp/T/rustcRnpDJy/symbols.o" "<2 object files omitted>" "--as-needed" "-Bstatic" "<sysroot>/lib/rustlib/riscv32cheriot-unknown-cheriotrtos/lib/{libpanic_abort-*,libstd-*,libcfg_if-*,librustc_demangle-*,libstd_detect-*,libhashbrown-*,librustc_std_workspace_alloc-*,libminiz_oxide-*,libadler2-*,libunwind-*,liblibc-*,librustc_std_workspace_core-*,liballoc-*,libcore-*,libcompiler_builtins-*}.rlib" "-L" "/var/folders/9k/gp4ckb6n1wd80tfd822vr6j80000gp/T/rustcRnpDJy/raw-dylibs" "-Bdynamic" "-z" "noexecstack" "-L" "<sysroot>/lib/rustlib/riscv32cheriot-unknown-cheriotrtos/lib/self-contained" "-o" "/var/folders/9k/gp4ckb6n1wd80tfd822vr6j80000gp/T/rustdoctestzbtlWG/rust_out" "--gc-sections" "-static"
  = note: some arguments are omitted. use `--verbose` to show all linker arguments
  = note: Remapping priority of thread 1 from 1 to 0
          Enabling sub-object bounds for cheriot.allocator
          Enabling sub-object bounds for cheriot.loader
          Enabling sub-object bounds for test_fw.scheduler
          Patched board file will be saved as "/Users/jacob/CHERIoT/rust/cheri/doctests/build/board.json"
          [ 93%]: linking compartment test_runner.compartment
          [ 93%]: linking firmware build/cheriot/cheriot/release/test_fw
          error: ld.lld: error: undefined symbol: __library_export_libcalls_fminf
          >>> referenced by compiler_builtins.f5786da9a5584453-cgu.112
          >>>               build/cheriot/cheriot/release/test_runner.compartment:()
          
          warning: $(buildir) has been deprecated, please use $(builddir)
          

error: aborting due to 1 previous error

Couldn't compile the test.test library/core/src/iter/traits/iterator.rs - iter::traits::iterator::Iterator::min (line 3178) ... FAILED
test library/core/src/iter/traits/iterator.rs - iter::traits::iterator::Iterator::min (line 3190) ... ok
test library/core/src/iter/traits/iterator.rs - iter::traits::iterator::Iterator::min_by (line 3308) ... ok
test library/core/src/iter/traits/iterator.rs - iter::traits::iterator::Iterator::min_by_key (line 3275) ... ok
test library/core/src/iter/traits/iterator.rs - iter::traits::iterator::Iterator::ne (line 3828) ... ok
test library/core/src/iter/traits/iterator.rs - iter::traits::iterator::Iterator::next (line 57) ... ok
test library/core/src/iter/traits/iterator.rs - iter::traits::iterator::Iterator::next_chunk (line 87) ... ok
test library/core/src/iter/traits/iterator.rs - iter::traits::iterator::Iterator::next_chunk (line 99) ... ok
test library/core/src/iter/traits/iterator.rs - iter::traits::iterator::Iterator::nth (line 350) ... ok
test library/core/src/iter/traits/iterator.rs - iter::traits::iterator::Iterator::nth (line 357) ... ok
test library/core/src/iter/traits/iterator.rs - iter::traits::iterator::Iterator::nth (line 368) ... ok
test library/core/src/iter/traits/iterator.rs - iter::traits::iterator::Iterator::partial_cmp (line 3686) ... ok
test library/core/src/iter/traits/iterator.rs - iter::traits::iterator::Iterator::partial_cmp (line 3697) ... ok
test library/core/src/iter/traits/iterator.rs - iter::traits::iterator::Iterator::partial_cmp (line 3703) ... ok
test library/core/src/iter/traits/iterator.rs - iter::traits::iterator::Iterator::partial_cmp_by (line 3726) ... ok
test library/core/src/iter/traits/iterator.rs - iter::traits::iterator::Iterator::partition (line 2195) ... ok
test library/core/src/iter/traits/iterator.rs - iter::traits::iterator::Iterator::partition_in_place (line 2255) ... ok
test library/core/src/iter/traits/iterator.rs - iter::traits::iterator::Iterator::peekable (line 1007) ... ok
test library/core/src/iter/traits/iterator.rs - iter::traits::iterator::Iterator::peekable (line 1032) ... ok
test library/core/src/iter/traits/iterator.rs - iter::traits::iterator::Iterator::position (line 3023) ... ok
test library/core/src/iter/traits/iterator.rs - iter::traits::iterator::Iterator::position (line 3033) ... ok
test library/core/src/iter/traits/iterator.rs - iter::traits::iterator::Iterator::product (line 3599) ... ok
test library/core/src/iter/traits/iterator.rs - iter::traits::iterator::Iterator::reduce (line 2623) ... ok
test library/core/src/iter/traits/iterator.rs - iter::traits::iterator::Iterator::rev (line 3337) ... ok
test library/core/src/iter/traits/iterator.rs - iter::traits::iterator::Iterator::rposition (line 3091) ... ok
test library/core/src/iter/traits/iterator.rs - iter::traits::iterator::Iterator::rposition (line 3101) ... ok
test library/core/src/iter/traits/iterator.rs - iter::traits::iterator::Iterator::scan (line 1413) ... ok
test library/core/src/iter/traits/iterator.rs - iter::traits::iterator::Iterator::size_hint (line 150) ... ok
test library/core/src/iter/traits/iterator.rs - iter::traits::iterator::Iterator::size_hint (line 161) ... ok
test library/core/src/iter/traits/iterator.rs - iter::traits::iterator::Iterator::size_hint (line 178) ... ok
test library/core/src/iter/traits/iterator.rs - iter::traits::iterator::Iterator::skip (line 1306) ... ok
test library/core/src/iter/traits/iterator.rs - iter::traits::iterator::Iterator::skip_while (line 1078) ... ok
test library/core/src/iter/traits/iterator.rs - iter::traits::iterator::Iterator::skip_while (line 1092) ... ok
test library/core/src/iter/traits/iterator.rs - iter::traits::iterator::Iterator::skip_while (line 1104) ... ok
test library/core/src/iter/traits/iterator.rs - iter::traits::iterator::Iterator::step_by (line 394) ... ok
test library/core/src/iter/traits/iterator.rs - iter::traits::iterator::Iterator::step_by (line 413) ... ok
test library/core/src/iter/traits/iterator.rs - iter::traits::iterator::Iterator::sum (line 3565) ... ok
test library/core/src/iter/traits/iterator.rs - iter::traits::iterator::Iterator::take (line 1336) ... ok
test library/core/src/iter/traits/iterator.rs - iter::traits::iterator::Iterator::take (line 1348) ... ok
test library/core/src/iter/traits/iterator.rs - iter::traits::iterator::Iterator::take (line 1360) ... ok
test library/core/src/iter/traits/iterator.rs - iter::traits::iterator::Iterator::take (line 1371) ... ok
test library/core/src/iter/traits/iterator.rs - iter::traits::iterator::Iterator::take_while (line 1142) ... ok
test library/core/src/iter/traits/iterator.rs - iter::traits::iterator::Iterator::take_while (line 1155) ... ok
test library/core/src/iter/traits/iterator.rs - iter::traits::iterator::Iterator::take_while (line 1166) ... ok
test library/core/src/iter/traits/iterator.rs - iter::traits::iterator::Iterator::take_while (line 1182) ... ok
test library/core/src/iter/traits/iterator.rs - iter::traits::iterator::Iterator::try_collect (line 2050) ... ok
test library/core/src/iter/traits/iterator.rs - iter::traits::iterator::Iterator::try_collect (line 2059) ... ok
test library/core/src/iter/traits/iterator.rs - iter::traits::iterator::Iterator::try_collect (line 2068) ... ok
test library/core/src/iter/traits/iterator.rs - iter::traits::iterator::Iterator::try_collect (line 2084) ... ok
test library/core/src/iter/traits/iterator.rs - iter::traits::iterator::Iterator::try_find (line 2933) ... ok
test library/core/src/iter/traits/iterator.rs - iter::traits::iterator::Iterator::try_find (line 2951) ... ok
test library/core/src/iter/traits/iterator.rs - iter::traits::iterator::Iterator::try_fold (line 2368) ... ok
test library/core/src/iter/traits/iterator.rs - iter::traits::iterator::Iterator::try_fold (line 2379) ... ok
test library/core/src/iter/traits/iterator.rs - iter::traits::iterator::Iterator::try_fold (line 2396) ... ok
Test executable failed (exit status: 1).

stdout:
no_tea.txt
stale_bread.json
torrential_rain.png
[35mError handler[0m: TagViolation(0x2) error at 0x8000f8fa (v:0 0x8000e200-0x80026a00 l:0x18800 o:0x0 p: G R-cgm- X- ---) (return address: 0xa (v:0 0x0-0x0 l:0x0 o:0x0 p: - ------ -- ---)), with capability register CTP(0x4): 0x8001daac (v:0 0x8001daa3-0x8001daad l:0xa o:0x0 p: G R-cgm- X- ---)
Running file /var/folders/9k/gp4ckb6n1wd80tfd822vr6j80000gp/T/rustdoctestIFWaFo/rust_out.
ELF Entry @ 0x80000000
FAILURE: 1

stderr:
tohost located at 0x80029288

test library/core/src/iter/traits/iterator.rs - iter::traits::iterator::Iterator::try_for_each (line 2443) ... FAILED
test library/core/src/iter/traits/iterator.rs - iter::traits::iterator::Iterator::try_for_each (line 2463) ... ok
test library/core/src/iter/traits/iterator.rs - iter::traits::iterator::Iterator::try_reduce (line 2662) ... ok
test library/core/src/iter/traits/iterator.rs - iter::traits::iterator::Iterator::try_reduce (line 2672) ... ok
test library/core/src/iter/traits/iterator.rs - iter::traits::iterator::Iterator::try_reduce (line 2682) ... ok
test library/core/src/iter/traits/iterator.rs - iter::traits::iterator::Iterator::try_reduce (line 2692) ... ok
test library/core/src/iter/traits/iterator.rs - iter::traits::iterator::Iterator::unzip (line 3370) ... ok
test library/core/src/iter/traits/iterator.rs - iter::traits::iterator::Iterator::zip (line 525) ... ok
test library/core/src/iter/traits/iterator.rs - iter::traits::iterator::Iterator::zip (line 542) ... ok
test library/core/src/iter/traits/iterator.rs - iter::traits::iterator::Iterator::zip (line 558) ... ok
test library/core/src/iter/traits/iterator.rs - iter::traits::iterator::Iterator::zip (line 575) ... ok
test library/core/src/iter/traits/iterator.rs - iter::traits::iterator::Iterator::zip (line 593) ... ok
test library/core/src/macros/mod.rs - macros::assert_eq (line 31) ... ok
test library/core/src/macros/mod.rs - macros::assert_matches (line 149) ... ok
test library/core/src/macros/mod.rs - macros::assert_ne (line 87) ... ok
test library/core/src/macros/mod.rs - macros::builtin::assert (line 1660) ... ok
test library/core/src/macros/mod.rs - macros::builtin::autodiff_forward (line 1516) ... ignored
test library/core/src/macros/mod.rs - macros::builtin::autodiff_reverse (line 1587) ... ignored
test library/core/src/macros/mod.rs - macros::builtin::cfg (line 1407) ... ok
test library/core/src/macros/mod.rs - macros::builtin::column (line 1197) ... ok
test library/core/src/macros/mod.rs - macros::builtin::column (line 1205) ... ok
error: This macro only accepts `foo` or `bar`
   --> library/core/src/macros/mod.rs:912:9
    |
912 |         compile_error!("This macro only accepts `foo` or `bar`");
    |         ^^^^^^^^^^^^^^^^^^^^^^^^^^^^^^^^^^^^^^^^^^^^^^^^^^^^^^^^
...
916 | give_me_foo_or_bar!(neither);
    | ---------------------------- in this macro invocation
    |
    = note: this error originates in the macro `give_me_foo_or_bar` (in Nightly builds, run with -Z macro-backtrace for more info)

error: aborting due to 1 previous error

test library/core/src/macros/mod.rs - macros::builtin::compile_error (line 907) ... ok
error: Either feature "foo" or "bar" must be enabled for this crate.
   --> library/core/src/macros/mod.rs:924:1
    |
924 | compile_error!("Either feature \"foo\" or \"bar\" must be enabled for this crate.");
    | ^^^^^^^^^^^^^^^^^^^^^^^^^^^^^^^^^^^^^^^^^^^^^^^^^^^^^^^^^^^^^^^^^^^^^^^^^^^^^^^^^^^

error: aborting due to 1 previous error

test library/core/src/macros/mod.rs - macros::builtin::compile_error (line 922) ... ok
test library/core/src/macros/mod.rs - macros::builtin::concat (line 1144) ... ok
test library/core/src/macros/mod.rs - macros::builtin::concat_bytes (line 1118) ... ok
test library/core/src/macros/mod.rs - macros::builtin::env (line 1047) ... ok
error: what's that?!
    --> library/core/src/macros/mod.rs:1056:25
     |
1056 | ... = env!("documentation", "what's that?!");
     |       ^^^^^^^^^^^^^^^^^^^^^^^^^^^^^^^^^^^^^^

error: aborting due to 1 previous error

test library/core/src/macros/mod.rs - macros::builtin::env (line 1055) ... ok
test library/core/src/macros/mod.rs - macros::builtin::file (line 1247) ... ok
test library/core/src/macros/mod.rs - macros::builtin::format_args (line 953) ... ok
test library/core/src/macros/mod.rs - macros::builtin::format_args (line 973) ... ok
test library/core/src/macros/mod.rs - macros::builtin::include (line 1463) ... ignored
test library/core/src/macros/mod.rs - macros::builtin::include (line 1473) ... ignored
test library/core/src/macros/mod.rs - macros::builtin::include_bytes (line 1347) ... ignored
test library/core/src/macros/mod.rs - macros::builtin::include_str (line 1307) ... ignored
test library/core/src/macros/mod.rs - macros::builtin::line (line 1170) ... ok
test library/core/src/macros/mod.rs - macros::builtin::module_path (line 1372) ... ok
test library/core/src/macros/mod.rs - macros::builtin::option_env (line 1094) ... ok
test library/core/src/macros/mod.rs - macros::builtin::stringify (line 1271) ... ok
test library/core/src/macros/mod.rs - macros::cfg_select (line 210) ... ok
test library/core/src/macros/mod.rs - macros::cfg_select (line 229) ... ok
test library/core/src/macros/mod.rs - macros::debug_assert (line 270) ... ok
test library/core/src/macros/mod.rs - macros::debug_assert_eq (line 314) ... ok
test library/core/src/macros/mod.rs - macros::debug_assert_matches (line 382) ... ok
test library/core/src/macros/mod.rs - macros::debug_assert_ne (line 344) ... ok
test library/core/src/macros/mod.rs - macros::matches (line 423) ... ok
test library/core/src/macros/mod.rs - macros::r#try (line 467) ... ok
test library/core/src/macros/mod.rs - macros::todo (line 828) ... ok
test library/core/src/macros/mod.rs - macros::todo (line 840) ... ok
test library/core/src/macros/mod.rs - macros::unimplemented (line 743) ... ok
test library/core/src/macros/mod.rs - macros::unimplemented (line 759) ... ok
test library/core/src/macros/mod.rs - macros::unreachable (line 682) ... ok
test library/core/src/macros/mod.rs - macros::unreachable (line 696) ... ok
test library/core/src/macros/mod.rs - macros::write (line 540) ... ok
test library/core/src/macros/mod.rs - macros::write (line 558) ... ok
test library/core/src/macros/mod.rs - macros::write (line 576) ... ok
test library/core/src/macros/mod.rs - macros::write (line 593) ... ok
test library/core/src/macros/mod.rs - macros::writeln (line 628) ... ok
test library/core/src/macros/panic.md - macros::panic (line 93) ... ok
test library/core/src/marker.rs - marker::CoercePointee (line 1146) ... ok
test library/core/src/marker.rs - marker::CoercePointee (line 1193) ... ok
test library/core/src/marker.rs - marker::CoercePointee (line 1255) ... ok
test library/core/src/marker.rs - marker::CoercePointee (line 1270) ... ok
test library/core/src/marker.rs - marker::Copy (line 285) ... ok
test library/core/src/marker.rs - marker::Copy (line 300) ... ok
test library/core/src/marker.rs - marker::Copy (line 323) ... ok
test library/core/src/marker.rs - marker::Copy (line 330) ... ok
test library/core/src/marker.rs - marker::Copy (line 345) ... ok
test library/core/src/marker.rs - marker::Copy (line 377) ... ok
test library/core/src/marker.rs - marker::Copy (line 389) ... ok
test library/core/src/marker.rs - marker::Copy (line 409) ... ok
error[E0392]: lifetime parameter `'a` is never used
   --> library/core/src/marker.rs:710:14
    |
710 | struct Slice<'a, T> {
    |              ^^ unused lifetime parameter
    |
    = help: consider removing `'a`, referring to it in a field, or using a marker such as `PhantomData`

error: aborting due to 1 previous error

For more information about this error, try `rustc --explain E0392`.
test library/core/src/marker.rs - marker::PhantomData (line 709) ... ok
test library/core/src/marker.rs - marker::PhantomData (line 723) ... ok
test library/core/src/marker.rs - marker::PhantomData (line 740) ... ok
test library/core/src/marker.rs - marker::PhantomData (line 770) ... ok
test library/core/src/marker.rs - marker::Sized (line 115) ... ok
test library/core/src/marker.rs - marker::Sized (line 132) ... ok
test library/core/src/marker.rs - marker::Unpin (line 978) ... ok
test library/core/src/marker.rs - marker::marker_impls (line 29) ... ignored
test library/core/src/marker.rs - marker::marker_impls (line 33) ... ignored
test library/core/src/marker.rs - marker::marker_impls (line 37) ... ignored
test library/core/src/marker.rs - marker::marker_impls (line 45) ... ignored
test library/core/src/marker/variance.rs - marker::variance::variance (line 259) ... ok
test library/core/src/mem/drop_guard.rs - mem::drop_guard::DropGuard (line 11) ... ok
test library/core/src/mem/drop_guard.rs - mem::drop_guard::DropGuard<T,F>::dismiss (line 73) ... ok
test library/core/src/mem/drop_guard.rs - mem::drop_guard::DropGuard<T,F>::new (line 49) ... ok
test library/core/src/mem/manually_drop.rs - mem::manually_drop::ManuallyDrop (line 122) ... ok
test library/core/src/mem/manually_drop.rs - mem::manually_drop::ManuallyDrop (line 32) ... ok
test library/core/src/mem/manually_drop.rs - mem::manually_drop::ManuallyDrop (line 51) ... ok
test library/core/src/mem/manually_drop.rs - mem::manually_drop::ManuallyDrop (line 84) ... ok
test library/core/src/mem/manually_drop.rs - mem::manually_drop::ManuallyDrop<T>::into_inner (line 191) ... ok
test library/core/src/mem/manually_drop.rs - mem::manually_drop::ManuallyDrop<T>::new (line 167) ... ok
test library/core/src/mem/maybe_uninit.rs - mem::maybe_uninit::MaybeUninit (line 118) ... ok
test library/core/src/mem/maybe_uninit.rs - mem::maybe_uninit::MaybeUninit (line 142) ... ok
test library/core/src/mem/maybe_uninit.rs - mem::maybe_uninit::MaybeUninit (line 165) ... ok
test library/core/src/mem/maybe_uninit.rs - mem::maybe_uninit::MaybeUninit (line 18) ... ok
test library/core/src/mem/maybe_uninit.rs - mem::maybe_uninit::MaybeUninit (line 207) ... ok
test library/core/src/mem/maybe_uninit.rs - mem::maybe_uninit::MaybeUninit (line 219) ... ok
test library/core/src/mem/maybe_uninit.rs - mem::maybe_uninit::MaybeUninit (line 242) ... ok
test library/core/src/mem/maybe_uninit.rs - mem::maybe_uninit::MaybeUninit (line 280) ... ok
test library/core/src/mem/maybe_uninit.rs - mem::maybe_uninit::MaybeUninit (line 295) ... ok
test library/core/src/mem/maybe_uninit.rs - mem::maybe_uninit::MaybeUninit (line 310) ... ok
test library/core/src/mem/maybe_uninit.rs - mem::maybe_uninit::MaybeUninit (line 325) ... ok
test library/core/src/mem/maybe_uninit.rs - mem::maybe_uninit::MaybeUninit (line 33) ... ok
test library/core/src/mem/maybe_uninit.rs - mem::maybe_uninit::MaybeUninit (line 48) ... ok
test library/core/src/mem/maybe_uninit.rs - mem::maybe_uninit::MaybeUninit (line 72) ... ok
test library/core/src/mem/maybe_uninit.rs - mem::maybe_uninit::MaybeUninit (line 98) ... ok
test library/core/src/mem/maybe_uninit.rs - mem::maybe_uninit::MaybeUninit<T>::array_assume_init (line 1011) ... ok
test library/core/src/mem/maybe_uninit.rs - mem::maybe_uninit::MaybeUninit<T>::as_bytes (line 1049) ... ok
test library/core/src/mem/maybe_uninit.rs - mem::maybe_uninit::MaybeUninit<T>::as_bytes_mut (line 1075) ... ok
test library/core/src/mem/maybe_uninit.rs - mem::maybe_uninit::MaybeUninit<T>::as_mut_ptr (line 619) ... ok
test library/core/src/mem/maybe_uninit.rs - mem::maybe_uninit::MaybeUninit<T>::as_mut_ptr (line 635) ... ok
test library/core/src/mem/maybe_uninit.rs - mem::maybe_uninit::MaybeUninit<T>::as_ptr (line 579) ... ok
test library/core/src/mem/maybe_uninit.rs - mem::maybe_uninit::MaybeUninit<T>::as_ptr (line 593) ... ok
test library/core/src/mem/maybe_uninit.rs - mem::maybe_uninit::MaybeUninit<T>::assume_init (line 681) ... ok
test library/core/src/mem/maybe_uninit.rs - mem::maybe_uninit::MaybeUninit<T>::assume_init (line 692) ... ok
test library/core/src/mem/maybe_uninit.rs - mem::maybe_uninit::MaybeUninit<T>::assume_init_mut (line 902) ... ok
test library/core/src/mem/maybe_uninit.rs - mem::maybe_uninit::MaybeUninit<T>::assume_init_mut (line 938) ... ok
test library/core/src/mem/maybe_uninit.rs - mem::maybe_uninit::MaybeUninit<T>::assume_init_mut (line 953) ... ok
test library/core/src/mem/maybe_uninit.rs - mem::maybe_uninit::MaybeUninit<T>::assume_init_mut (line 969) ... ok
test library/core/src/mem/maybe_uninit.rs - mem::maybe_uninit::MaybeUninit<T>::assume_init_read (line 742) ... ok
test library/core/src/mem/maybe_uninit.rs - mem::maybe_uninit::MaybeUninit<T>::assume_init_read (line 762) ... ok
test library/core/src/mem/maybe_uninit.rs - mem::maybe_uninit::MaybeUninit<T>::assume_init_ref (line 834) ... ok
test library/core/src/mem/maybe_uninit.rs - mem::maybe_uninit::MaybeUninit<T>::assume_init_ref (line 855) ... ok
test library/core/src/mem/maybe_uninit.rs - mem::maybe_uninit::MaybeUninit<T>::assume_init_ref (line 863) ... ok
test library/core/src/mem/maybe_uninit.rs - mem::maybe_uninit::MaybeUninit<T>::new (line 384) ... ok
test library/core/src/mem/maybe_uninit.rs - mem::maybe_uninit::MaybeUninit<T>::uninit (line 410) ... ok
test library/core/src/mem/maybe_uninit.rs - mem::maybe_uninit::MaybeUninit<T>::write (line 500) ... ok
test library/core/src/mem/maybe_uninit.rs - mem::maybe_uninit::MaybeUninit<T>::write (line 518) ... ok
test library/core/src/mem/maybe_uninit.rs - mem::maybe_uninit::MaybeUninit<T>::write (line 538) ... ok
test library/core/src/mem/maybe_uninit.rs - mem::maybe_uninit::MaybeUninit<T>::zeroed (line 441) ... ok
test library/core/src/mem/maybe_uninit.rs - mem::maybe_uninit::MaybeUninit<T>::zeroed (line 455) ... ok
test library/core/src/mem/maybe_uninit.rs - mem::maybe_uninit::MaybeUninit<[T;N]>::transpose (line 1522) ... ok
test library/core/src/mem/maybe_uninit.rs - mem::maybe_uninit::[MaybeUninit<T>;N]::transpose (line 1541) ... ok
test library/core/src/mem/maybe_uninit.rs - mem::maybe_uninit::[MaybeUninit<T>]::as_bytes (line 1398) ... ok
test library/core/src/mem/maybe_uninit.rs - mem::maybe_uninit::[MaybeUninit<T>]::as_bytes_mut (line 1425) ... ok
test library/core/src/mem/maybe_uninit.rs - mem::maybe_uninit::[MaybeUninit<T>]::write_clone_of_slice (line 1174) ... ok
test library/core/src/mem/maybe_uninit.rs - mem::maybe_uninit::[MaybeUninit<T>]::write_clone_of_slice (line 1188) ... ok
test library/core/src/mem/maybe_uninit.rs - mem::maybe_uninit::[MaybeUninit<T>]::write_copy_of_slice (line 1116) ... ok
test library/core/src/mem/maybe_uninit.rs - mem::maybe_uninit::[MaybeUninit<T>]::write_copy_of_slice (line 1127) ... ok
test library/core/src/mem/maybe_uninit.rs - mem::maybe_uninit::[MaybeUninit<T>]::write_filled (line 1249) ... ok
test library/core/src/mem/maybe_uninit.rs - mem::maybe_uninit::[MaybeUninit<T>]::write_iter (line 1326) ... ok
test library/core/src/mem/maybe_uninit.rs - mem::maybe_uninit::[MaybeUninit<T>]::write_iter (line 1341) ... ok
test library/core/src/mem/maybe_uninit.rs - mem::maybe_uninit::[MaybeUninit<T>]::write_iter (line 1355) ... ok
test library/core/src/mem/maybe_uninit.rs - mem::maybe_uninit::[MaybeUninit<T>]::write_with (line 1283) ... ok
test library/core/src/mem/mod.rs - mem::SizedTypeProperties::IS_ZST (line 1258) ... ok
test library/core/src/mem/mod.rs - mem::align_of (line 482) ... ok
test library/core/src/mem/mod.rs - mem::align_of_val (line 504) ... ok
test library/core/src/mem/mod.rs - mem::align_of_val_raw (line 549) ... ok
test library/core/src/mem/mod.rs - mem::conjure_zst (line 1466) ... ok
test library/core/src/mem/mod.rs - mem::copy (line 972) ... ok
test library/core/src/mem/mod.rs - mem::copy (line 979) ... ok
test library/core/src/mem/mod.rs - mem::discriminant (line 1126) ... ok
test library/core/src/mem/mod.rs - mem::discriminant (line 1143) ... ok
test library/core/src/mem/mod.rs - mem::discriminant (line 1164) ... ok
test library/core/src/mem/mod.rs - mem::drop (line 907) ... ok
test library/core/src/mem/mod.rs - mem::drop (line 920) ... ok
test library/core/src/mem/mod.rs - mem::drop (line 929) ... ok
test library/core/src/mem/mod.rs - mem::drop (line 945) ... ok
test library/core/src/mem/mod.rs - mem::forget (line 116) ... ok
test library/core/src/mem/mod.rs - mem::forget (line 73) ... ok
test library/core/src/mem/mod.rs - mem::forget (line 90) ... ok
test library/core/src/mem/mod.rs - mem::forget_unsized (line 162) ... ok
test library/core/src/mem/mod.rs - mem::min_align_of (line 434) ... ok
test library/core/src/mem/mod.rs - mem::min_align_of_val (line 457) ... ok
test library/core/src/mem/mod.rs - mem::needs_drop (line 593) ... ok
test library/core/src/mem/mod.rs - mem::offset_of (line 1322) ... ok
test library/core/src/mem/mod.rs - mem::offset_of (line 1368) ... ok
test library/core/src/mem/mod.rs - mem::offset_of (line 1402) ... ok
test library/core/src/mem/mod.rs - mem::replace (line 827) ... ok
error[E0507]: cannot move out of index of `Vec<T>`
   --> library/core/src/mem/mod.rs:846:17
    |
846 |         let t = self.buf[i];
    |                 ^^^^^^^^^^^ move occurs because value has type `T`, which does not implement the `Copy` trait
    |
help: if `T` implemented `Clone`, you could clone the value
   --> library/core/src/mem/mod.rs:843:6
    |
843 | impl<T> Buffer<T> {
    |      ^ consider constraining this type parameter with `Clone`
...
846 |         let t = self.buf[i];
    |                 ----------- you could clone this value
help: consider borrowing here
    |
846 |         let t = &self.buf[i];
    |                 +

error: aborting due to 1 previous error

For more information about this error, try `rustc --explain E0507`.
test library/core/src/mem/mod.rs - mem::replace (line 840) ... ok
test library/core/src/mem/mod.rs - mem::replace (line 857) ... ok
test library/core/src/mem/mod.rs - mem::size_of (line 260) ... ok
test library/core/src/mem/mod.rs - mem::size_of (line 281) ... ok
test library/core/src/mem/mod.rs - mem::size_of_val (line 350) ... ok
test library/core/src/mem/mod.rs - mem::size_of_val_raw (line 402) ... ok
test library/core/src/mem/mod.rs - mem::swap (line 733) ... ok
test library/core/src/mem/mod.rs - mem::take (line 763) ... ok
error[E0507]: cannot move out of `self.buf` which is behind a mutable reference
   --> library/core/src/mem/mod.rs:782:19
    |
782 |         let buf = self.buf;
    |                   ^^^^^^^^ move occurs because `self.buf` has type `Vec<T>`, which does not implement the `Copy` trait
    |
help: consider borrowing here
    |
782 |         let buf = &self.buf;
    |                   +

error: aborting due to 1 previous error

For more information about this error, try `rustc --explain E0507`.
test library/core/src/mem/mod.rs - mem::take (line 776) ... ok
test library/core/src/mem/mod.rs - mem::take (line 793) ... ok
test library/core/src/mem/mod.rs - mem::transmute_copy (line 1008) ... ok
test library/core/src/mem/mod.rs - mem::variant_count (line 1211) ... ok
test library/core/src/mem/mod.rs - mem::zeroed (line 651) ... ok
test library/core/src/mem/mod.rs - mem::zeroed (line 660) ... ok
error[E0277]: `&[u8; 2]` cannot be safely transmuted into `&u16`
   --> library/core/src/mem/transmutability.rs:167:6
    |
167 |     <_ as TransmuteFrom<_>>::transmute(src)
    |      ^ the minimum alignment of `&[u8; 2]` (1) should be greater than that of `&u16` (2)

error: aborting due to 1 previous error

For more information about this error, try `rustc --explain E0277`.
test library/core/src/mem/transmutability.rs - mem::transmutability::Assume::alignment (line 155) ... ok
test library/core/src/mem/transmutability.rs - mem::transmutability::Assume::alignment (line 174) ... ok
test library/core/src/mem/transmutability.rs - mem::transmutability::Assume::and (line 332) ... ok
test library/core/src/mem/transmutability.rs - mem::transmutability::Assume::but_not (line 386) ... ok
error[E0277]: `u8` cannot be safely transmuted into `EvenU8`
   --> library/core/src/mem/transmutability.rs:219:6
    |
219 |     <_ as TransmuteFrom<_>>::transmute(src)
    |      ^ `EvenU8` may carry safety invariants

error: aborting due to 1 previous error

For more information about this error, try `rustc --explain E0277`.
test library/core/src/mem/transmutability.rs - mem::transmutability::Assume::safety (line 205) ... ok
test library/core/src/mem/transmutability.rs - mem::transmutability::Assume::safety (line 226) ... ok
error[E0277]: `u8` cannot be safely transmuted into `bool`
   --> library/core/src/mem/transmutability.rs:263:6
    |
263 |     <_ as TransmuteFrom<_>>::transmute(src)
    |      ^ at least one value of `u8` isn't a bit-valid value of `bool`

error: aborting due to 1 previous error

For more information about this error, try `rustc --explain E0277`.
test library/core/src/mem/transmutability.rs - mem::transmutability::Assume::validity (line 254) ... ok
test library/core/src/mem/transmutability.rs - mem::transmutability::Assume::validity (line 270) ... ok
test library/core/src/mem/transmutability.rs - mem::transmutability::TransmuteFrom (line 21) ... ok
test library/core/src/mem/transmutability.rs - mem::transmutability::TransmuteFrom (line 46) ... ok
test library/core/src/net/ip_addr.rs - net::ip_addr::IpAddr (line 15) ... ok
test library/core/src/net/ip_addr.rs - net::ip_addr::IpAddr::as_octets (line 460) ... ok
test library/core/src/net/ip_addr.rs - net::ip_addr::IpAddr::from (line 1096) ... ok
test library/core/src/net/ip_addr.rs - net::ip_addr::IpAddr::from (line 1119) ... ok
test library/core/src/net/ip_addr.rs - net::ip_addr::IpAddr::from (line 1269) ... ok
test library/core/src/net/ip_addr.rs - net::ip_addr::IpAddr::from (line 2300) ... ok
test library/core/src/net/ip_addr.rs - net::ip_addr::IpAddr::from (line 2328) ... ok
test library/core/src/net/ip_addr.rs - net::ip_addr::IpAddr::is_benchmarking (line 368) ... ok
test library/core/src/net/ip_addr.rs - net::ip_addr::IpAddr::is_documentation (line 340) ... ok
test library/core/src/net/ip_addr.rs - net::ip_addr::IpAddr::is_global (line 291) ... ok
test library/core/src/net/ip_addr.rs - net::ip_addr::IpAddr::is_ipv4 (line 393) ... ok
test library/core/src/net/ip_addr.rs - net::ip_addr::IpAddr::is_ipv6 (line 414) ... ok
test library/core/src/net/ip_addr.rs - net::ip_addr::IpAddr::is_loopback (line 267) ... ok
test library/core/src/net/ip_addr.rs - net::ip_addr::IpAddr::is_multicast (line 316) ... ok
test library/core/src/net/ip_addr.rs - net::ip_addr::IpAddr::is_unspecified (line 243) ... ok
test library/core/src/net/ip_addr.rs - net::ip_addr::IpAddr::to_canonical (line 433) ... ok
test library/core/src/net/ip_addr.rs - net::ip_addr::Ipv4Addr (line 60) ... ok
test library/core/src/net/ip_addr.rs - net::ip_addr::Ipv4Addr::BITS (line 503) ... ok
test library/core/src/net/ip_addr.rs - net::ip_addr::Ipv4Addr::BROADCAST (line 597) ... ok
test library/core/src/net/ip_addr.rs - net::ip_addr::Ipv4Addr::LOCALHOST (line 568) ... ok
test library/core/src/net/ip_addr.rs - net::ip_addr::Ipv4Addr::UNSPECIFIED (line 583) ... ok
test library/core/src/net/ip_addr.rs - net::ip_addr::Ipv4Addr::as_octets (line 647) ... ok
test library/core/src/net/ip_addr.rs - net::ip_addr::Ipv4Addr::from (line 1250) ... ok
test library/core/src/net/ip_addr.rs - net::ip_addr::Ipv4Addr::from_bits (line 550) ... ok
test library/core/src/net/ip_addr.rs - net::ip_addr::Ipv4Addr::from_octets (line 628) ... ok
test library/core/src/net/ip_addr.rs - net::ip_addr::Ipv4Addr::is_benchmarking (line 890) ... ok
test library/core/src/net/ip_addr.rs - net::ip_addr::Ipv4Addr::is_broadcast (line 974) ... ok
test library/core/src/net/ip_addr.rs - net::ip_addr::Ipv4Addr::is_documentation (line 1000) ... ok
test library/core/src/net/ip_addr.rs - net::ip_addr::Ipv4Addr::is_global (line 792) ... ok
test library/core/src/net/ip_addr.rs - net::ip_addr::Ipv4Addr::is_link_local (line 750) ... ok
test library/core/src/net/ip_addr.rs - net::ip_addr::Ipv4Addr::is_loopback (line 692) ... ok
test library/core/src/net/ip_addr.rs - net::ip_addr::Ipv4Addr::is_multicast (line 951) ... ok
test library/core/src/net/ip_addr.rs - net::ip_addr::Ipv4Addr::is_private (line 718) ... ok
test library/core/src/net/ip_addr.rs - net::ip_addr::Ipv4Addr::is_reserved (line 924) ... ok
test library/core/src/net/ip_addr.rs - net::ip_addr::Ipv4Addr::is_shared (line 864) ... ok
test library/core/src/net/ip_addr.rs - net::ip_addr::Ipv4Addr::is_unspecified (line 670) ... ok
test library/core/src/net/ip_addr.rs - net::ip_addr::Ipv4Addr::new (line 486) ... ok
test library/core/src/net/ip_addr.rs - net::ip_addr::Ipv4Addr::octets (line 610) ... ok
test library/core/src/net/ip_addr.rs - net::ip_addr::Ipv4Addr::to_bits (line 521) ... ok
test library/core/src/net/ip_addr.rs - net::ip_addr::Ipv4Addr::to_bits (line 528) ... ok
test library/core/src/net/ip_addr.rs - net::ip_addr::Ipv4Addr::to_ipv6_compatible (line 1028) ... ok
test library/core/src/net/ip_addr.rs - net::ip_addr::Ipv4Addr::to_ipv6_mapped (line 1055) ... ok
test library/core/src/net/ip_addr.rs - net::ip_addr::Ipv6Addr (line 156) ... ok
test library/core/src/net/ip_addr.rs - net::ip_addr::Ipv6Addr::BITS (line 1319) ... ok
test library/core/src/net/ip_addr.rs - net::ip_addr::Ipv6Addr::LOCALHOST (line 1403) ... ok
test library/core/src/net/ip_addr.rs - net::ip_addr::Ipv6Addr::UNSPECIFIED (line 1420) ... ok
test library/core/src/net/ip_addr.rs - net::ip_addr::Ipv6Addr::as_octets (line 2059) ... ok
test library/core/src/net/ip_addr.rs - net::ip_addr::Ipv6Addr::from (line 2243) ... ok
test library/core/src/net/ip_addr.rs - net::ip_addr::Ipv6Addr::from (line 2271) ... ok
test library/core/src/net/ip_addr.rs - net::ip_addr::Ipv6Addr::from_bits (line 1377) ... ok
test library/core/src/net/ip_addr.rs - net::ip_addr::Ipv6Addr::from_octets (line 2031) ... ok
test library/core/src/net/ip_addr.rs - net::ip_addr::Ipv6Addr::from_segments (line 1466) ... ok
test library/core/src/net/ip_addr.rs - net::ip_addr::Ipv6Addr::is_benchmarking (line 1772) ... ok
test library/core/src/net/ip_addr.rs - net::ip_addr::Ipv6Addr::is_documentation (line 1748) ... ok
test library/core/src/net/ip_addr.rs - net::ip_addr::Ipv6Addr::is_global (line 1566) ... ok
test library/core/src/net/ip_addr.rs - net::ip_addr::Ipv6Addr::is_ipv4_mapped (line 1893) ... ok
test library/core/src/net/ip_addr.rs - net::ip_addr::Ipv6Addr::is_loopback (line 1522) ... ok
test library/core/src/net/ip_addr.rs - net::ip_addr::Ipv6Addr::is_multicast (line 1873) ... ok
test library/core/src/net/ip_addr.rs - net::ip_addr::Ipv6Addr::is_unicast (line 1668) ... ok
test library/core/src/net/ip_addr.rs - net::ip_addr::Ipv6Addr::is_unicast_global (line 1809) ... ok
test library/core/src/net/ip_addr.rs - net::ip_addr::Ipv6Addr::is_unicast_link_local (line 1716) ... ok
test library/core/src/net/ip_addr.rs - net::ip_addr::Ipv6Addr::is_unique_local (line 1646) ... ok
test library/core/src/net/ip_addr.rs - net::ip_addr::Ipv6Addr::is_unspecified (line 1498) ... ok
test library/core/src/net/ip_addr.rs - net::ip_addr::Ipv6Addr::multicast_scope (line 1834) ... ok
test library/core/src/net/ip_addr.rs - net::ip_addr::Ipv6Addr::new (line 1288) ... ok
test library/core/src/net/ip_addr.rs - net::ip_addr::Ipv6Addr::octets (line 2013) ... ok
test library/core/src/net/ip_addr.rs - net::ip_addr::Ipv6Addr::segments (line 1435) ... ok
test library/core/src/net/ip_addr.rs - net::ip_addr::Ipv6Addr::to_bits (line 1337) ... ok
test library/core/src/net/ip_addr.rs - net::ip_addr::Ipv6Addr::to_bits (line 1347) ... ok
test library/core/src/net/ip_addr.rs - net::ip_addr::Ipv6Addr::to_canonical (line 1993) ... ok
test library/core/src/net/ip_addr.rs - net::ip_addr::Ipv6Addr::to_ipv4 (line 1964) ... ok
test library/core/src/net/ip_addr.rs - net::ip_addr::Ipv6Addr::to_ipv4_mapped (line 1923) ... ok
test library/core/src/net/ip_addr.rs - net::ip_addr::Ipv6MulticastScope (line 189) ... ok
test library/core/src/net/parser.rs - net::parser::AddrParseError (line 481) ... ok
test library/core/src/net/parser.rs - net::parser::AddrParseError (line 488) ... ok
test library/core/src/net/parser.rs - net::parser::IpAddr::parse_ascii (line 298) ... ok
test library/core/src/net/parser.rs - net::parser::Ipv4Addr::parse_ascii (line 326) ... ok
test library/core/src/net/parser.rs - net::parser::Ipv6Addr::parse_ascii (line 357) ... ok
test library/core/src/net/parser.rs - net::parser::SocketAddr::parse_ascii (line 435) ... ok
test library/core/src/net/parser.rs - net::parser::SocketAddrV4::parse_ascii (line 383) ... ok
test library/core/src/net/parser.rs - net::parser::SocketAddrV6::parse_ascii (line 409) ... ok
test library/core/src/net/socket_addr.rs - net::socket_addr::SocketAddr (line 22) ... ok
test library/core/src/net/socket_addr.rs - net::socket_addr::SocketAddr::ip (line 183) ... ok
test library/core/src/net/socket_addr.rs - net::socket_addr::SocketAddr::is_ipv4 (line 273) ... ok
test library/core/src/net/socket_addr.rs - net::socket_addr::SocketAddr::is_ipv6 (line 296) ... ok
test library/core/src/net/socket_addr.rs - net::socket_addr::SocketAddr::new (line 161) ... ok
test library/core/src/net/socket_addr.rs - net::socket_addr::SocketAddr::port (line 227) ... ok
test library/core/src/net/socket_addr.rs - net::socket_addr::SocketAddr::set_ip (line 204) ... ok
test library/core/src/net/socket_addr.rs - net::socket_addr::SocketAddr::set_port (line 248) ... ok
test library/core/src/net/socket_addr.rs - net::socket_addr::SocketAddrV4 (line 70) ... ok
test library/core/src/net/socket_addr.rs - net::socket_addr::SocketAddrV4::ip (line 336) ... ok
test library/core/src/net/socket_addr.rs - net::socket_addr::SocketAddrV4::new (line 319) ... ok
test library/core/src/net/socket_addr.rs - net::socket_addr::SocketAddrV4::port (line 372) ... ok
test library/core/src/net/socket_addr.rs - net::socket_addr::SocketAddrV4::set_ip (line 354) ... ok
test library/core/src/net/socket_addr.rs - net::socket_addr::SocketAddrV4::set_port (line 390) ... ok
test library/core/src/net/socket_addr.rs - net::socket_addr::SocketAddrV6 (line 132) ... ok
test library/core/src/net/socket_addr.rs - net::socket_addr::SocketAddrV6::flowinfo (line 516) ... ok
test library/core/src/net/socket_addr.rs - net::socket_addr::SocketAddrV6::ip (line 434) ... ok
test library/core/src/net/socket_addr.rs - net::socket_addr::SocketAddrV6::new (line 417) ... ok
test library/core/src/net/socket_addr.rs - net::socket_addr::SocketAddrV6::port (line 470) ... ok
test library/core/src/net/socket_addr.rs - net::socket_addr::SocketAddrV6::scope_id (line 559) ... ok
test library/core/src/net/socket_addr.rs - net::socket_addr::SocketAddrV6::set_flowinfo (line 536) ... ok
test library/core/src/net/socket_addr.rs - net::socket_addr::SocketAddrV6::set_ip (line 452) ... ok
test library/core/src/net/socket_addr.rs - net::socket_addr::SocketAddrV6::set_port (line 488) ... ok
test library/core/src/net/socket_addr.rs - net::socket_addr::SocketAddrV6::set_scope_id (line 579) ... ok
error: linking with `./cheri/linker.sh` failed: exit status: 255
  |
  = note:  "./cheri/linker.sh" "-flavor" "gnu" "/var/folders/9k/gp4ckb6n1wd80tfd822vr6j80000gp/T/rustcS8LvNF/symbols.o" "<2 object files omitted>" "--as-needed" "-Bstatic" "<sysroot>/lib/rustlib/riscv32cheriot-unknown-cheriotrtos/lib/{libpanic_abort-*,libstd-*,libcfg_if-*,librustc_demangle-*,libstd_detect-*,libhashbrown-*,librustc_std_workspace_alloc-*,libminiz_oxide-*,libadler2-*,libunwind-*,liblibc-*,librustc_std_workspace_core-*,liballoc-*,libcore-*,libcompiler_builtins-*}.rlib" "-L" "/var/folders/9k/gp4ckb6n1wd80tfd822vr6j80000gp/T/rustcS8LvNF/raw-dylibs" "-Bdynamic" "-z" "noexecstack" "-L" "<sysroot>/lib/rustlib/riscv32cheriot-unknown-cheriotrtos/lib/self-contained" "-o" "/var/folders/9k/gp4ckb6n1wd80tfd822vr6j80000gp/T/rustdoctestxTFHFb/rust_out" "--gc-sections" "-static"
  = note: some arguments are omitted. use `--verbose` to show all linker arguments
  = note: Remapping priority of thread 1 from 1 to 0
          Enabling sub-object bounds for cheriot.allocator
          Enabling sub-object bounds for cheriot.loader
          Enabling sub-object bounds for test_fw.scheduler
          Patched board file will be saved as "/Users/jacob/CHERIoT/rust/cheri/doctests/build/board.json"
          [ 93%]: linking compartment test_runner.compartment
          [ 93%]: linking firmware build/cheriot/cheriot/release/test_fw
          error: ld.lld: error: build/cheriot/cheriot/release/test_runner.compartment:(function core::num::dec2flt::lemire::compute_float::h48537a6fff8d13e7: .text+0xa09a): relocation R_RISCV_CHERIOT_COMPARTMENT_SIZE out of range: 10416 is not in [0, 4095]; references 'core::num::dec2flt::table::POWER_OF_FIVE_128::h8146cdaa5d532f26'
          >>> referenced by cursor.rs:445 (library/std/src/io/cursor.rs:445)
          >>> defined in build/cheriot/cheriot/release/test_runner.compartment
          
          warning: $(buildir) has been deprecated, please use $(builddir)
          

error: aborting due to 1 previous error

Couldn't compile the test.test library/core/src/num/dec2flt/mod.rs - num::dec2flt::ParseFloatError (line 202) ... FAILED
test library/core/src/num/error.rs - num::error::IntErrorKind (line 73) ... ok
test library/core/src/num/error.rs - num::error::ParseIntError (line 58) ... ok
test library/core/src/num/f128.rs - f128::f128::abs (line 1332) ... ok
test library/core/src/num/f128.rs - f128::f128::ceil (line 1519) ... ok
test library/core/src/num/f128.rs - f128::f128::clamp (line 1256) ... ok
test library/core/src/num/f128.rs - f128::f128::clamp_magnitude (line 1307) ... ok
test library/core/src/num/f128.rs - f128::f128::classify (line 420) ... ok
test library/core/src/num/f128.rs - f128::f128::copysign (line 1399) ... ok
test library/core/src/num/f128.rs - f128::f128::div_euclid (line 1729) ... ok
test library/core/src/num/f128.rs - f128::f128::floor (line 1490) ... ok
test library/core/src/num/f128.rs - f128::f128::fract (line 1644) ... ok
test library/core/src/num/f128.rs - f128::f128::from_be_bytes (line 1063) ... ok
test library/core/src/num/f128.rs - f128::f128::from_bits (line 951) ... ok
test library/core/src/num/f128.rs - f128::f128::from_le_bytes (line 1089) ... ok
test library/core/src/num/f128.rs - f128::f128::from_ne_bytes (line 1122) ... ok
test library/core/src/num/f128.rs - f128::f128::is_finite (line 327) ... ok
test library/core/src/num/f128.rs - f128::f128::is_infinite (line 301) ... ok
test library/core/src/num/f128.rs - f128::f128::is_nan (line 278) ... ok
test library/core/src/num/f128.rs - f128::f128::is_normal (line 387) ... ok
test library/core/src/num/f128.rs - f128::f128::is_sign_negative (line 483) ... ok
test library/core/src/num/f128.rs - f128::f128::is_sign_positive (line 457) ... ok
test library/core/src/num/f128.rs - f128::f128::is_subnormal (line 356) ... ok
test library/core/src/num/f128.rs - f128::f128::max (line 706) ... ok
test library/core/src/num/f128.rs - f128::f128::maximum (line 769) ... ok
test library/core/src/num/f128.rs - f128::f128::midpoint (line 830) ... ok
test library/core/src/num/f128.rs - f128::f128::min (line 737) ... ok
test library/core/src/num/f128.rs - f128::f128::minimum (line 802) ... ok
test library/core/src/num/f128.rs - f128::f128::mul_add (line 1683) ... ok
test library/core/src/num/f128.rs - f128::f128::next_down (line 570) ... ok
test library/core/src/num/f128.rs - f128::f128::next_up (line 515) ... ok
test library/core/src/num/f128.rs - f128::f128::powi (line 1815) ... ok
test library/core/src/num/f128.rs - f128::f128::recip (line 614) ... ok
test library/core/src/num/f128.rs - f128::f128::rem_euclid (line 1772) ... ok
test library/core/src/num/f128.rs - f128::f128::round (line 1548) ... ok
test library/core/src/num/f128.rs - f128::f128::round_ties_even (line 1582) ... ok
test library/core/src/num/f128.rs - f128::f128::signum (line 1363) ... ok
test library/core/src/num/f128.rs - f128::f128::sqrt (line 1848) ... ok
test library/core/src/num/f128.rs - f128::f128::to_be_bytes (line 978) ... ok
test library/core/src/num/f128.rs - f128::f128::to_bits (line 905) ... ok
test library/core/src/num/f128.rs - f128::f128::to_degrees (line 641) ... ok
test library/core/src/num/f128.rs - f128::f128::to_int_unchecked (line 861) ... ok
test library/core/src/num/f128.rs - f128::f128::to_le_bytes (line 1003) ... ok
test library/core/src/num/f128.rs - f128::f128::to_ne_bytes (line 1034) ... ok
test library/core/src/num/f128.rs - f128::f128::to_radians (line 672) ... ok
test library/core/src/num/f128.rs - f128::f128::total_cmp (line 1175) ... ok
test library/core/src/num/f128.rs - f128::f128::trunc (line 1614) ... ok
test library/core/src/num/f16.rs - f16::f16::abs (line 1310) ... ok
test library/core/src/num/f16.rs - f16::f16::cbrt (line 1858) ... ok
test library/core/src/num/f16.rs - f16::f16::ceil (line 1494) ... ok
test library/core/src/num/f16.rs - f16::f16::clamp (line 1235) ... ok
test library/core/src/num/f16.rs - f16::f16::clamp_magnitude (line 1285) ... ok
test library/core/src/num/f16.rs - f16::f16::classify (line 410) ... ok
test library/core/src/num/f16.rs - f16::f16::copysign (line 1376) ... ok
test library/core/src/num/f16.rs - f16::f16::div_euclid (line 1704) ... ok
test library/core/src/num/f16.rs - f16::f16::floor (line 1465) ... ok
test library/core/src/num/f16.rs - f16::f16::fract (line 1619) ... ok
test library/core/src/num/f16.rs - f16::f16::from_be_bytes (line 1050) ... ok
test library/core/src/num/f16.rs - f16::f16::from_bits (line 940) ... ok
test library/core/src/num/f16.rs - f16::f16::from_le_bytes (line 1072) ... ok
test library/core/src/num/f16.rs - f16::f16::from_ne_bytes (line 1101) ... ok
test library/core/src/num/f16.rs - f16::f16::is_finite (line 322) ... ok
test library/core/src/num/f16.rs - f16::f16::is_infinite (line 297) ... ok
test library/core/src/num/f16.rs - f16::f16::is_nan (line 275) ... ok
test library/core/src/num/f16.rs - f16::f16::is_normal (line 379) ... ok
test library/core/src/num/f16.rs - f16::f16::is_sign_negative (line 475) ... ok
test library/core/src/num/f16.rs - f16::f16::is_sign_positive (line 446) ... ok
test library/core/src/num/f16.rs - f16::f16::is_subnormal (line 350) ... ok
test library/core/src/num/f16.rs - f16::f16::max (line 699) ... ok
test library/core/src/num/f16.rs - f16::f16::maximum (line 760) ... ok
test library/core/src/num/f16.rs - f16::f16::midpoint (line 819) ... ok
test library/core/src/num/f16.rs - f16::f16::min (line 729) ... ok
test library/core/src/num/f16.rs - f16::f16::minimum (line 792) ... ok
test library/core/src/num/f16.rs - f16::f16::mul_add (line 1658) ... ok
test library/core/src/num/f16.rs - f16::f16::next_down (line 565) ... ok
test library/core/src/num/f16.rs - f16::f16::next_up (line 510) ... ok
test library/core/src/num/f16.rs - f16::f16::powi (line 1790) ... ok
test library/core/src/num/f16.rs - f16::f16::recip (line 609) ... ok
test library/core/src/num/f16.rs - f16::f16::rem_euclid (line 1747) ... ok
test library/core/src/num/f16.rs - f16::f16::round (line 1523) ... ok
test library/core/src/num/f16.rs - f16::f16::round_ties_even (line 1557) ... ok
test library/core/src/num/f16.rs - f16::f16::signum (line 1340) ... ok
test library/core/src/num/f16.rs - f16::f16::sqrt (line 1823) ... ok
test library/core/src/num/f16.rs - f16::f16::to_be_bytes (line 966) ... ok
test library/core/src/num/f16.rs - f16::f16::to_bits (line 892) ... ok
test library/core/src/num/f16.rs - f16::f16::to_degrees (line 636) ... ok
test library/core/src/num/f16.rs - f16::f16::to_int_unchecked (line 849) ... ok
test library/core/src/num/f16.rs - f16::f16::to_le_bytes (line 990) ... ok
test library/core/src/num/f16.rs - f16::f16::to_ne_bytes (line 1020) ... ok
test library/core/src/num/f16.rs - f16::f16::to_radians (line 666) ... ok
test library/core/src/num/f16.rs - f16::f16::total_cmp (line 1151) ... ok
test library/core/src/num/f16.rs - f16::f16::trunc (line 1589) ... ok
test library/core/src/num/f32.rs - f32::DIGITS (line 63) ... ok
test library/core/src/num/f32.rs - f32::EPSILON (line 85) ... ok
test library/core/src/num/f32.rs - f32::INFINITY (line 247) ... ok
test library/core/src/num/f32.rs - f32::MANTISSA_DIGITS (line 42) ... ok
test library/core/src/num/f32.rs - f32::MAX (line 139) ... ok
test library/core/src/num/f32.rs - f32::MAX_10_EXP (line 211) ... ok
test library/core/src/num/f32.rs - f32::MAX_EXP (line 175) ... ok
test library/core/src/num/f32.rs - f32::MIN (line 103) ... ok
test library/core/src/num/f32.rs - f32::MIN_10_EXP (line 193) ... ok
test library/core/src/num/f32.rs - f32::MIN_EXP (line 157) ... ok
test library/core/src/num/f32.rs - f32::MIN_POSITIVE (line 121) ... ok
test library/core/src/num/f32.rs - f32::NAN (line 229) ... ok
test library/core/src/num/f32.rs - f32::NEG_INFINITY (line 265) ... ok
test library/core/src/num/f32.rs - f32::RADIX (line 24) ... ok
test library/core/src/num/f32.rs - f32::f32::abs (line 1484) ... ok
test library/core/src/num/f32.rs - f32::f32::clamp (line 1415) ... ok
test library/core/src/num/f32.rs - f32::f32::clamp_magnitude (line 1462) ... ok
test library/core/src/num/f32.rs - f32::f32::classify (line 644) ... ok
test library/core/src/num/f32.rs - f32::f32::copysign (line 1541) ... ok
test library/core/src/num/f32.rs - f32::f32::from_be_bytes (line 1244) ... ok
test library/core/src/num/f32.rs - f32::f32::from_bits (line 1146) ... ok
test library/core/src/num/f32.rs - f32::f32::from_le_bytes (line 1263) ... ok
test library/core/src/num/f32.rs - f32::f32::from_ne_bytes (line 1289) ... ok
test library/core/src/num/f32.rs - f32::f32::is_finite (line 565) ... ok
test library/core/src/num/f32.rs - f32::f32::is_infinite (line 540) ... ok
test library/core/src/num/f32.rs - f32::f32::is_nan (line 521) ... ok
test library/core/src/num/f32.rs - f32::f32::is_normal (line 616) ... ok
test library/core/src/num/f32.rs - f32::f32::is_sign_negative (line 706) ... ok
test library/core/src/num/f32.rs - f32::f32::is_sign_positive (line 681) ... ok
test library/core/src/num/f32.rs - f32::f32::is_subnormal (line 589) ... ok
error: linking with `./cheri/linker.sh` failed: exit status: 255
  |
  = note:  "./cheri/linker.sh" "-flavor" "gnu" "/var/folders/9k/gp4ckb6n1wd80tfd822vr6j80000gp/T/rustc6XpGSC/symbols.o" "<2 object files omitted>" "--as-needed" "-Bstatic" "<sysroot>/lib/rustlib/riscv32cheriot-unknown-cheriotrtos/lib/{libpanic_abort-*,libstd-*,libcfg_if-*,librustc_demangle-*,libstd_detect-*,libhashbrown-*,librustc_std_workspace_alloc-*,libminiz_oxide-*,libadler2-*,libunwind-*,liblibc-*,librustc_std_workspace_core-*,liballoc-*,libcore-*,libcompiler_builtins-*}.rlib" "-L" "/var/folders/9k/gp4ckb6n1wd80tfd822vr6j80000gp/T/rustc6XpGSC/raw-dylibs" "-Bdynamic" "-z" "noexecstack" "-L" "<sysroot>/lib/rustlib/riscv32cheriot-unknown-cheriotrtos/lib/self-contained" "-o" "/var/folders/9k/gp4ckb6n1wd80tfd822vr6j80000gp/T/rustdoctestuS0zgR/rust_out" "--gc-sections" "-static"
  = note: some arguments are omitted. use `--verbose` to show all linker arguments
  = note: Remapping priority of thread 1 from 1 to 0
          Enabling sub-object bounds for cheriot.allocator
          Enabling sub-object bounds for cheriot.loader
          Enabling sub-object bounds for test_fw.scheduler
          Patched board file will be saved as "/Users/jacob/CHERIoT/rust/cheri/doctests/build/board.json"
          [ 93%]: linking compartment test_runner.compartment
          [ 93%]: linking firmware build/cheriot/cheriot/release/test_fw
          error: ld.lld: error: undefined symbol: __library_export_libcalls_fmaxf
          >>> referenced by compiler_builtins.f5786da9a5584453-cgu.112
          >>>               build/cheriot/cheriot/release/test_runner.compartment:()
          
          warning: $(buildir) has been deprecated, please use $(builddir)
          

error: aborting due to 1 previous error

Couldn't compile the test.test library/core/src/num/f32.rs - f32::f32::max (line 909) ... FAILED
test library/core/src/num/f32.rs - f32::f32::maximum (line 962) ... ok
test library/core/src/num/f32.rs - f32::f32::midpoint (line 1011) ... ok
error: linking with `./cheri/linker.sh` failed: exit status: 255
  |
  = note:  "./cheri/linker.sh" "-flavor" "gnu" "/var/folders/9k/gp4ckb6n1wd80tfd822vr6j80000gp/T/rustcoseTQ3/symbols.o" "<2 object files omitted>" "--as-needed" "-Bstatic" "<sysroot>/lib/rustlib/riscv32cheriot-unknown-cheriotrtos/lib/{libpanic_abort-*,libstd-*,libcfg_if-*,librustc_demangle-*,libstd_detect-*,libhashbrown-*,librustc_std_workspace_alloc-*,libminiz_oxide-*,libadler2-*,libunwind-*,liblibc-*,librustc_std_workspace_core-*,liballoc-*,libcore-*,libcompiler_builtins-*}.rlib" "-L" "/var/folders/9k/gp4ckb6n1wd80tfd822vr6j80000gp/T/rustcoseTQ3/raw-dylibs" "-Bdynamic" "-z" "noexecstack" "-L" "<sysroot>/lib/rustlib/riscv32cheriot-unknown-cheriotrtos/lib/self-contained" "-o" "/var/folders/9k/gp4ckb6n1wd80tfd822vr6j80000gp/T/rustdoctesttRkMdX/rust_out" "--gc-sections" "-static"
  = note: some arguments are omitted. use `--verbose` to show all linker arguments
  = note: Remapping priority of thread 1 from 1 to 0
          Enabling sub-object bounds for cheriot.allocator
          Enabling sub-object bounds for cheriot.loader
          Enabling sub-object bounds for test_fw.scheduler
          Patched board file will be saved as "/Users/jacob/CHERIoT/rust/cheri/doctests/build/board.json"
          [ 93%]: linking compartment test_runner.compartment
          [ 93%]: linking firmware build/cheriot/cheriot/release/test_fw
          error: ld.lld: error: undefined symbol: __library_export_libcalls_fminf
          >>> referenced by compiler_builtins.f5786da9a5584453-cgu.112
          >>>               build/cheriot/cheriot/release/test_runner.compartment:()
          
          warning: $(buildir) has been deprecated, please use $(builddir)
          

error: aborting due to 1 previous error

Couldn't compile the test.test library/core/src/num/f32.rs - f32::f32::min (line 935) ... FAILED
test library/core/src/num/f32.rs - f32::f32::minimum (line 989) ... ok
test library/core/src/num/f32.rs - f32::f32::next_down (line 787) ... ok
test library/core/src/num/f32.rs - f32::f32::next_up (line 736) ... ok
test library/core/src/num/f32.rs - f32::f32::recip (line 827) ... ok
test library/core/src/num/f32.rs - f32::f32::signum (line 1509) ... ok
test library/core/src/num/f32.rs - f32::f32::to_be_bytes (line 1169) ... ok
test library/core/src/num/f32.rs - f32::f32::to_bits (line 1098) ... ok
test library/core/src/num/f32.rs - f32::f32::to_degrees (line 850) ... ok
test library/core/src/num/f32.rs - f32::f32::to_int_unchecked (line 1056) ... ok
test library/core/src/num/f32.rs - f32::f32::to_le_bytes (line 1190) ... ok
test library/core/src/num/f32.rs - f32::f32::to_ne_bytes (line 1217) ... ok
test library/core/src/num/f32.rs - f32::f32::to_radians (line 878) ... ok
test library/core/src/num/f32.rs - f32::f32::total_cmp (line 1336) ... ok
test library/core/src/num/f32.rs - f32::math::abs_sub (line 1976) ... ok
test library/core/src/num/f32.rs - f32::math::cbrt (line 2023) ... ok
error: linking with `./cheri/linker.sh` failed: exit status: 255
  |
  = note:  "./cheri/linker.sh" "-flavor" "gnu" "/var/folders/9k/gp4ckb6n1wd80tfd822vr6j80000gp/T/rustcD2zlhy/symbols.o" "<2 object files omitted>" "--as-needed" "-Bstatic" "<sysroot>/lib/rustlib/riscv32cheriot-unknown-cheriotrtos/lib/{libpanic_abort-*,libstd-*,libcfg_if-*,librustc_demangle-*,libstd_detect-*,libhashbrown-*,librustc_std_workspace_alloc-*,libminiz_oxide-*,libadler2-*,libunwind-*,liblibc-*,librustc_std_workspace_core-*,liballoc-*,libcore-*,libcompiler_builtins-*}.rlib" "-L" "/var/folders/9k/gp4ckb6n1wd80tfd822vr6j80000gp/T/rustcD2zlhy/raw-dylibs" "-Bdynamic" "-z" "noexecstack" "-L" "<sysroot>/lib/rustlib/riscv32cheriot-unknown-cheriotrtos/lib/self-contained" "-o" "/var/folders/9k/gp4ckb6n1wd80tfd822vr6j80000gp/T/rustdoctestXfkMbP/rust_out" "--gc-sections" "-static"
  = note: some arguments are omitted. use `--verbose` to show all linker arguments
  = note: Remapping priority of thread 1 from 1 to 0
          Enabling sub-object bounds for cheriot.allocator
          Enabling sub-object bounds for cheriot.loader
          Enabling sub-object bounds for test_fw.scheduler
          Patched board file will be saved as "/Users/jacob/CHERIoT/rust/cheri/doctests/build/board.json"
          [ 93%]: linking compartment test_runner.compartment
          [ 93%]: linking firmware build/cheriot/cheriot/release/test_fw
          error: ld.lld: error: undefined symbol: __library_export_libcalls_ceilf
          >>> referenced by compiler_builtins.f5786da9a5584453-cgu.112
          >>>               build/cheriot/cheriot/release/test_runner.compartment:()
          
          warning: $(buildir) has been deprecated, please use $(builddir)
          

error: aborting due to 1 previous error

Couldn't compile the test.test library/core/src/num/f32.rs - f32::math::ceil (line 1657) ... FAILED
error: linking with `./cheri/linker.sh` failed: exit status: 255
  |
  = note:  "./cheri/linker.sh" "-flavor" "gnu" "/var/folders/9k/gp4ckb6n1wd80tfd822vr6j80000gp/T/rustcOIbQ2q/symbols.o" "<2 object files omitted>" "--as-needed" "-Bstatic" "<sysroot>/lib/rustlib/riscv32cheriot-unknown-cheriotrtos/lib/{libpanic_abort-*,libstd-*,libcfg_if-*,librustc_demangle-*,libstd_detect-*,libhashbrown-*,librustc_std_workspace_alloc-*,libminiz_oxide-*,libadler2-*,libunwind-*,liblibc-*,librustc_std_workspace_core-*,liballoc-*,libcore-*,libcompiler_builtins-*}.rlib" "-L" "/var/folders/9k/gp4ckb6n1wd80tfd822vr6j80000gp/T/rustcOIbQ2q/raw-dylibs" "-Bdynamic" "-z" "noexecstack" "-L" "<sysroot>/lib/rustlib/riscv32cheriot-unknown-cheriotrtos/lib/self-contained" "-o" "/var/folders/9k/gp4ckb6n1wd80tfd822vr6j80000gp/T/rustdoctestdOfPZZ/rust_out" "--gc-sections" "-static"
  = note: some arguments are omitted. use `--verbose` to show all linker arguments
  = note: Remapping priority of thread 1 from 1 to 0
          Enabling sub-object bounds for cheriot.allocator
          Enabling sub-object bounds for cheriot.loader
          Enabling sub-object bounds for test_fw.scheduler
          Patched board file will be saved as "/Users/jacob/CHERIoT/rust/cheri/doctests/build/board.json"
          [ 93%]: linking compartment test_runner.compartment
          [ 93%]: linking firmware build/cheriot/cheriot/release/test_fw
          error: ld.lld: error: undefined symbol: __library_export_libcalls_truncf
          >>> referenced by compiler_builtins.f5786da9a5584453-cgu.112
          >>>               build/cheriot/cheriot/release/test_runner.compartment:()
          
          ld.lld: error: undefined symbol: __library_export_libcalls_fmodf
          >>> referenced by compiler_builtins.f5786da9a5584453-cgu.112
          >>>               build/cheriot/cheriot/release/test_runner.compartment:()
          
          warning: $(buildir) has been deprecated, please use $(builddir)
          

error: aborting due to 1 previous error

Couldn't compile the test.test library/core/src/num/f32.rs - f32::math::div_euclid (line 1855) ... FAILED
error: linking with `./cheri/linker.sh` failed: exit status: 255
  |
  = note:  "./cheri/linker.sh" "-flavor" "gnu" "/var/folders/9k/gp4ckb6n1wd80tfd822vr6j80000gp/T/rustclx55eW/symbols.o" "<2 object files omitted>" "--as-needed" "-Bstatic" "<sysroot>/lib/rustlib/riscv32cheriot-unknown-cheriotrtos/lib/{libpanic_abort-*,libstd-*,libcfg_if-*,librustc_demangle-*,libstd_detect-*,libhashbrown-*,librustc_std_workspace_alloc-*,libminiz_oxide-*,libadler2-*,libunwind-*,liblibc-*,librustc_std_workspace_core-*,liballoc-*,libcore-*,libcompiler_builtins-*}.rlib" "-L" "/var/folders/9k/gp4ckb6n1wd80tfd822vr6j80000gp/T/rustclx55eW/raw-dylibs" "-Bdynamic" "-z" "noexecstack" "-L" "<sysroot>/lib/rustlib/riscv32cheriot-unknown-cheriotrtos/lib/self-contained" "-o" "/var/folders/9k/gp4ckb6n1wd80tfd822vr6j80000gp/T/rustdoctestN5XcUF/rust_out" "--gc-sections" "-static"
  = note: some arguments are omitted. use `--verbose` to show all linker arguments
  = note: Remapping priority of thread 1 from 1 to 0
          Enabling sub-object bounds for cheriot.allocator
          Enabling sub-object bounds for cheriot.loader
          Enabling sub-object bounds for test_fw.scheduler
          Patched board file will be saved as "/Users/jacob/CHERIoT/rust/cheri/doctests/build/board.json"
          [ 93%]: linking compartment test_runner.compartment
          [ 93%]: linking firmware build/cheriot/cheriot/release/test_fw
          error: ld.lld: error: undefined symbol: __library_export_libcalls_floorf
          >>> referenced by compiler_builtins.f5786da9a5584453-cgu.112
          >>>               build/cheriot/cheriot/release/test_runner.compartment:()
          
          warning: $(buildir) has been deprecated, please use $(builddir)
          

error: aborting due to 1 previous error

Couldn't compile the test.test library/core/src/num/f32.rs - f32::math::floor (line 1628) ... FAILED
error: linking with `./cheri/linker.sh` failed: exit status: 255
  |
  = note:  "./cheri/linker.sh" "-flavor" "gnu" "/var/folders/9k/gp4ckb6n1wd80tfd822vr6j80000gp/T/rustcjDDrWh/symbols.o" "<2 object files omitted>" "--as-needed" "-Bstatic" "<sysroot>/lib/rustlib/riscv32cheriot-unknown-cheriotrtos/lib/{libpanic_abort-*,libstd-*,libcfg_if-*,librustc_demangle-*,libstd_detect-*,libhashbrown-*,librustc_std_workspace_alloc-*,libminiz_oxide-*,libadler2-*,libunwind-*,liblibc-*,librustc_std_workspace_core-*,liballoc-*,libcore-*,libcompiler_builtins-*}.rlib" "-L" "/var/folders/9k/gp4ckb6n1wd80tfd822vr6j80000gp/T/rustcjDDrWh/raw-dylibs" "-Bdynamic" "-z" "noexecstack" "-L" "<sysroot>/lib/rustlib/riscv32cheriot-unknown-cheriotrtos/lib/self-contained" "-o" "/var/folders/9k/gp4ckb6n1wd80tfd822vr6j80000gp/T/rustdoctest9BWtGZ/rust_out" "--gc-sections" "-static"
  = note: some arguments are omitted. use `--verbose` to show all linker arguments
  = note: Remapping priority of thread 1 from 1 to 0
          Enabling sub-object bounds for cheriot.allocator
          Enabling sub-object bounds for cheriot.loader
          Enabling sub-object bounds for test_fw.scheduler
          Patched board file will be saved as "/Users/jacob/CHERIoT/rust/cheri/doctests/build/board.json"
          [ 93%]: linking compartment test_runner.compartment
          [ 93%]: linking firmware build/cheriot/cheriot/release/test_fw
          error: ld.lld: error: undefined symbol: __library_export_libcalls_truncf
          >>> referenced by compiler_builtins.f5786da9a5584453-cgu.112
          >>>               build/cheriot/cheriot/release/test_runner.compartment:()
          
          warning: $(buildir) has been deprecated, please use $(builddir)
          

error: aborting due to 1 previous error

Couldn't compile the test.test library/core/src/num/f32.rs - f32::math::fract (line 1780) ... FAILED
test library/core/src/num/f32.rs - f32::math::mul_add (line 1809) ... ok
error: linking with `./cheri/linker.sh` failed: exit status: 255
  |
  = note:  "./cheri/linker.sh" "-flavor" "gnu" "/var/folders/9k/gp4ckb6n1wd80tfd822vr6j80000gp/T/rustcOhbJzc/symbols.o" "<2 object files omitted>" "--as-needed" "-Bstatic" "<sysroot>/lib/rustlib/riscv32cheriot-unknown-cheriotrtos/lib/{libpanic_abort-*,libstd-*,libcfg_if-*,librustc_demangle-*,libstd_detect-*,libhashbrown-*,librustc_std_workspace_alloc-*,libminiz_oxide-*,libadler2-*,libunwind-*,liblibc-*,librustc_std_workspace_core-*,liballoc-*,libcore-*,libcompiler_builtins-*}.rlib" "-L" "/var/folders/9k/gp4ckb6n1wd80tfd822vr6j80000gp/T/rustcOhbJzc/raw-dylibs" "-Bdynamic" "-z" "noexecstack" "-L" "<sysroot>/lib/rustlib/riscv32cheriot-unknown-cheriotrtos/lib/self-contained" "-o" "/var/folders/9k/gp4ckb6n1wd80tfd822vr6j80000gp/T/rustdoctestLBEfkp/rust_out" "--gc-sections" "-static"
  = note: some arguments are omitted. use `--verbose` to show all linker arguments
  = note: Remapping priority of thread 1 from 1 to 0
          Enabling sub-object bounds for cheriot.allocator
          Enabling sub-object bounds for cheriot.loader
          Enabling sub-object bounds for test_fw.scheduler
          Patched board file will be saved as "/Users/jacob/CHERIoT/rust/cheri/doctests/build/board.json"
          [ 93%]: linking compartment test_runner.compartment
          [ 93%]: linking firmware build/cheriot/cheriot/release/test_fw
          error: ld.lld: error: undefined symbol: __library_export_libcalls___powisf2
          >>> referenced by compiler_builtins.f5786da9a5584453-cgu.112
          >>>               build/cheriot/cheriot/release/test_runner.compartment:()
          
          warning: $(buildir) has been deprecated, please use $(builddir)
          

error: aborting due to 1 previous error

Couldn't compile the test.test library/core/src/num/f32.rs - f32::math::powi (line 1919) ... FAILED
error: linking with `./cheri/linker.sh` failed: exit status: 255
  |
  = note:  "./cheri/linker.sh" "-flavor" "gnu" "/var/folders/9k/gp4ckb6n1wd80tfd822vr6j80000gp/T/rustctL092h/symbols.o" "<2 object files omitted>" "--as-needed" "-Bstatic" "<sysroot>/lib/rustlib/riscv32cheriot-unknown-cheriotrtos/lib/{libpanic_abort-*,libstd-*,libcfg_if-*,librustc_demangle-*,libstd_detect-*,libhashbrown-*,librustc_std_workspace_alloc-*,libminiz_oxide-*,libadler2-*,libunwind-*,liblibc-*,librustc_std_workspace_core-*,liballoc-*,libcore-*,libcompiler_builtins-*}.rlib" "-L" "/var/folders/9k/gp4ckb6n1wd80tfd822vr6j80000gp/T/rustctL092h/raw-dylibs" "-Bdynamic" "-z" "noexecstack" "-L" "<sysroot>/lib/rustlib/riscv32cheriot-unknown-cheriotrtos/lib/self-contained" "-o" "/var/folders/9k/gp4ckb6n1wd80tfd822vr6j80000gp/T/rustdoctestwzUzTk/rust_out" "--gc-sections" "-static"
  = note: some arguments are omitted. use `--verbose` to show all linker arguments
  = note: Remapping priority of thread 1 from 1 to 0
          Enabling sub-object bounds for cheriot.allocator
          Enabling sub-object bounds for cheriot.loader
          Enabling sub-object bounds for test_fw.scheduler
          Patched board file will be saved as "/Users/jacob/CHERIoT/rust/cheri/doctests/build/board.json"
          [ 93%]: linking compartment test_runner.compartment
          [ 93%]: linking firmware build/cheriot/cheriot/release/test_fw
          error: ld.lld: error: undefined symbol: __library_export_libcalls_fmodf
          >>> referenced by compiler_builtins.f5786da9a5584453-cgu.112
          >>>               build/cheriot/cheriot/release/test_runner.compartment:()
          
          warning: $(buildir) has been deprecated, please use $(builddir)
          

error: aborting due to 1 previous error

Couldn't compile the test.test library/core/src/num/f32.rs - f32::math::rem_euclid (line 1887) ... FAILED
error: linking with `./cheri/linker.sh` failed: exit status: 255
  |
  = note:  "./cheri/linker.sh" "-flavor" "gnu" "/var/folders/9k/gp4ckb6n1wd80tfd822vr6j80000gp/T/rustcwZUgDs/symbols.o" "<2 object files omitted>" "--as-needed" "-Bstatic" "<sysroot>/lib/rustlib/riscv32cheriot-unknown-cheriotrtos/lib/{libpanic_abort-*,libstd-*,libcfg_if-*,librustc_demangle-*,libstd_detect-*,libhashbrown-*,librustc_std_workspace_alloc-*,libminiz_oxide-*,libadler2-*,libunwind-*,liblibc-*,librustc_std_workspace_core-*,liballoc-*,libcore-*,libcompiler_builtins-*}.rlib" "-L" "/var/folders/9k/gp4ckb6n1wd80tfd822vr6j80000gp/T/rustcwZUgDs/raw-dylibs" "-Bdynamic" "-z" "noexecstack" "-L" "<sysroot>/lib/rustlib/riscv32cheriot-unknown-cheriotrtos/lib/self-contained" "-o" "/var/folders/9k/gp4ckb6n1wd80tfd822vr6j80000gp/T/rustdoctestNNnwUP/rust_out" "--gc-sections" "-static"
  = note: some arguments are omitted. use `--verbose` to show all linker arguments
  = note: Remapping priority of thread 1 from 1 to 0
          Enabling sub-object bounds for cheriot.allocator
          Enabling sub-object bounds for cheriot.loader
          Enabling sub-object bounds for test_fw.scheduler
          Patched board file will be saved as "/Users/jacob/CHERIoT/rust/cheri/doctests/build/board.json"
          [ 93%]: linking compartment test_runner.compartment
          [ 93%]: linking firmware build/cheriot/cheriot/release/test_fw
          error: ld.lld: error: undefined symbol: __library_export_libcalls_roundf
          >>> referenced by compiler_builtins.f5786da9a5584453-cgu.112
          >>>               build/cheriot/cheriot/release/test_runner.compartment:()
          
          warning: $(buildir) has been deprecated, please use $(builddir)
          

error: aborting due to 1 previous error

Couldn't compile the test.test library/core/src/num/f32.rs - f32::math::round (line 1685) ... FAILED
error: linking with `./cheri/linker.sh` failed: exit status: 255
  |
  = note:  "./cheri/linker.sh" "-flavor" "gnu" "/var/folders/9k/gp4ckb6n1wd80tfd822vr6j80000gp/T/rustcTGsSvD/symbols.o" "<2 object files omitted>" "--as-needed" "-Bstatic" "<sysroot>/lib/rustlib/riscv32cheriot-unknown-cheriotrtos/lib/{libpanic_abort-*,libstd-*,libcfg_if-*,librustc_demangle-*,libstd_detect-*,libhashbrown-*,librustc_std_workspace_alloc-*,libminiz_oxide-*,libadler2-*,libunwind-*,liblibc-*,librustc_std_workspace_core-*,liballoc-*,libcore-*,libcompiler_builtins-*}.rlib" "-L" "/var/folders/9k/gp4ckb6n1wd80tfd822vr6j80000gp/T/rustcTGsSvD/raw-dylibs" "-Bdynamic" "-z" "noexecstack" "-L" "<sysroot>/lib/rustlib/riscv32cheriot-unknown-cheriotrtos/lib/self-contained" "-o" "/var/folders/9k/gp4ckb6n1wd80tfd822vr6j80000gp/T/rustdoctestWCcchZ/rust_out" "--gc-sections" "-static"
  = note: some arguments are omitted. use `--verbose` to show all linker arguments
  = note: Remapping priority of thread 1 from 1 to 0
          Enabling sub-object bounds for cheriot.allocator
          Enabling sub-object bounds for cheriot.loader
          Enabling sub-object bounds for test_fw.scheduler
          Patched board file will be saved as "/Users/jacob/CHERIoT/rust/cheri/doctests/build/board.json"
          [ 93%]: linking compartment test_runner.compartment
          [ 93%]: linking firmware build/cheriot/cheriot/release/test_fw
          error: ld.lld: error: undefined symbol: __library_export_libcalls_rintf
          >>> referenced by compiler_builtins.f5786da9a5584453-cgu.112
          >>>               build/cheriot/cheriot/release/test_runner.compartment:()
          
          warning: $(buildir) has been deprecated, please use $(builddir)
          

error: aborting due to 1 previous error

Couldn't compile the test.test library/core/src/num/f32.rs - f32::math::round_ties_even (line 1719) ... FAILED
error: linking with `./cheri/linker.sh` failed: exit status: 255
  |
  = note:  "./cheri/linker.sh" "-flavor" "gnu" "/var/folders/9k/gp4ckb6n1wd80tfd822vr6j80000gp/T/rustceSA8XX/symbols.o" "<2 object files omitted>" "--as-needed" "-Bstatic" "<sysroot>/lib/rustlib/riscv32cheriot-unknown-cheriotrtos/lib/{libpanic_abort-*,libstd-*,libcfg_if-*,librustc_demangle-*,libstd_detect-*,libhashbrown-*,librustc_std_workspace_alloc-*,libminiz_oxide-*,libadler2-*,libunwind-*,liblibc-*,librustc_std_workspace_core-*,liballoc-*,libcore-*,libcompiler_builtins-*}.rlib" "-L" "/var/folders/9k/gp4ckb6n1wd80tfd822vr6j80000gp/T/rustceSA8XX/raw-dylibs" "-Bdynamic" "-z" "noexecstack" "-L" "<sysroot>/lib/rustlib/riscv32cheriot-unknown-cheriotrtos/lib/self-contained" "-o" "/var/folders/9k/gp4ckb6n1wd80tfd822vr6j80000gp/T/rustdoctestKn1jh9/rust_out" "--gc-sections" "-static"
  = note: some arguments are omitted. use `--verbose` to show all linker arguments
  = note: Remapping priority of thread 1 from 1 to 0
          Enabling sub-object bounds for cheriot.allocator
          Enabling sub-object bounds for cheriot.loader
          Enabling sub-object bounds for test_fw.scheduler
          Patched board file will be saved as "/Users/jacob/CHERIoT/rust/cheri/doctests/build/board.json"
          [ 93%]: linking compartment test_runner.compartment
          [ 93%]: linking firmware build/cheriot/cheriot/release/test_fw
          error: ld.lld: error: undefined symbol: __library_export_libcalls_sqrtf
          >>> referenced by compiler_builtins.f5786da9a5584453-cgu.112
          >>>               build/cheriot/cheriot/release/test_runner.compartment:()
          
          warning: $(buildir) has been deprecated, please use $(builddir)
          

error: aborting due to 1 previous error

Couldn't compile the test.test library/core/src/num/f32.rs - f32::math::sqrt (line 1946) ... FAILED
error: linking with `./cheri/linker.sh` failed: exit status: 255
  |
  = note:  "./cheri/linker.sh" "-flavor" "gnu" "/var/folders/9k/gp4ckb6n1wd80tfd822vr6j80000gp/T/rustcuo3YR1/symbols.o" "<2 object files omitted>" "--as-needed" "-Bstatic" "<sysroot>/lib/rustlib/riscv32cheriot-unknown-cheriotrtos/lib/{libpanic_abort-*,libstd-*,libcfg_if-*,librustc_demangle-*,libstd_detect-*,libhashbrown-*,librustc_std_workspace_alloc-*,libminiz_oxide-*,libadler2-*,libunwind-*,liblibc-*,librustc_std_workspace_core-*,liballoc-*,libcore-*,libcompiler_builtins-*}.rlib" "-L" "/var/folders/9k/gp4ckb6n1wd80tfd822vr6j80000gp/T/rustcuo3YR1/raw-dylibs" "-Bdynamic" "-z" "noexecstack" "-L" "<sysroot>/lib/rustlib/riscv32cheriot-unknown-cheriotrtos/lib/self-contained" "-o" "/var/folders/9k/gp4ckb6n1wd80tfd822vr6j80000gp/T/rustdoctestZYysZD/rust_out" "--gc-sections" "-static"
  = note: some arguments are omitted. use `--verbose` to show all linker arguments
  = note: Remapping priority of thread 1 from 1 to 0
          Enabling sub-object bounds for cheriot.allocator
          Enabling sub-object bounds for cheriot.loader
          Enabling sub-object bounds for test_fw.scheduler
          Patched board file will be saved as "/Users/jacob/CHERIoT/rust/cheri/doctests/build/board.json"
          [ 93%]: linking compartment test_runner.compartment
          [ 93%]: linking firmware build/cheriot/cheriot/release/test_fw
          error: ld.lld: error: undefined symbol: __library_export_libcalls_truncf
          >>> referenced by compiler_builtins.f5786da9a5584453-cgu.112
          >>>               build/cheriot/cheriot/release/test_runner.compartment:()
          
          warning: $(buildir) has been deprecated, please use $(builddir)
          

error: aborting due to 1 previous error

Couldn't compile the test.test library/core/src/num/f32.rs - f32::math::trunc (line 1750) ... FAILED
test library/core/src/num/f64.rs - f64::DIGITS (line 63) ... ok
test library/core/src/num/f64.rs - f64::EPSILON (line 85) ... ok
test library/core/src/num/f64.rs - f64::INFINITY (line 247) ... ok
test library/core/src/num/f64.rs - f64::MANTISSA_DIGITS (line 42) ... ok
test library/core/src/num/f64.rs - f64::MAX (line 139) ... ok
test library/core/src/num/f64.rs - f64::MAX_10_EXP (line 211) ... ok
test library/core/src/num/f64.rs - f64::MAX_EXP (line 175) ... ok
test library/core/src/num/f64.rs - f64::MIN (line 103) ... ok
test library/core/src/num/f64.rs - f64::MIN_10_EXP (line 193) ... ok
test library/core/src/num/f64.rs - f64::MIN_EXP (line 157) ... ok
test library/core/src/num/f64.rs - f64::MIN_POSITIVE (line 121) ... ok
test library/core/src/num/f64.rs - f64::NAN (line 229) ... ok
test library/core/src/num/f64.rs - f64::NEG_INFINITY (line 265) ... ok
test library/core/src/num/f64.rs - f64::RADIX (line 24) ... ok
test library/core/src/num/f64.rs - f64::f64::abs (line 1482) ... ok
test library/core/src/num/f64.rs - f64::f64::clamp (line 1413) ... ok
test library/core/src/num/f64.rs - f64::f64::clamp_magnitude (line 1460) ... ok
test library/core/src/num/f64.rs - f64::f64::classify (line 643) ... ok
test library/core/src/num/f64.rs - f64::f64::copysign (line 1539) ... ok
test library/core/src/num/f64.rs - f64::f64::from_be_bytes (line 1242) ... ok
test library/core/src/num/f64.rs - f64::f64::from_bits (line 1144) ... ok
test library/core/src/num/f64.rs - f64::f64::from_le_bytes (line 1261) ... ok
test library/core/src/num/f64.rs - f64::f64::from_ne_bytes (line 1287) ... ok
test library/core/src/num/f64.rs - f64::f64::is_finite (line 564) ... ok
test library/core/src/num/f64.rs - f64::f64::is_infinite (line 539) ... ok
test library/core/src/num/f64.rs - f64::f64::is_nan (line 520) ... ok
test library/core/src/num/f64.rs - f64::f64::is_normal (line 615) ... ok
test library/core/src/num/f64.rs - f64::f64::is_sign_negative (line 714) ... ok
test library/core/src/num/f64.rs - f64::f64::is_sign_positive (line 680) ... ok
test library/core/src/num/f64.rs - f64::f64::is_subnormal (line 588) ... ok
error: linking with `./cheri/linker.sh` failed: exit status: 255
  |
  = note:  "./cheri/linker.sh" "-flavor" "gnu" "/var/folders/9k/gp4ckb6n1wd80tfd822vr6j80000gp/T/rustc5fj7Kb/symbols.o" "<2 object files omitted>" "--as-needed" "-Bstatic" "<sysroot>/lib/rustlib/riscv32cheriot-unknown-cheriotrtos/lib/{libpanic_abort-*,libstd-*,libcfg_if-*,librustc_demangle-*,libstd_detect-*,libhashbrown-*,librustc_std_workspace_alloc-*,libminiz_oxide-*,libadler2-*,libunwind-*,liblibc-*,librustc_std_workspace_core-*,liballoc-*,libcore-*,libcompiler_builtins-*}.rlib" "-L" "/var/folders/9k/gp4ckb6n1wd80tfd822vr6j80000gp/T/rustc5fj7Kb/raw-dylibs" "-Bdynamic" "-z" "noexecstack" "-L" "<sysroot>/lib/rustlib/riscv32cheriot-unknown-cheriotrtos/lib/self-contained" "-o" "/var/folders/9k/gp4ckb6n1wd80tfd822vr6j80000gp/T/rustdoctest6oNlv8/rust_out" "--gc-sections" "-static"
  = note: some arguments are omitted. use `--verbose` to show all linker arguments
  = note: Remapping priority of thread 1 from 1 to 0
          Enabling sub-object bounds for cheriot.allocator
          Enabling sub-object bounds for cheriot.loader
          Enabling sub-object bounds for test_fw.scheduler
          Patched board file will be saved as "/Users/jacob/CHERIoT/rust/cheri/doctests/build/board.json"
          [ 93%]: linking compartment test_runner.compartment
          [ 93%]: linking firmware build/cheriot/cheriot/release/test_fw
          error: ld.lld: error: undefined symbol: __library_export_libcalls_fmax
          >>> referenced by compiler_builtins.f5786da9a5584453-cgu.112
          >>>               build/cheriot/cheriot/release/test_runner.compartment:()
          
          warning: $(buildir) has been deprecated, please use $(builddir)
          

error: aborting due to 1 previous error

Couldn't compile the test.test library/core/src/num/f64.rs - f64::f64::max (line 927) ... FAILED
test library/core/src/num/f64.rs - f64::f64::maximum (line 980) ... ok
test library/core/src/num/f64.rs - f64::f64::midpoint (line 1029) ... ok
error: linking with `./cheri/linker.sh` failed: exit status: 255
  |
  = note:  "./cheri/linker.sh" "-flavor" "gnu" "/var/folders/9k/gp4ckb6n1wd80tfd822vr6j80000gp/T/rustc60KY4v/symbols.o" "<2 object files omitted>" "--as-needed" "-Bstatic" "<sysroot>/lib/rustlib/riscv32cheriot-unknown-cheriotrtos/lib/{libpanic_abort-*,libstd-*,libcfg_if-*,librustc_demangle-*,libstd_detect-*,libhashbrown-*,librustc_std_workspace_alloc-*,libminiz_oxide-*,libadler2-*,libunwind-*,liblibc-*,librustc_std_workspace_core-*,liballoc-*,libcore-*,libcompiler_builtins-*}.rlib" "-L" "/var/folders/9k/gp4ckb6n1wd80tfd822vr6j80000gp/T/rustc60KY4v/raw-dylibs" "-Bdynamic" "-z" "noexecstack" "-L" "<sysroot>/lib/rustlib/riscv32cheriot-unknown-cheriotrtos/lib/self-contained" "-o" "/var/folders/9k/gp4ckb6n1wd80tfd822vr6j80000gp/T/rustdoctestTsxWnd/rust_out" "--gc-sections" "-static"
  = note: some arguments are omitted. use `--verbose` to show all linker arguments
  = note: Remapping priority of thread 1 from 1 to 0
          Enabling sub-object bounds for cheriot.allocator
          Enabling sub-object bounds for cheriot.loader
          Enabling sub-object bounds for test_fw.scheduler
          Patched board file will be saved as "/Users/jacob/CHERIoT/rust/cheri/doctests/build/board.json"
          [ 93%]: linking compartment test_runner.compartment
          [ 93%]: linking firmware build/cheriot/cheriot/release/test_fw
          error: ld.lld: error: undefined symbol: __library_export_libcalls_fmin
          >>> referenced by compiler_builtins.f5786da9a5584453-cgu.112
          >>>               build/cheriot/cheriot/release/test_runner.compartment:()
          
          warning: $(buildir) has been deprecated, please use $(builddir)
          

error: aborting due to 1 previous error

Couldn't compile the test.test library/core/src/num/f64.rs - f64::f64::min (line 953) ... FAILED
test library/core/src/num/f64.rs - f64::f64::minimum (line 1007) ... ok
test library/core/src/num/f64.rs - f64::f64::next_down (line 804) ... ok
test library/core/src/num/f64.rs - f64::f64::next_up (line 753) ... ok
test library/core/src/num/f64.rs - f64::f64::recip (line 844) ... ok
test library/core/src/num/f64.rs - f64::f64::signum (line 1507) ... ok
test library/core/src/num/f64.rs - f64::f64::to_be_bytes (line 1167) ... ok
test library/core/src/num/f64.rs - f64::f64::to_bits (line 1097) ... ok
test library/core/src/num/f64.rs - f64::f64::to_degrees (line 867) ... ok
test library/core/src/num/f64.rs - f64::f64::to_int_unchecked (line 1055) ... ok
test library/core/src/num/f64.rs - f64::f64::to_le_bytes (line 1188) ... ok
test library/core/src/num/f64.rs - f64::f64::to_ne_bytes (line 1215) ... ok
test library/core/src/num/f64.rs - f64::f64::to_radians (line 896) ... ok
test library/core/src/num/f64.rs - f64::f64::total_cmp (line 1334) ... ok
test library/core/src/num/f64.rs - f64::math::abs_sub (line 1974) ... ok
error: linking with `./cheri/linker.sh` failed: exit status: 255
  |
  = note:  "./cheri/linker.sh" "-flavor" "gnu" "/var/folders/9k/gp4ckb6n1wd80tfd822vr6j80000gp/T/rustcSeg9WU/symbols.o" "<2 object files omitted>" "--as-needed" "-Bstatic" "<sysroot>/lib/rustlib/riscv32cheriot-unknown-cheriotrtos/lib/{libpanic_abort-*,libstd-*,libcfg_if-*,librustc_demangle-*,libstd_detect-*,libhashbrown-*,librustc_std_workspace_alloc-*,libminiz_oxide-*,libadler2-*,libunwind-*,liblibc-*,librustc_std_workspace_core-*,liballoc-*,libcore-*,libcompiler_builtins-*}.rlib" "-L" "/var/folders/9k/gp4ckb6n1wd80tfd822vr6j80000gp/T/rustcSeg9WU/raw-dylibs" "-Bdynamic" "-z" "noexecstack" "-L" "<sysroot>/lib/rustlib/riscv32cheriot-unknown-cheriotrtos/lib/self-contained" "-o" "/var/folders/9k/gp4ckb6n1wd80tfd822vr6j80000gp/T/rustdoctestXJP9xr/rust_out" "--gc-sections" "-static"
  = note: some arguments are omitted. use `--verbose` to show all linker arguments
  = note: Remapping priority of thread 1 from 1 to 0
          Enabling sub-object bounds for cheriot.allocator
          Enabling sub-object bounds for cheriot.loader
          Enabling sub-object bounds for test_fw.scheduler
          Patched board file will be saved as "/Users/jacob/CHERIoT/rust/cheri/doctests/build/board.json"
          [ 93%]: linking compartment test_runner.compartment
          [ 93%]: linking firmware build/cheriot/cheriot/release/test_fw
          error: ld.lld: error: undefined symbol: __library_export_libcalls_fma
          >>> referenced by compiler_builtins.f5786da9a5584453-cgu.327
          >>>               build/cheriot/cheriot/release/test_runner.compartment:()
          
          warning: $(buildir) has been deprecated, please use $(builddir)
          

error: aborting due to 1 previous error

Couldn't compile the test.test library/core/src/num/f64.rs - f64::math::cbrt (line 2014) ... FAILED
error: linking with `./cheri/linker.sh` failed: exit status: 255
  |
  = note:  "./cheri/linker.sh" "-flavor" "gnu" "/var/folders/9k/gp4ckb6n1wd80tfd822vr6j80000gp/T/rustc0DN9aZ/symbols.o" "<2 object files omitted>" "--as-needed" "-Bstatic" "<sysroot>/lib/rustlib/riscv32cheriot-unknown-cheriotrtos/lib/{libpanic_abort-*,libstd-*,libcfg_if-*,librustc_demangle-*,libstd_detect-*,libhashbrown-*,librustc_std_workspace_alloc-*,libminiz_oxide-*,libadler2-*,libunwind-*,liblibc-*,librustc_std_workspace_core-*,liballoc-*,libcore-*,libcompiler_builtins-*}.rlib" "-L" "/var/folders/9k/gp4ckb6n1wd80tfd822vr6j80000gp/T/rustc0DN9aZ/raw-dylibs" "-Bdynamic" "-z" "noexecstack" "-L" "<sysroot>/lib/rustlib/riscv32cheriot-unknown-cheriotrtos/lib/self-contained" "-o" "/var/folders/9k/gp4ckb6n1wd80tfd822vr6j80000gp/T/rustdoctestnuucQr/rust_out" "--gc-sections" "-static"
  = note: some arguments are omitted. use `--verbose` to show all linker arguments
  = note: Remapping priority of thread 1 from 1 to 0
          Enabling sub-object bounds for cheriot.allocator
          Enabling sub-object bounds for cheriot.loader
          Enabling sub-object bounds for test_fw.scheduler
          Patched board file will be saved as "/Users/jacob/CHERIoT/rust/cheri/doctests/build/board.json"
          [ 93%]: linking compartment test_runner.compartment
          [ 93%]: linking firmware build/cheriot/cheriot/release/test_fw
          error: ld.lld: error: undefined symbol: __library_export_libcalls_ceil
          >>> referenced by compiler_builtins.f5786da9a5584453-cgu.112
          >>>               build/cheriot/cheriot/release/test_runner.compartment:()
          
          warning: $(buildir) has been deprecated, please use $(builddir)
          

error: aborting due to 1 previous error

Couldn't compile the test.test library/core/src/num/f64.rs - f64::math::ceil (line 1655) ... FAILED
rustc-LLVM ERROR: Cannot select: 0x13204e550: f64 = frem 0x132050f50, 0x13204f040
  0x132050f50: f64,ch = CopyFromReg 0x130708a28, Register:f64 %1
  0x13204f040: f64,ch = CopyFromReg 0x130708a28, Register:f64 %2
In function: _ZN4core3f644math10div_euclid17h7dadad9344bdb267E
Couldn't compile the test.test library/core/src/num/f64.rs - f64::math::div_euclid (line 1853) ... FAILED
error: linking with `./cheri/linker.sh` failed: exit status: 255
  |
  = note:  "./cheri/linker.sh" "-flavor" "gnu" "/var/folders/9k/gp4ckb6n1wd80tfd822vr6j80000gp/T/rustcfoAUdF/symbols.o" "<2 object files omitted>" "--as-needed" "-Bstatic" "<sysroot>/lib/rustlib/riscv32cheriot-unknown-cheriotrtos/lib/{libpanic_abort-*,libstd-*,libcfg_if-*,librustc_demangle-*,libstd_detect-*,libhashbrown-*,librustc_std_workspace_alloc-*,libminiz_oxide-*,libadler2-*,libunwind-*,liblibc-*,librustc_std_workspace_core-*,liballoc-*,libcore-*,libcompiler_builtins-*}.rlib" "-L" "/var/folders/9k/gp4ckb6n1wd80tfd822vr6j80000gp/T/rustcfoAUdF/raw-dylibs" "-Bdynamic" "-z" "noexecstack" "-L" "<sysroot>/lib/rustlib/riscv32cheriot-unknown-cheriotrtos/lib/self-contained" "-o" "/var/folders/9k/gp4ckb6n1wd80tfd822vr6j80000gp/T/rustdoctesth7oNde/rust_out" "--gc-sections" "-static"
  = note: some arguments are omitted. use `--verbose` to show all linker arguments
  = note: Remapping priority of thread 1 from 1 to 0
          Enabling sub-object bounds for cheriot.allocator
          Enabling sub-object bounds for cheriot.loader
          Enabling sub-object bounds for test_fw.scheduler
          Patched board file will be saved as "/Users/jacob/CHERIoT/rust/cheri/doctests/build/board.json"
          [ 93%]: linking compartment test_runner.compartment
          [ 93%]: linking firmware build/cheriot/cheriot/release/test_fw
          error: ld.lld: error: undefined symbol: __library_export_libcalls_floor
          >>> referenced by compiler_builtins.f5786da9a5584453-cgu.112
          >>>               build/cheriot/cheriot/release/test_runner.compartment:()
          
          warning: $(buildir) has been deprecated, please use $(builddir)
          

error: aborting due to 1 previous error

Couldn't compile the test.test library/core/src/num/f64.rs - f64::math::floor (line 1626) ... FAILED
error: linking with `./cheri/linker.sh` failed: exit status: 255
  |
  = note:  "./cheri/linker.sh" "-flavor" "gnu" "/var/folders/9k/gp4ckb6n1wd80tfd822vr6j80000gp/T/rustc54iXbe/symbols.o" "<2 object files omitted>" "--as-needed" "-Bstatic" "<sysroot>/lib/rustlib/riscv32cheriot-unknown-cheriotrtos/lib/{libpanic_abort-*,libstd-*,libcfg_if-*,librustc_demangle-*,libstd_detect-*,libhashbrown-*,librustc_std_workspace_alloc-*,libminiz_oxide-*,libadler2-*,libunwind-*,liblibc-*,librustc_std_workspace_core-*,liballoc-*,libcore-*,libcompiler_builtins-*}.rlib" "-L" "/var/folders/9k/gp4ckb6n1wd80tfd822vr6j80000gp/T/rustc54iXbe/raw-dylibs" "-Bdynamic" "-z" "noexecstack" "-L" "<sysroot>/lib/rustlib/riscv32cheriot-unknown-cheriotrtos/lib/self-contained" "-o" "/var/folders/9k/gp4ckb6n1wd80tfd822vr6j80000gp/T/rustdoctestccA0v0/rust_out" "--gc-sections" "-static"
  = note: some arguments are omitted. use `--verbose` to show all linker arguments
  = note: Remapping priority of thread 1 from 1 to 0
          Enabling sub-object bounds for cheriot.allocator
          Enabling sub-object bounds for cheriot.loader
          Enabling sub-object bounds for test_fw.scheduler
          Patched board file will be saved as "/Users/jacob/CHERIoT/rust/cheri/doctests/build/board.json"
          [ 93%]: linking compartment test_runner.compartment
          [ 93%]: linking firmware build/cheriot/cheriot/release/test_fw
          error: ld.lld: error: undefined symbol: __library_export_libcalls_trunc
          >>> referenced by compiler_builtins.f5786da9a5584453-cgu.112
          >>>               build/cheriot/cheriot/release/test_runner.compartment:()
          
          warning: $(buildir) has been deprecated, please use $(builddir)
          

error: aborting due to 1 previous error

Couldn't compile the test.test library/core/src/num/f64.rs - f64::math::fract (line 1778) ... FAILED
test library/core/src/num/f64.rs - f64::math::mul_add (line 1807) ... ok
error: linking with `./cheri/linker.sh` failed: exit status: 255
  |
  = note:  "./cheri/linker.sh" "-flavor" "gnu" "/var/folders/9k/gp4ckb6n1wd80tfd822vr6j80000gp/T/rustcGmRHcz/symbols.o" "<2 object files omitted>" "--as-needed" "-Bstatic" "<sysroot>/lib/rustlib/riscv32cheriot-unknown-cheriotrtos/lib/{libpanic_abort-*,libstd-*,libcfg_if-*,librustc_demangle-*,libstd_detect-*,libhashbrown-*,librustc_std_workspace_alloc-*,libminiz_oxide-*,libadler2-*,libunwind-*,liblibc-*,librustc_std_workspace_core-*,liballoc-*,libcore-*,libcompiler_builtins-*}.rlib" "-L" "/var/folders/9k/gp4ckb6n1wd80tfd822vr6j80000gp/T/rustcGmRHcz/raw-dylibs" "-Bdynamic" "-z" "noexecstack" "-L" "<sysroot>/lib/rustlib/riscv32cheriot-unknown-cheriotrtos/lib/self-contained" "-o" "/var/folders/9k/gp4ckb6n1wd80tfd822vr6j80000gp/T/rustdoctestWbIfjD/rust_out" "--gc-sections" "-static"
  = note: some arguments are omitted. use `--verbose` to show all linker arguments
  = note: Remapping priority of thread 1 from 1 to 0
          Enabling sub-object bounds for cheriot.allocator
          Enabling sub-object bounds for cheriot.loader
          Enabling sub-object bounds for test_fw.scheduler
          Patched board file will be saved as "/Users/jacob/CHERIoT/rust/cheri/doctests/build/board.json"
          [ 93%]: linking compartment test_runner.compartment
          [ 93%]: linking firmware build/cheriot/cheriot/release/test_fw
          error: ld.lld: error: undefined symbol: __library_export_libcalls___powidf2
          >>> referenced by compiler_builtins.f5786da9a5584453-cgu.112
          >>>               build/cheriot/cheriot/release/test_runner.compartment:()
          
          warning: $(buildir) has been deprecated, please use $(builddir)
          

error: aborting due to 1 previous error

Couldn't compile the test.test library/core/src/num/f64.rs - f64::math::powi (line 1917) ... FAILED
rustc-LLVM ERROR: Cannot select: 0x160023510: f64 = frem 0x160025d50, 0x160023e40
  0x160025d50: f64,ch = CopyFromReg 0x156f05898, Register:f64 %1
  0x160023e40: f64,ch = CopyFromReg 0x156f05898, Register:f64 %2
In function: _ZN4core3f644math10rem_euclid17ha52c52f374dd295aE
Couldn't compile the test.test library/core/src/num/f64.rs - f64::math::rem_euclid (line 1885) ... FAILED
error: linking with `./cheri/linker.sh` failed: exit status: 255
  |
  = note:  "./cheri/linker.sh" "-flavor" "gnu" "/var/folders/9k/gp4ckb6n1wd80tfd822vr6j80000gp/T/rustcgqDEBE/symbols.o" "<2 object files omitted>" "--as-needed" "-Bstatic" "<sysroot>/lib/rustlib/riscv32cheriot-unknown-cheriotrtos/lib/{libpanic_abort-*,libstd-*,libcfg_if-*,librustc_demangle-*,libstd_detect-*,libhashbrown-*,librustc_std_workspace_alloc-*,libminiz_oxide-*,libadler2-*,libunwind-*,liblibc-*,librustc_std_workspace_core-*,liballoc-*,libcore-*,libcompiler_builtins-*}.rlib" "-L" "/var/folders/9k/gp4ckb6n1wd80tfd822vr6j80000gp/T/rustcgqDEBE/raw-dylibs" "-Bdynamic" "-z" "noexecstack" "-L" "<sysroot>/lib/rustlib/riscv32cheriot-unknown-cheriotrtos/lib/self-contained" "-o" "/var/folders/9k/gp4ckb6n1wd80tfd822vr6j80000gp/T/rustdoctestR8PAaR/rust_out" "--gc-sections" "-static"
  = note: some arguments are omitted. use `--verbose` to show all linker arguments
  = note: Remapping priority of thread 1 from 1 to 0
          Enabling sub-object bounds for cheriot.allocator
          Enabling sub-object bounds for cheriot.loader
          Enabling sub-object bounds for test_fw.scheduler
          Patched board file will be saved as "/Users/jacob/CHERIoT/rust/cheri/doctests/build/board.json"
          [ 93%]: linking compartment test_runner.compartment
          [ 93%]: linking firmware build/cheriot/cheriot/release/test_fw
          error: ld.lld: error: undefined symbol: __library_export_libcalls_round
          >>> referenced by compiler_builtins.f5786da9a5584453-cgu.112
          >>>               build/cheriot/cheriot/release/test_runner.compartment:()
          
          warning: $(buildir) has been deprecated, please use $(builddir)
          

error: aborting due to 1 previous error

Couldn't compile the test.test library/core/src/num/f64.rs - f64::math::round (line 1683) ... FAILED
error: linking with `./cheri/linker.sh` failed: exit status: 255
  |
  = note:  "./cheri/linker.sh" "-flavor" "gnu" "/var/folders/9k/gp4ckb6n1wd80tfd822vr6j80000gp/T/rustcUmYnNm/symbols.o" "<2 object files omitted>" "--as-needed" "-Bstatic" "<sysroot>/lib/rustlib/riscv32cheriot-unknown-cheriotrtos/lib/{libpanic_abort-*,libstd-*,libcfg_if-*,librustc_demangle-*,libstd_detect-*,libhashbrown-*,librustc_std_workspace_alloc-*,libminiz_oxide-*,libadler2-*,libunwind-*,liblibc-*,librustc_std_workspace_core-*,liballoc-*,libcore-*,libcompiler_builtins-*}.rlib" "-L" "/var/folders/9k/gp4ckb6n1wd80tfd822vr6j80000gp/T/rustcUmYnNm/raw-dylibs" "-Bdynamic" "-z" "noexecstack" "-L" "<sysroot>/lib/rustlib/riscv32cheriot-unknown-cheriotrtos/lib/self-contained" "-o" "/var/folders/9k/gp4ckb6n1wd80tfd822vr6j80000gp/T/rustdoctestoj57JJ/rust_out" "--gc-sections" "-static"
  = note: some arguments are omitted. use `--verbose` to show all linker arguments
  = note: Remapping priority of thread 1 from 1 to 0
          Enabling sub-object bounds for cheriot.allocator
          Enabling sub-object bounds for cheriot.loader
          Enabling sub-object bounds for test_fw.scheduler
          Patched board file will be saved as "/Users/jacob/CHERIoT/rust/cheri/doctests/build/board.json"
          [ 93%]: linking compartment test_runner.compartment
          [ 93%]: linking firmware build/cheriot/cheriot/release/test_fw
          error: ld.lld: error: undefined symbol: __library_export_libcalls_rint
          >>> referenced by compiler_builtins.f5786da9a5584453-cgu.112
          >>>               build/cheriot/cheriot/release/test_runner.compartment:()
          
          warning: $(buildir) has been deprecated, please use $(builddir)
          

error: aborting due to 1 previous error

Couldn't compile the test.test library/core/src/num/f64.rs - f64::math::round_ties_even (line 1717) ... FAILED
error: linking with `./cheri/linker.sh` failed: exit status: 255
  |
  = note:  "./cheri/linker.sh" "-flavor" "gnu" "/var/folders/9k/gp4ckb6n1wd80tfd822vr6j80000gp/T/rustcZEq4Dj/symbols.o" "<2 object files omitted>" "--as-needed" "-Bstatic" "<sysroot>/lib/rustlib/riscv32cheriot-unknown-cheriotrtos/lib/{libpanic_abort-*,libstd-*,libcfg_if-*,librustc_demangle-*,libstd_detect-*,libhashbrown-*,librustc_std_workspace_alloc-*,libminiz_oxide-*,libadler2-*,libunwind-*,liblibc-*,librustc_std_workspace_core-*,liballoc-*,libcore-*,libcompiler_builtins-*}.rlib" "-L" "/var/folders/9k/gp4ckb6n1wd80tfd822vr6j80000gp/T/rustcZEq4Dj/raw-dylibs" "-Bdynamic" "-z" "noexecstack" "-L" "<sysroot>/lib/rustlib/riscv32cheriot-unknown-cheriotrtos/lib/self-contained" "-o" "/var/folders/9k/gp4ckb6n1wd80tfd822vr6j80000gp/T/rustdoctestSTqqDG/rust_out" "--gc-sections" "-static"
  = note: some arguments are omitted. use `--verbose` to show all linker arguments
  = note: Remapping priority of thread 1 from 1 to 0
          Enabling sub-object bounds for cheriot.allocator
          Enabling sub-object bounds for cheriot.loader
          Enabling sub-object bounds for test_fw.scheduler
          Patched board file will be saved as "/Users/jacob/CHERIoT/rust/cheri/doctests/build/board.json"
          [ 93%]: linking compartment test_runner.compartment
          [ 93%]: linking firmware build/cheriot/cheriot/release/test_fw
          error: ld.lld: error: undefined symbol: __library_export_libcalls_sqrt
          >>> referenced by compiler_builtins.f5786da9a5584453-cgu.112
          >>>               build/cheriot/cheriot/release/test_runner.compartment:()
          
          warning: $(buildir) has been deprecated, please use $(builddir)
          

error: aborting due to 1 previous error

Couldn't compile the test.test library/core/src/num/f64.rs - f64::math::sqrt (line 1944) ... FAILED
error: linking with `./cheri/linker.sh` failed: exit status: 255
  |
  = note:  "./cheri/linker.sh" "-flavor" "gnu" "/var/folders/9k/gp4ckb6n1wd80tfd822vr6j80000gp/T/rustcDeCRRu/symbols.o" "<2 object files omitted>" "--as-needed" "-Bstatic" "<sysroot>/lib/rustlib/riscv32cheriot-unknown-cheriotrtos/lib/{libpanic_abort-*,libstd-*,libcfg_if-*,librustc_demangle-*,libstd_detect-*,libhashbrown-*,librustc_std_workspace_alloc-*,libminiz_oxide-*,libadler2-*,libunwind-*,liblibc-*,librustc_std_workspace_core-*,liballoc-*,libcore-*,libcompiler_builtins-*}.rlib" "-L" "/var/folders/9k/gp4ckb6n1wd80tfd822vr6j80000gp/T/rustcDeCRRu/raw-dylibs" "-Bdynamic" "-z" "noexecstack" "-L" "<sysroot>/lib/rustlib/riscv32cheriot-unknown-cheriotrtos/lib/self-contained" "-o" "/var/folders/9k/gp4ckb6n1wd80tfd822vr6j80000gp/T/rustdoctestJ5mtXu/rust_out" "--gc-sections" "-static"
  = note: some arguments are omitted. use `--verbose` to show all linker arguments
  = note: Remapping priority of thread 1 from 1 to 0
          Enabling sub-object bounds for cheriot.allocator
          Enabling sub-object bounds for cheriot.loader
          Enabling sub-object bounds for test_fw.scheduler
          Patched board file will be saved as "/Users/jacob/CHERIoT/rust/cheri/doctests/build/board.json"
          [ 93%]: linking compartment test_runner.compartment
          [ 93%]: linking firmware build/cheriot/cheriot/release/test_fw
          error: ld.lld: error: undefined symbol: __library_export_libcalls_trunc
          >>> referenced by compiler_builtins.f5786da9a5584453-cgu.112
          >>>               build/cheriot/cheriot/release/test_runner.compartment:()
          
          warning: $(buildir) has been deprecated, please use $(builddir)
          

error: aborting due to 1 previous error

Couldn't compile the test.test library/core/src/num/f64.rs - f64::math::trunc (line 1748) ... FAILED
test library/core/src/num/int_macros.rs - num::i128::BITS (line 53) ... ok
test library/core/src/num/int_macros.rs - num::i128::MAX (line 43) ... ok
test library/core/src/num/int_macros.rs - num::i128::MIN (line 32) ... ok
test library/core/src/num/int_macros.rs - num::i128::abs (line 3554) ... ok
test library/core/src/num/int_macros.rs - num::i128::abs_diff (line 3583) ... ok
test library/core/src/num/int_macros.rs - num::i128::borrowing_sub (line 2593) ... ok
test library/core/src/num/int_macros.rs - num::i128::carrying_add (line 2490) ... ok
test library/core/src/num/int_macros.rs - num::i128::carrying_mul (line 2715) ... ok
test library/core/src/num/int_macros.rs - num::i128::carrying_mul_add (line 2752) ... ok
test library/core/src/num/int_macros.rs - num::i128::cast_unsigned (line 261) ... ok
test library/core/src/num/int_macros.rs - num::i128::checked_abs (line 1682) ... ok
test library/core/src/num/int_macros.rs - num::i128::checked_add (line 514) ... ok
test library/core/src/num/int_macros.rs - num::i128::checked_add_unsigned (line 604) ... ok
error: linking with `./cheri/linker.sh` failed: exit status: 255
  |
  = note:  "./cheri/linker.sh" "-flavor" "gnu" "/var/folders/9k/gp4ckb6n1wd80tfd822vr6j80000gp/T/rustchmBKiU/symbols.o" "<2 object files omitted>" "--as-needed" "-Bstatic" "<sysroot>/lib/rustlib/riscv32cheriot-unknown-cheriotrtos/lib/{libpanic_abort-*,libstd-*,libcfg_if-*,librustc_demangle-*,libstd_detect-*,libhashbrown-*,librustc_std_workspace_alloc-*,libminiz_oxide-*,libadler2-*,libunwind-*,liblibc-*,librustc_std_workspace_core-*,liballoc-*,libcore-*,libcompiler_builtins-*}.rlib" "-L" "/var/folders/9k/gp4ckb6n1wd80tfd822vr6j80000gp/T/rustchmBKiU/raw-dylibs" "-Bdynamic" "-z" "noexecstack" "-L" "<sysroot>/lib/rustlib/riscv32cheriot-unknown-cheriotrtos/lib/self-contained" "-o" "/var/folders/9k/gp4ckb6n1wd80tfd822vr6j80000gp/T/rustdoctestmOut54/rust_out" "--gc-sections" "-static"
  = note: some arguments are omitted. use `--verbose` to show all linker arguments
  = note: Remapping priority of thread 1 from 1 to 0
          Enabling sub-object bounds for cheriot.allocator
          Enabling sub-object bounds for cheriot.loader
          Enabling sub-object bounds for test_fw.scheduler
          Patched board file will be saved as "/Users/jacob/CHERIoT/rust/cheri/doctests/build/board.json"
          [ 93%]: linking compartment test_runner.compartment
          [ 93%]: linking firmware build/cheriot/cheriot/release/test_fw
          error: ld.lld: error: undefined symbol: __library_export_libcalls___divti3
          >>> referenced by compiler_builtins.f5786da9a5584453-cgu.112
          >>>               build/cheriot/cheriot/release/test_runner.compartment:()
          >>> did you mean: __library_export_libcalls___divdi3
          >>> defined in: build/cheriot/cheriot/release/crt.library
          
          warning: $(buildir) has been deprecated, please use $(builddir)
          

error: aborting due to 1 previous error

Couldn't compile the test.test library/core/src/num/int_macros.rs - num::i128::checked_div (line 884) ... FAILED
error: linking with `./cheri/linker.sh` failed: exit status: 255
  |
  = note:  "./cheri/linker.sh" "-flavor" "gnu" "/var/folders/9k/gp4ckb6n1wd80tfd822vr6j80000gp/T/rustcxHToVr/symbols.o" "<2 object files omitted>" "--as-needed" "-Bstatic" "<sysroot>/lib/rustlib/riscv32cheriot-unknown-cheriotrtos/lib/{libpanic_abort-*,libstd-*,libcfg_if-*,librustc_demangle-*,libstd_detect-*,libhashbrown-*,librustc_std_workspace_alloc-*,libminiz_oxide-*,libadler2-*,libunwind-*,liblibc-*,librustc_std_workspace_core-*,liballoc-*,libcore-*,libcompiler_builtins-*}.rlib" "-L" "/var/folders/9k/gp4ckb6n1wd80tfd822vr6j80000gp/T/rustcxHToVr/raw-dylibs" "-Bdynamic" "-z" "noexecstack" "-L" "<sysroot>/lib/rustlib/riscv32cheriot-unknown-cheriotrtos/lib/self-contained" "-o" "/var/folders/9k/gp4ckb6n1wd80tfd822vr6j80000gp/T/rustdoctestjLzyRe/rust_out" "--gc-sections" "-static"
  = note: some arguments are omitted. use `--verbose` to show all linker arguments
  = note: Remapping priority of thread 1 from 1 to 0
          Enabling sub-object bounds for cheriot.allocator
          Enabling sub-object bounds for cheriot.loader
          Enabling sub-object bounds for test_fw.scheduler
          Patched board file will be saved as "/Users/jacob/CHERIoT/rust/cheri/doctests/build/board.json"
          [ 93%]: linking compartment test_runner.compartment
          [ 93%]: linking firmware build/cheriot/cheriot/release/test_fw
          error: ld.lld: error: undefined symbol: __library_export_libcalls___divti3
          >>> referenced by compiler_builtins.f5786da9a5584453-cgu.112
          >>>               build/cheriot/cheriot/release/test_runner.compartment:()
          >>> did you mean: __library_export_libcalls___divdi3
          >>> defined in: build/cheriot/cheriot/release/crt.library
          
          ld.lld: error: undefined symbol: __library_export_libcalls___modti3
          >>> referenced by compiler_builtins.f5786da9a5584453-cgu.112
          >>>               build/cheriot/cheriot/release/test_runner.compartment:()
          >>> did you mean: __library_export_libcalls___moddi3
          >>> defined in: build/cheriot/cheriot/release/crt.library
          
          warning: $(buildir) has been deprecated, please use $(builddir)
          

error: aborting due to 1 previous error

Couldn't compile the test.test library/core/src/num/int_macros.rs - num::i128::checked_div_euclid (line 951) ... FAILED
error: linking with `./cheri/linker.sh` failed: exit status: 255
  |
  = note:  "./cheri/linker.sh" "-flavor" "gnu" "/var/folders/9k/gp4ckb6n1wd80tfd822vr6j80000gp/T/rustc5OMfXB/symbols.o" "<2 object files omitted>" "--as-needed" "-Bstatic" "<sysroot>/lib/rustlib/riscv32cheriot-unknown-cheriotrtos/lib/{libpanic_abort-*,libstd-*,libcfg_if-*,librustc_demangle-*,libstd_detect-*,libhashbrown-*,librustc_std_workspace_alloc-*,libminiz_oxide-*,libadler2-*,libunwind-*,liblibc-*,librustc_std_workspace_core-*,liballoc-*,libcore-*,libcompiler_builtins-*}.rlib" "-L" "/var/folders/9k/gp4ckb6n1wd80tfd822vr6j80000gp/T/rustc5OMfXB/raw-dylibs" "-Bdynamic" "-z" "noexecstack" "-L" "<sysroot>/lib/rustlib/riscv32cheriot-unknown-cheriotrtos/lib/self-contained" "-o" "/var/folders/9k/gp4ckb6n1wd80tfd822vr6j80000gp/T/rustdoctestCtKB7S/rust_out" "--gc-sections" "-static"
  = note: some arguments are omitted. use `--verbose` to show all linker arguments
  = note: Remapping priority of thread 1 from 1 to 0
          Enabling sub-object bounds for cheriot.allocator
          Enabling sub-object bounds for cheriot.loader
          Enabling sub-object bounds for test_fw.scheduler
          Patched board file will be saved as "/Users/jacob/CHERIoT/rust/cheri/doctests/build/board.json"
          [ 93%]: linking compartment test_runner.compartment
          [ 93%]: linking firmware build/cheriot/cheriot/release/test_fw
          error: ld.lld: error: undefined symbol: __library_export_libcalls___modti3
          >>> referenced by compiler_builtins.f5786da9a5584453-cgu.112
          >>>               build/cheriot/cheriot/release/test_runner.compartment:()
          >>> did you mean: __library_export_libcalls___moddi3
          >>> defined in: build/cheriot/cheriot/release/crt.library
          
          ld.lld: error: undefined symbol: __library_export_libcalls___divti3
          >>> referenced by compiler_builtins.f5786da9a5584453-cgu.112
          >>>               build/cheriot/cheriot/release/test_runner.compartment:()
          >>> did you mean: __library_export_libcalls___divdi3
          >>> defined in: build/cheriot/cheriot/release/crt.library
          
          warning: $(buildir) has been deprecated, please use $(builddir)
          

error: aborting due to 1 previous error

Couldn't compile the test.test library/core/src/num/int_macros.rs - num::i128::checked_div_exact (line 1019) ... FAILED
error: linking with `./cheri/linker.sh` failed: exit status: 255
  |
  = note:  "./cheri/linker.sh" "-flavor" "gnu" "/var/folders/9k/gp4ckb6n1wd80tfd822vr6j80000gp/T/rustc0xfhl6/symbols.o" "<2 object files omitted>" "--as-needed" "-Bstatic" "<sysroot>/lib/rustlib/riscv32cheriot-unknown-cheriotrtos/lib/{libpanic_abort-*,libstd-*,libcfg_if-*,librustc_demangle-*,libstd_detect-*,libhashbrown-*,librustc_std_workspace_alloc-*,libminiz_oxide-*,libadler2-*,libunwind-*,liblibc-*,librustc_std_workspace_core-*,liballoc-*,libcore-*,libcompiler_builtins-*}.rlib" "-L" "/var/folders/9k/gp4ckb6n1wd80tfd822vr6j80000gp/T/rustc0xfhl6/raw-dylibs" "-Bdynamic" "-z" "noexecstack" "-L" "<sysroot>/lib/rustlib/riscv32cheriot-unknown-cheriotrtos/lib/self-contained" "-o" "/var/folders/9k/gp4ckb6n1wd80tfd822vr6j80000gp/T/rustdoctestgpCZw8/rust_out" "--gc-sections" "-static"
  = note: some arguments are omitted. use `--verbose` to show all linker arguments
  = note: Remapping priority of thread 1 from 1 to 0
          Enabling sub-object bounds for cheriot.allocator
          Enabling sub-object bounds for cheriot.loader
          Enabling sub-object bounds for test_fw.scheduler
          Patched board file will be saved as "/Users/jacob/CHERIoT/rust/cheri/doctests/build/board.json"
          [ 93%]: linking compartment test_runner.compartment
          [ 93%]: linking firmware build/cheriot/cheriot/release/test_fw
          error: ld.lld: error: undefined symbol: __library_export_libcalls___udivti3
          >>> referenced by compiler_builtins.f5786da9a5584453-cgu.112
          >>>               build/cheriot/cheriot/release/test_runner.compartment:()
          >>> did you mean: __library_export_libcalls___udivdi3
          >>> defined in: build/cheriot/cheriot/release/crt.library
          
          warning: $(buildir) has been deprecated, please use $(builddir)
          

error: aborting due to 1 previous error

Couldn't compile the test.test library/core/src/num/int_macros.rs - num::i128::checked_ilog (line 3473) ... FAILED
error: linking with `./cheri/linker.sh` failed: exit status: 255
  |
  = note:  "./cheri/linker.sh" "-flavor" "gnu" "/var/folders/9k/gp4ckb6n1wd80tfd822vr6j80000gp/T/rustcRTtVmt/symbols.o" "<2 object files omitted>" "--as-needed" "-Bstatic" "<sysroot>/lib/rustlib/riscv32cheriot-unknown-cheriotrtos/lib/{libpanic_abort-*,libstd-*,libcfg_if-*,librustc_demangle-*,libstd_detect-*,libhashbrown-*,librustc_std_workspace_alloc-*,libminiz_oxide-*,libadler2-*,libunwind-*,liblibc-*,librustc_std_workspace_core-*,liballoc-*,libcore-*,libcompiler_builtins-*}.rlib" "-L" "/var/folders/9k/gp4ckb6n1wd80tfd822vr6j80000gp/T/rustcRTtVmt/raw-dylibs" "-Bdynamic" "-z" "noexecstack" "-L" "<sysroot>/lib/rustlib/riscv32cheriot-unknown-cheriotrtos/lib/self-contained" "-o" "/var/folders/9k/gp4ckb6n1wd80tfd822vr6j80000gp/T/rustdoctestXWicHr/rust_out" "--gc-sections" "-static"
  = note: some arguments are omitted. use `--verbose` to show all linker arguments
  = note: Remapping priority of thread 1 from 1 to 0
          Enabling sub-object bounds for cheriot.allocator
          Enabling sub-object bounds for cheriot.loader
          Enabling sub-object bounds for test_fw.scheduler
          Patched board file will be saved as "/Users/jacob/CHERIoT/rust/cheri/doctests/build/board.json"
          [ 93%]: linking compartment test_runner.compartment
          [ 93%]: linking firmware build/cheriot/cheriot/release/test_fw
          error: ld.lld: error: undefined symbol: __library_export_libcalls___udivti3
          >>> referenced by compiler_builtins.f5786da9a5584453-cgu.112
          >>>               build/cheriot/cheriot/release/test_runner.compartment:()
          >>> did you mean: __library_export_libcalls___udivdi3
          >>> defined in: build/cheriot/cheriot/release/crt.library
          
          warning: $(buildir) has been deprecated, please use $(builddir)
          

error: aborting due to 1 previous error

Couldn't compile the test.test library/core/src/num/int_macros.rs - num::i128::checked_ilog10 (line 3521) ... FAILED
test library/core/src/num/int_macros.rs - num::i128::checked_ilog2 (line 3497) ... ok
error: linking with `./cheri/linker.sh` failed: exit status: 255
  |
  = note:  "./cheri/linker.sh" "-flavor" "gnu" "/var/folders/9k/gp4ckb6n1wd80tfd822vr6j80000gp/T/rustcgaL68V/symbols.o" "<2 object files omitted>" "--as-needed" "-Bstatic" "<sysroot>/lib/rustlib/riscv32cheriot-unknown-cheriotrtos/lib/{libpanic_abort-*,libstd-*,libcfg_if-*,librustc_demangle-*,libstd_detect-*,libhashbrown-*,librustc_std_workspace_alloc-*,libminiz_oxide-*,libadler2-*,libunwind-*,liblibc-*,librustc_std_workspace_core-*,liballoc-*,libcore-*,libcompiler_builtins-*}.rlib" "-L" "/var/folders/9k/gp4ckb6n1wd80tfd822vr6j80000gp/T/rustcgaL68V/raw-dylibs" "-Bdynamic" "-z" "noexecstack" "-L" "<sysroot>/lib/rustlib/riscv32cheriot-unknown-cheriotrtos/lib/self-contained" "-o" "/var/folders/9k/gp4ckb6n1wd80tfd822vr6j80000gp/T/rustdoctestvCpkkm/rust_out" "--gc-sections" "-static"
  = note: some arguments are omitted. use `--verbose` to show all linker arguments
  = note: Remapping priority of thread 1 from 1 to 0
          Enabling sub-object bounds for cheriot.allocator
          Enabling sub-object bounds for cheriot.loader
          Enabling sub-object bounds for test_fw.scheduler
          Patched board file will be saved as "/Users/jacob/CHERIoT/rust/cheri/doctests/build/board.json"
          [ 93%]: linking compartment test_runner.compartment
          [ 93%]: linking firmware build/cheriot/cheriot/release/test_fw
          error: ld.lld: error: undefined symbol: __library_export_libcalls___udivti3
          >>> referenced by compiler_builtins.f5786da9a5584453-cgu.112
          >>>               build/cheriot/cheriot/release/test_runner.compartment:()
          >>> did you mean: __library_export_libcalls___udivdi3
          >>> defined in: build/cheriot/cheriot/release/crt.library
          
          warning: $(buildir) has been deprecated, please use $(builddir)
          

error: aborting due to 1 previous error

Couldn't compile the test.test library/core/src/num/int_macros.rs - num::i128::checked_isqrt (line 1822) ... FAILED
test library/core/src/num/int_macros.rs - num::i128::checked_mul (line 794) ... ok
test library/core/src/num/int_macros.rs - num::i128::checked_neg (line 1255) ... ok
error: linking with `./cheri/linker.sh` failed: exit status: 255
  |
  = note:  "./cheri/linker.sh" "-flavor" "gnu" "/var/folders/9k/gp4ckb6n1wd80tfd822vr6j80000gp/T/rustcFvEXPG/symbols.o" "<2 object files omitted>" "--as-needed" "-Bstatic" "<sysroot>/lib/rustlib/riscv32cheriot-unknown-cheriotrtos/lib/{libpanic_abort-*,libstd-*,libcfg_if-*,librustc_demangle-*,libstd_detect-*,libhashbrown-*,librustc_std_workspace_alloc-*,libminiz_oxide-*,libadler2-*,libunwind-*,liblibc-*,librustc_std_workspace_core-*,liballoc-*,libcore-*,libcompiler_builtins-*}.rlib" "-L" "/var/folders/9k/gp4ckb6n1wd80tfd822vr6j80000gp/T/rustcFvEXPG/raw-dylibs" "-Bdynamic" "-z" "noexecstack" "-L" "<sysroot>/lib/rustlib/riscv32cheriot-unknown-cheriotrtos/lib/self-contained" "-o" "/var/folders/9k/gp4ckb6n1wd80tfd822vr6j80000gp/T/rustdoctestcoDYNt/rust_out" "--gc-sections" "-static"
  = note: some arguments are omitted. use `--verbose` to show all linker arguments
  = note: Remapping priority of thread 1 from 1 to 0
          Enabling sub-object bounds for cheriot.allocator
          Enabling sub-object bounds for cheriot.loader
          Enabling sub-object bounds for test_fw.scheduler
          Patched board file will be saved as "/Users/jacob/CHERIoT/rust/cheri/doctests/build/board.json"
          [ 93%]: linking compartment test_runner.compartment
          [ 93%]: linking firmware build/cheriot/cheriot/release/test_fw
          error: ld.lld: error: undefined symbol: __library_export_libcalls___modti3
          >>> referenced by compiler_builtins.f5786da9a5584453-cgu.112
          >>>               build/cheriot/cheriot/release/test_runner.compartment:()
          >>> did you mean: __library_export_libcalls___moddi3
          >>> defined in: build/cheriot/cheriot/release/crt.library
          
          warning: $(buildir) has been deprecated, please use $(builddir)
          

error: aborting due to 1 previous error

Couldn't compile the test.test library/core/src/num/int_macros.rs - num::i128::checked_next_multiple_of (line 3341) ... FAILED
test library/core/src/num/int_macros.rs - num::i128::checked_pow (line 1738) ... ok
error: linking with `./cheri/linker.sh` failed: exit status: 255
  |
  = note:  "./cheri/linker.sh" "-flavor" "gnu" "/var/folders/9k/gp4ckb6n1wd80tfd822vr6j80000gp/T/rustc7Z0i2y/symbols.o" "<2 object files omitted>" "--as-needed" "-Bstatic" "<sysroot>/lib/rustlib/riscv32cheriot-unknown-cheriotrtos/lib/{libpanic_abort-*,libstd-*,libcfg_if-*,librustc_demangle-*,libstd_detect-*,libhashbrown-*,librustc_std_workspace_alloc-*,libminiz_oxide-*,libadler2-*,libunwind-*,liblibc-*,librustc_std_workspace_core-*,liballoc-*,libcore-*,libcompiler_builtins-*}.rlib" "-L" "/var/folders/9k/gp4ckb6n1wd80tfd822vr6j80000gp/T/rustc7Z0i2y/raw-dylibs" "-Bdynamic" "-z" "noexecstack" "-L" "<sysroot>/lib/rustlib/riscv32cheriot-unknown-cheriotrtos/lib/self-contained" "-o" "/var/folders/9k/gp4ckb6n1wd80tfd822vr6j80000gp/T/rustdoctestWxj6e3/rust_out" "--gc-sections" "-static"
  = note: some arguments are omitted. use `--verbose` to show all linker arguments
  = note: Remapping priority of thread 1 from 1 to 0
          Enabling sub-object bounds for cheriot.allocator
          Enabling sub-object bounds for cheriot.loader
          Enabling sub-object bounds for test_fw.scheduler
          Patched board file will be saved as "/Users/jacob/CHERIoT/rust/cheri/doctests/build/board.json"
          [ 93%]: linking compartment test_runner.compartment
          [ 93%]: linking firmware build/cheriot/cheriot/release/test_fw
          error: ld.lld: error: undefined symbol: __library_export_libcalls___modti3
          >>> referenced by compiler_builtins.f5786da9a5584453-cgu.112
          >>>               build/cheriot/cheriot/release/test_runner.compartment:()
          >>> did you mean: __library_export_libcalls___moddi3
          >>> defined in: build/cheriot/cheriot/release/crt.library
          
          warning: $(buildir) has been deprecated, please use $(builddir)
          

error: aborting due to 1 previous error

Couldn't compile the test.test library/core/src/num/int_macros.rs - num::i128::checked_rem (line 1124) ... FAILED
error: linking with `./cheri/linker.sh` failed: exit status: 255
  |
  = note:  "./cheri/linker.sh" "-flavor" "gnu" "/var/folders/9k/gp4ckb6n1wd80tfd822vr6j80000gp/T/rustcMp1E2U/symbols.o" "<2 object files omitted>" "--as-needed" "-Bstatic" "<sysroot>/lib/rustlib/riscv32cheriot-unknown-cheriotrtos/lib/{libpanic_abort-*,libstd-*,libcfg_if-*,librustc_demangle-*,libstd_detect-*,libhashbrown-*,librustc_std_workspace_alloc-*,libminiz_oxide-*,libadler2-*,libunwind-*,liblibc-*,librustc_std_workspace_core-*,liballoc-*,libcore-*,libcompiler_builtins-*}.rlib" "-L" "/var/folders/9k/gp4ckb6n1wd80tfd822vr6j80000gp/T/rustcMp1E2U/raw-dylibs" "-Bdynamic" "-z" "noexecstack" "-L" "<sysroot>/lib/rustlib/riscv32cheriot-unknown-cheriotrtos/lib/self-contained" "-o" "/var/folders/9k/gp4ckb6n1wd80tfd822vr6j80000gp/T/rustdoctest0JoP66/rust_out" "--gc-sections" "-static"
  = note: some arguments are omitted. use `--verbose` to show all linker arguments
  = note: Remapping priority of thread 1 from 1 to 0
          Enabling sub-object bounds for cheriot.allocator
          Enabling sub-object bounds for cheriot.loader
          Enabling sub-object bounds for test_fw.scheduler
          Patched board file will be saved as "/Users/jacob/CHERIoT/rust/cheri/doctests/build/board.json"
          [ 93%]: linking compartment test_runner.compartment
          [ 93%]: linking firmware build/cheriot/cheriot/release/test_fw
          error: ld.lld: error: undefined symbol: __library_export_libcalls___modti3
          >>> referenced by compiler_builtins.f5786da9a5584453-cgu.112
          >>>               build/cheriot/cheriot/release/test_runner.compartment:()
          >>> did you mean: __library_export_libcalls___moddi3
          >>> defined in: build/cheriot/cheriot/release/crt.library
          
          warning: $(buildir) has been deprecated, please use $(builddir)
          

error: aborting due to 1 previous error

Couldn't compile the test.test library/core/src/num/int_macros.rs - num::i128::checked_rem_euclid (line 1190) ... FAILED
test library/core/src/num/int_macros.rs - num::i128::checked_shl (line 1334) ... ok
test library/core/src/num/int_macros.rs - num::i128::checked_shr (line 1507) ... ok
test library/core/src/num/int_macros.rs - num::i128::checked_sub (line 654) ... ok
test library/core/src/num/int_macros.rs - num::i128::checked_sub_unsigned (line 744) ... ok
test library/core/src/num/int_macros.rs - num::i128::clamp_magnitude (line 3891) ... ok
test library/core/src/num/int_macros.rs - num::i128::count_ones (line 63) ... ok
test library/core/src/num/int_macros.rs - num::i128::count_zeros (line 82) ... ok
error: linking with `./cheri/linker.sh` failed: exit status: 255
  |
  = note:  "./cheri/linker.sh" "-flavor" "gnu" "/var/folders/9k/gp4ckb6n1wd80tfd822vr6j80000gp/T/rustcTJDDwC/symbols.o" "<2 object files omitted>" "--as-needed" "-Bstatic" "<sysroot>/lib/rustlib/riscv32cheriot-unknown-cheriotrtos/lib/{libpanic_abort-*,libstd-*,libcfg_if-*,librustc_demangle-*,libstd_detect-*,libhashbrown-*,librustc_std_workspace_alloc-*,libminiz_oxide-*,libadler2-*,libunwind-*,liblibc-*,librustc_std_workspace_core-*,liballoc-*,libcore-*,libcompiler_builtins-*}.rlib" "-L" "/var/folders/9k/gp4ckb6n1wd80tfd822vr6j80000gp/T/rustcTJDDwC/raw-dylibs" "-Bdynamic" "-z" "noexecstack" "-L" "<sysroot>/lib/rustlib/riscv32cheriot-unknown-cheriotrtos/lib/self-contained" "-o" "/var/folders/9k/gp4ckb6n1wd80tfd822vr6j80000gp/T/rustdoctestUnMaSM/rust_out" "--gc-sections" "-static"
  = note: some arguments are omitted. use `--verbose` to show all linker arguments
  = note: Remapping priority of thread 1 from 1 to 0
          Enabling sub-object bounds for cheriot.allocator
          Enabling sub-object bounds for cheriot.loader
          Enabling sub-object bounds for test_fw.scheduler
          Patched board file will be saved as "/Users/jacob/CHERIoT/rust/cheri/doctests/build/board.json"
          [ 93%]: linking compartment test_runner.compartment
          [ 93%]: linking firmware build/cheriot/cheriot/release/test_fw
          error: ld.lld: error: undefined symbol: __library_export_libcalls___divti3
          >>> referenced by compiler_builtins.f5786da9a5584453-cgu.112
          >>>               build/cheriot/cheriot/release/test_runner.compartment:()
          >>> did you mean: __library_export_libcalls___divdi3
          >>> defined in: build/cheriot/cheriot/release/crt.library
          
          ld.lld: error: undefined symbol: __library_export_libcalls___modti3
          >>> referenced by compiler_builtins.f5786da9a5584453-cgu.112
          >>>               build/cheriot/cheriot/release/test_runner.compartment:()
          >>> did you mean: __library_export_libcalls___moddi3
          >>> defined in: build/cheriot/cheriot/release/crt.library
          
          warning: $(buildir) has been deprecated, please use $(builddir)
          

error: aborting due to 1 previous error

Couldn't compile the test.test library/core/src/num/int_macros.rs - num::i128::div_ceil (line 3252) ... FAILED
error: linking with `./cheri/linker.sh` failed: exit status: 255
  |
  = note:  "./cheri/linker.sh" "-flavor" "gnu" "/var/folders/9k/gp4ckb6n1wd80tfd822vr6j80000gp/T/rustcMGtPCu/symbols.o" "<2 object files omitted>" "--as-needed" "-Bstatic" "<sysroot>/lib/rustlib/riscv32cheriot-unknown-cheriotrtos/lib/{libpanic_abort-*,libstd-*,libcfg_if-*,librustc_demangle-*,libstd_detect-*,libhashbrown-*,librustc_std_workspace_alloc-*,libminiz_oxide-*,libadler2-*,libunwind-*,liblibc-*,librustc_std_workspace_core-*,liballoc-*,libcore-*,libcompiler_builtins-*}.rlib" "-L" "/var/folders/9k/gp4ckb6n1wd80tfd822vr6j80000gp/T/rustcMGtPCu/raw-dylibs" "-Bdynamic" "-z" "noexecstack" "-L" "<sysroot>/lib/rustlib/riscv32cheriot-unknown-cheriotrtos/lib/self-contained" "-o" "/var/folders/9k/gp4ckb6n1wd80tfd822vr6j80000gp/T/rustdoctestpFYpOK/rust_out" "--gc-sections" "-static"
  = note: some arguments are omitted. use `--verbose` to show all linker arguments
  = note: Remapping priority of thread 1 from 1 to 0
          Enabling sub-object bounds for cheriot.allocator
          Enabling sub-object bounds for cheriot.loader
          Enabling sub-object bounds for test_fw.scheduler
          Patched board file will be saved as "/Users/jacob/CHERIoT/rust/cheri/doctests/build/board.json"
          [ 93%]: linking compartment test_runner.compartment
          [ 93%]: linking firmware build/cheriot/cheriot/release/test_fw
          error: ld.lld: error: undefined symbol: __library_export_libcalls___divti3
          >>> referenced by compiler_builtins.f5786da9a5584453-cgu.112
          >>>               build/cheriot/cheriot/release/test_runner.compartment:()
          >>> did you mean: __library_export_libcalls___divdi3
          >>> defined in: build/cheriot/cheriot/release/crt.library
          
          ld.lld: error: undefined symbol: __library_export_libcalls___modti3
          >>> referenced by compiler_builtins.f5786da9a5584453-cgu.112
          >>>               build/cheriot/cheriot/release/test_runner.compartment:()
          >>> did you mean: __library_export_libcalls___moddi3
          >>> defined in: build/cheriot/cheriot/release/crt.library
          
          warning: $(buildir) has been deprecated, please use $(builddir)
          

error: aborting due to 1 previous error

Couldn't compile the test.test library/core/src/num/int_macros.rs - num::i128::div_euclid (line 3126) ... FAILED
error: linking with `./cheri/linker.sh` failed: exit status: 255
  |
  = note:  "./cheri/linker.sh" "-flavor" "gnu" "/var/folders/9k/gp4ckb6n1wd80tfd822vr6j80000gp/T/rustc52hEm5/symbols.o" "<2 object files omitted>" "--as-needed" "-Bstatic" "<sysroot>/lib/rustlib/riscv32cheriot-unknown-cheriotrtos/lib/{libpanic_abort-*,libstd-*,libcfg_if-*,librustc_demangle-*,libstd_detect-*,libhashbrown-*,librustc_std_workspace_alloc-*,libminiz_oxide-*,libadler2-*,libunwind-*,liblibc-*,librustc_std_workspace_core-*,liballoc-*,libcore-*,libcompiler_builtins-*}.rlib" "-L" "/var/folders/9k/gp4ckb6n1wd80tfd822vr6j80000gp/T/rustc52hEm5/raw-dylibs" "-Bdynamic" "-z" "noexecstack" "-L" "<sysroot>/lib/rustlib/riscv32cheriot-unknown-cheriotrtos/lib/self-contained" "-o" "/var/folders/9k/gp4ckb6n1wd80tfd822vr6j80000gp/T/rustdoctestZNd2ph/rust_out" "--gc-sections" "-static"
  = note: some arguments are omitted. use `--verbose` to show all linker arguments
  = note: Remapping priority of thread 1 from 1 to 0
          Enabling sub-object bounds for cheriot.allocator
          Enabling sub-object bounds for cheriot.loader
          Enabling sub-object bounds for test_fw.scheduler
          Patched board file will be saved as "/Users/jacob/CHERIoT/rust/cheri/doctests/build/board.json"
          [ 93%]: linking compartment test_runner.compartment
          [ 93%]: linking firmware build/cheriot/cheriot/release/test_fw
          error: ld.lld: error: undefined symbol: __library_export_libcalls___modti3
          >>> referenced by compiler_builtins.f5786da9a5584453-cgu.112
          >>>               build/cheriot/cheriot/release/test_runner.compartment:()
          >>> did you mean: __library_export_libcalls___moddi3
          >>> defined in: build/cheriot/cheriot/release/crt.library
          
          ld.lld: error: undefined symbol: __library_export_libcalls___divti3
          >>> referenced by compiler_builtins.f5786da9a5584453-cgu.112
          >>>               build/cheriot/cheriot/release/test_runner.compartment:()
          >>> did you mean: __library_export_libcalls___divdi3
          >>> defined in: build/cheriot/cheriot/release/crt.library
          
          warning: $(buildir) has been deprecated, please use $(builddir)
          

error: aborting due to 1 previous error

Couldn't compile the test.test library/core/src/num/int_macros.rs - num::i128::div_exact (line 1061) ... FAILED
error: linking with `./cheri/linker.sh` failed: exit status: 255
  |
  = note:  "./cheri/linker.sh" "-flavor" "gnu" "/var/folders/9k/gp4ckb6n1wd80tfd822vr6j80000gp/T/rustcWZ18lS/symbols.o" "<2 object files omitted>" "--as-needed" "-Bstatic" "<sysroot>/lib/rustlib/riscv32cheriot-unknown-cheriotrtos/lib/{libpanic_abort-*,libstd-*,libcfg_if-*,librustc_demangle-*,libstd_detect-*,libhashbrown-*,librustc_std_workspace_alloc-*,libminiz_oxide-*,libadler2-*,libunwind-*,liblibc-*,librustc_std_workspace_core-*,liballoc-*,libcore-*,libcompiler_builtins-*}.rlib" "-L" "/var/folders/9k/gp4ckb6n1wd80tfd822vr6j80000gp/T/rustcWZ18lS/raw-dylibs" "-Bdynamic" "-z" "noexecstack" "-L" "<sysroot>/lib/rustlib/riscv32cheriot-unknown-cheriotrtos/lib/self-contained" "-o" "/var/folders/9k/gp4ckb6n1wd80tfd822vr6j80000gp/T/rustdoctestuTUw7T/rust_out" "--gc-sections" "-static"
  = note: some arguments are omitted. use `--verbose` to show all linker arguments
  = note: Remapping priority of thread 1 from 1 to 0
          Enabling sub-object bounds for cheriot.allocator
          Enabling sub-object bounds for cheriot.loader
          Enabling sub-object bounds for test_fw.scheduler
          Patched board file will be saved as "/Users/jacob/CHERIoT/rust/cheri/doctests/build/board.json"
          [ 93%]: linking compartment test_runner.compartment
          [ 93%]: linking firmware build/cheriot/cheriot/release/test_fw
          error: ld.lld: error: undefined symbol: __library_export_libcalls___modti3
          >>> referenced by compiler_builtins.f5786da9a5584453-cgu.112
          >>>               build/cheriot/cheriot/release/test_runner.compartment:()
          >>> did you mean: __library_export_libcalls___moddi3
          >>> defined in: build/cheriot/cheriot/release/crt.library
          
          ld.lld: error: undefined symbol: __library_export_libcalls___divti3
          >>> referenced by compiler_builtins.f5786da9a5584453-cgu.112
          >>>               build/cheriot/cheriot/release/test_runner.compartment:()
          >>> did you mean: __library_export_libcalls___divdi3
          >>> defined in: build/cheriot/cheriot/release/crt.library
          
          warning: $(buildir) has been deprecated, please use $(builddir)
          

error: aborting due to 1 previous error

Couldn't compile the test.test library/core/src/num/int_macros.rs - num::i128::div_exact (line 1068) ... FAILED
error: linking with `./cheri/linker.sh` failed: exit status: 255
  |
  = note:  "./cheri/linker.sh" "-flavor" "gnu" "/var/folders/9k/gp4ckb6n1wd80tfd822vr6j80000gp/T/rustcEZMqXc/symbols.o" "<2 object files omitted>" "--as-needed" "-Bstatic" "<sysroot>/lib/rustlib/riscv32cheriot-unknown-cheriotrtos/lib/{libpanic_abort-*,libstd-*,libcfg_if-*,librustc_demangle-*,libstd_detect-*,libhashbrown-*,librustc_std_workspace_alloc-*,libminiz_oxide-*,libadler2-*,libunwind-*,liblibc-*,librustc_std_workspace_core-*,liballoc-*,libcore-*,libcompiler_builtins-*}.rlib" "-L" "/var/folders/9k/gp4ckb6n1wd80tfd822vr6j80000gp/T/rustcEZMqXc/raw-dylibs" "-Bdynamic" "-z" "noexecstack" "-L" "<sysroot>/lib/rustlib/riscv32cheriot-unknown-cheriotrtos/lib/self-contained" "-o" "/var/folders/9k/gp4ckb6n1wd80tfd822vr6j80000gp/T/rustdoctestSN37nO/rust_out" "--gc-sections" "-static"
  = note: some arguments are omitted. use `--verbose` to show all linker arguments
  = note: Remapping priority of thread 1 from 1 to 0
          Enabling sub-object bounds for cheriot.allocator
          Enabling sub-object bounds for cheriot.loader
          Enabling sub-object bounds for test_fw.scheduler
          Patched board file will be saved as "/Users/jacob/CHERIoT/rust/cheri/doctests/build/board.json"
          [ 93%]: linking compartment test_runner.compartment
          [ 93%]: linking firmware build/cheriot/cheriot/release/test_fw
          error: ld.lld: error: undefined symbol: __library_export_libcalls___modti3
          >>> referenced by compiler_builtins.f5786da9a5584453-cgu.112
          >>>               build/cheriot/cheriot/release/test_runner.compartment:()
          >>> did you mean: __library_export_libcalls___moddi3
          >>> defined in: build/cheriot/cheriot/release/crt.library
          
          ld.lld: error: undefined symbol: __library_export_libcalls___divti3
          >>> referenced by compiler_builtins.f5786da9a5584453-cgu.112
          >>>               build/cheriot/cheriot/release/test_runner.compartment:()
          >>> did you mean: __library_export_libcalls___divdi3
          >>> defined in: build/cheriot/cheriot/release/crt.library
          
          warning: $(buildir) has been deprecated, please use $(builddir)
          

error: aborting due to 1 previous error

Couldn't compile the test.test library/core/src/num/int_macros.rs - num::i128::div_exact (line 1072) ... FAILED
error: linking with `./cheri/linker.sh` failed: exit status: 255
  |
  = note:  "./cheri/linker.sh" "-flavor" "gnu" "/var/folders/9k/gp4ckb6n1wd80tfd822vr6j80000gp/T/rustcb7AlkT/symbols.o" "<2 object files omitted>" "--as-needed" "-Bstatic" "<sysroot>/lib/rustlib/riscv32cheriot-unknown-cheriotrtos/lib/{libpanic_abort-*,libstd-*,libcfg_if-*,librustc_demangle-*,libstd_detect-*,libhashbrown-*,librustc_std_workspace_alloc-*,libminiz_oxide-*,libadler2-*,libunwind-*,liblibc-*,librustc_std_workspace_core-*,liballoc-*,libcore-*,libcompiler_builtins-*}.rlib" "-L" "/var/folders/9k/gp4ckb6n1wd80tfd822vr6j80000gp/T/rustcb7AlkT/raw-dylibs" "-Bdynamic" "-z" "noexecstack" "-L" "<sysroot>/lib/rustlib/riscv32cheriot-unknown-cheriotrtos/lib/self-contained" "-o" "/var/folders/9k/gp4ckb6n1wd80tfd822vr6j80000gp/T/rustdoctestvZ3C4T/rust_out" "--gc-sections" "-static"
  = note: some arguments are omitted. use `--verbose` to show all linker arguments
  = note: Remapping priority of thread 1 from 1 to 0
          Enabling sub-object bounds for cheriot.allocator
          Enabling sub-object bounds for cheriot.loader
          Enabling sub-object bounds for test_fw.scheduler
          Patched board file will be saved as "/Users/jacob/CHERIoT/rust/cheri/doctests/build/board.json"
          [ 93%]: linking compartment test_runner.compartment
          [ 93%]: linking firmware build/cheriot/cheriot/release/test_fw
          error: ld.lld: error: undefined symbol: __library_export_libcalls___divti3
          >>> referenced by compiler_builtins.f5786da9a5584453-cgu.112
          >>>               build/cheriot/cheriot/release/test_runner.compartment:()
          >>> did you mean: __library_export_libcalls___divdi3
          >>> defined in: build/cheriot/cheriot/release/crt.library
          
          ld.lld: error: undefined symbol: __library_export_libcalls___modti3
          >>> referenced by compiler_builtins.f5786da9a5584453-cgu.112
          >>>               build/cheriot/cheriot/release/test_runner.compartment:()
          >>> did you mean: __library_export_libcalls___moddi3
          >>> defined in: build/cheriot/cheriot/release/crt.library
          
          warning: $(buildir) has been deprecated, please use $(builddir)
          

error: aborting due to 1 previous error

Couldn't compile the test.test library/core/src/num/int_macros.rs - num::i128::div_floor (line 3210) ... FAILED
test library/core/src/num/int_macros.rs - num::i128::from_be (line 379) ... ok
test library/core/src/num/int_macros.rs - num::i128::from_be_bytes (line 3759) ... ok
test library/core/src/num/int_macros.rs - num::i128::from_be_bytes (line 3766) ... ok
test library/core/src/num/int_macros.rs - num::i128::from_le (line 411) ... ok
test library/core/src/num/int_macros.rs - num::i128::from_le_bytes (line 3788) ... ok
test library/core/src/num/int_macros.rs - num::i128::from_le_bytes (line 3795) ... ok
test library/core/src/num/int_macros.rs - num::i128::from_ne_bytes (line 3824) ... ok
test library/core/src/num/int_macros.rs - num::i128::from_ne_bytes (line 3835) ... ok
test library/core/src/num/int_macros.rs - num::i128::highest_one (line 217) ... ok
error: linking with `./cheri/linker.sh` failed: exit status: 255
  |
  = note:  "./cheri/linker.sh" "-flavor" "gnu" "/var/folders/9k/gp4ckb6n1wd80tfd822vr6j80000gp/T/rustcE4Mly6/symbols.o" "<2 object files omitted>" "--as-needed" "-Bstatic" "<sysroot>/lib/rustlib/riscv32cheriot-unknown-cheriotrtos/lib/{libpanic_abort-*,libstd-*,libcfg_if-*,librustc_demangle-*,libstd_detect-*,libhashbrown-*,librustc_std_workspace_alloc-*,libminiz_oxide-*,libadler2-*,libunwind-*,liblibc-*,librustc_std_workspace_core-*,liballoc-*,libcore-*,libcompiler_builtins-*}.rlib" "-L" "/var/folders/9k/gp4ckb6n1wd80tfd822vr6j80000gp/T/rustcE4Mly6/raw-dylibs" "-Bdynamic" "-z" "noexecstack" "-L" "<sysroot>/lib/rustlib/riscv32cheriot-unknown-cheriotrtos/lib/self-contained" "-o" "/var/folders/9k/gp4ckb6n1wd80tfd822vr6j80000gp/T/rustdoctestIUzevg/rust_out" "--gc-sections" "-static"
  = note: some arguments are omitted. use `--verbose` to show all linker arguments
  = note: Remapping priority of thread 1 from 1 to 0
          Enabling sub-object bounds for cheriot.allocator
          Enabling sub-object bounds for cheriot.loader
          Enabling sub-object bounds for test_fw.scheduler
          Patched board file will be saved as "/Users/jacob/CHERIoT/rust/cheri/doctests/build/board.json"
          [ 93%]: linking compartment test_runner.compartment
          [ 93%]: linking firmware build/cheriot/cheriot/release/test_fw
          error: ld.lld: error: undefined symbol: __library_export_libcalls___udivti3
          >>> referenced by compiler_builtins.f5786da9a5584453-cgu.112
          >>>               build/cheriot/cheriot/release/test_runner.compartment:()
          >>> did you mean: __library_export_libcalls___udivdi3
          >>> defined in: build/cheriot/cheriot/release/crt.library
          
          warning: $(buildir) has been deprecated, please use $(builddir)
          

error: aborting due to 1 previous error

Couldn't compile the test.test library/core/src/num/int_macros.rs - num::i128::ilog (line 3394) ... FAILED
error: linking with `./cheri/linker.sh` failed: exit status: 255
  |
  = note:  "./cheri/linker.sh" "-flavor" "gnu" "/var/folders/9k/gp4ckb6n1wd80tfd822vr6j80000gp/T/rustcS9u0bn/symbols.o" "<2 object files omitted>" "--as-needed" "-Bstatic" "<sysroot>/lib/rustlib/riscv32cheriot-unknown-cheriotrtos/lib/{libpanic_abort-*,libstd-*,libcfg_if-*,librustc_demangle-*,libstd_detect-*,libhashbrown-*,librustc_std_workspace_alloc-*,libminiz_oxide-*,libadler2-*,libunwind-*,liblibc-*,librustc_std_workspace_core-*,liballoc-*,libcore-*,libcompiler_builtins-*}.rlib" "-L" "/var/folders/9k/gp4ckb6n1wd80tfd822vr6j80000gp/T/rustcS9u0bn/raw-dylibs" "-Bdynamic" "-z" "noexecstack" "-L" "<sysroot>/lib/rustlib/riscv32cheriot-unknown-cheriotrtos/lib/self-contained" "-o" "/var/folders/9k/gp4ckb6n1wd80tfd822vr6j80000gp/T/rustdoctesthAHnzN/rust_out" "--gc-sections" "-static"
  = note: some arguments are omitted. use `--verbose` to show all linker arguments
  = note: Remapping priority of thread 1 from 1 to 0
          Enabling sub-object bounds for cheriot.allocator
          Enabling sub-object bounds for cheriot.loader
          Enabling sub-object bounds for test_fw.scheduler
          Patched board file will be saved as "/Users/jacob/CHERIoT/rust/cheri/doctests/build/board.json"
          [ 93%]: linking compartment test_runner.compartment
          [ 93%]: linking firmware build/cheriot/cheriot/release/test_fw
          error: ld.lld: error: undefined symbol: __library_export_libcalls___udivti3
          >>> referenced by compiler_builtins.f5786da9a5584453-cgu.112
          >>>               build/cheriot/cheriot/release/test_runner.compartment:()
          >>> did you mean: __library_export_libcalls___udivdi3
          >>> defined in: build/cheriot/cheriot/release/crt.library
          
          warning: $(buildir) has been deprecated, please use $(builddir)
          

error: aborting due to 1 previous error

Couldn't compile the test.test library/core/src/num/int_macros.rs - num::i128::ilog10 (line 3445) ... FAILED
test library/core/src/num/int_macros.rs - num::i128::ilog2 (line 3420) ... ok
test library/core/src/num/int_macros.rs - num::i128::is_negative (line 3663) ... ok
test library/core/src/num/int_macros.rs - num::i128::is_positive (line 3648) ... ok
test library/core/src/num/int_macros.rs - num::i128::isolate_highest_one (line 175) ... ok
test library/core/src/num/int_macros.rs - num::i128::isolate_lowest_one (line 196) ... ok
error: linking with `./cheri/linker.sh` failed: exit status: 255
  |
  = note:  "./cheri/linker.sh" "-flavor" "gnu" "/var/folders/9k/gp4ckb6n1wd80tfd822vr6j80000gp/T/rustcV7Zs5x/symbols.o" "<2 object files omitted>" "--as-needed" "-Bstatic" "<sysroot>/lib/rustlib/riscv32cheriot-unknown-cheriotrtos/lib/{libpanic_abort-*,libstd-*,libcfg_if-*,librustc_demangle-*,libstd_detect-*,libhashbrown-*,librustc_std_workspace_alloc-*,libminiz_oxide-*,libadler2-*,libunwind-*,liblibc-*,librustc_std_workspace_core-*,liballoc-*,libcore-*,libcompiler_builtins-*}.rlib" "-L" "/var/folders/9k/gp4ckb6n1wd80tfd822vr6j80000gp/T/rustcV7Zs5x/raw-dylibs" "-Bdynamic" "-z" "noexecstack" "-L" "<sysroot>/lib/rustlib/riscv32cheriot-unknown-cheriotrtos/lib/self-contained" "-o" "/var/folders/9k/gp4ckb6n1wd80tfd822vr6j80000gp/T/rustdoctestEP7dY0/rust_out" "--gc-sections" "-static"
  = note: some arguments are omitted. use `--verbose` to show all linker arguments
  = note: Remapping priority of thread 1 from 1 to 0
          Enabling sub-object bounds for cheriot.allocator
          Enabling sub-object bounds for cheriot.loader
          Enabling sub-object bounds for test_fw.scheduler
          Patched board file will be saved as "/Users/jacob/CHERIoT/rust/cheri/doctests/build/board.json"
          [ 93%]: linking compartment test_runner.compartment
          [ 93%]: linking firmware build/cheriot/cheriot/release/test_fw
          error: ld.lld: error: undefined symbol: __library_export_libcalls___udivti3
          >>> referenced by compiler_builtins.f5786da9a5584453-cgu.112
          >>>               build/cheriot/cheriot/release/test_runner.compartment:()
          >>> did you mean: __library_export_libcalls___udivdi3
          >>> defined in: build/cheriot/cheriot/release/crt.library
          
          warning: $(buildir) has been deprecated, please use $(builddir)
          

error: aborting due to 1 previous error

Couldn't compile the test.test library/core/src/num/int_macros.rs - num::i128::isqrt (line 3091) ... FAILED
test library/core/src/num/int_macros.rs - num::i128::leading_ones (line 138) ... ok
test library/core/src/num/int_macros.rs - num::i128::leading_zeros (line 101) ... ok
test library/core/src/num/int_macros.rs - num::i128::lowest_one (line 238) ... ok
error: linking with `./cheri/linker.sh` failed: exit status: 255
  |
  = note:  "./cheri/linker.sh" "-flavor" "gnu" "/var/folders/9k/gp4ckb6n1wd80tfd822vr6j80000gp/T/rustcTDloHM/symbols.o" "<2 object files omitted>" "--as-needed" "-Bstatic" "<sysroot>/lib/rustlib/riscv32cheriot-unknown-cheriotrtos/lib/{libpanic_abort-*,libstd-*,libcfg_if-*,librustc_demangle-*,libstd_detect-*,libhashbrown-*,librustc_std_workspace_alloc-*,libminiz_oxide-*,libadler2-*,libunwind-*,liblibc-*,librustc_std_workspace_core-*,liballoc-*,libcore-*,libcompiler_builtins-*}.rlib" "-L" "/var/folders/9k/gp4ckb6n1wd80tfd822vr6j80000gp/T/rustcTDloHM/raw-dylibs" "-Bdynamic" "-z" "noexecstack" "-L" "<sysroot>/lib/rustlib/riscv32cheriot-unknown-cheriotrtos/lib/self-contained" "-o" "/var/folders/9k/gp4ckb6n1wd80tfd822vr6j80000gp/T/rustdoctesthHS6UU/rust_out" "--gc-sections" "-static"
  = note: some arguments are omitted. use `--verbose` to show all linker arguments
  = note: Remapping priority of thread 1 from 1 to 0
          Enabling sub-object bounds for cheriot.allocator
          Enabling sub-object bounds for cheriot.loader
          Enabling sub-object bounds for test_fw.scheduler
          Patched board file will be saved as "/Users/jacob/CHERIoT/rust/cheri/doctests/build/board.json"
          [ 93%]: linking compartment test_runner.compartment
          [ 93%]: linking firmware build/cheriot/cheriot/release/test_fw
          error: ld.lld: error: undefined symbol: __library_export_libcalls___modti3
          >>> referenced by compiler_builtins.f5786da9a5584453-cgu.112
          >>>               build/cheriot/cheriot/release/test_runner.compartment:()
          >>> did you mean: __library_export_libcalls___moddi3
          >>> defined in: build/cheriot/cheriot/release/crt.library
          
          warning: $(buildir) has been deprecated, please use $(builddir)
          

error: aborting due to 1 previous error

Couldn't compile the test.test library/core/src/num/int_macros.rs - num::i128::next_multiple_of (line 3297) ... FAILED
test library/core/src/num/int_macros.rs - num::i128::overflowing_abs (line 2968) ... ok
test library/core/src/num/int_macros.rs - num::i128::overflowing_add (line 2454) ... ok
test library/core/src/num/int_macros.rs - num::i128::overflowing_add_unsigned (line 2533) ... ok
error: linking with `./cheri/linker.sh` failed: exit status: 255
  |
  = note:  "./cheri/linker.sh" "-flavor" "gnu" "/var/folders/9k/gp4ckb6n1wd80tfd822vr6j80000gp/T/rustcu4LPO8/symbols.o" "<2 object files omitted>" "--as-needed" "-Bstatic" "<sysroot>/lib/rustlib/riscv32cheriot-unknown-cheriotrtos/lib/{libpanic_abort-*,libstd-*,libcfg_if-*,librustc_demangle-*,libstd_detect-*,libhashbrown-*,librustc_std_workspace_alloc-*,libminiz_oxide-*,libadler2-*,libunwind-*,liblibc-*,librustc_std_workspace_core-*,liballoc-*,libcore-*,libcompiler_builtins-*}.rlib" "-L" "/var/folders/9k/gp4ckb6n1wd80tfd822vr6j80000gp/T/rustcu4LPO8/raw-dylibs" "-Bdynamic" "-z" "noexecstack" "-L" "<sysroot>/lib/rustlib/riscv32cheriot-unknown-cheriotrtos/lib/self-contained" "-o" "/var/folders/9k/gp4ckb6n1wd80tfd822vr6j80000gp/T/rustdoctest2ghexp/rust_out" "--gc-sections" "-static"
  = note: some arguments are omitted. use `--verbose` to show all linker arguments
  = note: Remapping priority of thread 1 from 1 to 0
          Enabling sub-object bounds for cheriot.allocator
          Enabling sub-object bounds for cheriot.loader
          Enabling sub-object bounds for test_fw.scheduler
          Patched board file will be saved as "/Users/jacob/CHERIoT/rust/cheri/doctests/build/board.json"
          [ 93%]: linking compartment test_runner.compartment
          [ 93%]: linking firmware build/cheriot/cheriot/release/test_fw
          error: ld.lld: error: undefined symbol: __library_export_libcalls___divti3
          >>> referenced by compiler_builtins.f5786da9a5584453-cgu.112
          >>>               build/cheriot/cheriot/release/test_runner.compartment:()
          >>> did you mean: __library_export_libcalls___divdi3
          >>> defined in: build/cheriot/cheriot/release/crt.library
          
          warning: $(buildir) has been deprecated, please use $(builddir)
          

error: aborting due to 1 previous error

Couldn't compile the test.test library/core/src/num/int_macros.rs - num::i128::overflowing_div (line 2783) ... FAILED
error: linking with `./cheri/linker.sh` failed: exit status: 255
  |
  = note:  "./cheri/linker.sh" "-flavor" "gnu" "/var/folders/9k/gp4ckb6n1wd80tfd822vr6j80000gp/T/rustciHXUn8/symbols.o" "<2 object files omitted>" "--as-needed" "-Bstatic" "<sysroot>/lib/rustlib/riscv32cheriot-unknown-cheriotrtos/lib/{libpanic_abort-*,libstd-*,libcfg_if-*,librustc_demangle-*,libstd_detect-*,libhashbrown-*,librustc_std_workspace_alloc-*,libminiz_oxide-*,libadler2-*,libunwind-*,liblibc-*,librustc_std_workspace_core-*,liballoc-*,libcore-*,libcompiler_builtins-*}.rlib" "-L" "/var/folders/9k/gp4ckb6n1wd80tfd822vr6j80000gp/T/rustciHXUn8/raw-dylibs" "-Bdynamic" "-z" "noexecstack" "-L" "<sysroot>/lib/rustlib/riscv32cheriot-unknown-cheriotrtos/lib/self-contained" "-o" "/var/folders/9k/gp4ckb6n1wd80tfd822vr6j80000gp/T/rustdoctestXulFUq/rust_out" "--gc-sections" "-static"
  = note: some arguments are omitted. use `--verbose` to show all linker arguments
  = note: Remapping priority of thread 1 from 1 to 0
          Enabling sub-object bounds for cheriot.allocator
          Enabling sub-object bounds for cheriot.loader
          Enabling sub-object bounds for test_fw.scheduler
          Patched board file will be saved as "/Users/jacob/CHERIoT/rust/cheri/doctests/build/board.json"
          [ 93%]: linking compartment test_runner.compartment
          [ 93%]: linking firmware build/cheriot/cheriot/release/test_fw
          error: ld.lld: error: undefined symbol: __library_export_libcalls___divti3
          >>> referenced by compiler_builtins.f5786da9a5584453-cgu.112
          >>>               build/cheriot/cheriot/release/test_runner.compartment:()
          >>> did you mean: __library_export_libcalls___divdi3
          >>> defined in: build/cheriot/cheriot/release/crt.library
          
          ld.lld: error: undefined symbol: __library_export_libcalls___modti3
          >>> referenced by compiler_builtins.f5786da9a5584453-cgu.112
          >>>               build/cheriot/cheriot/release/test_runner.compartment:()
          >>> did you mean: __library_export_libcalls___moddi3
          >>> defined in: build/cheriot/cheriot/release/crt.library
          
          warning: $(buildir) has been deprecated, please use $(builddir)
          

error: aborting due to 1 previous error

Couldn't compile the test.test library/core/src/num/int_macros.rs - num::i128::overflowing_div_euclid (line 2812) ... FAILED
test library/core/src/num/int_macros.rs - num::i128::overflowing_mul (line 2659) ... ok
test library/core/src/num/int_macros.rs - num::i128::overflowing_neg (line 2897) ... ok
test library/core/src/num/int_macros.rs - num::i128::overflowing_pow (line 2989) ... ok
error: linking with `./cheri/linker.sh` failed: exit status: 255
  |
  = note:  "./cheri/linker.sh" "-flavor" "gnu" "/var/folders/9k/gp4ckb6n1wd80tfd822vr6j80000gp/T/rustcUGDqUo/symbols.o" "<2 object files omitted>" "--as-needed" "-Bstatic" "<sysroot>/lib/rustlib/riscv32cheriot-unknown-cheriotrtos/lib/{libpanic_abort-*,libstd-*,libcfg_if-*,librustc_demangle-*,libstd_detect-*,libhashbrown-*,librustc_std_workspace_alloc-*,libminiz_oxide-*,libadler2-*,libunwind-*,liblibc-*,librustc_std_workspace_core-*,liballoc-*,libcore-*,libcompiler_builtins-*}.rlib" "-L" "/var/folders/9k/gp4ckb6n1wd80tfd822vr6j80000gp/T/rustcUGDqUo/raw-dylibs" "-Bdynamic" "-z" "noexecstack" "-L" "<sysroot>/lib/rustlib/riscv32cheriot-unknown-cheriotrtos/lib/self-contained" "-o" "/var/folders/9k/gp4ckb6n1wd80tfd822vr6j80000gp/T/rustdoctestB14CST/rust_out" "--gc-sections" "-static"
  = note: some arguments are omitted. use `--verbose` to show all linker arguments
  = note: Remapping priority of thread 1 from 1 to 0
          Enabling sub-object bounds for cheriot.allocator
          Enabling sub-object bounds for cheriot.loader
          Enabling sub-object bounds for test_fw.scheduler
          Patched board file will be saved as "/Users/jacob/CHERIoT/rust/cheri/doctests/build/board.json"
          [ 93%]: linking compartment test_runner.compartment
          [ 93%]: linking firmware build/cheriot/cheriot/release/test_fw
          error: ld.lld: error: undefined symbol: __library_export_libcalls___modti3
          >>> referenced by compiler_builtins.f5786da9a5584453-cgu.112
          >>>               build/cheriot/cheriot/release/test_runner.compartment:()
          >>> did you mean: __library_export_libcalls___moddi3
          >>> defined in: build/cheriot/cheriot/release/crt.library
          
          warning: $(buildir) has been deprecated, please use $(builddir)
          

error: aborting due to 1 previous error

Couldn't compile the test.test library/core/src/num/int_macros.rs - num::i128::overflowing_rem (line 2841) ... FAILED
error: linking with `./cheri/linker.sh` failed: exit status: 255
  |
  = note:  "./cheri/linker.sh" "-flavor" "gnu" "/var/folders/9k/gp4ckb6n1wd80tfd822vr6j80000gp/T/rustcGmbZ8z/symbols.o" "<2 object files omitted>" "--as-needed" "-Bstatic" "<sysroot>/lib/rustlib/riscv32cheriot-unknown-cheriotrtos/lib/{libpanic_abort-*,libstd-*,libcfg_if-*,librustc_demangle-*,libstd_detect-*,libhashbrown-*,librustc_std_workspace_alloc-*,libminiz_oxide-*,libadler2-*,libunwind-*,liblibc-*,librustc_std_workspace_core-*,liballoc-*,libcore-*,libcompiler_builtins-*}.rlib" "-L" "/var/folders/9k/gp4ckb6n1wd80tfd822vr6j80000gp/T/rustcGmbZ8z/raw-dylibs" "-Bdynamic" "-z" "noexecstack" "-L" "<sysroot>/lib/rustlib/riscv32cheriot-unknown-cheriotrtos/lib/self-contained" "-o" "/var/folders/9k/gp4ckb6n1wd80tfd822vr6j80000gp/T/rustdoctestQtZESa/rust_out" "--gc-sections" "-static"
  = note: some arguments are omitted. use `--verbose` to show all linker arguments
  = note: Remapping priority of thread 1 from 1 to 0
          Enabling sub-object bounds for cheriot.allocator
          Enabling sub-object bounds for cheriot.loader
          Enabling sub-object bounds for test_fw.scheduler
          Patched board file will be saved as "/Users/jacob/CHERIoT/rust/cheri/doctests/build/board.json"
          [ 93%]: linking compartment test_runner.compartment
          [ 93%]: linking firmware build/cheriot/cheriot/release/test_fw
          error: ld.lld: error: undefined symbol: __library_export_libcalls___modti3
          >>> referenced by compiler_builtins.f5786da9a5584453-cgu.112
          >>>               build/cheriot/cheriot/release/test_runner.compartment:()
          >>> did you mean: __library_export_libcalls___moddi3
          >>> defined in: build/cheriot/cheriot/release/crt.library
          
          warning: $(buildir) has been deprecated, please use $(builddir)
          

error: aborting due to 1 previous error

Couldn't compile the test.test library/core/src/num/int_macros.rs - num::i128::overflowing_rem_euclid (line 2870) ... FAILED
test library/core/src/num/int_macros.rs - num::i128::overflowing_shl (line 2923) ... ok
test library/core/src/num/int_macros.rs - num::i128::overflowing_shr (line 2945) ... ok
test library/core/src/num/int_macros.rs - num::i128::overflowing_sub (line 2556) ... ok
test library/core/src/num/int_macros.rs - num::i128::overflowing_sub_unsigned (line 2636) ... ok
test library/core/src/num/int_macros.rs - num::i128::pow (line 3031) ... ok
error: linking with `./cheri/linker.sh` failed: exit status: 255
  |
  = note:  "./cheri/linker.sh" "-flavor" "gnu" "/var/folders/9k/gp4ckb6n1wd80tfd822vr6j80000gp/T/rustcTfqiDe/symbols.o" "<2 object files omitted>" "--as-needed" "-Bstatic" "<sysroot>/lib/rustlib/riscv32cheriot-unknown-cheriotrtos/lib/{libpanic_abort-*,libstd-*,libcfg_if-*,librustc_demangle-*,libstd_detect-*,libhashbrown-*,librustc_std_workspace_alloc-*,libminiz_oxide-*,libadler2-*,libunwind-*,liblibc-*,librustc_std_workspace_core-*,liballoc-*,libcore-*,libcompiler_builtins-*}.rlib" "-L" "/var/folders/9k/gp4ckb6n1wd80tfd822vr6j80000gp/T/rustcTfqiDe/raw-dylibs" "-Bdynamic" "-z" "noexecstack" "-L" "<sysroot>/lib/rustlib/riscv32cheriot-unknown-cheriotrtos/lib/self-contained" "-o" "/var/folders/9k/gp4ckb6n1wd80tfd822vr6j80000gp/T/rustdoctestK8m9gM/rust_out" "--gc-sections" "-static"
  = note: some arguments are omitted. use `--verbose` to show all linker arguments
  = note: Remapping priority of thread 1 from 1 to 0
          Enabling sub-object bounds for cheriot.allocator
          Enabling sub-object bounds for cheriot.loader
          Enabling sub-object bounds for test_fw.scheduler
          Patched board file will be saved as "/Users/jacob/CHERIoT/rust/cheri/doctests/build/board.json"
          [ 93%]: linking compartment test_runner.compartment
          [ 93%]: linking firmware build/cheriot/cheriot/release/test_fw
          error: ld.lld: error: undefined symbol: __library_export_libcalls___modti3
          >>> referenced by compiler_builtins.f5786da9a5584453-cgu.112
          >>>               build/cheriot/cheriot/release/test_runner.compartment:()
          >>> did you mean: __library_export_libcalls___moddi3
          >>> defined in: build/cheriot/cheriot/release/crt.library
          
          warning: $(buildir) has been deprecated, please use $(builddir)
          

error: aborting due to 1 previous error

Couldn't compile the test.test library/core/src/num/int_macros.rs - num::i128::rem_euclid (line 3163) ... FAILED
error: linking with `./cheri/linker.sh` failed: exit status: 255
  |
  = note:  "./cheri/linker.sh" "-flavor" "gnu" "/var/folders/9k/gp4ckb6n1wd80tfd822vr6j80000gp/T/rustcoEpHxS/symbols.o" "<2 object files omitted>" "--as-needed" "-Bstatic" "<sysroot>/lib/rustlib/riscv32cheriot-unknown-cheriotrtos/lib/{libpanic_abort-*,libstd-*,libcfg_if-*,librustc_demangle-*,libstd_detect-*,libhashbrown-*,librustc_std_workspace_alloc-*,libminiz_oxide-*,libadler2-*,libunwind-*,liblibc-*,librustc_std_workspace_core-*,liballoc-*,libcore-*,libcompiler_builtins-*}.rlib" "-L" "/var/folders/9k/gp4ckb6n1wd80tfd822vr6j80000gp/T/rustcoEpHxS/raw-dylibs" "-Bdynamic" "-z" "noexecstack" "-L" "<sysroot>/lib/rustlib/riscv32cheriot-unknown-cheriotrtos/lib/self-contained" "-o" "/var/folders/9k/gp4ckb6n1wd80tfd822vr6j80000gp/T/rustdoctestatZqVS/rust_out" "--gc-sections" "-static"
  = note: some arguments are omitted. use `--verbose` to show all linker arguments
  = note: Remapping priority of thread 1 from 1 to 0
          Enabling sub-object bounds for cheriot.allocator
          Enabling sub-object bounds for cheriot.loader
          Enabling sub-object bounds for test_fw.scheduler
          Patched board file will be saved as "/Users/jacob/CHERIoT/rust/cheri/doctests/build/board.json"
          [ 93%]: linking compartment test_runner.compartment
          [ 93%]: linking firmware build/cheriot/cheriot/release/test_fw
          error: ld.lld: error: undefined symbol: __library_export_libcalls___modti3
          >>> referenced by compiler_builtins.f5786da9a5584453-cgu.112
          >>>               build/cheriot/cheriot/release/test_runner.compartment:()
          >>> did you mean: __library_export_libcalls___moddi3
          >>> defined in: build/cheriot/cheriot/release/crt.library
          
          warning: $(buildir) has been deprecated, please use $(builddir)
          

error: aborting due to 1 previous error

Couldn't compile the test.test library/core/src/num/int_macros.rs - num::i128::rem_euclid (line 3174) ... FAILED
test library/core/src/num/int_macros.rs - num::i128::reverse_bits (line 355) ... ok
test library/core/src/num/int_macros.rs - num::i128::rotate_left (line 286) ... ok
test library/core/src/num/int_macros.rs - num::i128::rotate_right (line 314) ... ok
test library/core/src/num/int_macros.rs - num::i128::saturating_abs (line 1975) ... ok
test library/core/src/num/int_macros.rs - num::i128::saturating_add (line 1869) ... ok
test library/core/src/num/int_macros.rs - num::i128::saturating_add_unsigned (line 1889) ... ok
error: linking with `./cheri/linker.sh` failed: exit status: 255
  |
  = note:  "./cheri/linker.sh" "-flavor" "gnu" "/var/folders/9k/gp4ckb6n1wd80tfd822vr6j80000gp/T/rustcgNrWCQ/symbols.o" "<2 object files omitted>" "--as-needed" "-Bstatic" "<sysroot>/lib/rustlib/riscv32cheriot-unknown-cheriotrtos/lib/{libpanic_abort-*,libstd-*,libcfg_if-*,librustc_demangle-*,libstd_detect-*,libhashbrown-*,librustc_std_workspace_alloc-*,libminiz_oxide-*,libadler2-*,libunwind-*,liblibc-*,librustc_std_workspace_core-*,liballoc-*,libcore-*,libcompiler_builtins-*}.rlib" "-L" "/var/folders/9k/gp4ckb6n1wd80tfd822vr6j80000gp/T/rustcgNrWCQ/raw-dylibs" "-Bdynamic" "-z" "noexecstack" "-L" "<sysroot>/lib/rustlib/riscv32cheriot-unknown-cheriotrtos/lib/self-contained" "-o" "/var/folders/9k/gp4ckb6n1wd80tfd822vr6j80000gp/T/rustdoctestQgIA5b/rust_out" "--gc-sections" "-static"
  = note: some arguments are omitted. use `--verbose` to show all linker arguments
  = note: Remapping priority of thread 1 from 1 to 0
          Enabling sub-object bounds for cheriot.allocator
          Enabling sub-object bounds for cheriot.loader
          Enabling sub-object bounds for test_fw.scheduler
          Patched board file will be saved as "/Users/jacob/CHERIoT/rust/cheri/doctests/build/board.json"
          [ 93%]: linking compartment test_runner.compartment
          [ 93%]: linking firmware build/cheriot/cheriot/release/test_fw
          error: ld.lld: error: undefined symbol: __library_export_libcalls___divti3
          >>> referenced by compiler_builtins.f5786da9a5584453-cgu.112
          >>>               build/cheriot/cheriot/release/test_runner.compartment:()
          >>> did you mean: __library_export_libcalls___divdi3
          >>> defined in: build/cheriot/cheriot/release/crt.library
          
          warning: $(buildir) has been deprecated, please use $(builddir)
          

error: aborting due to 1 previous error

Couldn't compile the test.test library/core/src/num/int_macros.rs - num::i128::saturating_div (line 2030) ... FAILED
test library/core/src/num/int_macros.rs - num::i128::saturating_mul (line 2000) ... ok
test library/core/src/num/int_macros.rs - num::i128::saturating_neg (line 1954) ... ok
test library/core/src/num/int_macros.rs - num::i128::saturating_pow (line 2053) ... ok
test library/core/src/num/int_macros.rs - num::i128::saturating_sub (line 1912) ... ok
test library/core/src/num/int_macros.rs - num::i128::saturating_sub_unsigned (line 1931) ... ok
test library/core/src/num/int_macros.rs - num::i128::shl_exact (line 1451) ... ok
test library/core/src/num/int_macros.rs - num::i128::shr_exact (line 1628) ... ok
test library/core/src/num/int_macros.rs - num::i128::signum (line 3624) ... ok
test library/core/src/num/int_macros.rs - num::i128::strict_abs (line 1710) ... ok
test library/core/src/num/int_macros.rs - num::i128::strict_abs (line 1716) ... ok
test library/core/src/num/int_macros.rs - num::i128::strict_add (line 539) ... ok
test library/core/src/num/int_macros.rs - num::i128::strict_add (line 545) ... ok
test library/core/src/num/int_macros.rs - num::i128::strict_add_unsigned (line 629) ... ok
test library/core/src/num/int_macros.rs - num::i128::strict_add_unsigned (line 635) ... ok
error: linking with `./cheri/linker.sh` failed: exit status: 255
  |
  = note:  "./cheri/linker.sh" "-flavor" "gnu" "/var/folders/9k/gp4ckb6n1wd80tfd822vr6j80000gp/T/rustcfBw0rZ/symbols.o" "<2 object files omitted>" "--as-needed" "-Bstatic" "<sysroot>/lib/rustlib/riscv32cheriot-unknown-cheriotrtos/lib/{libpanic_abort-*,libstd-*,libcfg_if-*,librustc_demangle-*,libstd_detect-*,libhashbrown-*,librustc_std_workspace_alloc-*,libminiz_oxide-*,libadler2-*,libunwind-*,liblibc-*,librustc_std_workspace_core-*,liballoc-*,libcore-*,libcompiler_builtins-*}.rlib" "-L" "/var/folders/9k/gp4ckb6n1wd80tfd822vr6j80000gp/T/rustcfBw0rZ/raw-dylibs" "-Bdynamic" "-z" "noexecstack" "-L" "<sysroot>/lib/rustlib/riscv32cheriot-unknown-cheriotrtos/lib/self-contained" "-o" "/var/folders/9k/gp4ckb6n1wd80tfd822vr6j80000gp/T/rustdoctestU8FKMs/rust_out" "--gc-sections" "-static"
  = note: some arguments are omitted. use `--verbose` to show all linker arguments
  = note: Remapping priority of thread 1 from 1 to 0
          Enabling sub-object bounds for cheriot.allocator
          Enabling sub-object bounds for cheriot.loader
          Enabling sub-object bounds for test_fw.scheduler
          Patched board file will be saved as "/Users/jacob/CHERIoT/rust/cheri/doctests/build/board.json"
          [ 93%]: linking compartment test_runner.compartment
          [ 93%]: linking firmware build/cheriot/cheriot/release/test_fw
          error: ld.lld: error: undefined symbol: __library_export_libcalls___divti3
          >>> referenced by compiler_builtins.f5786da9a5584453-cgu.112
          >>>               build/cheriot/cheriot/release/test_runner.compartment:()
          >>> did you mean: __library_export_libcalls___divdi3
          >>> defined in: build/cheriot/cheriot/release/crt.library
          
          warning: $(buildir) has been deprecated, please use $(builddir)
          

error: aborting due to 1 previous error

Couldn't compile the test.test library/core/src/num/int_macros.rs - num::i128::strict_div (line 920) ... FAILED
error: linking with `./cheri/linker.sh` failed: exit status: 255
  |
  = note:  "./cheri/linker.sh" "-flavor" "gnu" "/var/folders/9k/gp4ckb6n1wd80tfd822vr6j80000gp/T/rustctr91lg/symbols.o" "<2 object files omitted>" "--as-needed" "-Bstatic" "<sysroot>/lib/rustlib/riscv32cheriot-unknown-cheriotrtos/lib/{libpanic_abort-*,libstd-*,libcfg_if-*,librustc_demangle-*,libstd_detect-*,libhashbrown-*,librustc_std_workspace_alloc-*,libminiz_oxide-*,libadler2-*,libunwind-*,liblibc-*,librustc_std_workspace_core-*,liballoc-*,libcore-*,libcompiler_builtins-*}.rlib" "-L" "/var/folders/9k/gp4ckb6n1wd80tfd822vr6j80000gp/T/rustctr91lg/raw-dylibs" "-Bdynamic" "-z" "noexecstack" "-L" "<sysroot>/lib/rustlib/riscv32cheriot-unknown-cheriotrtos/lib/self-contained" "-o" "/var/folders/9k/gp4ckb6n1wd80tfd822vr6j80000gp/T/rustdoctestvSvO55/rust_out" "--gc-sections" "-static"
  = note: some arguments are omitted. use `--verbose` to show all linker arguments
  = note: Remapping priority of thread 1 from 1 to 0
          Enabling sub-object bounds for cheriot.allocator
          Enabling sub-object bounds for cheriot.loader
          Enabling sub-object bounds for test_fw.scheduler
          Patched board file will be saved as "/Users/jacob/CHERIoT/rust/cheri/doctests/build/board.json"
          [ 93%]: linking compartment test_runner.compartment
          [ 93%]: linking firmware build/cheriot/cheriot/release/test_fw
          error: ld.lld: error: undefined symbol: __library_export_libcalls___divti3
          >>> referenced by compiler_builtins.f5786da9a5584453-cgu.112
          >>>               build/cheriot/cheriot/release/test_runner.compartment:()
          >>> did you mean: __library_export_libcalls___divdi3
          >>> defined in: build/cheriot/cheriot/release/crt.library
          
          warning: $(buildir) has been deprecated, please use $(builddir)
          

error: aborting due to 1 previous error

Couldn't compile the test.test library/core/src/num/int_macros.rs - num::i128::strict_div (line 926) ... FAILED
error: linking with `./cheri/linker.sh` failed: exit status: 255
  |
  = note:  "./cheri/linker.sh" "-flavor" "gnu" "/var/folders/9k/gp4ckb6n1wd80tfd822vr6j80000gp/T/rustcqp6TTZ/symbols.o" "<2 object files omitted>" "--as-needed" "-Bstatic" "<sysroot>/lib/rustlib/riscv32cheriot-unknown-cheriotrtos/lib/{libpanic_abort-*,libstd-*,libcfg_if-*,librustc_demangle-*,libstd_detect-*,libhashbrown-*,librustc_std_workspace_alloc-*,libminiz_oxide-*,libadler2-*,libunwind-*,liblibc-*,librustc_std_workspace_core-*,liballoc-*,libcore-*,libcompiler_builtins-*}.rlib" "-L" "/var/folders/9k/gp4ckb6n1wd80tfd822vr6j80000gp/T/rustcqp6TTZ/raw-dylibs" "-Bdynamic" "-z" "noexecstack" "-L" "<sysroot>/lib/rustlib/riscv32cheriot-unknown-cheriotrtos/lib/self-contained" "-o" "/var/folders/9k/gp4ckb6n1wd80tfd822vr6j80000gp/T/rustdoctestAopkgR/rust_out" "--gc-sections" "-static"
  = note: some arguments are omitted. use `--verbose` to show all linker arguments
  = note: Remapping priority of thread 1 from 1 to 0
          Enabling sub-object bounds for cheriot.allocator
          Enabling sub-object bounds for cheriot.loader
          Enabling sub-object bounds for test_fw.scheduler
          Patched board file will be saved as "/Users/jacob/CHERIoT/rust/cheri/doctests/build/board.json"
          [ 93%]: linking compartment test_runner.compartment
          [ 93%]: linking firmware build/cheriot/cheriot/release/test_fw
          error: ld.lld: error: undefined symbol: __library_export_libcalls___divti3
          >>> referenced by compiler_builtins.f5786da9a5584453-cgu.112
          >>>               build/cheriot/cheriot/release/test_runner.compartment:()
          >>> did you mean: __library_export_libcalls___divdi3
          >>> defined in: build/cheriot/cheriot/release/crt.library
          
          warning: $(buildir) has been deprecated, please use $(builddir)
          

error: aborting due to 1 previous error

Couldn't compile the test.test library/core/src/num/int_macros.rs - num::i128::strict_div (line 932) ... FAILED
error: linking with `./cheri/linker.sh` failed: exit status: 255
  |
  = note:  "./cheri/linker.sh" "-flavor" "gnu" "/var/folders/9k/gp4ckb6n1wd80tfd822vr6j80000gp/T/rustc4Vuhxz/symbols.o" "<2 object files omitted>" "--as-needed" "-Bstatic" "<sysroot>/lib/rustlib/riscv32cheriot-unknown-cheriotrtos/lib/{libpanic_abort-*,libstd-*,libcfg_if-*,librustc_demangle-*,libstd_detect-*,libhashbrown-*,librustc_std_workspace_alloc-*,libminiz_oxide-*,libadler2-*,libunwind-*,liblibc-*,librustc_std_workspace_core-*,liballoc-*,libcore-*,libcompiler_builtins-*}.rlib" "-L" "/var/folders/9k/gp4ckb6n1wd80tfd822vr6j80000gp/T/rustc4Vuhxz/raw-dylibs" "-Bdynamic" "-z" "noexecstack" "-L" "<sysroot>/lib/rustlib/riscv32cheriot-unknown-cheriotrtos/lib/self-contained" "-o" "/var/folders/9k/gp4ckb6n1wd80tfd822vr6j80000gp/T/rustdoctestcdNgq4/rust_out" "--gc-sections" "-static"
  = note: some arguments are omitted. use `--verbose` to show all linker arguments
  = note: Remapping priority of thread 1 from 1 to 0
          Enabling sub-object bounds for cheriot.allocator
          Enabling sub-object bounds for cheriot.loader
          Enabling sub-object bounds for test_fw.scheduler
          Patched board file will be saved as "/Users/jacob/CHERIoT/rust/cheri/doctests/build/board.json"
          [ 93%]: linking compartment test_runner.compartment
          [ 93%]: linking firmware build/cheriot/cheriot/release/test_fw
          error: ld.lld: error: undefined symbol: __library_export_libcalls___divti3
          >>> referenced by compiler_builtins.f5786da9a5584453-cgu.112
          >>>               build/cheriot/cheriot/release/test_runner.compartment:()
          >>> did you mean: __library_export_libcalls___divdi3
          >>> defined in: build/cheriot/cheriot/release/crt.library
          
          ld.lld: error: undefined symbol: __library_export_libcalls___modti3
          >>> referenced by compiler_builtins.f5786da9a5584453-cgu.112
          >>>               build/cheriot/cheriot/release/test_runner.compartment:()
          >>> did you mean: __library_export_libcalls___moddi3
          >>> defined in: build/cheriot/cheriot/release/crt.library
          
          warning: $(buildir) has been deprecated, please use $(builddir)
          

error: aborting due to 1 previous error

Couldn't compile the test.test library/core/src/num/int_macros.rs - num::i128::strict_div_euclid (line 987) ... FAILED
error: linking with `./cheri/linker.sh` failed: exit status: 255
  |
  = note:  "./cheri/linker.sh" "-flavor" "gnu" "/var/folders/9k/gp4ckb6n1wd80tfd822vr6j80000gp/T/rustcwXfoaa/symbols.o" "<2 object files omitted>" "--as-needed" "-Bstatic" "<sysroot>/lib/rustlib/riscv32cheriot-unknown-cheriotrtos/lib/{libpanic_abort-*,libstd-*,libcfg_if-*,librustc_demangle-*,libstd_detect-*,libhashbrown-*,librustc_std_workspace_alloc-*,libminiz_oxide-*,libadler2-*,libunwind-*,liblibc-*,librustc_std_workspace_core-*,liballoc-*,libcore-*,libcompiler_builtins-*}.rlib" "-L" "/var/folders/9k/gp4ckb6n1wd80tfd822vr6j80000gp/T/rustcwXfoaa/raw-dylibs" "-Bdynamic" "-z" "noexecstack" "-L" "<sysroot>/lib/rustlib/riscv32cheriot-unknown-cheriotrtos/lib/self-contained" "-o" "/var/folders/9k/gp4ckb6n1wd80tfd822vr6j80000gp/T/rustdoctestihfPlY/rust_out" "--gc-sections" "-static"
  = note: some arguments are omitted. use `--verbose` to show all linker arguments
  = note: Remapping priority of thread 1 from 1 to 0
          Enabling sub-object bounds for cheriot.allocator
          Enabling sub-object bounds for cheriot.loader
          Enabling sub-object bounds for test_fw.scheduler
          Patched board file will be saved as "/Users/jacob/CHERIoT/rust/cheri/doctests/build/board.json"
          [ 93%]: linking compartment test_runner.compartment
          [ 93%]: linking firmware build/cheriot/cheriot/release/test_fw
          error: ld.lld: error: undefined symbol: __library_export_libcalls___divti3
          >>> referenced by compiler_builtins.f5786da9a5584453-cgu.112
          >>>               build/cheriot/cheriot/release/test_runner.compartment:()
          >>> did you mean: __library_export_libcalls___divdi3
          >>> defined in: build/cheriot/cheriot/release/crt.library
          
          ld.lld: error: undefined symbol: __library_export_libcalls___modti3
          >>> referenced by compiler_builtins.f5786da9a5584453-cgu.112
          >>>               build/cheriot/cheriot/release/test_runner.compartment:()
          >>> did you mean: __library_export_libcalls___moddi3
          >>> defined in: build/cheriot/cheriot/release/crt.library
          
          warning: $(buildir) has been deprecated, please use $(builddir)
          

error: aborting due to 1 previous error

Couldn't compile the test.test library/core/src/num/int_macros.rs - num::i128::strict_div_euclid (line 993) ... FAILED
error: linking with `./cheri/linker.sh` failed: exit status: 255
  |
  = note:  "./cheri/linker.sh" "-flavor" "gnu" "/var/folders/9k/gp4ckb6n1wd80tfd822vr6j80000gp/T/rustcMd8gsn/symbols.o" "<2 object files omitted>" "--as-needed" "-Bstatic" "<sysroot>/lib/rustlib/riscv32cheriot-unknown-cheriotrtos/lib/{libpanic_abort-*,libstd-*,libcfg_if-*,librustc_demangle-*,libstd_detect-*,libhashbrown-*,librustc_std_workspace_alloc-*,libminiz_oxide-*,libadler2-*,libunwind-*,liblibc-*,librustc_std_workspace_core-*,liballoc-*,libcore-*,libcompiler_builtins-*}.rlib" "-L" "/var/folders/9k/gp4ckb6n1wd80tfd822vr6j80000gp/T/rustcMd8gsn/raw-dylibs" "-Bdynamic" "-z" "noexecstack" "-L" "<sysroot>/lib/rustlib/riscv32cheriot-unknown-cheriotrtos/lib/self-contained" "-o" "/var/folders/9k/gp4ckb6n1wd80tfd822vr6j80000gp/T/rustdoctestUwwiVg/rust_out" "--gc-sections" "-static"
  = note: some arguments are omitted. use `--verbose` to show all linker arguments
  = note: Remapping priority of thread 1 from 1 to 0
          Enabling sub-object bounds for cheriot.allocator
          Enabling sub-object bounds for cheriot.loader
          Enabling sub-object bounds for test_fw.scheduler
          Patched board file will be saved as "/Users/jacob/CHERIoT/rust/cheri/doctests/build/board.json"
          [ 93%]: linking compartment test_runner.compartment
          [ 93%]: linking firmware build/cheriot/cheriot/release/test_fw
          error: ld.lld: error: undefined symbol: __library_export_libcalls___divti3
          >>> referenced by compiler_builtins.f5786da9a5584453-cgu.112
          >>>               build/cheriot/cheriot/release/test_runner.compartment:()
          >>> did you mean: __library_export_libcalls___divdi3
          >>> defined in: build/cheriot/cheriot/release/crt.library
          
          ld.lld: error: undefined symbol: __library_export_libcalls___modti3
          >>> referenced by compiler_builtins.f5786da9a5584453-cgu.112
          >>>               build/cheriot/cheriot/release/test_runner.compartment:()
          >>> did you mean: __library_export_libcalls___moddi3
          >>> defined in: build/cheriot/cheriot/release/crt.library
          
          warning: $(buildir) has been deprecated, please use $(builddir)
          

error: aborting due to 1 previous error

Couldn't compile the test.test library/core/src/num/int_macros.rs - num::i128::strict_div_euclid (line 999) ... FAILED
test library/core/src/num/int_macros.rs - num::i128::strict_mul (line 819) ... ok
test library/core/src/num/int_macros.rs - num::i128::strict_mul (line 825) ... ok
test library/core/src/num/int_macros.rs - num::i128::strict_neg (line 1309) ... ok
test library/core/src/num/int_macros.rs - num::i128::strict_neg (line 1315) ... ok
test library/core/src/num/int_macros.rs - num::i128::strict_pow (line 1780) ... ok
test library/core/src/num/int_macros.rs - num::i128::strict_pow (line 1787) ... ok
error: linking with `./cheri/linker.sh` failed: exit status: 255
  |
  = note:  "./cheri/linker.sh" "-flavor" "gnu" "/var/folders/9k/gp4ckb6n1wd80tfd822vr6j80000gp/T/rustcRUopeI/symbols.o" "<2 object files omitted>" "--as-needed" "-Bstatic" "<sysroot>/lib/rustlib/riscv32cheriot-unknown-cheriotrtos/lib/{libpanic_abort-*,libstd-*,libcfg_if-*,librustc_demangle-*,libstd_detect-*,libhashbrown-*,librustc_std_workspace_alloc-*,libminiz_oxide-*,libadler2-*,libunwind-*,liblibc-*,librustc_std_workspace_core-*,liballoc-*,libcore-*,libcompiler_builtins-*}.rlib" "-L" "/var/folders/9k/gp4ckb6n1wd80tfd822vr6j80000gp/T/rustcRUopeI/raw-dylibs" "-Bdynamic" "-z" "noexecstack" "-L" "<sysroot>/lib/rustlib/riscv32cheriot-unknown-cheriotrtos/lib/self-contained" "-o" "/var/folders/9k/gp4ckb6n1wd80tfd822vr6j80000gp/T/rustdoctestCdUSKg/rust_out" "--gc-sections" "-static"
  = note: some arguments are omitted. use `--verbose` to show all linker arguments
  = note: Remapping priority of thread 1 from 1 to 0
          Enabling sub-object bounds for cheriot.allocator
          Enabling sub-object bounds for cheriot.loader
          Enabling sub-object bounds for test_fw.scheduler
          Patched board file will be saved as "/Users/jacob/CHERIoT/rust/cheri/doctests/build/board.json"
          [ 93%]: linking compartment test_runner.compartment
          [ 93%]: linking firmware build/cheriot/cheriot/release/test_fw
          error: ld.lld: error: undefined symbol: __library_export_libcalls___modti3
          >>> referenced by compiler_builtins.f5786da9a5584453-cgu.112
          >>>               build/cheriot/cheriot/release/test_runner.compartment:()
          >>> did you mean: __library_export_libcalls___moddi3
          >>> defined in: build/cheriot/cheriot/release/crt.library
          
          warning: $(buildir) has been deprecated, please use $(builddir)
          

error: aborting due to 1 previous error

Couldn't compile the test.test library/core/src/num/int_macros.rs - num::i128::strict_rem (line 1159) ... FAILED
error: linking with `./cheri/linker.sh` failed: exit status: 255
  |
  = note:  "./cheri/linker.sh" "-flavor" "gnu" "/var/folders/9k/gp4ckb6n1wd80tfd822vr6j80000gp/T/rustcFH5yO7/symbols.o" "<2 object files omitted>" "--as-needed" "-Bstatic" "<sysroot>/lib/rustlib/riscv32cheriot-unknown-cheriotrtos/lib/{libpanic_abort-*,libstd-*,libcfg_if-*,librustc_demangle-*,libstd_detect-*,libhashbrown-*,librustc_std_workspace_alloc-*,libminiz_oxide-*,libadler2-*,libunwind-*,liblibc-*,librustc_std_workspace_core-*,liballoc-*,libcore-*,libcompiler_builtins-*}.rlib" "-L" "/var/folders/9k/gp4ckb6n1wd80tfd822vr6j80000gp/T/rustcFH5yO7/raw-dylibs" "-Bdynamic" "-z" "noexecstack" "-L" "<sysroot>/lib/rustlib/riscv32cheriot-unknown-cheriotrtos/lib/self-contained" "-o" "/var/folders/9k/gp4ckb6n1wd80tfd822vr6j80000gp/T/rustdoctestIjsWk5/rust_out" "--gc-sections" "-static"
  = note: some arguments are omitted. use `--verbose` to show all linker arguments
  = note: Remapping priority of thread 1 from 1 to 0
          Enabling sub-object bounds for cheriot.allocator
          Enabling sub-object bounds for cheriot.loader
          Enabling sub-object bounds for test_fw.scheduler
          Patched board file will be saved as "/Users/jacob/CHERIoT/rust/cheri/doctests/build/board.json"
          [ 93%]: linking compartment test_runner.compartment
          [ 93%]: linking firmware build/cheriot/cheriot/release/test_fw
          error: ld.lld: error: undefined symbol: __library_export_libcalls___modti3
          >>> referenced by compiler_builtins.f5786da9a5584453-cgu.112
          >>>               build/cheriot/cheriot/release/test_runner.compartment:()
          >>> did you mean: __library_export_libcalls___moddi3
          >>> defined in: build/cheriot/cheriot/release/crt.library
          
          warning: $(buildir) has been deprecated, please use $(builddir)
          

error: aborting due to 1 previous error

Couldn't compile the test.test library/core/src/num/int_macros.rs - num::i128::strict_rem (line 1165) ... FAILED
error: linking with `./cheri/linker.sh` failed: exit status: 255
  |
  = note:  "./cheri/linker.sh" "-flavor" "gnu" "/var/folders/9k/gp4ckb6n1wd80tfd822vr6j80000gp/T/rustczCoXnU/symbols.o" "<2 object files omitted>" "--as-needed" "-Bstatic" "<sysroot>/lib/rustlib/riscv32cheriot-unknown-cheriotrtos/lib/{libpanic_abort-*,libstd-*,libcfg_if-*,librustc_demangle-*,libstd_detect-*,libhashbrown-*,librustc_std_workspace_alloc-*,libminiz_oxide-*,libadler2-*,libunwind-*,liblibc-*,librustc_std_workspace_core-*,liballoc-*,libcore-*,libcompiler_builtins-*}.rlib" "-L" "/var/folders/9k/gp4ckb6n1wd80tfd822vr6j80000gp/T/rustczCoXnU/raw-dylibs" "-Bdynamic" "-z" "noexecstack" "-L" "<sysroot>/lib/rustlib/riscv32cheriot-unknown-cheriotrtos/lib/self-contained" "-o" "/var/folders/9k/gp4ckb6n1wd80tfd822vr6j80000gp/T/rustdoctestqnZe5Q/rust_out" "--gc-sections" "-static"
  = note: some arguments are omitted. use `--verbose` to show all linker arguments
  = note: Remapping priority of thread 1 from 1 to 0
          Enabling sub-object bounds for cheriot.allocator
          Enabling sub-object bounds for cheriot.loader
          Enabling sub-object bounds for test_fw.scheduler
          Patched board file will be saved as "/Users/jacob/CHERIoT/rust/cheri/doctests/build/board.json"
          [ 93%]: linking compartment test_runner.compartment
          [ 93%]: linking firmware build/cheriot/cheriot/release/test_fw
          error: ld.lld: error: undefined symbol: __library_export_libcalls___modti3
          >>> referenced by compiler_builtins.f5786da9a5584453-cgu.112
          >>>               build/cheriot/cheriot/release/test_runner.compartment:()
          >>> did you mean: __library_export_libcalls___moddi3
          >>> defined in: build/cheriot/cheriot/release/crt.library
          
          warning: $(buildir) has been deprecated, please use $(builddir)
          

error: aborting due to 1 previous error

Couldn't compile the test.test library/core/src/num/int_macros.rs - num::i128::strict_rem (line 1171) ... FAILED
error: linking with `./cheri/linker.sh` failed: exit status: 255
  |
  = note:  "./cheri/linker.sh" "-flavor" "gnu" "/var/folders/9k/gp4ckb6n1wd80tfd822vr6j80000gp/T/rustcHGscvZ/symbols.o" "<2 object files omitted>" "--as-needed" "-Bstatic" "<sysroot>/lib/rustlib/riscv32cheriot-unknown-cheriotrtos/lib/{libpanic_abort-*,libstd-*,libcfg_if-*,librustc_demangle-*,libstd_detect-*,libhashbrown-*,librustc_std_workspace_alloc-*,libminiz_oxide-*,libadler2-*,libunwind-*,liblibc-*,librustc_std_workspace_core-*,liballoc-*,libcore-*,libcompiler_builtins-*}.rlib" "-L" "/var/folders/9k/gp4ckb6n1wd80tfd822vr6j80000gp/T/rustcHGscvZ/raw-dylibs" "-Bdynamic" "-z" "noexecstack" "-L" "<sysroot>/lib/rustlib/riscv32cheriot-unknown-cheriotrtos/lib/self-contained" "-o" "/var/folders/9k/gp4ckb6n1wd80tfd822vr6j80000gp/T/rustdoctestEpvFhq/rust_out" "--gc-sections" "-static"
  = note: some arguments are omitted. use `--verbose` to show all linker arguments
  = note: Remapping priority of thread 1 from 1 to 0
          Enabling sub-object bounds for cheriot.allocator
          Enabling sub-object bounds for cheriot.loader
          Enabling sub-object bounds for test_fw.scheduler
          Patched board file will be saved as "/Users/jacob/CHERIoT/rust/cheri/doctests/build/board.json"
          [ 93%]: linking compartment test_runner.compartment
          [ 93%]: linking firmware build/cheriot/cheriot/release/test_fw
          error: ld.lld: error: undefined symbol: __library_export_libcalls___modti3
          >>> referenced by compiler_builtins.f5786da9a5584453-cgu.112
          >>>               build/cheriot/cheriot/release/test_runner.compartment:()
          >>> did you mean: __library_export_libcalls___moddi3
          >>> defined in: build/cheriot/cheriot/release/crt.library
          
          warning: $(buildir) has been deprecated, please use $(builddir)
          

error: aborting due to 1 previous error

Couldn't compile the test.test library/core/src/num/int_macros.rs - num::i128::strict_rem_euclid (line 1225) ... FAILED
error: linking with `./cheri/linker.sh` failed: exit status: 255
  |
  = note:  "./cheri/linker.sh" "-flavor" "gnu" "/var/folders/9k/gp4ckb6n1wd80tfd822vr6j80000gp/T/rustcpKkBop/symbols.o" "<2 object files omitted>" "--as-needed" "-Bstatic" "<sysroot>/lib/rustlib/riscv32cheriot-unknown-cheriotrtos/lib/{libpanic_abort-*,libstd-*,libcfg_if-*,librustc_demangle-*,libstd_detect-*,libhashbrown-*,librustc_std_workspace_alloc-*,libminiz_oxide-*,libadler2-*,libunwind-*,liblibc-*,librustc_std_workspace_core-*,liballoc-*,libcore-*,libcompiler_builtins-*}.rlib" "-L" "/var/folders/9k/gp4ckb6n1wd80tfd822vr6j80000gp/T/rustcpKkBop/raw-dylibs" "-Bdynamic" "-z" "noexecstack" "-L" "<sysroot>/lib/rustlib/riscv32cheriot-unknown-cheriotrtos/lib/self-contained" "-o" "/var/folders/9k/gp4ckb6n1wd80tfd822vr6j80000gp/T/rustdoctestqaW12Q/rust_out" "--gc-sections" "-static"
  = note: some arguments are omitted. use `--verbose` to show all linker arguments
  = note: Remapping priority of thread 1 from 1 to 0
          Enabling sub-object bounds for cheriot.allocator
          Enabling sub-object bounds for cheriot.loader
          Enabling sub-object bounds for test_fw.scheduler
          Patched board file will be saved as "/Users/jacob/CHERIoT/rust/cheri/doctests/build/board.json"
          [ 93%]: linking compartment test_runner.compartment
          [ 93%]: linking firmware build/cheriot/cheriot/release/test_fw
          error: ld.lld: error: undefined symbol: __library_export_libcalls___modti3
          >>> referenced by compiler_builtins.f5786da9a5584453-cgu.112
          >>>               build/cheriot/cheriot/release/test_runner.compartment:()
          >>> did you mean: __library_export_libcalls___moddi3
          >>> defined in: build/cheriot/cheriot/release/crt.library
          
          warning: $(buildir) has been deprecated, please use $(builddir)
          

error: aborting due to 1 previous error

Couldn't compile the test.test library/core/src/num/int_macros.rs - num::i128::strict_rem_euclid (line 1231) ... FAILED
error: linking with `./cheri/linker.sh` failed: exit status: 255
  |
  = note:  "./cheri/linker.sh" "-flavor" "gnu" "/var/folders/9k/gp4ckb6n1wd80tfd822vr6j80000gp/T/rustcBrulnP/symbols.o" "<2 object files omitted>" "--as-needed" "-Bstatic" "<sysroot>/lib/rustlib/riscv32cheriot-unknown-cheriotrtos/lib/{libpanic_abort-*,libstd-*,libcfg_if-*,librustc_demangle-*,libstd_detect-*,libhashbrown-*,librustc_std_workspace_alloc-*,libminiz_oxide-*,libadler2-*,libunwind-*,liblibc-*,librustc_std_workspace_core-*,liballoc-*,libcore-*,libcompiler_builtins-*}.rlib" "-L" "/var/folders/9k/gp4ckb6n1wd80tfd822vr6j80000gp/T/rustcBrulnP/raw-dylibs" "-Bdynamic" "-z" "noexecstack" "-L" "<sysroot>/lib/rustlib/riscv32cheriot-unknown-cheriotrtos/lib/self-contained" "-o" "/var/folders/9k/gp4ckb6n1wd80tfd822vr6j80000gp/T/rustdoctestXnf8vS/rust_out" "--gc-sections" "-static"
  = note: some arguments are omitted. use `--verbose` to show all linker arguments
  = note: Remapping priority of thread 1 from 1 to 0
          Enabling sub-object bounds for cheriot.allocator
          Enabling sub-object bounds for cheriot.loader
          Enabling sub-object bounds for test_fw.scheduler
          Patched board file will be saved as "/Users/jacob/CHERIoT/rust/cheri/doctests/build/board.json"
          [ 93%]: linking compartment test_runner.compartment
          [ 93%]: linking firmware build/cheriot/cheriot/release/test_fw
          error: ld.lld: error: undefined symbol: __library_export_libcalls___modti3
          >>> referenced by compiler_builtins.f5786da9a5584453-cgu.112
          >>>               build/cheriot/cheriot/release/test_runner.compartment:()
          >>> did you mean: __library_export_libcalls___moddi3
          >>> defined in: build/cheriot/cheriot/release/crt.library
          
          warning: $(buildir) has been deprecated, please use $(builddir)
          

error: aborting due to 1 previous error

Couldn't compile the test.test library/core/src/num/int_macros.rs - num::i128::strict_rem_euclid (line 1237) ... FAILED
test library/core/src/num/int_macros.rs - num::i128::strict_shl (line 1365) ... ok
test library/core/src/num/int_macros.rs - num::i128::strict_shl (line 1371) ... ok
test library/core/src/num/int_macros.rs - num::i128::strict_shr (line 1537) ... ok
test library/core/src/num/int_macros.rs - num::i128::strict_shr (line 1543) ... ok
test library/core/src/num/int_macros.rs - num::i128::strict_sub (line 679) ... ok
test library/core/src/num/int_macros.rs - num::i128::strict_sub (line 685) ... ok
test library/core/src/num/int_macros.rs - num::i128::strict_sub_unsigned (line 769) ... ok
test library/core/src/num/int_macros.rs - num::i128::strict_sub_unsigned (line 775) ... ok
test library/core/src/num/int_macros.rs - num::i128::swap_bytes (line 334) ... ok
test library/core/src/num/int_macros.rs - num::i128::to_be (line 447) ... ok
test library/core/src/num/int_macros.rs - num::i128::to_be_bytes (line 3680) ... ok
test library/core/src/num/int_macros.rs - num::i128::to_le (line 484) ... ok
test library/core/src/num/int_macros.rs - num::i128::to_le_bytes (line 3700) ... ok
test library/core/src/num/int_macros.rs - num::i128::to_ne_bytes (line 3727) ... ok
test library/core/src/num/int_macros.rs - num::i128::trailing_ones (line 156) ... ok
test library/core/src/num/int_macros.rs - num::i128::trailing_zeros (line 120) ... ok
test library/core/src/num/int_macros.rs - num::i128::unbounded_shl (line 1423) ... ok
test library/core/src/num/int_macros.rs - num::i128::unbounded_shr (line 1596) ... ok
test library/core/src/num/int_macros.rs - num::i128::unsigned_abs (line 2377) ... ok
test library/core/src/num/int_macros.rs - num::i128::widening_mul (line 2685) ... ok
test library/core/src/num/int_macros.rs - num::i128::wrapping_abs (line 2351) ... ok
test library/core/src/num/int_macros.rs - num::i128::wrapping_add (line 2077) ... ok
test library/core/src/num/int_macros.rs - num::i128::wrapping_add_unsigned (line 2095) ... ok
error: linking with `./cheri/linker.sh` failed: exit status: 255
  |
  = note:  "./cheri/linker.sh" "-flavor" "gnu" "/var/folders/9k/gp4ckb6n1wd80tfd822vr6j80000gp/T/rustc1wo4LN/symbols.o" "<2 object files omitted>" "--as-needed" "-Bstatic" "<sysroot>/lib/rustlib/riscv32cheriot-unknown-cheriotrtos/lib/{libpanic_abort-*,libstd-*,libcfg_if-*,librustc_demangle-*,libstd_detect-*,libhashbrown-*,librustc_std_workspace_alloc-*,libminiz_oxide-*,libadler2-*,libunwind-*,liblibc-*,librustc_std_workspace_core-*,liballoc-*,libcore-*,libcompiler_builtins-*}.rlib" "-L" "/var/folders/9k/gp4ckb6n1wd80tfd822vr6j80000gp/T/rustc1wo4LN/raw-dylibs" "-Bdynamic" "-z" "noexecstack" "-L" "<sysroot>/lib/rustlib/riscv32cheriot-unknown-cheriotrtos/lib/self-contained" "-o" "/var/folders/9k/gp4ckb6n1wd80tfd822vr6j80000gp/T/rustdoctestT3P8oD/rust_out" "--gc-sections" "-static"
  = note: some arguments are omitted. use `--verbose` to show all linker arguments
  = note: Remapping priority of thread 1 from 1 to 0
          Enabling sub-object bounds for cheriot.allocator
          Enabling sub-object bounds for cheriot.loader
          Enabling sub-object bounds for test_fw.scheduler
          Patched board file will be saved as "/Users/jacob/CHERIoT/rust/cheri/doctests/build/board.json"
          [ 93%]: linking compartment test_runner.compartment
          [ 93%]: linking firmware build/cheriot/cheriot/release/test_fw
          error: ld.lld: error: undefined symbol: __library_export_libcalls___divti3
          >>> referenced by compiler_builtins.f5786da9a5584453-cgu.112
          >>>               build/cheriot/cheriot/release/test_runner.compartment:()
          >>> did you mean: __library_export_libcalls___divdi3
          >>> defined in: build/cheriot/cheriot/release/crt.library
          
          warning: $(buildir) has been deprecated, please use $(builddir)
          

error: aborting due to 1 previous error

Couldn't compile the test.test library/core/src/num/int_macros.rs - num::i128::wrapping_div (line 2175) ... FAILED
error: linking with `./cheri/linker.sh` failed: exit status: 255
  |
  = note:  "./cheri/linker.sh" "-flavor" "gnu" "/var/folders/9k/gp4ckb6n1wd80tfd822vr6j80000gp/T/rustcgHzIoA/symbols.o" "<2 object files omitted>" "--as-needed" "-Bstatic" "<sysroot>/lib/rustlib/riscv32cheriot-unknown-cheriotrtos/lib/{libpanic_abort-*,libstd-*,libcfg_if-*,librustc_demangle-*,libstd_detect-*,libhashbrown-*,librustc_std_workspace_alloc-*,libminiz_oxide-*,libadler2-*,libunwind-*,liblibc-*,librustc_std_workspace_core-*,liballoc-*,libcore-*,libcompiler_builtins-*}.rlib" "-L" "/var/folders/9k/gp4ckb6n1wd80tfd822vr6j80000gp/T/rustcgHzIoA/raw-dylibs" "-Bdynamic" "-z" "noexecstack" "-L" "<sysroot>/lib/rustlib/riscv32cheriot-unknown-cheriotrtos/lib/self-contained" "-o" "/var/folders/9k/gp4ckb6n1wd80tfd822vr6j80000gp/T/rustdoctestbxlRHo/rust_out" "--gc-sections" "-static"
  = note: some arguments are omitted. use `--verbose` to show all linker arguments
  = note: Remapping priority of thread 1 from 1 to 0
          Enabling sub-object bounds for cheriot.allocator
          Enabling sub-object bounds for cheriot.loader
          Enabling sub-object bounds for test_fw.scheduler
          Patched board file will be saved as "/Users/jacob/CHERIoT/rust/cheri/doctests/build/board.json"
          [ 93%]: linking compartment test_runner.compartment
          [ 93%]: linking firmware build/cheriot/cheriot/release/test_fw
          error: ld.lld: error: undefined symbol: __library_export_libcalls___divti3
          >>> referenced by compiler_builtins.f5786da9a5584453-cgu.112
          >>>               build/cheriot/cheriot/release/test_runner.compartment:()
          >>> did you mean: __library_export_libcalls___divdi3
          >>> defined in: build/cheriot/cheriot/release/crt.library
          
          ld.lld: error: undefined symbol: __library_export_libcalls___modti3
          >>> referenced by compiler_builtins.f5786da9a5584453-cgu.112
          >>>               build/cheriot/cheriot/release/test_runner.compartment:()
          >>> did you mean: __library_export_libcalls___moddi3
          >>> defined in: build/cheriot/cheriot/release/crt.library
          
          warning: $(buildir) has been deprecated, please use $(builddir)
          

error: aborting due to 1 previous error

Couldn't compile the test.test library/core/src/num/int_macros.rs - num::i128::wrapping_div_euclid (line 2201) ... FAILED
test library/core/src/num/int_macros.rs - num::i128::wrapping_mul (line 2149) ... ok
test library/core/src/num/int_macros.rs - num::i128::wrapping_neg (line 2274) ... ok
test library/core/src/num/int_macros.rs - num::i128::wrapping_pow (line 2396) ... ok
error: linking with `./cheri/linker.sh` failed: exit status: 255
  |
  = note:  "./cheri/linker.sh" "-flavor" "gnu" "/var/folders/9k/gp4ckb6n1wd80tfd822vr6j80000gp/T/rustcf4Vx2G/symbols.o" "<2 object files omitted>" "--as-needed" "-Bstatic" "<sysroot>/lib/rustlib/riscv32cheriot-unknown-cheriotrtos/lib/{libpanic_abort-*,libstd-*,libcfg_if-*,librustc_demangle-*,libstd_detect-*,libhashbrown-*,librustc_std_workspace_alloc-*,libminiz_oxide-*,libadler2-*,libunwind-*,liblibc-*,librustc_std_workspace_core-*,liballoc-*,libcore-*,libcompiler_builtins-*}.rlib" "-L" "/var/folders/9k/gp4ckb6n1wd80tfd822vr6j80000gp/T/rustcf4Vx2G/raw-dylibs" "-Bdynamic" "-z" "noexecstack" "-L" "<sysroot>/lib/rustlib/riscv32cheriot-unknown-cheriotrtos/lib/self-contained" "-o" "/var/folders/9k/gp4ckb6n1wd80tfd822vr6j80000gp/T/rustdoctestuoDMGu/rust_out" "--gc-sections" "-static"
  = note: some arguments are omitted. use `--verbose` to show all linker arguments
  = note: Remapping priority of thread 1 from 1 to 0
          Enabling sub-object bounds for cheriot.allocator
          Enabling sub-object bounds for cheriot.loader
          Enabling sub-object bounds for test_fw.scheduler
          Patched board file will be saved as "/Users/jacob/CHERIoT/rust/cheri/doctests/build/board.json"
          [ 93%]: linking compartment test_runner.compartment
          [ 93%]: linking firmware build/cheriot/cheriot/release/test_fw
          error: ld.lld: error: undefined symbol: __library_export_libcalls___modti3
          >>> referenced by compiler_builtins.f5786da9a5584453-cgu.112
          >>>               build/cheriot/cheriot/release/test_runner.compartment:()
          >>> did you mean: __library_export_libcalls___moddi3
          >>> defined in: build/cheriot/cheriot/release/crt.library
          
          warning: $(buildir) has been deprecated, please use $(builddir)
          

error: aborting due to 1 previous error

Couldn't compile the test.test library/core/src/num/int_macros.rs - num::i128::wrapping_rem (line 2227) ... FAILED
error: linking with `./cheri/linker.sh` failed: exit status: 255
  |
  = note:  "./cheri/linker.sh" "-flavor" "gnu" "/var/folders/9k/gp4ckb6n1wd80tfd822vr6j80000gp/T/rustcVMCGMk/symbols.o" "<2 object files omitted>" "--as-needed" "-Bstatic" "<sysroot>/lib/rustlib/riscv32cheriot-unknown-cheriotrtos/lib/{libpanic_abort-*,libstd-*,libcfg_if-*,librustc_demangle-*,libstd_detect-*,libhashbrown-*,librustc_std_workspace_alloc-*,libminiz_oxide-*,libadler2-*,libunwind-*,liblibc-*,librustc_std_workspace_core-*,liballoc-*,libcore-*,libcompiler_builtins-*}.rlib" "-L" "/var/folders/9k/gp4ckb6n1wd80tfd822vr6j80000gp/T/rustcVMCGMk/raw-dylibs" "-Bdynamic" "-z" "noexecstack" "-L" "<sysroot>/lib/rustlib/riscv32cheriot-unknown-cheriotrtos/lib/self-contained" "-o" "/var/folders/9k/gp4ckb6n1wd80tfd822vr6j80000gp/T/rustdoctestc8LUNJ/rust_out" "--gc-sections" "-static"
  = note: some arguments are omitted. use `--verbose` to show all linker arguments
  = note: Remapping priority of thread 1 from 1 to 0
          Enabling sub-object bounds for cheriot.allocator
          Enabling sub-object bounds for cheriot.loader
          Enabling sub-object bounds for test_fw.scheduler
          Patched board file will be saved as "/Users/jacob/CHERIoT/rust/cheri/doctests/build/board.json"
          [ 93%]: linking compartment test_runner.compartment
          [ 93%]: linking firmware build/cheriot/cheriot/release/test_fw
          error: ld.lld: error: undefined symbol: __library_export_libcalls___modti3
          >>> referenced by compiler_builtins.f5786da9a5584453-cgu.112
          >>>               build/cheriot/cheriot/release/test_runner.compartment:()
          >>> did you mean: __library_export_libcalls___moddi3
          >>> defined in: build/cheriot/cheriot/release/crt.library
          
          warning: $(buildir) has been deprecated, please use $(builddir)
          

error: aborting due to 1 previous error

Couldn't compile the test.test library/core/src/num/int_macros.rs - num::i128::wrapping_rem_euclid (line 2252) ... FAILED
test library/core/src/num/int_macros.rs - num::i128::wrapping_shl (line 2298) ... ok
test library/core/src/num/int_macros.rs - num::i128::wrapping_shr (line 2325) ... ok
test library/core/src/num/int_macros.rs - num::i128::wrapping_sub (line 2113) ... ok
test library/core/src/num/int_macros.rs - num::i128::wrapping_sub_unsigned (line 2131) ... ok
test library/core/src/num/int_macros.rs - num::i16::BITS (line 53) ... ok
test library/core/src/num/int_macros.rs - num::i16::MAX (line 43) ... ok
test library/core/src/num/int_macros.rs - num::i16::MIN (line 32) ... ok
test library/core/src/num/int_macros.rs - num::i16::abs (line 3554) ... ok
test library/core/src/num/int_macros.rs - num::i16::abs_diff (line 3583) ... ok
test library/core/src/num/int_macros.rs - num::i16::borrowing_sub (line 2593) ... ok
test library/core/src/num/int_macros.rs - num::i16::carrying_add (line 2490) ... ok
test library/core/src/num/int_macros.rs - num::i16::carrying_mul (line 2715) ... ok
test library/core/src/num/int_macros.rs - num::i16::carrying_mul_add (line 2752) ... ok
test library/core/src/num/int_macros.rs - num::i16::cast_unsigned (line 261) ... ok
test library/core/src/num/int_macros.rs - num::i16::checked_abs (line 1682) ... ok
test library/core/src/num/int_macros.rs - num::i16::checked_add (line 514) ... ok
test library/core/src/num/int_macros.rs - num::i16::checked_add_unsigned (line 604) ... ok
test library/core/src/num/int_macros.rs - num::i16::checked_div (line 884) ... ok
test library/core/src/num/int_macros.rs - num::i16::checked_div_euclid (line 951) ... ok
test library/core/src/num/int_macros.rs - num::i16::checked_div_exact (line 1019) ... ok
test library/core/src/num/int_macros.rs - num::i16::checked_ilog (line 3473) ... ok
test library/core/src/num/int_macros.rs - num::i16::checked_ilog10 (line 3521) ... ok
test library/core/src/num/int_macros.rs - num::i16::checked_ilog2 (line 3497) ... ok
test library/core/src/num/int_macros.rs - num::i16::checked_isqrt (line 1822) ... ok
test library/core/src/num/int_macros.rs - num::i16::checked_mul (line 794) ... ok
test library/core/src/num/int_macros.rs - num::i16::checked_neg (line 1255) ... ok
test library/core/src/num/int_macros.rs - num::i16::checked_next_multiple_of (line 3341) ... ok
test library/core/src/num/int_macros.rs - num::i16::checked_pow (line 1738) ... ok
test library/core/src/num/int_macros.rs - num::i16::checked_rem (line 1124) ... ok
test library/core/src/num/int_macros.rs - num::i16::checked_rem_euclid (line 1190) ... ok
test library/core/src/num/int_macros.rs - num::i16::checked_shl (line 1334) ... ok
test library/core/src/num/int_macros.rs - num::i16::checked_shr (line 1507) ... ok
test library/core/src/num/int_macros.rs - num::i16::checked_sub (line 654) ... ok
test library/core/src/num/int_macros.rs - num::i16::checked_sub_unsigned (line 744) ... ok
test library/core/src/num/int_macros.rs - num::i16::clamp_magnitude (line 3891) ... ok
test library/core/src/num/int_macros.rs - num::i16::count_ones (line 63) ... ok
test library/core/src/num/int_macros.rs - num::i16::count_zeros (line 82) ... ok
test library/core/src/num/int_macros.rs - num::i16::div_ceil (line 3252) ... ok
test library/core/src/num/int_macros.rs - num::i16::div_euclid (line 3126) ... ok
test library/core/src/num/int_macros.rs - num::i16::div_exact (line 1061) ... ok
test library/core/src/num/int_macros.rs - num::i16::div_exact (line 1068) ... ok
test library/core/src/num/int_macros.rs - num::i16::div_exact (line 1072) ... ok
test library/core/src/num/int_macros.rs - num::i16::div_floor (line 3210) ... ok
test library/core/src/num/int_macros.rs - num::i16::from_be (line 379) ... ok
test library/core/src/num/int_macros.rs - num::i16::from_be_bytes (line 3759) ... ok
test library/core/src/num/int_macros.rs - num::i16::from_be_bytes (line 3766) ... ok
test library/core/src/num/int_macros.rs - num::i16::from_le (line 411) ... ok
test library/core/src/num/int_macros.rs - num::i16::from_le_bytes (line 3788) ... ok
test library/core/src/num/int_macros.rs - num::i16::from_le_bytes (line 3795) ... ok
test library/core/src/num/int_macros.rs - num::i16::from_ne_bytes (line 3824) ... ok
test library/core/src/num/int_macros.rs - num::i16::from_ne_bytes (line 3835) ... ok
test library/core/src/num/int_macros.rs - num::i16::highest_one (line 217) ... ok
test library/core/src/num/int_macros.rs - num::i16::ilog (line 3394) ... ok
test library/core/src/num/int_macros.rs - num::i16::ilog10 (line 3445) ... ok
test library/core/src/num/int_macros.rs - num::i16::ilog2 (line 3420) ... ok
test library/core/src/num/int_macros.rs - num::i16::is_negative (line 3663) ... ok
test library/core/src/num/int_macros.rs - num::i16::is_positive (line 3648) ... ok
test library/core/src/num/int_macros.rs - num::i16::isolate_highest_one (line 175) ... ok
test library/core/src/num/int_macros.rs - num::i16::isolate_lowest_one (line 196) ... ok
test library/core/src/num/int_macros.rs - num::i16::isqrt (line 3091) ... ok
test library/core/src/num/int_macros.rs - num::i16::leading_ones (line 138) ... ok
test library/core/src/num/int_macros.rs - num::i16::leading_zeros (line 101) ... ok
test library/core/src/num/int_macros.rs - num::i16::lowest_one (line 238) ... ok
test library/core/src/num/int_macros.rs - num::i16::next_multiple_of (line 3297) ... ok
test library/core/src/num/int_macros.rs - num::i16::overflowing_abs (line 2968) ... ok
test library/core/src/num/int_macros.rs - num::i16::overflowing_add (line 2454) ... ok
test library/core/src/num/int_macros.rs - num::i16::overflowing_add_unsigned (line 2533) ... ok
test library/core/src/num/int_macros.rs - num::i16::overflowing_div (line 2783) ... ok
test library/core/src/num/int_macros.rs - num::i16::overflowing_div_euclid (line 2812) ... ok
test library/core/src/num/int_macros.rs - num::i16::overflowing_mul (line 2659) ... ok
test library/core/src/num/int_macros.rs - num::i16::overflowing_neg (line 2897) ... ok
test library/core/src/num/int_macros.rs - num::i16::overflowing_pow (line 2989) ... ok
test library/core/src/num/int_macros.rs - num::i16::overflowing_rem (line 2841) ... ok
test library/core/src/num/int_macros.rs - num::i16::overflowing_rem_euclid (line 2870) ... ok
test library/core/src/num/int_macros.rs - num::i16::overflowing_shl (line 2923) ... ok
test library/core/src/num/int_macros.rs - num::i16::overflowing_shr (line 2945) ... ok
test library/core/src/num/int_macros.rs - num::i16::overflowing_sub (line 2556) ... ok
test library/core/src/num/int_macros.rs - num::i16::overflowing_sub_unsigned (line 2636) ... ok
test library/core/src/num/int_macros.rs - num::i16::pow (line 3031) ... ok
test library/core/src/num/int_macros.rs - num::i16::rem_euclid (line 3163) ... ok
test library/core/src/num/int_macros.rs - num::i16::rem_euclid (line 3174) ... ok
test library/core/src/num/int_macros.rs - num::i16::reverse_bits (line 355) ... ok
test library/core/src/num/int_macros.rs - num::i16::rotate_left (line 286) ... ok
test library/core/src/num/int_macros.rs - num::i16::rotate_right (line 314) ... ok
test library/core/src/num/int_macros.rs - num::i16::saturating_abs (line 1975) ... ok
test library/core/src/num/int_macros.rs - num::i16::saturating_add (line 1869) ... ok
test library/core/src/num/int_macros.rs - num::i16::saturating_add_unsigned (line 1889) ... ok
test library/core/src/num/int_macros.rs - num::i16::saturating_div (line 2030) ... ok
test library/core/src/num/int_macros.rs - num::i16::saturating_mul (line 2000) ... ok
test library/core/src/num/int_macros.rs - num::i16::saturating_neg (line 1954) ... ok
test library/core/src/num/int_macros.rs - num::i16::saturating_pow (line 2053) ... ok
test library/core/src/num/int_macros.rs - num::i16::saturating_sub (line 1912) ... ok
test library/core/src/num/int_macros.rs - num::i16::saturating_sub_unsigned (line 1931) ... ok
test library/core/src/num/int_macros.rs - num::i16::shl_exact (line 1451) ... ok
test library/core/src/num/int_macros.rs - num::i16::shr_exact (line 1628) ... ok
test library/core/src/num/int_macros.rs - num::i16::signum (line 3624) ... ok
test library/core/src/num/int_macros.rs - num::i16::strict_abs (line 1710) ... ok
test library/core/src/num/int_macros.rs - num::i16::strict_abs (line 1716) ... ok
test library/core/src/num/int_macros.rs - num::i16::strict_add (line 539) ... ok
test library/core/src/num/int_macros.rs - num::i16::strict_add (line 545) ... ok
test library/core/src/num/int_macros.rs - num::i16::strict_add_unsigned (line 629) ... ok
test library/core/src/num/int_macros.rs - num::i16::strict_add_unsigned (line 635) ... ok
test library/core/src/num/int_macros.rs - num::i16::strict_div (line 920) ... ok
test library/core/src/num/int_macros.rs - num::i16::strict_div (line 926) ... ok
test library/core/src/num/int_macros.rs - num::i16::strict_div (line 932) ... ok
test library/core/src/num/int_macros.rs - num::i16::strict_div_euclid (line 987) ... ok
test library/core/src/num/int_macros.rs - num::i16::strict_div_euclid (line 993) ... ok
test library/core/src/num/int_macros.rs - num::i16::strict_div_euclid (line 999) ... ok
test library/core/src/num/int_macros.rs - num::i16::strict_mul (line 819) ... ok
test library/core/src/num/int_macros.rs - num::i16::strict_mul (line 825) ... ok
test library/core/src/num/int_macros.rs - num::i16::strict_neg (line 1309) ... ok
test library/core/src/num/int_macros.rs - num::i16::strict_neg (line 1315) ... ok
test library/core/src/num/int_macros.rs - num::i16::strict_pow (line 1780) ... ok
test library/core/src/num/int_macros.rs - num::i16::strict_pow (line 1787) ... ok
test library/core/src/num/int_macros.rs - num::i16::strict_rem (line 1159) ... ok
test library/core/src/num/int_macros.rs - num::i16::strict_rem (line 1165) ... ok
test library/core/src/num/int_macros.rs - num::i16::strict_rem (line 1171) ... ok
test library/core/src/num/int_macros.rs - num::i16::strict_rem_euclid (line 1225) ... ok
test library/core/src/num/int_macros.rs - num::i16::strict_rem_euclid (line 1231) ... ok
test library/core/src/num/int_macros.rs - num::i16::strict_rem_euclid (line 1237) ... ok
test library/core/src/num/int_macros.rs - num::i16::strict_shl (line 1365) ... ok
test library/core/src/num/int_macros.rs - num::i16::strict_shl (line 1371) ... ok
test library/core/src/num/int_macros.rs - num::i16::strict_shr (line 1537) ... ok
test library/core/src/num/int_macros.rs - num::i16::strict_shr (line 1543) ... ok
test library/core/src/num/int_macros.rs - num::i16::strict_sub (line 679) ... ok
test library/core/src/num/int_macros.rs - num::i16::strict_sub (line 685) ... ok
test library/core/src/num/int_macros.rs - num::i16::strict_sub_unsigned (line 769) ... ok
test library/core/src/num/int_macros.rs - num::i16::strict_sub_unsigned (line 775) ... ok
test library/core/src/num/int_macros.rs - num::i16::swap_bytes (line 334) ... ok
test library/core/src/num/int_macros.rs - num::i16::to_be (line 447) ... ok
test library/core/src/num/int_macros.rs - num::i16::to_be_bytes (line 3680) ... ok
test library/core/src/num/int_macros.rs - num::i16::to_le (line 484) ... ok
test library/core/src/num/int_macros.rs - num::i16::to_le_bytes (line 3700) ... ok
test library/core/src/num/int_macros.rs - num::i16::to_ne_bytes (line 3727) ... ok
test library/core/src/num/int_macros.rs - num::i16::trailing_ones (line 156) ... ok
test library/core/src/num/int_macros.rs - num::i16::trailing_zeros (line 120) ... ok
test library/core/src/num/int_macros.rs - num::i16::unbounded_shl (line 1423) ... ok
test library/core/src/num/int_macros.rs - num::i16::unbounded_shr (line 1596) ... ok
test library/core/src/num/int_macros.rs - num::i16::unsigned_abs (line 2377) ... ok
test library/core/src/num/int_macros.rs - num::i16::widening_mul (line 2685) ... ok
test library/core/src/num/int_macros.rs - num::i16::wrapping_abs (line 2351) ... ok
test library/core/src/num/int_macros.rs - num::i16::wrapping_add (line 2077) ... ok
test library/core/src/num/int_macros.rs - num::i16::wrapping_add_unsigned (line 2095) ... ok
test library/core/src/num/int_macros.rs - num::i16::wrapping_div (line 2175) ... ok
test library/core/src/num/int_macros.rs - num::i16::wrapping_div_euclid (line 2201) ... ok
test library/core/src/num/int_macros.rs - num::i16::wrapping_mul (line 2149) ... ok
test library/core/src/num/int_macros.rs - num::i16::wrapping_neg (line 2274) ... ok
test library/core/src/num/int_macros.rs - num::i16::wrapping_pow (line 2396) ... ok
test library/core/src/num/int_macros.rs - num::i16::wrapping_rem (line 2227) ... ok
test library/core/src/num/int_macros.rs - num::i16::wrapping_rem_euclid (line 2252) ... ok
test library/core/src/num/int_macros.rs - num::i16::wrapping_shl (line 2298) ... ok
test library/core/src/num/int_macros.rs - num::i16::wrapping_shr (line 2325) ... ok
test library/core/src/num/int_macros.rs - num::i16::wrapping_sub (line 2113) ... ok
test library/core/src/num/int_macros.rs - num::i16::wrapping_sub_unsigned (line 2131) ... ok
test library/core/src/num/int_macros.rs - num::i32::BITS (line 53) ... ok
test library/core/src/num/int_macros.rs - num::i32::MAX (line 43) ... ok
test library/core/src/num/int_macros.rs - num::i32::MIN (line 32) ... ok
test library/core/src/num/int_macros.rs - num::i32::abs (line 3554) ... ok
test library/core/src/num/int_macros.rs - num::i32::abs_diff (line 3583) ... ok
test library/core/src/num/int_macros.rs - num::i32::borrowing_sub (line 2593) ... ok
test library/core/src/num/int_macros.rs - num::i32::carrying_add (line 2490) ... ok
test library/core/src/num/int_macros.rs - num::i32::carrying_mul (line 2715) ... ok
test library/core/src/num/int_macros.rs - num::i32::carrying_mul_add (line 2752) ... ok
test library/core/src/num/int_macros.rs - num::i32::cast_unsigned (line 261) ... ok
test library/core/src/num/int_macros.rs - num::i32::checked_abs (line 1682) ... ok
test library/core/src/num/int_macros.rs - num::i32::checked_add (line 514) ... ok
test library/core/src/num/int_macros.rs - num::i32::checked_add_unsigned (line 604) ... ok
test library/core/src/num/int_macros.rs - num::i32::checked_div (line 884) ... ok
test library/core/src/num/int_macros.rs - num::i32::checked_div_euclid (line 951) ... ok
test library/core/src/num/int_macros.rs - num::i32::checked_div_exact (line 1019) ... ok
test library/core/src/num/int_macros.rs - num::i32::checked_ilog (line 3473) ... ok
test library/core/src/num/int_macros.rs - num::i32::checked_ilog10 (line 3521) ... ok
test library/core/src/num/int_macros.rs - num::i32::checked_ilog2 (line 3497) ... ok
test library/core/src/num/int_macros.rs - num::i32::checked_isqrt (line 1822) ... ok
test library/core/src/num/int_macros.rs - num::i32::checked_mul (line 794) ... ok
test library/core/src/num/int_macros.rs - num::i32::checked_neg (line 1255) ... ok
test library/core/src/num/int_macros.rs - num::i32::checked_next_multiple_of (line 3341) ... ok
test library/core/src/num/int_macros.rs - num::i32::checked_pow (line 1738) ... ok
test library/core/src/num/int_macros.rs - num::i32::checked_rem (line 1124) ... ok
test library/core/src/num/int_macros.rs - num::i32::checked_rem_euclid (line 1190) ... ok
test library/core/src/num/int_macros.rs - num::i32::checked_shl (line 1334) ... ok
test library/core/src/num/int_macros.rs - num::i32::checked_shr (line 1507) ... ok
test library/core/src/num/int_macros.rs - num::i32::checked_sub (line 654) ... ok
test library/core/src/num/int_macros.rs - num::i32::checked_sub_unsigned (line 744) ... ok
test library/core/src/num/int_macros.rs - num::i32::clamp_magnitude (line 3891) ... ok
test library/core/src/num/int_macros.rs - num::i32::count_ones (line 63) ... ok
test library/core/src/num/int_macros.rs - num::i32::count_zeros (line 82) ... ok
test library/core/src/num/int_macros.rs - num::i32::div_ceil (line 3252) ... ok
test library/core/src/num/int_macros.rs - num::i32::div_euclid (line 3126) ... ok
test library/core/src/num/int_macros.rs - num::i32::div_exact (line 1061) ... ok
test library/core/src/num/int_macros.rs - num::i32::div_exact (line 1068) ... ok
test library/core/src/num/int_macros.rs - num::i32::div_exact (line 1072) ... ok
test library/core/src/num/int_macros.rs - num::i32::div_floor (line 3210) ... ok
test library/core/src/num/int_macros.rs - num::i32::from_be (line 379) ... ok
test library/core/src/num/int_macros.rs - num::i32::from_be_bytes (line 3759) ... ok
test library/core/src/num/int_macros.rs - num::i32::from_be_bytes (line 3766) ... ok
test library/core/src/num/int_macros.rs - num::i32::from_le (line 411) ... ok
test library/core/src/num/int_macros.rs - num::i32::from_le_bytes (line 3788) ... ok
test library/core/src/num/int_macros.rs - num::i32::from_le_bytes (line 3795) ... ok
test library/core/src/num/int_macros.rs - num::i32::from_ne_bytes (line 3824) ... ok
test library/core/src/num/int_macros.rs - num::i32::from_ne_bytes (line 3835) ... ok
test library/core/src/num/int_macros.rs - num::i32::highest_one (line 217) ... ok
test library/core/src/num/int_macros.rs - num::i32::ilog (line 3394) ... ok
test library/core/src/num/int_macros.rs - num::i32::ilog10 (line 3445) ... ok
test library/core/src/num/int_macros.rs - num::i32::ilog2 (line 3420) ... ok
test library/core/src/num/int_macros.rs - num::i32::is_negative (line 3663) ... ok
test library/core/src/num/int_macros.rs - num::i32::is_positive (line 3648) ... ok
test library/core/src/num/int_macros.rs - num::i32::isolate_highest_one (line 175) ... ok
test library/core/src/num/int_macros.rs - num::i32::isolate_lowest_one (line 196) ... ok
test library/core/src/num/int_macros.rs - num::i32::isqrt (line 3091) ... ok
test library/core/src/num/int_macros.rs - num::i32::leading_ones (line 138) ... ok
test library/core/src/num/int_macros.rs - num::i32::leading_zeros (line 101) ... ok
test library/core/src/num/int_macros.rs - num::i32::lowest_one (line 238) ... ok
test library/core/src/num/int_macros.rs - num::i32::next_multiple_of (line 3297) ... ok
test library/core/src/num/int_macros.rs - num::i32::overflowing_abs (line 2968) ... ok
test library/core/src/num/int_macros.rs - num::i32::overflowing_add (line 2454) ... ok
test library/core/src/num/int_macros.rs - num::i32::overflowing_add_unsigned (line 2533) ... ok
test library/core/src/num/int_macros.rs - num::i32::overflowing_div (line 2783) ... ok
test library/core/src/num/int_macros.rs - num::i32::overflowing_div_euclid (line 2812) ... ok
test library/core/src/num/int_macros.rs - num::i32::overflowing_mul (line 2659) ... ok
test library/core/src/num/int_macros.rs - num::i32::overflowing_neg (line 2897) ... ok
test library/core/src/num/int_macros.rs - num::i32::overflowing_pow (line 2989) ... ok
test library/core/src/num/int_macros.rs - num::i32::overflowing_rem (line 2841) ... ok
test library/core/src/num/int_macros.rs - num::i32::overflowing_rem_euclid (line 2870) ... ok
test library/core/src/num/int_macros.rs - num::i32::overflowing_shl (line 2923) ... ok
test library/core/src/num/int_macros.rs - num::i32::overflowing_shr (line 2945) ... ok
test library/core/src/num/int_macros.rs - num::i32::overflowing_sub (line 2556) ... ok
test library/core/src/num/int_macros.rs - num::i32::overflowing_sub_unsigned (line 2636) ... ok
test library/core/src/num/int_macros.rs - num::i32::pow (line 3031) ... ok
test library/core/src/num/int_macros.rs - num::i32::rem_euclid (line 3163) ... ok
test library/core/src/num/int_macros.rs - num::i32::rem_euclid (line 3174) ... ok
test library/core/src/num/int_macros.rs - num::i32::reverse_bits (line 355) ... ok
test library/core/src/num/int_macros.rs - num::i32::rotate_left (line 286) ... ok
test library/core/src/num/int_macros.rs - num::i32::rotate_right (line 314) ... ok
test library/core/src/num/int_macros.rs - num::i32::saturating_abs (line 1975) ... ok
test library/core/src/num/int_macros.rs - num::i32::saturating_add (line 1869) ... ok
test library/core/src/num/int_macros.rs - num::i32::saturating_add_unsigned (line 1889) ... ok
test library/core/src/num/int_macros.rs - num::i32::saturating_div (line 2030) ... ok
test library/core/src/num/int_macros.rs - num::i32::saturating_mul (line 2000) ... ok
test library/core/src/num/int_macros.rs - num::i32::saturating_neg (line 1954) ... ok
test library/core/src/num/int_macros.rs - num::i32::saturating_pow (line 2053) ... ok
test library/core/src/num/int_macros.rs - num::i32::saturating_sub (line 1912) ... ok
test library/core/src/num/int_macros.rs - num::i32::saturating_sub_unsigned (line 1931) ... ok
test library/core/src/num/int_macros.rs - num::i32::shl_exact (line 1451) ... ok
test library/core/src/num/int_macros.rs - num::i32::shr_exact (line 1628) ... ok
test library/core/src/num/int_macros.rs - num::i32::signum (line 3624) ... ok
test library/core/src/num/int_macros.rs - num::i32::strict_abs (line 1710) ... ok
test library/core/src/num/int_macros.rs - num::i32::strict_abs (line 1716) ... ok
test library/core/src/num/int_macros.rs - num::i32::strict_add (line 539) ... ok
test library/core/src/num/int_macros.rs - num::i32::strict_add (line 545) ... ok
test library/core/src/num/int_macros.rs - num::i32::strict_add_unsigned (line 629) ... ok
test library/core/src/num/int_macros.rs - num::i32::strict_add_unsigned (line 635) ... ok
test library/core/src/num/int_macros.rs - num::i32::strict_div (line 920) ... ok
test library/core/src/num/int_macros.rs - num::i32::strict_div (line 926) ... ok
test library/core/src/num/int_macros.rs - num::i32::strict_div (line 932) ... ok
test library/core/src/num/int_macros.rs - num::i32::strict_div_euclid (line 987) ... ok
test library/core/src/num/int_macros.rs - num::i32::strict_div_euclid (line 993) ... ok
test library/core/src/num/int_macros.rs - num::i32::strict_div_euclid (line 999) ... ok
test library/core/src/num/int_macros.rs - num::i32::strict_mul (line 819) ... ok
test library/core/src/num/int_macros.rs - num::i32::strict_mul (line 825) ... ok
test library/core/src/num/int_macros.rs - num::i32::strict_neg (line 1309) ... ok
test library/core/src/num/int_macros.rs - num::i32::strict_neg (line 1315) ... ok
test library/core/src/num/int_macros.rs - num::i32::strict_pow (line 1780) ... ok
test library/core/src/num/int_macros.rs - num::i32::strict_pow (line 1787) ... ok
test library/core/src/num/int_macros.rs - num::i32::strict_rem (line 1159) ... ok
test library/core/src/num/int_macros.rs - num::i32::strict_rem (line 1165) ... ok
test library/core/src/num/int_macros.rs - num::i32::strict_rem (line 1171) ... ok
test library/core/src/num/int_macros.rs - num::i32::strict_rem_euclid (line 1225) ... ok
test library/core/src/num/int_macros.rs - num::i32::strict_rem_euclid (line 1231) ... ok
test library/core/src/num/int_macros.rs - num::i32::strict_rem_euclid (line 1237) ... ok
test library/core/src/num/int_macros.rs - num::i32::strict_shl (line 1365) ... ok
test library/core/src/num/int_macros.rs - num::i32::strict_shl (line 1371) ... ok
test library/core/src/num/int_macros.rs - num::i32::strict_shr (line 1537) ... ok
test library/core/src/num/int_macros.rs - num::i32::strict_shr (line 1543) ... ok
test library/core/src/num/int_macros.rs - num::i32::strict_sub (line 679) ... ok
test library/core/src/num/int_macros.rs - num::i32::strict_sub (line 685) ... ok
test library/core/src/num/int_macros.rs - num::i32::strict_sub_unsigned (line 769) ... ok
test library/core/src/num/int_macros.rs - num::i32::strict_sub_unsigned (line 775) ... ok
test library/core/src/num/int_macros.rs - num::i32::swap_bytes (line 334) ... ok
test library/core/src/num/int_macros.rs - num::i32::to_be (line 447) ... ok
test library/core/src/num/int_macros.rs - num::i32::to_be_bytes (line 3680) ... ok
test library/core/src/num/int_macros.rs - num::i32::to_le (line 484) ... ok
test library/core/src/num/int_macros.rs - num::i32::to_le_bytes (line 3700) ... ok
test library/core/src/num/int_macros.rs - num::i32::to_ne_bytes (line 3727) ... ok
test library/core/src/num/int_macros.rs - num::i32::trailing_ones (line 156) ... ok
test library/core/src/num/int_macros.rs - num::i32::trailing_zeros (line 120) ... ok
test library/core/src/num/int_macros.rs - num::i32::unbounded_shl (line 1423) ... ok
test library/core/src/num/int_macros.rs - num::i32::unbounded_shr (line 1596) ... ok
test library/core/src/num/int_macros.rs - num::i32::unsigned_abs (line 2377) ... ok
test library/core/src/num/int_macros.rs - num::i32::widening_mul (line 2685) ... ok
test library/core/src/num/int_macros.rs - num::i32::wrapping_abs (line 2351) ... ok
test library/core/src/num/int_macros.rs - num::i32::wrapping_add (line 2077) ... ok
test library/core/src/num/int_macros.rs - num::i32::wrapping_add_unsigned (line 2095) ... ok
test library/core/src/num/int_macros.rs - num::i32::wrapping_div (line 2175) ... ok
test library/core/src/num/int_macros.rs - num::i32::wrapping_div_euclid (line 2201) ... ok
test library/core/src/num/int_macros.rs - num::i32::wrapping_mul (line 2149) ... ok
test library/core/src/num/int_macros.rs - num::i32::wrapping_neg (line 2274) ... ok
test library/core/src/num/int_macros.rs - num::i32::wrapping_pow (line 2396) ... ok
test library/core/src/num/int_macros.rs - num::i32::wrapping_rem (line 2227) ... ok
test library/core/src/num/int_macros.rs - num::i32::wrapping_rem_euclid (line 2252) ... ok
test library/core/src/num/int_macros.rs - num::i32::wrapping_shl (line 2298) ... ok
test library/core/src/num/int_macros.rs - num::i32::wrapping_shr (line 2325) ... ok
test library/core/src/num/int_macros.rs - num::i32::wrapping_sub (line 2113) ... ok
test library/core/src/num/int_macros.rs - num::i32::wrapping_sub_unsigned (line 2131) ... ok
test library/core/src/num/int_macros.rs - num::i64::BITS (line 53) ... ok
test library/core/src/num/int_macros.rs - num::i64::MAX (line 43) ... ok
test library/core/src/num/int_macros.rs - num::i64::MIN (line 32) ... ok
test library/core/src/num/int_macros.rs - num::i64::abs (line 3554) ... ok
test library/core/src/num/int_macros.rs - num::i64::abs_diff (line 3583) ... ok
test library/core/src/num/int_macros.rs - num::i64::borrowing_sub (line 2593) ... ok
test library/core/src/num/int_macros.rs - num::i64::carrying_add (line 2490) ... ok
test library/core/src/num/int_macros.rs - num::i64::carrying_mul (line 2715) ... ok
test library/core/src/num/int_macros.rs - num::i64::carrying_mul_add (line 2752) ... ok
test library/core/src/num/int_macros.rs - num::i64::cast_unsigned (line 261) ... ok
test library/core/src/num/int_macros.rs - num::i64::checked_abs (line 1682) ... ok
test library/core/src/num/int_macros.rs - num::i64::checked_add (line 514) ... ok
test library/core/src/num/int_macros.rs - num::i64::checked_add_unsigned (line 604) ... ok
test library/core/src/num/int_macros.rs - num::i64::checked_div (line 884) ... ok
test library/core/src/num/int_macros.rs - num::i64::checked_div_euclid (line 951) ... ok
test library/core/src/num/int_macros.rs - num::i64::checked_div_exact (line 1019) ... ok
test library/core/src/num/int_macros.rs - num::i64::checked_ilog (line 3473) ... ok
test library/core/src/num/int_macros.rs - num::i64::checked_ilog10 (line 3521) ... ok
test library/core/src/num/int_macros.rs - num::i64::checked_ilog2 (line 3497) ... ok
test library/core/src/num/int_macros.rs - num::i64::checked_isqrt (line 1822) ... ok
test library/core/src/num/int_macros.rs - num::i64::checked_mul (line 794) ... ok
test library/core/src/num/int_macros.rs - num::i64::checked_neg (line 1255) ... ok
test library/core/src/num/int_macros.rs - num::i64::checked_next_multiple_of (line 3341) ... ok
test library/core/src/num/int_macros.rs - num::i64::checked_pow (line 1738) ... ok
test library/core/src/num/int_macros.rs - num::i64::checked_rem (line 1124) ... ok
test library/core/src/num/int_macros.rs - num::i64::checked_rem_euclid (line 1190) ... ok
test library/core/src/num/int_macros.rs - num::i64::checked_shl (line 1334) ... ok
test library/core/src/num/int_macros.rs - num::i64::checked_shr (line 1507) ... ok
test library/core/src/num/int_macros.rs - num::i64::checked_sub (line 654) ... ok
test library/core/src/num/int_macros.rs - num::i64::checked_sub_unsigned (line 744) ... ok
test library/core/src/num/int_macros.rs - num::i64::clamp_magnitude (line 3891) ... ok
test library/core/src/num/int_macros.rs - num::i64::count_ones (line 63) ... ok
test library/core/src/num/int_macros.rs - num::i64::count_zeros (line 82) ... ok
test library/core/src/num/int_macros.rs - num::i64::div_ceil (line 3252) ... ok
test library/core/src/num/int_macros.rs - num::i64::div_euclid (line 3126) ... ok
test library/core/src/num/int_macros.rs - num::i64::div_exact (line 1061) ... ok
test library/core/src/num/int_macros.rs - num::i64::div_exact (line 1068) ... ok
test library/core/src/num/int_macros.rs - num::i64::div_exact (line 1072) ... ok
test library/core/src/num/int_macros.rs - num::i64::div_floor (line 3210) ... ok
test library/core/src/num/int_macros.rs - num::i64::from_be (line 379) ... ok
test library/core/src/num/int_macros.rs - num::i64::from_be_bytes (line 3759) ... ok
test library/core/src/num/int_macros.rs - num::i64::from_be_bytes (line 3766) ... ok
test library/core/src/num/int_macros.rs - num::i64::from_le (line 411) ... ok
test library/core/src/num/int_macros.rs - num::i64::from_le_bytes (line 3788) ... ok
test library/core/src/num/int_macros.rs - num::i64::from_le_bytes (line 3795) ... ok
test library/core/src/num/int_macros.rs - num::i64::from_ne_bytes (line 3824) ... ok
test library/core/src/num/int_macros.rs - num::i64::from_ne_bytes (line 3835) ... ok
test library/core/src/num/int_macros.rs - num::i64::highest_one (line 217) ... ok
test library/core/src/num/int_macros.rs - num::i64::ilog (line 3394) ... ok
test library/core/src/num/int_macros.rs - num::i64::ilog10 (line 3445) ... ok
test library/core/src/num/int_macros.rs - num::i64::ilog2 (line 3420) ... ok
test library/core/src/num/int_macros.rs - num::i64::is_negative (line 3663) ... ok
test library/core/src/num/int_macros.rs - num::i64::is_positive (line 3648) ... ok
test library/core/src/num/int_macros.rs - num::i64::isolate_highest_one (line 175) ... ok
test library/core/src/num/int_macros.rs - num::i64::isolate_lowest_one (line 196) ... ok
test library/core/src/num/int_macros.rs - num::i64::isqrt (line 3091) ... ok
test library/core/src/num/int_macros.rs - num::i64::leading_ones (line 138) ... ok
test library/core/src/num/int_macros.rs - num::i64::leading_zeros (line 101) ... ok
test library/core/src/num/int_macros.rs - num::i64::lowest_one (line 238) ... ok
test library/core/src/num/int_macros.rs - num::i64::next_multiple_of (line 3297) ... ok
test library/core/src/num/int_macros.rs - num::i64::overflowing_abs (line 2968) ... ok
test library/core/src/num/int_macros.rs - num::i64::overflowing_add (line 2454) ... ok
test library/core/src/num/int_macros.rs - num::i64::overflowing_add_unsigned (line 2533) ... ok
test library/core/src/num/int_macros.rs - num::i64::overflowing_div (line 2783) ... ok
test library/core/src/num/int_macros.rs - num::i64::overflowing_div_euclid (line 2812) ... ok
test library/core/src/num/int_macros.rs - num::i64::overflowing_mul (line 2659) ... ok
test library/core/src/num/int_macros.rs - num::i64::overflowing_neg (line 2897) ... ok
test library/core/src/num/int_macros.rs - num::i64::overflowing_pow (line 2989) ... ok
test library/core/src/num/int_macros.rs - num::i64::overflowing_rem (line 2841) ... ok
test library/core/src/num/int_macros.rs - num::i64::overflowing_rem_euclid (line 2870) ... ok
test library/core/src/num/int_macros.rs - num::i64::overflowing_shl (line 2923) ... ok
test library/core/src/num/int_macros.rs - num::i64::overflowing_shr (line 2945) ... ok
test library/core/src/num/int_macros.rs - num::i64::overflowing_sub (line 2556) ... ok
test library/core/src/num/int_macros.rs - num::i64::overflowing_sub_unsigned (line 2636) ... ok
test library/core/src/num/int_macros.rs - num::i64::pow (line 3031) ... ok
test library/core/src/num/int_macros.rs - num::i64::rem_euclid (line 3163) ... ok
test library/core/src/num/int_macros.rs - num::i64::rem_euclid (line 3174) ... ok
test library/core/src/num/int_macros.rs - num::i64::reverse_bits (line 355) ... ok
test library/core/src/num/int_macros.rs - num::i64::rotate_left (line 286) ... ok
test library/core/src/num/int_macros.rs - num::i64::rotate_right (line 314) ... ok
test library/core/src/num/int_macros.rs - num::i64::saturating_abs (line 1975) ... ok
test library/core/src/num/int_macros.rs - num::i64::saturating_add (line 1869) ... ok
test library/core/src/num/int_macros.rs - num::i64::saturating_add_unsigned (line 1889) ... ok
test library/core/src/num/int_macros.rs - num::i64::saturating_div (line 2030) ... ok
test library/core/src/num/int_macros.rs - num::i64::saturating_mul (line 2000) ... ok
test library/core/src/num/int_macros.rs - num::i64::saturating_neg (line 1954) ... ok
test library/core/src/num/int_macros.rs - num::i64::saturating_pow (line 2053) ... ok
test library/core/src/num/int_macros.rs - num::i64::saturating_sub (line 1912) ... ok
test library/core/src/num/int_macros.rs - num::i64::saturating_sub_unsigned (line 1931) ... ok
test library/core/src/num/int_macros.rs - num::i64::shl_exact (line 1451) ... ok
test library/core/src/num/int_macros.rs - num::i64::shr_exact (line 1628) ... ok
test library/core/src/num/int_macros.rs - num::i64::signum (line 3624) ... ok
test library/core/src/num/int_macros.rs - num::i64::strict_abs (line 1710) ... ok
test library/core/src/num/int_macros.rs - num::i64::strict_abs (line 1716) ... ok
test library/core/src/num/int_macros.rs - num::i64::strict_add (line 539) ... ok
test library/core/src/num/int_macros.rs - num::i64::strict_add (line 545) ... ok
test library/core/src/num/int_macros.rs - num::i64::strict_add_unsigned (line 629) ... ok
test library/core/src/num/int_macros.rs - num::i64::strict_add_unsigned (line 635) ... ok
test library/core/src/num/int_macros.rs - num::i64::strict_div (line 920) ... ok
test library/core/src/num/int_macros.rs - num::i64::strict_div (line 926) ... ok
test library/core/src/num/int_macros.rs - num::i64::strict_div (line 932) ... ok
test library/core/src/num/int_macros.rs - num::i64::strict_div_euclid (line 987) ... ok
test library/core/src/num/int_macros.rs - num::i64::strict_div_euclid (line 993) ... ok
test library/core/src/num/int_macros.rs - num::i64::strict_div_euclid (line 999) ... ok
test library/core/src/num/int_macros.rs - num::i64::strict_mul (line 819) ... ok
test library/core/src/num/int_macros.rs - num::i64::strict_mul (line 825) ... ok
test library/core/src/num/int_macros.rs - num::i64::strict_neg (line 1309) ... ok
test library/core/src/num/int_macros.rs - num::i64::strict_neg (line 1315) ... ok
test library/core/src/num/int_macros.rs - num::i64::strict_pow (line 1780) ... ok
test library/core/src/num/int_macros.rs - num::i64::strict_pow (line 1787) ... ok
test library/core/src/num/int_macros.rs - num::i64::strict_rem (line 1159) ... ok
test library/core/src/num/int_macros.rs - num::i64::strict_rem (line 1165) ... ok
test library/core/src/num/int_macros.rs - num::i64::strict_rem (line 1171) ... ok
test library/core/src/num/int_macros.rs - num::i64::strict_rem_euclid (line 1225) ... ok
test library/core/src/num/int_macros.rs - num::i64::strict_rem_euclid (line 1231) ... ok
test library/core/src/num/int_macros.rs - num::i64::strict_rem_euclid (line 1237) ... ok
test library/core/src/num/int_macros.rs - num::i64::strict_shl (line 1365) ... ok
test library/core/src/num/int_macros.rs - num::i64::strict_shl (line 1371) ... ok
test library/core/src/num/int_macros.rs - num::i64::strict_shr (line 1537) ... ok
test library/core/src/num/int_macros.rs - num::i64::strict_shr (line 1543) ... ok
test library/core/src/num/int_macros.rs - num::i64::strict_sub (line 679) ... ok
test library/core/src/num/int_macros.rs - num::i64::strict_sub (line 685) ... ok
test library/core/src/num/int_macros.rs - num::i64::strict_sub_unsigned (line 769) ... ok
test library/core/src/num/int_macros.rs - num::i64::strict_sub_unsigned (line 775) ... ok
test library/core/src/num/int_macros.rs - num::i64::swap_bytes (line 334) ... ok
test library/core/src/num/int_macros.rs - num::i64::to_be (line 447) ... ok
test library/core/src/num/int_macros.rs - num::i64::to_be_bytes (line 3680) ... ok
test library/core/src/num/int_macros.rs - num::i64::to_le (line 484) ... ok
test library/core/src/num/int_macros.rs - num::i64::to_le_bytes (line 3700) ... ok
test library/core/src/num/int_macros.rs - num::i64::to_ne_bytes (line 3727) ... ok
test library/core/src/num/int_macros.rs - num::i64::trailing_ones (line 156) ... ok
test library/core/src/num/int_macros.rs - num::i64::trailing_zeros (line 120) ... ok
test library/core/src/num/int_macros.rs - num::i64::unbounded_shl (line 1423) ... ok
test library/core/src/num/int_macros.rs - num::i64::unbounded_shr (line 1596) ... ok
test library/core/src/num/int_macros.rs - num::i64::unsigned_abs (line 2377) ... ok
test library/core/src/num/int_macros.rs - num::i64::widening_mul (line 2685) ... ok
test library/core/src/num/int_macros.rs - num::i64::wrapping_abs (line 2351) ... ok
test library/core/src/num/int_macros.rs - num::i64::wrapping_add (line 2077) ... ok
test library/core/src/num/int_macros.rs - num::i64::wrapping_add_unsigned (line 2095) ... ok
test library/core/src/num/int_macros.rs - num::i64::wrapping_div (line 2175) ... ok
test library/core/src/num/int_macros.rs - num::i64::wrapping_div_euclid (line 2201) ... ok
test library/core/src/num/int_macros.rs - num::i64::wrapping_mul (line 2149) ... ok
test library/core/src/num/int_macros.rs - num::i64::wrapping_neg (line 2274) ... ok
test library/core/src/num/int_macros.rs - num::i64::wrapping_pow (line 2396) ... ok
test library/core/src/num/int_macros.rs - num::i64::wrapping_rem (line 2227) ... ok
test library/core/src/num/int_macros.rs - num::i64::wrapping_rem_euclid (line 2252) ... ok
test library/core/src/num/int_macros.rs - num::i64::wrapping_shl (line 2298) ... ok
test library/core/src/num/int_macros.rs - num::i64::wrapping_shr (line 2325) ... ok
test library/core/src/num/int_macros.rs - num::i64::wrapping_sub (line 2113) ... ok
test library/core/src/num/int_macros.rs - num::i64::wrapping_sub_unsigned (line 2131) ... ok
test library/core/src/num/int_macros.rs - num::i8::BITS (line 53) ... ok
test library/core/src/num/int_macros.rs - num::i8::MAX (line 43) ... ok
test library/core/src/num/int_macros.rs - num::i8::MIN (line 32) ... ok
test library/core/src/num/int_macros.rs - num::i8::abs (line 3554) ... ok
test library/core/src/num/int_macros.rs - num::i8::abs_diff (line 3583) ... ok
test library/core/src/num/int_macros.rs - num::i8::borrowing_sub (line 2593) ... ok
test library/core/src/num/int_macros.rs - num::i8::carrying_add (line 2490) ... ok
test library/core/src/num/int_macros.rs - num::i8::carrying_mul (line 2715) ... ok
test library/core/src/num/int_macros.rs - num::i8::carrying_mul_add (line 2752) ... ok
test library/core/src/num/int_macros.rs - num::i8::cast_unsigned (line 261) ... ok
test library/core/src/num/int_macros.rs - num::i8::checked_abs (line 1682) ... ok
test library/core/src/num/int_macros.rs - num::i8::checked_add (line 514) ... ok
test library/core/src/num/int_macros.rs - num::i8::checked_add_unsigned (line 604) ... ok
test library/core/src/num/int_macros.rs - num::i8::checked_div (line 884) ... ok
test library/core/src/num/int_macros.rs - num::i8::checked_div_euclid (line 951) ... ok
test library/core/src/num/int_macros.rs - num::i8::checked_div_exact (line 1019) ... ok
test library/core/src/num/int_macros.rs - num::i8::checked_ilog (line 3473) ... ok
test library/core/src/num/int_macros.rs - num::i8::checked_ilog10 (line 3521) ... ok
test library/core/src/num/int_macros.rs - num::i8::checked_ilog2 (line 3497) ... ok
test library/core/src/num/int_macros.rs - num::i8::checked_isqrt (line 1822) ... ok
test library/core/src/num/int_macros.rs - num::i8::checked_mul (line 794) ... ok
test library/core/src/num/int_macros.rs - num::i8::checked_neg (line 1255) ... ok
test library/core/src/num/int_macros.rs - num::i8::checked_next_multiple_of (line 3341) ... ok
test library/core/src/num/int_macros.rs - num::i8::checked_pow (line 1738) ... ok
test library/core/src/num/int_macros.rs - num::i8::checked_rem (line 1124) ... ok
test library/core/src/num/int_macros.rs - num::i8::checked_rem_euclid (line 1190) ... ok
test library/core/src/num/int_macros.rs - num::i8::checked_shl (line 1334) ... ok
test library/core/src/num/int_macros.rs - num::i8::checked_shr (line 1507) ... ok
test library/core/src/num/int_macros.rs - num::i8::checked_sub (line 654) ... ok
test library/core/src/num/int_macros.rs - num::i8::checked_sub_unsigned (line 744) ... ok
test library/core/src/num/int_macros.rs - num::i8::clamp_magnitude (line 3891) ... ok
test library/core/src/num/int_macros.rs - num::i8::count_ones (line 63) ... ok
test library/core/src/num/int_macros.rs - num::i8::count_zeros (line 82) ... ok
test library/core/src/num/int_macros.rs - num::i8::div_ceil (line 3252) ... ok
test library/core/src/num/int_macros.rs - num::i8::div_euclid (line 3126) ... ok
test library/core/src/num/int_macros.rs - num::i8::div_exact (line 1061) ... ok
test library/core/src/num/int_macros.rs - num::i8::div_exact (line 1068) ... ok
test library/core/src/num/int_macros.rs - num::i8::div_exact (line 1072) ... ok
test library/core/src/num/int_macros.rs - num::i8::div_floor (line 3210) ... ok
test library/core/src/num/int_macros.rs - num::i8::from_be (line 379) ... ok
test library/core/src/num/int_macros.rs - num::i8::from_be_bytes (line 3763) ... ok
test library/core/src/num/int_macros.rs - num::i8::from_be_bytes (line 3770) ... ok
test library/core/src/num/int_macros.rs - num::i8::from_le (line 411) ... ok
test library/core/src/num/int_macros.rs - num::i8::from_le_bytes (line 3792) ... ok
test library/core/src/num/int_macros.rs - num::i8::from_le_bytes (line 3799) ... ok
test library/core/src/num/int_macros.rs - num::i8::from_ne_bytes (line 3828) ... ok
test library/core/src/num/int_macros.rs - num::i8::from_ne_bytes (line 3839) ... ok
test library/core/src/num/int_macros.rs - num::i8::highest_one (line 217) ... ok
test library/core/src/num/int_macros.rs - num::i8::ilog (line 3394) ... ok
test library/core/src/num/int_macros.rs - num::i8::ilog10 (line 3445) ... ok
test library/core/src/num/int_macros.rs - num::i8::ilog2 (line 3420) ... ok
test library/core/src/num/int_macros.rs - num::i8::is_negative (line 3663) ... ok
test library/core/src/num/int_macros.rs - num::i8::is_positive (line 3648) ... ok
test library/core/src/num/int_macros.rs - num::i8::isolate_highest_one (line 175) ... ok
test library/core/src/num/int_macros.rs - num::i8::isolate_lowest_one (line 196) ... ok
test library/core/src/num/int_macros.rs - num::i8::isqrt (line 3091) ... ok
test library/core/src/num/int_macros.rs - num::i8::leading_ones (line 138) ... ok
test library/core/src/num/int_macros.rs - num::i8::leading_zeros (line 101) ... ok
test library/core/src/num/int_macros.rs - num::i8::lowest_one (line 238) ... ok
test library/core/src/num/int_macros.rs - num::i8::next_multiple_of (line 3297) ... ok
test library/core/src/num/int_macros.rs - num::i8::overflowing_abs (line 2968) ... ok
test library/core/src/num/int_macros.rs - num::i8::overflowing_add (line 2454) ... ok
test library/core/src/num/int_macros.rs - num::i8::overflowing_add_unsigned (line 2533) ... ok
test library/core/src/num/int_macros.rs - num::i8::overflowing_div (line 2783) ... ok
test library/core/src/num/int_macros.rs - num::i8::overflowing_div_euclid (line 2812) ... ok
test library/core/src/num/int_macros.rs - num::i8::overflowing_mul (line 2659) ... ok
test library/core/src/num/int_macros.rs - num::i8::overflowing_neg (line 2897) ... ok
test library/core/src/num/int_macros.rs - num::i8::overflowing_pow (line 2989) ... ok
test library/core/src/num/int_macros.rs - num::i8::overflowing_rem (line 2841) ... ok
test library/core/src/num/int_macros.rs - num::i8::overflowing_rem_euclid (line 2870) ... ok
test library/core/src/num/int_macros.rs - num::i8::overflowing_shl (line 2923) ... ok
test library/core/src/num/int_macros.rs - num::i8::overflowing_shr (line 2945) ... ok
test library/core/src/num/int_macros.rs - num::i8::overflowing_sub (line 2556) ... ok
test library/core/src/num/int_macros.rs - num::i8::overflowing_sub_unsigned (line 2636) ... ok
test library/core/src/num/int_macros.rs - num::i8::pow (line 3031) ... ok
test library/core/src/num/int_macros.rs - num::i8::rem_euclid (line 3163) ... ok
test library/core/src/num/int_macros.rs - num::i8::rem_euclid (line 3174) ... ok
test library/core/src/num/int_macros.rs - num::i8::reverse_bits (line 355) ... ok
test library/core/src/num/int_macros.rs - num::i8::rotate_left (line 286) ... ok
test library/core/src/num/int_macros.rs - num::i8::rotate_right (line 314) ... ok
test library/core/src/num/int_macros.rs - num::i8::saturating_abs (line 1975) ... ok
test library/core/src/num/int_macros.rs - num::i8::saturating_add (line 1869) ... ok
test library/core/src/num/int_macros.rs - num::i8::saturating_add_unsigned (line 1889) ... ok
test library/core/src/num/int_macros.rs - num::i8::saturating_div (line 2030) ... ok
test library/core/src/num/int_macros.rs - num::i8::saturating_mul (line 2000) ... ok
test library/core/src/num/int_macros.rs - num::i8::saturating_neg (line 1954) ... ok
test library/core/src/num/int_macros.rs - num::i8::saturating_pow (line 2053) ... ok
test library/core/src/num/int_macros.rs - num::i8::saturating_sub (line 1912) ... ok
test library/core/src/num/int_macros.rs - num::i8::saturating_sub_unsigned (line 1931) ... ok
test library/core/src/num/int_macros.rs - num::i8::shl_exact (line 1451) ... ok
test library/core/src/num/int_macros.rs - num::i8::shr_exact (line 1628) ... ok
test library/core/src/num/int_macros.rs - num::i8::signum (line 3624) ... ok
test library/core/src/num/int_macros.rs - num::i8::strict_abs (line 1710) ... ok
test library/core/src/num/int_macros.rs - num::i8::strict_abs (line 1716) ... ok
test library/core/src/num/int_macros.rs - num::i8::strict_add (line 539) ... ok
test library/core/src/num/int_macros.rs - num::i8::strict_add (line 545) ... ok
test library/core/src/num/int_macros.rs - num::i8::strict_add_unsigned (line 629) ... ok
test library/core/src/num/int_macros.rs - num::i8::strict_add_unsigned (line 635) ... ok
test library/core/src/num/int_macros.rs - num::i8::strict_div (line 920) ... ok
test library/core/src/num/int_macros.rs - num::i8::strict_div (line 926) ... ok
test library/core/src/num/int_macros.rs - num::i8::strict_div (line 932) ... ok
test library/core/src/num/int_macros.rs - num::i8::strict_div_euclid (line 987) ... ok
test library/core/src/num/int_macros.rs - num::i8::strict_div_euclid (line 993) ... ok
test library/core/src/num/int_macros.rs - num::i8::strict_div_euclid (line 999) ... ok
test library/core/src/num/int_macros.rs - num::i8::strict_mul (line 819) ... ok
test library/core/src/num/int_macros.rs - num::i8::strict_mul (line 825) ... ok
test library/core/src/num/int_macros.rs - num::i8::strict_neg (line 1309) ... ok
test library/core/src/num/int_macros.rs - num::i8::strict_neg (line 1315) ... ok
test library/core/src/num/int_macros.rs - num::i8::strict_pow (line 1780) ... ok
test library/core/src/num/int_macros.rs - num::i8::strict_pow (line 1787) ... ok
test library/core/src/num/int_macros.rs - num::i8::strict_rem (line 1159) ... ok
test library/core/src/num/int_macros.rs - num::i8::strict_rem (line 1165) ... ok
test library/core/src/num/int_macros.rs - num::i8::strict_rem (line 1171) ... ok
test library/core/src/num/int_macros.rs - num::i8::strict_rem_euclid (line 1225) ... ok
test library/core/src/num/int_macros.rs - num::i8::strict_rem_euclid (line 1231) ... ok
test library/core/src/num/int_macros.rs - num::i8::strict_rem_euclid (line 1237) ... ok
test library/core/src/num/int_macros.rs - num::i8::strict_shl (line 1365) ... ok
test library/core/src/num/int_macros.rs - num::i8::strict_shl (line 1371) ... ok
test library/core/src/num/int_macros.rs - num::i8::strict_shr (line 1537) ... ok
test library/core/src/num/int_macros.rs - num::i8::strict_shr (line 1543) ... ok
test library/core/src/num/int_macros.rs - num::i8::strict_sub (line 679) ... ok
test library/core/src/num/int_macros.rs - num::i8::strict_sub (line 685) ... ok
test library/core/src/num/int_macros.rs - num::i8::strict_sub_unsigned (line 769) ... ok
test library/core/src/num/int_macros.rs - num::i8::strict_sub_unsigned (line 775) ... ok
test library/core/src/num/int_macros.rs - num::i8::swap_bytes (line 334) ... ok
test library/core/src/num/int_macros.rs - num::i8::to_be (line 447) ... ok
test library/core/src/num/int_macros.rs - num::i8::to_be_bytes (line 3684) ... ok
test library/core/src/num/int_macros.rs - num::i8::to_le (line 484) ... ok
test library/core/src/num/int_macros.rs - num::i8::to_le_bytes (line 3704) ... ok
test library/core/src/num/int_macros.rs - num::i8::to_ne_bytes (line 3731) ... ok
test library/core/src/num/int_macros.rs - num::i8::trailing_ones (line 156) ... ok
test library/core/src/num/int_macros.rs - num::i8::trailing_zeros (line 120) ... ok
test library/core/src/num/int_macros.rs - num::i8::unbounded_shl (line 1423) ... ok
test library/core/src/num/int_macros.rs - num::i8::unbounded_shr (line 1596) ... ok
test library/core/src/num/int_macros.rs - num::i8::unsigned_abs (line 2377) ... ok
test library/core/src/num/int_macros.rs - num::i8::widening_mul (line 2685) ... ok
test library/core/src/num/int_macros.rs - num::i8::wrapping_abs (line 2351) ... ok
test library/core/src/num/int_macros.rs - num::i8::wrapping_add (line 2077) ... ok
test library/core/src/num/int_macros.rs - num::i8::wrapping_add_unsigned (line 2095) ... ok
test library/core/src/num/int_macros.rs - num::i8::wrapping_div (line 2175) ... ok
test library/core/src/num/int_macros.rs - num::i8::wrapping_div_euclid (line 2201) ... ok
test library/core/src/num/int_macros.rs - num::i8::wrapping_mul (line 2149) ... ok
test library/core/src/num/int_macros.rs - num::i8::wrapping_neg (line 2274) ... ok
test library/core/src/num/int_macros.rs - num::i8::wrapping_pow (line 2396) ... ok
test library/core/src/num/int_macros.rs - num::i8::wrapping_rem (line 2227) ... ok
test library/core/src/num/int_macros.rs - num::i8::wrapping_rem_euclid (line 2252) ... ok
test library/core/src/num/int_macros.rs - num::i8::wrapping_shl (line 2298) ... ok
test library/core/src/num/int_macros.rs - num::i8::wrapping_shr (line 2325) ... ok
test library/core/src/num/int_macros.rs - num::i8::wrapping_sub (line 2113) ... ok
test library/core/src/num/int_macros.rs - num::i8::wrapping_sub_unsigned (line 2131) ... ok
test library/core/src/num/int_macros.rs - num::isize::BITS (line 53) ... ok
test library/core/src/num/int_macros.rs - num::isize::MAX (line 43) ... ok
test library/core/src/num/int_macros.rs - num::isize::MIN (line 32) ... ok
test library/core/src/num/int_macros.rs - num::isize::abs (line 3554) ... ok
test library/core/src/num/int_macros.rs - num::isize::abs_diff (line 3583) ... ok
test library/core/src/num/int_macros.rs - num::isize::borrowing_sub (line 2593) ... ok
test library/core/src/num/int_macros.rs - num::isize::carrying_add (line 2490) ... ok
test library/core/src/num/int_macros.rs - num::isize::carrying_mul (line 2715) ... ok
test library/core/src/num/int_macros.rs - num::isize::carrying_mul_add (line 2752) ... ok
test library/core/src/num/int_macros.rs - num::isize::cast_unsigned (line 261) ... ok
test library/core/src/num/int_macros.rs - num::isize::checked_abs (line 1682) ... ok
test library/core/src/num/int_macros.rs - num::isize::checked_add (line 514) ... ok
test library/core/src/num/int_macros.rs - num::isize::checked_add_unsigned (line 604) ... ok
test library/core/src/num/int_macros.rs - num::isize::checked_div (line 884) ... ok
test library/core/src/num/int_macros.rs - num::isize::checked_div_euclid (line 951) ... ok
test library/core/src/num/int_macros.rs - num::isize::checked_div_exact (line 1019) ... ok
test library/core/src/num/int_macros.rs - num::isize::checked_ilog (line 3473) ... ok
test library/core/src/num/int_macros.rs - num::isize::checked_ilog10 (line 3521) ... ok
test library/core/src/num/int_macros.rs - num::isize::checked_ilog2 (line 3497) ... ok
test library/core/src/num/int_macros.rs - num::isize::checked_isqrt (line 1822) ... ok
test library/core/src/num/int_macros.rs - num::isize::checked_mul (line 794) ... ok
test library/core/src/num/int_macros.rs - num::isize::checked_neg (line 1255) ... ok
test library/core/src/num/int_macros.rs - num::isize::checked_next_multiple_of (line 3341) ... ok
test library/core/src/num/int_macros.rs - num::isize::checked_pow (line 1738) ... ok
test library/core/src/num/int_macros.rs - num::isize::checked_rem (line 1124) ... ok
test library/core/src/num/int_macros.rs - num::isize::checked_rem_euclid (line 1190) ... ok
test library/core/src/num/int_macros.rs - num::isize::checked_shl (line 1334) ... ok
test library/core/src/num/int_macros.rs - num::isize::checked_shr (line 1507) ... ok
test library/core/src/num/int_macros.rs - num::isize::checked_sub (line 654) ... ok
test library/core/src/num/int_macros.rs - num::isize::checked_sub_unsigned (line 744) ... ok
test library/core/src/num/int_macros.rs - num::isize::clamp_magnitude (line 3891) ... ok
test library/core/src/num/int_macros.rs - num::isize::count_ones (line 63) ... ok
test library/core/src/num/int_macros.rs - num::isize::count_zeros (line 82) ... ok
test library/core/src/num/int_macros.rs - num::isize::div_ceil (line 3252) ... ok
test library/core/src/num/int_macros.rs - num::isize::div_euclid (line 3126) ... ok
test library/core/src/num/int_macros.rs - num::isize::div_exact (line 1061) ... ok
test library/core/src/num/int_macros.rs - num::isize::div_exact (line 1068) ... ok
test library/core/src/num/int_macros.rs - num::isize::div_exact (line 1072) ... ok
test library/core/src/num/int_macros.rs - num::isize::div_floor (line 3210) ... ok
test library/core/src/num/int_macros.rs - num::isize::from_be (line 379) ... ok
test library/core/src/num/int_macros.rs - num::isize::from_be_bytes (line 3761) ... ok
test library/core/src/num/int_macros.rs - num::isize::from_be_bytes (line 3768) ... ok
test library/core/src/num/int_macros.rs - num::isize::from_le (line 411) ... ok
test library/core/src/num/int_macros.rs - num::isize::from_le_bytes (line 3790) ... ok
test library/core/src/num/int_macros.rs - num::isize::from_le_bytes (line 3797) ... ok
test library/core/src/num/int_macros.rs - num::isize::from_ne_bytes (line 3826) ... ok
test library/core/src/num/int_macros.rs - num::isize::from_ne_bytes (line 3837) ... ok
test library/core/src/num/int_macros.rs - num::isize::highest_one (line 217) ... ok
test library/core/src/num/int_macros.rs - num::isize::ilog (line 3394) ... ok
test library/core/src/num/int_macros.rs - num::isize::ilog10 (line 3445) ... ok
test library/core/src/num/int_macros.rs - num::isize::ilog2 (line 3420) ... ok
test library/core/src/num/int_macros.rs - num::isize::is_negative (line 3663) ... ok
test library/core/src/num/int_macros.rs - num::isize::is_positive (line 3648) ... ok
test library/core/src/num/int_macros.rs - num::isize::isolate_highest_one (line 175) ... ok
test library/core/src/num/int_macros.rs - num::isize::isolate_lowest_one (line 196) ... ok
test library/core/src/num/int_macros.rs - num::isize::isqrt (line 3091) ... ok
test library/core/src/num/int_macros.rs - num::isize::leading_ones (line 138) ... ok
test library/core/src/num/int_macros.rs - num::isize::leading_zeros (line 101) ... ok
test library/core/src/num/int_macros.rs - num::isize::lowest_one (line 238) ... ok
test library/core/src/num/int_macros.rs - num::isize::next_multiple_of (line 3297) ... ok
test library/core/src/num/int_macros.rs - num::isize::overflowing_abs (line 2968) ... ok
test library/core/src/num/int_macros.rs - num::isize::overflowing_add (line 2454) ... ok
test library/core/src/num/int_macros.rs - num::isize::overflowing_add_unsigned (line 2533) ... ok
test library/core/src/num/int_macros.rs - num::isize::overflowing_div (line 2783) ... ok
test library/core/src/num/int_macros.rs - num::isize::overflowing_div_euclid (line 2812) ... ok
test library/core/src/num/int_macros.rs - num::isize::overflowing_mul (line 2659) ... ok
test library/core/src/num/int_macros.rs - num::isize::overflowing_neg (line 2897) ... ok
test library/core/src/num/int_macros.rs - num::isize::overflowing_pow (line 2989) ... ok
test library/core/src/num/int_macros.rs - num::isize::overflowing_rem (line 2841) ... ok
test library/core/src/num/int_macros.rs - num::isize::overflowing_rem_euclid (line 2870) ... ok
test library/core/src/num/int_macros.rs - num::isize::overflowing_shl (line 2923) ... ok
test library/core/src/num/int_macros.rs - num::isize::overflowing_shr (line 2945) ... ok
test library/core/src/num/int_macros.rs - num::isize::overflowing_sub (line 2556) ... ok
test library/core/src/num/int_macros.rs - num::isize::overflowing_sub_unsigned (line 2636) ... ok
test library/core/src/num/int_macros.rs - num::isize::pow (line 3031) ... ok
test library/core/src/num/int_macros.rs - num::isize::rem_euclid (line 3163) ... ok
test library/core/src/num/int_macros.rs - num::isize::rem_euclid (line 3174) ... ok
test library/core/src/num/int_macros.rs - num::isize::reverse_bits (line 355) ... ok
test library/core/src/num/int_macros.rs - num::isize::rotate_left (line 286) ... ok
test library/core/src/num/int_macros.rs - num::isize::rotate_right (line 314) ... ok
test library/core/src/num/int_macros.rs - num::isize::saturating_abs (line 1975) ... ok
test library/core/src/num/int_macros.rs - num::isize::saturating_add (line 1869) ... ok
test library/core/src/num/int_macros.rs - num::isize::saturating_add_unsigned (line 1889) ... ok
test library/core/src/num/int_macros.rs - num::isize::saturating_div (line 2030) ... ok
test library/core/src/num/int_macros.rs - num::isize::saturating_mul (line 2000) ... ok
test library/core/src/num/int_macros.rs - num::isize::saturating_neg (line 1954) ... ok
test library/core/src/num/int_macros.rs - num::isize::saturating_pow (line 2053) ... ok
test library/core/src/num/int_macros.rs - num::isize::saturating_sub (line 1912) ... ok
test library/core/src/num/int_macros.rs - num::isize::saturating_sub_unsigned (line 1931) ... ok
test library/core/src/num/int_macros.rs - num::isize::shl_exact (line 1451) ... ok
test library/core/src/num/int_macros.rs - num::isize::shr_exact (line 1628) ... ok
test library/core/src/num/int_macros.rs - num::isize::signum (line 3624) ... ok
test library/core/src/num/int_macros.rs - num::isize::strict_abs (line 1710) ... ok
test library/core/src/num/int_macros.rs - num::isize::strict_abs (line 1716) ... ok
test library/core/src/num/int_macros.rs - num::isize::strict_add (line 539) ... ok
test library/core/src/num/int_macros.rs - num::isize::strict_add (line 545) ... ok
test library/core/src/num/int_macros.rs - num::isize::strict_add_unsigned (line 629) ... ok
test library/core/src/num/int_macros.rs - num::isize::strict_add_unsigned (line 635) ... ok
test library/core/src/num/int_macros.rs - num::isize::strict_div (line 920) ... ok
test library/core/src/num/int_macros.rs - num::isize::strict_div (line 926) ... ok
test library/core/src/num/int_macros.rs - num::isize::strict_div (line 932) ... ok
test library/core/src/num/int_macros.rs - num::isize::strict_div_euclid (line 987) ... ok
test library/core/src/num/int_macros.rs - num::isize::strict_div_euclid (line 993) ... ok
test library/core/src/num/int_macros.rs - num::isize::strict_div_euclid (line 999) ... ok
test library/core/src/num/int_macros.rs - num::isize::strict_mul (line 819) ... ok
test library/core/src/num/int_macros.rs - num::isize::strict_mul (line 825) ... ok
test library/core/src/num/int_macros.rs - num::isize::strict_neg (line 1309) ... ok
test library/core/src/num/int_macros.rs - num::isize::strict_neg (line 1315) ... ok
test library/core/src/num/int_macros.rs - num::isize::strict_pow (line 1780) ... ok
test library/core/src/num/int_macros.rs - num::isize::strict_pow (line 1787) ... ok
test library/core/src/num/int_macros.rs - num::isize::strict_rem (line 1159) ... ok
test library/core/src/num/int_macros.rs - num::isize::strict_rem (line 1165) ... ok
test library/core/src/num/int_macros.rs - num::isize::strict_rem (line 1171) ... ok
test library/core/src/num/int_macros.rs - num::isize::strict_rem_euclid (line 1225) ... ok
test library/core/src/num/int_macros.rs - num::isize::strict_rem_euclid (line 1231) ... ok
test library/core/src/num/int_macros.rs - num::isize::strict_rem_euclid (line 1237) ... ok
test library/core/src/num/int_macros.rs - num::isize::strict_shl (line 1365) ... ok
test library/core/src/num/int_macros.rs - num::isize::strict_shl (line 1371) ... ok
test library/core/src/num/int_macros.rs - num::isize::strict_shr (line 1537) ... ok
test library/core/src/num/int_macros.rs - num::isize::strict_shr (line 1543) ... ok
test library/core/src/num/int_macros.rs - num::isize::strict_sub (line 679) ... ok
test library/core/src/num/int_macros.rs - num::isize::strict_sub (line 685) ... ok
test library/core/src/num/int_macros.rs - num::isize::strict_sub_unsigned (line 769) ... ok
test library/core/src/num/int_macros.rs - num::isize::strict_sub_unsigned (line 775) ... ok
test library/core/src/num/int_macros.rs - num::isize::swap_bytes (line 334) ... ok
test library/core/src/num/int_macros.rs - num::isize::to_be (line 447) ... ok
test library/core/src/num/int_macros.rs - num::isize::to_be_bytes (line 3682) ... ok
test library/core/src/num/int_macros.rs - num::isize::to_le (line 484) ... ok
test library/core/src/num/int_macros.rs - num::isize::to_le_bytes (line 3702) ... ok
test library/core/src/num/int_macros.rs - num::isize::to_ne_bytes (line 3729) ... ok
test library/core/src/num/int_macros.rs - num::isize::trailing_ones (line 156) ... ok
test library/core/src/num/int_macros.rs - num::isize::trailing_zeros (line 120) ... ok
test library/core/src/num/int_macros.rs - num::isize::unbounded_shl (line 1423) ... ok
test library/core/src/num/int_macros.rs - num::isize::unbounded_shr (line 1596) ... ok
test library/core/src/num/int_macros.rs - num::isize::unsigned_abs (line 2377) ... ok
test library/core/src/num/int_macros.rs - num::isize::widening_mul (line 2685) ... ok
test library/core/src/num/int_macros.rs - num::isize::wrapping_abs (line 2351) ... ok
test library/core/src/num/int_macros.rs - num::isize::wrapping_add (line 2077) ... ok
test library/core/src/num/int_macros.rs - num::isize::wrapping_add_unsigned (line 2095) ... ok
test library/core/src/num/int_macros.rs - num::isize::wrapping_div (line 2175) ... ok
test library/core/src/num/int_macros.rs - num::isize::wrapping_div_euclid (line 2201) ... ok
test library/core/src/num/int_macros.rs - num::isize::wrapping_mul (line 2149) ... ok
test library/core/src/num/int_macros.rs - num::isize::wrapping_neg (line 2274) ... ok
test library/core/src/num/int_macros.rs - num::isize::wrapping_pow (line 2396) ... ok
test library/core/src/num/int_macros.rs - num::isize::wrapping_rem (line 2227) ... ok
test library/core/src/num/int_macros.rs - num::isize::wrapping_rem_euclid (line 2252) ... ok
test library/core/src/num/int_macros.rs - num::isize::wrapping_shl (line 2298) ... ok
test library/core/src/num/int_macros.rs - num::isize::wrapping_shr (line 2325) ... ok
test library/core/src/num/int_macros.rs - num::isize::wrapping_sub (line 2113) ... ok
test library/core/src/num/int_macros.rs - num::isize::wrapping_sub_unsigned (line 2131) ... ok
test library/core/src/num/mod.rs - num::FpCategory (line 1322) ... ok
test library/core/src/num/mod.rs - num::i128::from_ascii (line 1508) ... ok
test library/core/src/num/mod.rs - num::i128::from_ascii (line 1514) ... ok
test library/core/src/num/mod.rs - num::i128::from_ascii_radix (line 1552) ... ok
test library/core/src/num/mod.rs - num::i128::from_ascii_radix (line 1558) ... ok
test library/core/src/num/mod.rs - num::i128::from_str (line 1423) ... ok
test library/core/src/num/mod.rs - num::i128::from_str (line 1429) ... ok
test library/core/src/num/mod.rs - num::i128::from_str_radix (line 1475) ... ok
test library/core/src/num/mod.rs - num::i128::from_str_radix (line 1479) ... ok
test library/core/src/num/mod.rs - num::i128::midpoint (line 168) ... ok
test library/core/src/num/mod.rs - num::i16::from_ascii (line 1508) ... ok
test library/core/src/num/mod.rs - num::i16::from_ascii (line 1514) ... ok
test library/core/src/num/mod.rs - num::i16::from_ascii_radix (line 1552) ... ok
test library/core/src/num/mod.rs - num::i16::from_ascii_radix (line 1558) ... ok
test library/core/src/num/mod.rs - num::i16::from_str (line 1423) ... ok
test library/core/src/num/mod.rs - num::i16::from_str (line 1429) ... ok
test library/core/src/num/mod.rs - num::i16::from_str_radix (line 1475) ... ok
test library/core/src/num/mod.rs - num::i16::from_str_radix (line 1479) ... ok
test library/core/src/num/mod.rs - num::i16::midpoint (line 225) ... ok
test library/core/src/num/mod.rs - num::i32::from_ascii (line 1508) ... ok
test library/core/src/num/mod.rs - num::i32::from_ascii (line 1514) ... ok
test library/core/src/num/mod.rs - num::i32::from_ascii_radix (line 1552) ... ok
test library/core/src/num/mod.rs - num::i32::from_ascii_radix (line 1558) ... ok
test library/core/src/num/mod.rs - num::i32::from_str (line 1423) ... ok
test library/core/src/num/mod.rs - num::i32::from_str (line 1429) ... ok
test library/core/src/num/mod.rs - num::i32::from_str_radix (line 1475) ... ok
test library/core/src/num/mod.rs - num::i32::from_str_radix (line 1479) ... ok
test library/core/src/num/mod.rs - num::i32::midpoint (line 225) ... ok
test library/core/src/num/mod.rs - num::i64::from_ascii (line 1508) ... ok
test library/core/src/num/mod.rs - num::i64::from_ascii (line 1514) ... ok
test library/core/src/num/mod.rs - num::i64::from_ascii_radix (line 1552) ... ok
test library/core/src/num/mod.rs - num::i64::from_ascii_radix (line 1558) ... ok
test library/core/src/num/mod.rs - num::i64::from_str (line 1423) ... ok
test library/core/src/num/mod.rs - num::i64::from_str (line 1429) ... ok
test library/core/src/num/mod.rs - num::i64::from_str_radix (line 1475) ... ok
test library/core/src/num/mod.rs - num::i64::from_str_radix (line 1479) ... ok
test library/core/src/num/mod.rs - num::i64::midpoint (line 168) ... ok
test library/core/src/num/mod.rs - num::i8::from_ascii (line 1508) ... ok
test library/core/src/num/mod.rs - num::i8::from_ascii (line 1514) ... ok
test library/core/src/num/mod.rs - num::i8::from_ascii_radix (line 1552) ... ok
test library/core/src/num/mod.rs - num::i8::from_ascii_radix (line 1558) ... ok
test library/core/src/num/mod.rs - num::i8::from_str (line 1423) ... ok
test library/core/src/num/mod.rs - num::i8::from_str (line 1429) ... ok
test library/core/src/num/mod.rs - num::i8::from_str_radix (line 1475) ... ok
test library/core/src/num/mod.rs - num::i8::from_str_radix (line 1479) ... ok
test library/core/src/num/mod.rs - num::i8::midpoint (line 225) ... ok
test library/core/src/num/mod.rs - num::isize::from_ascii (line 1508) ... ok
test library/core/src/num/mod.rs - num::isize::from_ascii (line 1514) ... ok
test library/core/src/num/mod.rs - num::isize::from_ascii_radix (line 1552) ... ok
test library/core/src/num/mod.rs - num::isize::from_ascii_radix (line 1558) ... ok
test library/core/src/num/mod.rs - num::isize::from_str (line 1423) ... ok
test library/core/src/num/mod.rs - num::isize::from_str (line 1429) ... ok
test library/core/src/num/mod.rs - num::isize::from_str_radix (line 1475) ... ok
test library/core/src/num/mod.rs - num::isize::from_str_radix (line 1479) ... ok
test library/core/src/num/mod.rs - num::isize::midpoint (line 225) ... ok
test library/core/src/num/mod.rs - num::u128::from_ascii (line 1508) ... ok
test library/core/src/num/mod.rs - num::u128::from_ascii (line 1514) ... ok
test library/core/src/num/mod.rs - num::u128::from_ascii_radix (line 1552) ... ok
test library/core/src/num/mod.rs - num::u128::from_ascii_radix (line 1558) ... ok
test library/core/src/num/mod.rs - num::u128::from_str (line 1423) ... ok
test library/core/src/num/mod.rs - num::u128::from_str (line 1429) ... ok
test library/core/src/num/mod.rs - num::u128::from_str_radix (line 1475) ... ok
test library/core/src/num/mod.rs - num::u128::from_str_radix (line 1479) ... ok
test library/core/src/num/mod.rs - num::u128::midpoint (line 142) ... ok
test library/core/src/num/mod.rs - num::u16::from_ascii (line 1508) ... ok
test library/core/src/num/mod.rs - num::u16::from_ascii (line 1514) ... ok
test library/core/src/num/mod.rs - num::u16::from_ascii_radix (line 1552) ... ok
test library/core/src/num/mod.rs - num::u16::from_ascii_radix (line 1558) ... ok
test library/core/src/num/mod.rs - num::u16::from_str (line 1423) ... ok
test library/core/src/num/mod.rs - num::u16::from_str (line 1429) ... ok
test library/core/src/num/mod.rs - num::u16::from_str_radix (line 1475) ... ok
test library/core/src/num/mod.rs - num::u16::from_str_radix (line 1479) ... ok
test library/core/src/num/mod.rs - num::u16::is_utf16_surrogate (line 1112) ... ok
test library/core/src/num/mod.rs - num::u16::midpoint (line 201) ... ok
test library/core/src/num/mod.rs - num::u32::from_ascii (line 1508) ... ok
test library/core/src/num/mod.rs - num::u32::from_ascii (line 1514) ... ok
test library/core/src/num/mod.rs - num::u32::from_ascii_radix (line 1552) ... ok
test library/core/src/num/mod.rs - num::u32::from_ascii_radix (line 1558) ... ok
test library/core/src/num/mod.rs - num::u32::from_str (line 1423) ... ok
test library/core/src/num/mod.rs - num::u32::from_str (line 1429) ... ok
test library/core/src/num/mod.rs - num::u32::from_str_radix (line 1475) ... ok
test library/core/src/num/mod.rs - num::u32::from_str_radix (line 1479) ... ok
test library/core/src/num/mod.rs - num::u32::midpoint (line 201) ... ok
test library/core/src/num/mod.rs - num::u64::from_ascii (line 1508) ... ok
test library/core/src/num/mod.rs - num::u64::from_ascii (line 1514) ... ok
test library/core/src/num/mod.rs - num::u64::from_ascii_radix (line 1552) ... ok
test library/core/src/num/mod.rs - num::u64::from_ascii_radix (line 1558) ... ok
test library/core/src/num/mod.rs - num::u64::from_str (line 1423) ... ok
test library/core/src/num/mod.rs - num::u64::from_str (line 1429) ... ok
test library/core/src/num/mod.rs - num::u64::from_str_radix (line 1475) ... ok
test library/core/src/num/mod.rs - num::u64::from_str_radix (line 1479) ... ok
test library/core/src/num/mod.rs - num::u64::midpoint (line 201) ... ok
test library/core/src/num/mod.rs - num::u8::eq_ignore_ascii_case (line 581) ... ok
test library/core/src/num/mod.rs - num::u8::escape_ascii (line 1058) ... ok
test library/core/src/num/mod.rs - num::u8::from_ascii (line 1508) ... ok
test library/core/src/num/mod.rs - num::u8::from_ascii (line 1514) ... ok
test library/core/src/num/mod.rs - num::u8::from_ascii_radix (line 1552) ... ok
test library/core/src/num/mod.rs - num::u8::from_ascii_radix (line 1558) ... ok
test library/core/src/num/mod.rs - num::u8::from_str (line 1423) ... ok
test library/core/src/num/mod.rs - num::u8::from_str (line 1429) ... ok
test library/core/src/num/mod.rs - num::u8::from_str_radix (line 1475) ... ok
test library/core/src/num/mod.rs - num::u8::from_str_radix (line 1479) ... ok
test library/core/src/num/mod.rs - num::u8::is_ascii (line 475) ... ok
test library/core/src/num/mod.rs - num::u8::is_ascii_alphabetic (line 653) ... ok
test library/core/src/num/mod.rs - num::u8::is_ascii_alphanumeric (line 758) ... ok
test library/core/src/num/mod.rs - num::u8::is_ascii_control (line 1022) ... ok
test library/core/src/num/mod.rs - num::u8::is_ascii_digit (line 792) ... ok
test library/core/src/num/mod.rs - num::u8::is_ascii_graphic (line 935) ... ok
test library/core/src/num/mod.rs - num::u8::is_ascii_hexdigit (line 860) ... ok
test library/core/src/num/mod.rs - num::u8::is_ascii_lowercase (line 721) ... ok
test library/core/src/num/mod.rs - num::u8::is_ascii_octdigit (line 826) ... ok
test library/core/src/num/mod.rs - num::u8::is_ascii_punctuation (line 898) ... ok
test library/core/src/num/mod.rs - num::u8::is_ascii_uppercase (line 687) ... ok
test library/core/src/num/mod.rs - num::u8::is_ascii_whitespace (line 986) ... ok
test library/core/src/num/mod.rs - num::u8::make_ascii_lowercase (line 630) ... ok
test library/core/src/num/mod.rs - num::u8::make_ascii_uppercase (line 604) ... ok
test library/core/src/num/mod.rs - num::u8::midpoint (line 201) ... ok
test library/core/src/num/mod.rs - num::u8::to_ascii_lowercase (line 553) ... ok
test library/core/src/num/mod.rs - num::u8::to_ascii_uppercase (line 528) ... ok
test library/core/src/num/mod.rs - num::usize::from_ascii (line 1508) ... ok
test library/core/src/num/mod.rs - num::usize::from_ascii (line 1514) ... ok
test library/core/src/num/mod.rs - num::usize::from_ascii_radix (line 1552) ... ok
test library/core/src/num/mod.rs - num::usize::from_ascii_radix (line 1558) ... ok
test library/core/src/num/mod.rs - num::usize::from_str (line 1423) ... ok
test library/core/src/num/mod.rs - num::usize::from_str (line 1429) ... ok
test library/core/src/num/mod.rs - num::usize::from_str_radix (line 1475) ... ok
test library/core/src/num/mod.rs - num::usize::from_str_radix (line 1479) ... ok
test library/core/src/num/mod.rs - num::usize::midpoint (line 201) ... ok
test library/core/src/num/nonzero.rs - num::nonzero::NonZero (line 106) ... ok
test library/core/src/num/nonzero.rs - num::nonzero::NonZero (line 90) ... ok
test library/core/src/num/nonzero.rs - num::nonzero::NonZero<i128>::BITS (line 578) ... ok
test library/core/src/num/nonzero.rs - num::nonzero::NonZero<i128>::MAX (line 1847) ... ok
test library/core/src/num/nonzero.rs - num::nonzero::NonZero<i128>::MIN (line 1829) ... ok
test library/core/src/num/nonzero.rs - num::nonzero::NonZero<i128>::abs (line 1861) ... ok
test library/core/src/num/nonzero.rs - num::nonzero::NonZero<i128>::cast_unsigned (line 2232) ... ok
test library/core/src/num/nonzero.rs - num::nonzero::NonZero<i128>::checked_abs (line 1891) ... ok
test library/core/src/num/nonzero.rs - num::nonzero::NonZero<i128>::checked_mul (line 1048) ... ok
test library/core/src/num/nonzero.rs - num::nonzero::NonZero<i128>::checked_neg (line 2108) ... ok
test library/core/src/num/nonzero.rs - num::nonzero::NonZero<i128>::checked_pow (line 1165) ... ok
test library/core/src/num/nonzero.rs - num::nonzero::NonZero<i128>::count_ones (line 760) ... ok
test library/core/src/num/nonzero.rs - num::nonzero::NonZero<i128>::from_be (line 911) ... ok
test library/core/src/num/nonzero.rs - num::nonzero::NonZero<i128>::from_le (line 944) ... ok
test library/core/src/num/nonzero.rs - num::nonzero::NonZero<i128>::highest_one (line 712) ... ok
test library/core/src/num/nonzero.rs - num::nonzero::NonZero<i128>::is_negative (line 2082) ... ok
test library/core/src/num/nonzero.rs - num::nonzero::NonZero<i128>::is_positive (line 2056) ... ok
test library/core/src/num/nonzero.rs - num::nonzero::NonZero<i128>::isolate_highest_one (line 649) ... ok
test library/core/src/num/nonzero.rs - num::nonzero::NonZero<i128>::isolate_lowest_one (line 682) ... ok
test library/core/src/num/nonzero.rs - num::nonzero::NonZero<i128>::leading_zeros (line 592) ... ok
test library/core/src/num/nonzero.rs - num::nonzero::NonZero<i128>::lowest_one (line 736) ... ok
test library/core/src/num/nonzero.rs - num::nonzero::NonZero<i128>::overflowing_abs (line 1925) ... ok
test library/core/src/num/nonzero.rs - num::nonzero::NonZero<i128>::overflowing_neg (line 2140) ... ok
test library/core/src/num/nonzero.rs - num::nonzero::NonZero<i128>::reverse_bits (line 881) ... ok
test library/core/src/num/nonzero.rs - num::nonzero::NonZero<i128>::rotate_left (line 795) ... ok
test library/core/src/num/nonzero.rs - num::nonzero::NonZero<i128>::rotate_right (line 826) ... ok
test library/core/src/num/nonzero.rs - num::nonzero::NonZero<i128>::saturating_abs (line 1959) ... ok
test library/core/src/num/nonzero.rs - num::nonzero::NonZero<i128>::saturating_mul (line 1087) ... ok
test library/core/src/num/nonzero.rs - num::nonzero::NonZero<i128>::saturating_neg (line 2170) ... ok
test library/core/src/num/nonzero.rs - num::nonzero::NonZero<i128>::saturating_pow (line 1204) ... ok
test library/core/src/num/nonzero.rs - num::nonzero::NonZero<i128>::swap_bytes (line 853) ... ok
test library/core/src/num/nonzero.rs - num::nonzero::NonZero<i128>::to_be (line 977) ... ok
test library/core/src/num/nonzero.rs - num::nonzero::NonZero<i128>::to_le (line 1010) ... ok
test library/core/src/num/nonzero.rs - num::nonzero::NonZero<i128>::trailing_zeros (line 622) ... ok
test library/core/src/num/nonzero.rs - num::nonzero::NonZero<i128>::unchecked_mul (line 1127) ... ok
test library/core/src/num/nonzero.rs - num::nonzero::NonZero<i128>::unsigned_abs (line 2024) ... ok
test library/core/src/num/nonzero.rs - num::nonzero::NonZero<i128>::wrapping_abs (line 1992) ... ok
test library/core/src/num/nonzero.rs - num::nonzero::NonZero<i128>::wrapping_neg (line 2205) ... ok
test library/core/src/num/nonzero.rs - num::nonzero::NonZero<i16>::BITS (line 578) ... ok
test library/core/src/num/nonzero.rs - num::nonzero::NonZero<i16>::MAX (line 1847) ... ok
test library/core/src/num/nonzero.rs - num::nonzero::NonZero<i16>::MIN (line 1829) ... ok
test library/core/src/num/nonzero.rs - num::nonzero::NonZero<i16>::abs (line 1861) ... ok
test library/core/src/num/nonzero.rs - num::nonzero::NonZero<i16>::cast_unsigned (line 2232) ... ok
test library/core/src/num/nonzero.rs - num::nonzero::NonZero<i16>::checked_abs (line 1891) ... ok
test library/core/src/num/nonzero.rs - num::nonzero::NonZero<i16>::checked_mul (line 1048) ... ok
test library/core/src/num/nonzero.rs - num::nonzero::NonZero<i16>::checked_neg (line 2108) ... ok
test library/core/src/num/nonzero.rs - num::nonzero::NonZero<i16>::checked_pow (line 1165) ... ok
test library/core/src/num/nonzero.rs - num::nonzero::NonZero<i16>::count_ones (line 760) ... ok
test library/core/src/num/nonzero.rs - num::nonzero::NonZero<i16>::from_be (line 911) ... ok
test library/core/src/num/nonzero.rs - num::nonzero::NonZero<i16>::from_le (line 944) ... ok
test library/core/src/num/nonzero.rs - num::nonzero::NonZero<i16>::highest_one (line 712) ... ok
test library/core/src/num/nonzero.rs - num::nonzero::NonZero<i16>::is_negative (line 2082) ... ok
test library/core/src/num/nonzero.rs - num::nonzero::NonZero<i16>::is_positive (line 2056) ... ok
test library/core/src/num/nonzero.rs - num::nonzero::NonZero<i16>::isolate_highest_one (line 649) ... ok
test library/core/src/num/nonzero.rs - num::nonzero::NonZero<i16>::isolate_lowest_one (line 682) ... ok
test library/core/src/num/nonzero.rs - num::nonzero::NonZero<i16>::leading_zeros (line 592) ... ok
test library/core/src/num/nonzero.rs - num::nonzero::NonZero<i16>::lowest_one (line 736) ... ok
test library/core/src/num/nonzero.rs - num::nonzero::NonZero<i16>::overflowing_abs (line 1925) ... ok
test library/core/src/num/nonzero.rs - num::nonzero::NonZero<i16>::overflowing_neg (line 2140) ... ok
test library/core/src/num/nonzero.rs - num::nonzero::NonZero<i16>::reverse_bits (line 881) ... ok
test library/core/src/num/nonzero.rs - num::nonzero::NonZero<i16>::rotate_left (line 795) ... ok
test library/core/src/num/nonzero.rs - num::nonzero::NonZero<i16>::rotate_right (line 826) ... ok
test library/core/src/num/nonzero.rs - num::nonzero::NonZero<i16>::saturating_abs (line 1959) ... ok
test library/core/src/num/nonzero.rs - num::nonzero::NonZero<i16>::saturating_mul (line 1087) ... ok
test library/core/src/num/nonzero.rs - num::nonzero::NonZero<i16>::saturating_neg (line 2170) ... ok
test library/core/src/num/nonzero.rs - num::nonzero::NonZero<i16>::saturating_pow (line 1204) ... ok
test library/core/src/num/nonzero.rs - num::nonzero::NonZero<i16>::swap_bytes (line 853) ... ok
test library/core/src/num/nonzero.rs - num::nonzero::NonZero<i16>::to_be (line 977) ... ok
test library/core/src/num/nonzero.rs - num::nonzero::NonZero<i16>::to_le (line 1010) ... ok
test library/core/src/num/nonzero.rs - num::nonzero::NonZero<i16>::trailing_zeros (line 622) ... ok
test library/core/src/num/nonzero.rs - num::nonzero::NonZero<i16>::unchecked_mul (line 1127) ... ok
test library/core/src/num/nonzero.rs - num::nonzero::NonZero<i16>::unsigned_abs (line 2024) ... ok
test library/core/src/num/nonzero.rs - num::nonzero::NonZero<i16>::wrapping_abs (line 1992) ... ok
test library/core/src/num/nonzero.rs - num::nonzero::NonZero<i16>::wrapping_neg (line 2205) ... ok
test library/core/src/num/nonzero.rs - num::nonzero::NonZero<i32>::BITS (line 578) ... ok
test library/core/src/num/nonzero.rs - num::nonzero::NonZero<i32>::MAX (line 1847) ... ok
test library/core/src/num/nonzero.rs - num::nonzero::NonZero<i32>::MIN (line 1829) ... ok
test library/core/src/num/nonzero.rs - num::nonzero::NonZero<i32>::abs (line 1861) ... ok
test library/core/src/num/nonzero.rs - num::nonzero::NonZero<i32>::cast_unsigned (line 2232) ... ok
test library/core/src/num/nonzero.rs - num::nonzero::NonZero<i32>::checked_abs (line 1891) ... ok
test library/core/src/num/nonzero.rs - num::nonzero::NonZero<i32>::checked_mul (line 1048) ... ok
test library/core/src/num/nonzero.rs - num::nonzero::NonZero<i32>::checked_neg (line 2108) ... ok
test library/core/src/num/nonzero.rs - num::nonzero::NonZero<i32>::checked_pow (line 1165) ... ok
test library/core/src/num/nonzero.rs - num::nonzero::NonZero<i32>::count_ones (line 760) ... ok
test library/core/src/num/nonzero.rs - num::nonzero::NonZero<i32>::from_be (line 911) ... ok
test library/core/src/num/nonzero.rs - num::nonzero::NonZero<i32>::from_le (line 944) ... ok
test library/core/src/num/nonzero.rs - num::nonzero::NonZero<i32>::highest_one (line 712) ... ok
test library/core/src/num/nonzero.rs - num::nonzero::NonZero<i32>::is_negative (line 2082) ... ok
test library/core/src/num/nonzero.rs - num::nonzero::NonZero<i32>::is_positive (line 2056) ... ok
test library/core/src/num/nonzero.rs - num::nonzero::NonZero<i32>::isolate_highest_one (line 649) ... ok
test library/core/src/num/nonzero.rs - num::nonzero::NonZero<i32>::isolate_lowest_one (line 682) ... ok
test library/core/src/num/nonzero.rs - num::nonzero::NonZero<i32>::leading_zeros (line 592) ... ok
test library/core/src/num/nonzero.rs - num::nonzero::NonZero<i32>::lowest_one (line 736) ... ok
test library/core/src/num/nonzero.rs - num::nonzero::NonZero<i32>::overflowing_abs (line 1925) ... ok
test library/core/src/num/nonzero.rs - num::nonzero::NonZero<i32>::overflowing_neg (line 2140) ... ok
test library/core/src/num/nonzero.rs - num::nonzero::NonZero<i32>::reverse_bits (line 881) ... ok
test library/core/src/num/nonzero.rs - num::nonzero::NonZero<i32>::rotate_left (line 795) ... ok
test library/core/src/num/nonzero.rs - num::nonzero::NonZero<i32>::rotate_right (line 826) ... ok
test library/core/src/num/nonzero.rs - num::nonzero::NonZero<i32>::saturating_abs (line 1959) ... ok
test library/core/src/num/nonzero.rs - num::nonzero::NonZero<i32>::saturating_mul (line 1087) ... ok
test library/core/src/num/nonzero.rs - num::nonzero::NonZero<i32>::saturating_neg (line 2170) ... ok
test library/core/src/num/nonzero.rs - num::nonzero::NonZero<i32>::saturating_pow (line 1204) ... ok
test library/core/src/num/nonzero.rs - num::nonzero::NonZero<i32>::swap_bytes (line 853) ... ok
test library/core/src/num/nonzero.rs - num::nonzero::NonZero<i32>::to_be (line 977) ... ok
test library/core/src/num/nonzero.rs - num::nonzero::NonZero<i32>::to_le (line 1010) ... ok
test library/core/src/num/nonzero.rs - num::nonzero::NonZero<i32>::trailing_zeros (line 622) ... ok
test library/core/src/num/nonzero.rs - num::nonzero::NonZero<i32>::unchecked_mul (line 1127) ... ok
test library/core/src/num/nonzero.rs - num::nonzero::NonZero<i32>::unsigned_abs (line 2024) ... ok
test library/core/src/num/nonzero.rs - num::nonzero::NonZero<i32>::wrapping_abs (line 1992) ... ok
test library/core/src/num/nonzero.rs - num::nonzero::NonZero<i32>::wrapping_neg (line 2205) ... ok
test library/core/src/num/nonzero.rs - num::nonzero::NonZero<i64>::BITS (line 578) ... ok
test library/core/src/num/nonzero.rs - num::nonzero::NonZero<i64>::MAX (line 1847) ... ok
test library/core/src/num/nonzero.rs - num::nonzero::NonZero<i64>::MIN (line 1829) ... ok
test library/core/src/num/nonzero.rs - num::nonzero::NonZero<i64>::abs (line 1861) ... ok
test library/core/src/num/nonzero.rs - num::nonzero::NonZero<i64>::cast_unsigned (line 2232) ... ok
test library/core/src/num/nonzero.rs - num::nonzero::NonZero<i64>::checked_abs (line 1891) ... ok
test library/core/src/num/nonzero.rs - num::nonzero::NonZero<i64>::checked_mul (line 1048) ... ok
test library/core/src/num/nonzero.rs - num::nonzero::NonZero<i64>::checked_neg (line 2108) ... ok
test library/core/src/num/nonzero.rs - num::nonzero::NonZero<i64>::checked_pow (line 1165) ... ok
test library/core/src/num/nonzero.rs - num::nonzero::NonZero<i64>::count_ones (line 760) ... ok
test library/core/src/num/nonzero.rs - num::nonzero::NonZero<i64>::from_be (line 911) ... ok
test library/core/src/num/nonzero.rs - num::nonzero::NonZero<i64>::from_le (line 944) ... ok
test library/core/src/num/nonzero.rs - num::nonzero::NonZero<i64>::highest_one (line 712) ... ok
test library/core/src/num/nonzero.rs - num::nonzero::NonZero<i64>::is_negative (line 2082) ... ok
test library/core/src/num/nonzero.rs - num::nonzero::NonZero<i64>::is_positive (line 2056) ... ok
test library/core/src/num/nonzero.rs - num::nonzero::NonZero<i64>::isolate_highest_one (line 649) ... ok
test library/core/src/num/nonzero.rs - num::nonzero::NonZero<i64>::isolate_lowest_one (line 682) ... ok
test library/core/src/num/nonzero.rs - num::nonzero::NonZero<i64>::leading_zeros (line 592) ... ok
test library/core/src/num/nonzero.rs - num::nonzero::NonZero<i64>::lowest_one (line 736) ... ok
test library/core/src/num/nonzero.rs - num::nonzero::NonZero<i64>::overflowing_abs (line 1925) ... ok
test library/core/src/num/nonzero.rs - num::nonzero::NonZero<i64>::overflowing_neg (line 2140) ... ok
test library/core/src/num/nonzero.rs - num::nonzero::NonZero<i64>::reverse_bits (line 881) ... ok
test library/core/src/num/nonzero.rs - num::nonzero::NonZero<i64>::rotate_left (line 795) ... ok
test library/core/src/num/nonzero.rs - num::nonzero::NonZero<i64>::rotate_right (line 826) ... ok
test library/core/src/num/nonzero.rs - num::nonzero::NonZero<i64>::saturating_abs (line 1959) ... ok
test library/core/src/num/nonzero.rs - num::nonzero::NonZero<i64>::saturating_mul (line 1087) ... ok
test library/core/src/num/nonzero.rs - num::nonzero::NonZero<i64>::saturating_neg (line 2170) ... ok
test library/core/src/num/nonzero.rs - num::nonzero::NonZero<i64>::saturating_pow (line 1204) ... ok
test library/core/src/num/nonzero.rs - num::nonzero::NonZero<i64>::swap_bytes (line 853) ... ok
test library/core/src/num/nonzero.rs - num::nonzero::NonZero<i64>::to_be (line 977) ... ok
test library/core/src/num/nonzero.rs - num::nonzero::NonZero<i64>::to_le (line 1010) ... ok
test library/core/src/num/nonzero.rs - num::nonzero::NonZero<i64>::trailing_zeros (line 622) ... ok
test library/core/src/num/nonzero.rs - num::nonzero::NonZero<i64>::unchecked_mul (line 1127) ... ok
test library/core/src/num/nonzero.rs - num::nonzero::NonZero<i64>::unsigned_abs (line 2024) ... ok
test library/core/src/num/nonzero.rs - num::nonzero::NonZero<i64>::wrapping_abs (line 1992) ... ok
test library/core/src/num/nonzero.rs - num::nonzero::NonZero<i64>::wrapping_neg (line 2205) ... ok
test library/core/src/num/nonzero.rs - num::nonzero::NonZero<i8>::BITS (line 578) ... ok
test library/core/src/num/nonzero.rs - num::nonzero::NonZero<i8>::MAX (line 1847) ... ok
test library/core/src/num/nonzero.rs - num::nonzero::NonZero<i8>::MIN (line 1829) ... ok
test library/core/src/num/nonzero.rs - num::nonzero::NonZero<i8>::abs (line 1861) ... ok
test library/core/src/num/nonzero.rs - num::nonzero::NonZero<i8>::cast_unsigned (line 2232) ... ok
test library/core/src/num/nonzero.rs - num::nonzero::NonZero<i8>::checked_abs (line 1891) ... ok
test library/core/src/num/nonzero.rs - num::nonzero::NonZero<i8>::checked_mul (line 1048) ... ok
test library/core/src/num/nonzero.rs - num::nonzero::NonZero<i8>::checked_neg (line 2108) ... ok
test library/core/src/num/nonzero.rs - num::nonzero::NonZero<i8>::checked_pow (line 1165) ... ok
test library/core/src/num/nonzero.rs - num::nonzero::NonZero<i8>::count_ones (line 760) ... ok
test library/core/src/num/nonzero.rs - num::nonzero::NonZero<i8>::from_be (line 911) ... ok
test library/core/src/num/nonzero.rs - num::nonzero::NonZero<i8>::from_le (line 944) ... ok
test library/core/src/num/nonzero.rs - num::nonzero::NonZero<i8>::highest_one (line 712) ... ok
test library/core/src/num/nonzero.rs - num::nonzero::NonZero<i8>::is_negative (line 2082) ... ok
test library/core/src/num/nonzero.rs - num::nonzero::NonZero<i8>::is_positive (line 2056) ... ok
test library/core/src/num/nonzero.rs - num::nonzero::NonZero<i8>::isolate_highest_one (line 649) ... ok
test library/core/src/num/nonzero.rs - num::nonzero::NonZero<i8>::isolate_lowest_one (line 682) ... ok
test library/core/src/num/nonzero.rs - num::nonzero::NonZero<i8>::leading_zeros (line 592) ... ok
test library/core/src/num/nonzero.rs - num::nonzero::NonZero<i8>::lowest_one (line 736) ... ok
test library/core/src/num/nonzero.rs - num::nonzero::NonZero<i8>::overflowing_abs (line 1925) ... ok
test library/core/src/num/nonzero.rs - num::nonzero::NonZero<i8>::overflowing_neg (line 2140) ... ok
test library/core/src/num/nonzero.rs - num::nonzero::NonZero<i8>::reverse_bits (line 881) ... ok
test library/core/src/num/nonzero.rs - num::nonzero::NonZero<i8>::rotate_left (line 795) ... ok
test library/core/src/num/nonzero.rs - num::nonzero::NonZero<i8>::rotate_right (line 826) ... ok
test library/core/src/num/nonzero.rs - num::nonzero::NonZero<i8>::saturating_abs (line 1959) ... ok
test library/core/src/num/nonzero.rs - num::nonzero::NonZero<i8>::saturating_mul (line 1087) ... ok
test library/core/src/num/nonzero.rs - num::nonzero::NonZero<i8>::saturating_neg (line 2170) ... ok
test library/core/src/num/nonzero.rs - num::nonzero::NonZero<i8>::saturating_pow (line 1204) ... ok
test library/core/src/num/nonzero.rs - num::nonzero::NonZero<i8>::swap_bytes (line 853) ... ok
test library/core/src/num/nonzero.rs - num::nonzero::NonZero<i8>::to_be (line 977) ... ok
test library/core/src/num/nonzero.rs - num::nonzero::NonZero<i8>::to_le (line 1010) ... ok
test library/core/src/num/nonzero.rs - num::nonzero::NonZero<i8>::trailing_zeros (line 622) ... ok
test library/core/src/num/nonzero.rs - num::nonzero::NonZero<i8>::unchecked_mul (line 1127) ... ok
test library/core/src/num/nonzero.rs - num::nonzero::NonZero<i8>::unsigned_abs (line 2024) ... ok
test library/core/src/num/nonzero.rs - num::nonzero::NonZero<i8>::wrapping_abs (line 1992) ... ok
test library/core/src/num/nonzero.rs - num::nonzero::NonZero<i8>::wrapping_neg (line 2205) ... ok
test library/core/src/num/nonzero.rs - num::nonzero::NonZero<isize>::BITS (line 578) ... ok
test library/core/src/num/nonzero.rs - num::nonzero::NonZero<isize>::MAX (line 1847) ... ok
test library/core/src/num/nonzero.rs - num::nonzero::NonZero<isize>::MIN (line 1829) ... ok
test library/core/src/num/nonzero.rs - num::nonzero::NonZero<isize>::abs (line 1861) ... ok
test library/core/src/num/nonzero.rs - num::nonzero::NonZero<isize>::cast_unsigned (line 2232) ... ok
test library/core/src/num/nonzero.rs - num::nonzero::NonZero<isize>::checked_abs (line 1891) ... ok
test library/core/src/num/nonzero.rs - num::nonzero::NonZero<isize>::checked_mul (line 1048) ... ok
test library/core/src/num/nonzero.rs - num::nonzero::NonZero<isize>::checked_neg (line 2108) ... ok
test library/core/src/num/nonzero.rs - num::nonzero::NonZero<isize>::checked_pow (line 1165) ... ok
test library/core/src/num/nonzero.rs - num::nonzero::NonZero<isize>::count_ones (line 760) ... ok
test library/core/src/num/nonzero.rs - num::nonzero::NonZero<isize>::from_be (line 911) ... ok
test library/core/src/num/nonzero.rs - num::nonzero::NonZero<isize>::from_le (line 944) ... ok
test library/core/src/num/nonzero.rs - num::nonzero::NonZero<isize>::highest_one (line 712) ... ok
test library/core/src/num/nonzero.rs - num::nonzero::NonZero<isize>::is_negative (line 2082) ... ok
test library/core/src/num/nonzero.rs - num::nonzero::NonZero<isize>::is_positive (line 2056) ... ok
test library/core/src/num/nonzero.rs - num::nonzero::NonZero<isize>::isolate_highest_one (line 649) ... ok
test library/core/src/num/nonzero.rs - num::nonzero::NonZero<isize>::isolate_lowest_one (line 682) ... ok
test library/core/src/num/nonzero.rs - num::nonzero::NonZero<isize>::leading_zeros (line 592) ... ok
test library/core/src/num/nonzero.rs - num::nonzero::NonZero<isize>::lowest_one (line 736) ... ok
test library/core/src/num/nonzero.rs - num::nonzero::NonZero<isize>::overflowing_abs (line 1925) ... ok
test library/core/src/num/nonzero.rs - num::nonzero::NonZero<isize>::overflowing_neg (line 2140) ... ok
test library/core/src/num/nonzero.rs - num::nonzero::NonZero<isize>::reverse_bits (line 881) ... ok
test library/core/src/num/nonzero.rs - num::nonzero::NonZero<isize>::rotate_left (line 795) ... ok
test library/core/src/num/nonzero.rs - num::nonzero::NonZero<isize>::rotate_right (line 826) ... ok
test library/core/src/num/nonzero.rs - num::nonzero::NonZero<isize>::saturating_abs (line 1959) ... ok
test library/core/src/num/nonzero.rs - num::nonzero::NonZero<isize>::saturating_mul (line 1087) ... ok
test library/core/src/num/nonzero.rs - num::nonzero::NonZero<isize>::saturating_neg (line 2170) ... ok
test library/core/src/num/nonzero.rs - num::nonzero::NonZero<isize>::saturating_pow (line 1204) ... ok
test library/core/src/num/nonzero.rs - num::nonzero::NonZero<isize>::swap_bytes (line 853) ... ok
test library/core/src/num/nonzero.rs - num::nonzero::NonZero<isize>::to_be (line 977) ... ok
test library/core/src/num/nonzero.rs - num::nonzero::NonZero<isize>::to_le (line 1010) ... ok
test library/core/src/num/nonzero.rs - num::nonzero::NonZero<isize>::trailing_zeros (line 622) ... ok
test library/core/src/num/nonzero.rs - num::nonzero::NonZero<isize>::unchecked_mul (line 1127) ... ok
test library/core/src/num/nonzero.rs - num::nonzero::NonZero<isize>::unsigned_abs (line 2024) ... ok
test library/core/src/num/nonzero.rs - num::nonzero::NonZero<isize>::wrapping_abs (line 1992) ... ok
test library/core/src/num/nonzero.rs - num::nonzero::NonZero<isize>::wrapping_neg (line 2205) ... ok
test library/core/src/num/nonzero.rs - num::nonzero::NonZero<u128>::BITS (line 578) ... ok
test library/core/src/num/nonzero.rs - num::nonzero::NonZero<u128>::MAX (line 1451) ... ok
test library/core/src/num/nonzero.rs - num::nonzero::NonZero<u128>::MIN (line 1437) ... ok
test library/core/src/num/nonzero.rs - num::nonzero::NonZero<u128>::bit_width (line 1789) ... ok
test library/core/src/num/nonzero.rs - num::nonzero::NonZero<u128>::cast_signed (line 1768) ... ok
test library/core/src/num/nonzero.rs - num::nonzero::NonZero<u128>::checked_add (line 1466) ... ok
test library/core/src/num/nonzero.rs - num::nonzero::NonZero<u128>::checked_mul (line 1048) ... ok
test library/core/src/num/nonzero.rs - num::nonzero::NonZero<u128>::checked_next_power_of_two (line 1574) ... ok
test library/core/src/num/nonzero.rs - num::nonzero::NonZero<u128>::checked_pow (line 1165) ... ok
test library/core/src/num/nonzero.rs - num::nonzero::NonZero<u128>::count_ones (line 760) ... ok
error: linking with `./cheri/linker.sh` failed: exit status: 255
  |
  = note:  "./cheri/linker.sh" "-flavor" "gnu" "/var/folders/9k/gp4ckb6n1wd80tfd822vr6j80000gp/T/rustcce19eE/symbols.o" "<2 object files omitted>" "--as-needed" "-Bstatic" "<sysroot>/lib/rustlib/riscv32cheriot-unknown-cheriotrtos/lib/{libpanic_abort-*,libstd-*,libcfg_if-*,librustc_demangle-*,libstd_detect-*,libhashbrown-*,librustc_std_workspace_alloc-*,libminiz_oxide-*,libadler2-*,libunwind-*,liblibc-*,librustc_std_workspace_core-*,liballoc-*,libcore-*,libcompiler_builtins-*}.rlib" "-L" "/var/folders/9k/gp4ckb6n1wd80tfd822vr6j80000gp/T/rustcce19eE/raw-dylibs" "-Bdynamic" "-z" "noexecstack" "-L" "<sysroot>/lib/rustlib/riscv32cheriot-unknown-cheriotrtos/lib/self-contained" "-o" "/var/folders/9k/gp4ckb6n1wd80tfd822vr6j80000gp/T/rustdoctestHurBke/rust_out" "--gc-sections" "-static"
  = note: some arguments are omitted. use `--verbose` to show all linker arguments
  = note: Remapping priority of thread 1 from 1 to 0
          Enabling sub-object bounds for cheriot.allocator
          Enabling sub-object bounds for cheriot.loader
          Enabling sub-object bounds for test_fw.scheduler
          Patched board file will be saved as "/Users/jacob/CHERIoT/rust/cheri/doctests/build/board.json"
          [ 93%]: linking compartment test_runner.compartment
          [ 93%]: linking firmware build/cheriot/cheriot/release/test_fw
          error: ld.lld: error: undefined symbol: __library_export_libcalls___udivti3
          >>> referenced by compiler_builtins.f5786da9a5584453-cgu.112
          >>>               build/cheriot/cheriot/release/test_runner.compartment:()
          >>> did you mean: __library_export_libcalls___udivdi3
          >>> defined in: build/cheriot/cheriot/release/crt.library
          
          ld.lld: error: undefined symbol: __library_export_libcalls___umodti3
          >>> referenced by compiler_builtins.f5786da9a5584453-cgu.112
          >>>               build/cheriot/cheriot/release/test_runner.compartment:()
          >>> did you mean: __library_export_libcalls___umoddi3
          >>> defined in: build/cheriot/cheriot/release/crt.library
          
          warning: $(buildir) has been deprecated, please use $(builddir)
          

error: aborting due to 1 previous error

Couldn't compile the test.test library/core/src/num/nonzero.rs - num::nonzero::NonZero<u128>::div_ceil (line 1382) ... FAILED
test library/core/src/num/nonzero.rs - num::nonzero::NonZero<u128>::from_be (line 911) ... ok
test library/core/src/num/nonzero.rs - num::nonzero::NonZero<u128>::from_le (line 944) ... ok
test library/core/src/num/nonzero.rs - num::nonzero::NonZero<u128>::highest_one (line 712) ... ok
error: linking with `./cheri/linker.sh` failed: exit status: 255
  |
  = note:  "./cheri/linker.sh" "-flavor" "gnu" "/var/folders/9k/gp4ckb6n1wd80tfd822vr6j80000gp/T/rustcMU7hqG/symbols.o" "<2 object files omitted>" "--as-needed" "-Bstatic" "<sysroot>/lib/rustlib/riscv32cheriot-unknown-cheriotrtos/lib/{libpanic_abort-*,libstd-*,libcfg_if-*,librustc_demangle-*,libstd_detect-*,libhashbrown-*,librustc_std_workspace_alloc-*,libminiz_oxide-*,libadler2-*,libunwind-*,liblibc-*,librustc_std_workspace_core-*,liballoc-*,libcore-*,libcompiler_builtins-*}.rlib" "-L" "/var/folders/9k/gp4ckb6n1wd80tfd822vr6j80000gp/T/rustcMU7hqG/raw-dylibs" "-Bdynamic" "-z" "noexecstack" "-L" "<sysroot>/lib/rustlib/riscv32cheriot-unknown-cheriotrtos/lib/self-contained" "-o" "/var/folders/9k/gp4ckb6n1wd80tfd822vr6j80000gp/T/rustdoctest3ebhcZ/rust_out" "--gc-sections" "-static"
  = note: some arguments are omitted. use `--verbose` to show all linker arguments
  = note: Remapping priority of thread 1 from 1 to 0
          Enabling sub-object bounds for cheriot.allocator
          Enabling sub-object bounds for cheriot.loader
          Enabling sub-object bounds for test_fw.scheduler
          Patched board file will be saved as "/Users/jacob/CHERIoT/rust/cheri/doctests/build/board.json"
          [ 93%]: linking compartment test_runner.compartment
          [ 93%]: linking firmware build/cheriot/cheriot/release/test_fw
          error: ld.lld: error: undefined symbol: __library_export_libcalls___udivti3
          >>> referenced by compiler_builtins.f5786da9a5584453-cgu.112
          >>>               build/cheriot/cheriot/release/test_runner.compartment:()
          >>> did you mean: __library_export_libcalls___udivdi3
          >>> defined in: build/cheriot/cheriot/release/crt.library
          
          warning: $(buildir) has been deprecated, please use $(builddir)
          

error: aborting due to 1 previous error

Couldn't compile the test.test library/core/src/num/nonzero.rs - num::nonzero::NonZero<u128>::ilog10 (line 1643) ... FAILED
test library/core/src/num/nonzero.rs - num::nonzero::NonZero<u128>::ilog2 (line 1614) ... ok
test library/core/src/num/nonzero.rs - num::nonzero::NonZero<u128>::is_power_of_two (line 1707) ... ok
test library/core/src/num/nonzero.rs - num::nonzero::NonZero<u128>::isolate_highest_one (line 649) ... ok
test library/core/src/num/nonzero.rs - num::nonzero::NonZero<u128>::isolate_lowest_one (line 682) ... ok
error: linking with `./cheri/linker.sh` failed: exit status: 255
  |
  = note:  "./cheri/linker.sh" "-flavor" "gnu" "/var/folders/9k/gp4ckb6n1wd80tfd822vr6j80000gp/T/rustcxLFBKM/symbols.o" "<2 object files omitted>" "--as-needed" "-Bstatic" "<sysroot>/lib/rustlib/riscv32cheriot-unknown-cheriotrtos/lib/{libpanic_abort-*,libstd-*,libcfg_if-*,librustc_demangle-*,libstd_detect-*,libhashbrown-*,librustc_std_workspace_alloc-*,libminiz_oxide-*,libadler2-*,libunwind-*,liblibc-*,librustc_std_workspace_core-*,liballoc-*,libcore-*,libcompiler_builtins-*}.rlib" "-L" "/var/folders/9k/gp4ckb6n1wd80tfd822vr6j80000gp/T/rustcxLFBKM/raw-dylibs" "-Bdynamic" "-z" "noexecstack" "-L" "<sysroot>/lib/rustlib/riscv32cheriot-unknown-cheriotrtos/lib/self-contained" "-o" "/var/folders/9k/gp4ckb6n1wd80tfd822vr6j80000gp/T/rustdoctestEc3o1a/rust_out" "--gc-sections" "-static"
  = note: some arguments are omitted. use `--verbose` to show all linker arguments
  = note: Remapping priority of thread 1 from 1 to 0
          Enabling sub-object bounds for cheriot.allocator
          Enabling sub-object bounds for cheriot.loader
          Enabling sub-object bounds for test_fw.scheduler
          Patched board file will be saved as "/Users/jacob/CHERIoT/rust/cheri/doctests/build/board.json"
          [ 93%]: linking compartment test_runner.compartment
          [ 93%]: linking firmware build/cheriot/cheriot/release/test_fw
          error: ld.lld: error: undefined symbol: __library_export_libcalls___udivti3
          >>> referenced by compiler_builtins.f5786da9a5584453-cgu.112
          >>>               build/cheriot/cheriot/release/test_runner.compartment:()
          >>> did you mean: __library_export_libcalls___udivdi3
          >>> defined in: build/cheriot/cheriot/release/crt.library
          
          warning: $(buildir) has been deprecated, please use $(builddir)
          

error: aborting due to 1 previous error

Couldn't compile the test.test library/core/src/num/nonzero.rs - num::nonzero::NonZero<u128>::isqrt (line 1736) ... FAILED
test library/core/src/num/nonzero.rs - num::nonzero::NonZero<u128>::leading_zeros (line 592) ... ok
test library/core/src/num/nonzero.rs - num::nonzero::NonZero<u128>::lowest_one (line 736) ... ok
test library/core/src/num/nonzero.rs - num::nonzero::NonZero<u128>::midpoint (line 1671) ... ok
test library/core/src/num/nonzero.rs - num::nonzero::NonZero<u128>::reverse_bits (line 881) ... ok
test library/core/src/num/nonzero.rs - num::nonzero::NonZero<u128>::rotate_left (line 795) ... ok
test library/core/src/num/nonzero.rs - num::nonzero::NonZero<u128>::rotate_right (line 826) ... ok
test library/core/src/num/nonzero.rs - num::nonzero::NonZero<u128>::saturating_add (line 1505) ... ok
test library/core/src/num/nonzero.rs - num::nonzero::NonZero<u128>::saturating_mul (line 1087) ... ok
test library/core/src/num/nonzero.rs - num::nonzero::NonZero<u128>::saturating_pow (line 1204) ... ok
test library/core/src/num/nonzero.rs - num::nonzero::NonZero<u128>::swap_bytes (line 853) ... ok
test library/core/src/num/nonzero.rs - num::nonzero::NonZero<u128>::to_be (line 977) ... ok
test library/core/src/num/nonzero.rs - num::nonzero::NonZero<u128>::to_le (line 1010) ... ok
test library/core/src/num/nonzero.rs - num::nonzero::NonZero<u128>::trailing_zeros (line 622) ... ok
test library/core/src/num/nonzero.rs - num::nonzero::NonZero<u128>::unchecked_add (line 1544) ... ok
test library/core/src/num/nonzero.rs - num::nonzero::NonZero<u128>::unchecked_mul (line 1127) ... ok
test library/core/src/num/nonzero.rs - num::nonzero::NonZero<u16>::BITS (line 578) ... ok
test library/core/src/num/nonzero.rs - num::nonzero::NonZero<u16>::MAX (line 1451) ... ok
test library/core/src/num/nonzero.rs - num::nonzero::NonZero<u16>::MIN (line 1437) ... ok
test library/core/src/num/nonzero.rs - num::nonzero::NonZero<u16>::bit_width (line 1789) ... ok
test library/core/src/num/nonzero.rs - num::nonzero::NonZero<u16>::cast_signed (line 1768) ... ok
test library/core/src/num/nonzero.rs - num::nonzero::NonZero<u16>::checked_add (line 1466) ... ok
test library/core/src/num/nonzero.rs - num::nonzero::NonZero<u16>::checked_mul (line 1048) ... ok
test library/core/src/num/nonzero.rs - num::nonzero::NonZero<u16>::checked_next_power_of_two (line 1574) ... ok
test library/core/src/num/nonzero.rs - num::nonzero::NonZero<u16>::checked_pow (line 1165) ... ok
test library/core/src/num/nonzero.rs - num::nonzero::NonZero<u16>::count_ones (line 760) ... ok
test library/core/src/num/nonzero.rs - num::nonzero::NonZero<u16>::div_ceil (line 1382) ... ok
test library/core/src/num/nonzero.rs - num::nonzero::NonZero<u16>::from_be (line 911) ... ok
test library/core/src/num/nonzero.rs - num::nonzero::NonZero<u16>::from_le (line 944) ... ok
test library/core/src/num/nonzero.rs - num::nonzero::NonZero<u16>::highest_one (line 712) ... ok
test library/core/src/num/nonzero.rs - num::nonzero::NonZero<u16>::ilog10 (line 1643) ... ok
test library/core/src/num/nonzero.rs - num::nonzero::NonZero<u16>::ilog2 (line 1614) ... ok
test library/core/src/num/nonzero.rs - num::nonzero::NonZero<u16>::is_power_of_two (line 1707) ... ok
test library/core/src/num/nonzero.rs - num::nonzero::NonZero<u16>::isolate_highest_one (line 649) ... ok
test library/core/src/num/nonzero.rs - num::nonzero::NonZero<u16>::isolate_lowest_one (line 682) ... ok
test library/core/src/num/nonzero.rs - num::nonzero::NonZero<u16>::isqrt (line 1736) ... ok
test library/core/src/num/nonzero.rs - num::nonzero::NonZero<u16>::leading_zeros (line 592) ... ok
test library/core/src/num/nonzero.rs - num::nonzero::NonZero<u16>::lowest_one (line 736) ... ok
test library/core/src/num/nonzero.rs - num::nonzero::NonZero<u16>::midpoint (line 1671) ... ok
test library/core/src/num/nonzero.rs - num::nonzero::NonZero<u16>::reverse_bits (line 881) ... ok
test library/core/src/num/nonzero.rs - num::nonzero::NonZero<u16>::rotate_left (line 795) ... ok
test library/core/src/num/nonzero.rs - num::nonzero::NonZero<u16>::rotate_right (line 826) ... ok
test library/core/src/num/nonzero.rs - num::nonzero::NonZero<u16>::saturating_add (line 1505) ... ok
test library/core/src/num/nonzero.rs - num::nonzero::NonZero<u16>::saturating_mul (line 1087) ... ok
test library/core/src/num/nonzero.rs - num::nonzero::NonZero<u16>::saturating_pow (line 1204) ... ok
test library/core/src/num/nonzero.rs - num::nonzero::NonZero<u16>::swap_bytes (line 853) ... ok
test library/core/src/num/nonzero.rs - num::nonzero::NonZero<u16>::to_be (line 977) ... ok
test library/core/src/num/nonzero.rs - num::nonzero::NonZero<u16>::to_le (line 1010) ... ok
test library/core/src/num/nonzero.rs - num::nonzero::NonZero<u16>::trailing_zeros (line 622) ... ok
test library/core/src/num/nonzero.rs - num::nonzero::NonZero<u16>::unchecked_add (line 1544) ... ok
test library/core/src/num/nonzero.rs - num::nonzero::NonZero<u16>::unchecked_mul (line 1127) ... ok
test library/core/src/num/nonzero.rs - num::nonzero::NonZero<u32>::BITS (line 578) ... ok
test library/core/src/num/nonzero.rs - num::nonzero::NonZero<u32>::MAX (line 1451) ... ok
test library/core/src/num/nonzero.rs - num::nonzero::NonZero<u32>::MIN (line 1437) ... ok
test library/core/src/num/nonzero.rs - num::nonzero::NonZero<u32>::bit_width (line 1789) ... ok
test library/core/src/num/nonzero.rs - num::nonzero::NonZero<u32>::cast_signed (line 1768) ... ok
test library/core/src/num/nonzero.rs - num::nonzero::NonZero<u32>::checked_add (line 1466) ... ok
test library/core/src/num/nonzero.rs - num::nonzero::NonZero<u32>::checked_mul (line 1048) ... ok
test library/core/src/num/nonzero.rs - num::nonzero::NonZero<u32>::checked_next_power_of_two (line 1574) ... ok
test library/core/src/num/nonzero.rs - num::nonzero::NonZero<u32>::checked_pow (line 1165) ... ok
test library/core/src/num/nonzero.rs - num::nonzero::NonZero<u32>::count_ones (line 760) ... ok
test library/core/src/num/nonzero.rs - num::nonzero::NonZero<u32>::div_ceil (line 1382) ... ok
test library/core/src/num/nonzero.rs - num::nonzero::NonZero<u32>::from_be (line 911) ... ok
test library/core/src/num/nonzero.rs - num::nonzero::NonZero<u32>::from_le (line 944) ... ok
test library/core/src/num/nonzero.rs - num::nonzero::NonZero<u32>::highest_one (line 712) ... ok
test library/core/src/num/nonzero.rs - num::nonzero::NonZero<u32>::ilog10 (line 1643) ... ok
test library/core/src/num/nonzero.rs - num::nonzero::NonZero<u32>::ilog2 (line 1614) ... ok
test library/core/src/num/nonzero.rs - num::nonzero::NonZero<u32>::is_power_of_two (line 1707) ... ok
test library/core/src/num/nonzero.rs - num::nonzero::NonZero<u32>::isolate_highest_one (line 649) ... ok
test library/core/src/num/nonzero.rs - num::nonzero::NonZero<u32>::isolate_lowest_one (line 682) ... ok
test library/core/src/num/nonzero.rs - num::nonzero::NonZero<u32>::isqrt (line 1736) ... ok
test library/core/src/num/nonzero.rs - num::nonzero::NonZero<u32>::leading_zeros (line 592) ... ok
test library/core/src/num/nonzero.rs - num::nonzero::NonZero<u32>::lowest_one (line 736) ... ok
test library/core/src/num/nonzero.rs - num::nonzero::NonZero<u32>::midpoint (line 1671) ... ok
test library/core/src/num/nonzero.rs - num::nonzero::NonZero<u32>::reverse_bits (line 881) ... ok
test library/core/src/num/nonzero.rs - num::nonzero::NonZero<u32>::rotate_left (line 795) ... ok
test library/core/src/num/nonzero.rs - num::nonzero::NonZero<u32>::rotate_right (line 826) ... ok
test library/core/src/num/nonzero.rs - num::nonzero::NonZero<u32>::saturating_add (line 1505) ... ok
test library/core/src/num/nonzero.rs - num::nonzero::NonZero<u32>::saturating_mul (line 1087) ... ok
test library/core/src/num/nonzero.rs - num::nonzero::NonZero<u32>::saturating_pow (line 1204) ... ok
test library/core/src/num/nonzero.rs - num::nonzero::NonZero<u32>::swap_bytes (line 853) ... ok
test library/core/src/num/nonzero.rs - num::nonzero::NonZero<u32>::to_be (line 977) ... ok
test library/core/src/num/nonzero.rs - num::nonzero::NonZero<u32>::to_le (line 1010) ... ok
test library/core/src/num/nonzero.rs - num::nonzero::NonZero<u32>::trailing_zeros (line 622) ... ok
test library/core/src/num/nonzero.rs - num::nonzero::NonZero<u32>::unchecked_add (line 1544) ... ok
test library/core/src/num/nonzero.rs - num::nonzero::NonZero<u32>::unchecked_mul (line 1127) ... ok
test library/core/src/num/nonzero.rs - num::nonzero::NonZero<u64>::BITS (line 578) ... ok
test library/core/src/num/nonzero.rs - num::nonzero::NonZero<u64>::MAX (line 1451) ... ok
test library/core/src/num/nonzero.rs - num::nonzero::NonZero<u64>::MIN (line 1437) ... ok
test library/core/src/num/nonzero.rs - num::nonzero::NonZero<u64>::bit_width (line 1789) ... ok
test library/core/src/num/nonzero.rs - num::nonzero::NonZero<u64>::cast_signed (line 1768) ... ok
test library/core/src/num/nonzero.rs - num::nonzero::NonZero<u64>::checked_add (line 1466) ... ok
test library/core/src/num/nonzero.rs - num::nonzero::NonZero<u64>::checked_mul (line 1048) ... ok
test library/core/src/num/nonzero.rs - num::nonzero::NonZero<u64>::checked_next_power_of_two (line 1574) ... ok
test library/core/src/num/nonzero.rs - num::nonzero::NonZero<u64>::checked_pow (line 1165) ... ok
test library/core/src/num/nonzero.rs - num::nonzero::NonZero<u64>::count_ones (line 760) ... ok
test library/core/src/num/nonzero.rs - num::nonzero::NonZero<u64>::div_ceil (line 1382) ... ok
test library/core/src/num/nonzero.rs - num::nonzero::NonZero<u64>::from_be (line 911) ... ok
test library/core/src/num/nonzero.rs - num::nonzero::NonZero<u64>::from_le (line 944) ... ok
test library/core/src/num/nonzero.rs - num::nonzero::NonZero<u64>::highest_one (line 712) ... ok
test library/core/src/num/nonzero.rs - num::nonzero::NonZero<u64>::ilog10 (line 1643) ... ok
test library/core/src/num/nonzero.rs - num::nonzero::NonZero<u64>::ilog2 (line 1614) ... ok
test library/core/src/num/nonzero.rs - num::nonzero::NonZero<u64>::is_power_of_two (line 1707) ... ok
test library/core/src/num/nonzero.rs - num::nonzero::NonZero<u64>::isolate_highest_one (line 649) ... ok
test library/core/src/num/nonzero.rs - num::nonzero::NonZero<u64>::isolate_lowest_one (line 682) ... ok
test library/core/src/num/nonzero.rs - num::nonzero::NonZero<u64>::isqrt (line 1736) ... ok
test library/core/src/num/nonzero.rs - num::nonzero::NonZero<u64>::leading_zeros (line 592) ... ok
test library/core/src/num/nonzero.rs - num::nonzero::NonZero<u64>::lowest_one (line 736) ... ok
test library/core/src/num/nonzero.rs - num::nonzero::NonZero<u64>::midpoint (line 1671) ... ok
test library/core/src/num/nonzero.rs - num::nonzero::NonZero<u64>::reverse_bits (line 881) ... ok
test library/core/src/num/nonzero.rs - num::nonzero::NonZero<u64>::rotate_left (line 795) ... ok
test library/core/src/num/nonzero.rs - num::nonzero::NonZero<u64>::rotate_right (line 826) ... ok
test library/core/src/num/nonzero.rs - num::nonzero::NonZero<u64>::saturating_add (line 1505) ... ok
test library/core/src/num/nonzero.rs - num::nonzero::NonZero<u64>::saturating_mul (line 1087) ... ok
test library/core/src/num/nonzero.rs - num::nonzero::NonZero<u64>::saturating_pow (line 1204) ... ok
test library/core/src/num/nonzero.rs - num::nonzero::NonZero<u64>::swap_bytes (line 853) ... ok
test library/core/src/num/nonzero.rs - num::nonzero::NonZero<u64>::to_be (line 977) ... ok
test library/core/src/num/nonzero.rs - num::nonzero::NonZero<u64>::to_le (line 1010) ... ok
test library/core/src/num/nonzero.rs - num::nonzero::NonZero<u64>::trailing_zeros (line 622) ... ok
test library/core/src/num/nonzero.rs - num::nonzero::NonZero<u64>::unchecked_add (line 1544) ... ok
test library/core/src/num/nonzero.rs - num::nonzero::NonZero<u64>::unchecked_mul (line 1127) ... ok
test library/core/src/num/nonzero.rs - num::nonzero::NonZero<u8>::BITS (line 578) ... ok
test library/core/src/num/nonzero.rs - num::nonzero::NonZero<u8>::MAX (line 1451) ... ok
test library/core/src/num/nonzero.rs - num::nonzero::NonZero<u8>::MIN (line 1437) ... ok
test library/core/src/num/nonzero.rs - num::nonzero::NonZero<u8>::bit_width (line 1789) ... ok
test library/core/src/num/nonzero.rs - num::nonzero::NonZero<u8>::cast_signed (line 1768) ... ok
test library/core/src/num/nonzero.rs - num::nonzero::NonZero<u8>::checked_add (line 1466) ... ok
test library/core/src/num/nonzero.rs - num::nonzero::NonZero<u8>::checked_mul (line 1048) ... ok
test library/core/src/num/nonzero.rs - num::nonzero::NonZero<u8>::checked_next_power_of_two (line 1574) ... ok
test library/core/src/num/nonzero.rs - num::nonzero::NonZero<u8>::checked_pow (line 1165) ... ok
test library/core/src/num/nonzero.rs - num::nonzero::NonZero<u8>::count_ones (line 760) ... ok
test library/core/src/num/nonzero.rs - num::nonzero::NonZero<u8>::div_ceil (line 1382) ... ok
test library/core/src/num/nonzero.rs - num::nonzero::NonZero<u8>::from_be (line 911) ... ok
test library/core/src/num/nonzero.rs - num::nonzero::NonZero<u8>::from_le (line 944) ... ok
test library/core/src/num/nonzero.rs - num::nonzero::NonZero<u8>::highest_one (line 712) ... ok
test library/core/src/num/nonzero.rs - num::nonzero::NonZero<u8>::ilog10 (line 1643) ... ok
test library/core/src/num/nonzero.rs - num::nonzero::NonZero<u8>::ilog2 (line 1614) ... ok
test library/core/src/num/nonzero.rs - num::nonzero::NonZero<u8>::is_power_of_two (line 1707) ... ok
test library/core/src/num/nonzero.rs - num::nonzero::NonZero<u8>::isolate_highest_one (line 649) ... ok
test library/core/src/num/nonzero.rs - num::nonzero::NonZero<u8>::isolate_lowest_one (line 682) ... ok
test library/core/src/num/nonzero.rs - num::nonzero::NonZero<u8>::isqrt (line 1736) ... ok
test library/core/src/num/nonzero.rs - num::nonzero::NonZero<u8>::leading_zeros (line 592) ... ok
test library/core/src/num/nonzero.rs - num::nonzero::NonZero<u8>::lowest_one (line 736) ... ok
test library/core/src/num/nonzero.rs - num::nonzero::NonZero<u8>::midpoint (line 1671) ... ok
test library/core/src/num/nonzero.rs - num::nonzero::NonZero<u8>::reverse_bits (line 881) ... ok
test library/core/src/num/nonzero.rs - num::nonzero::NonZero<u8>::rotate_left (line 795) ... ok
test library/core/src/num/nonzero.rs - num::nonzero::NonZero<u8>::rotate_right (line 826) ... ok
test library/core/src/num/nonzero.rs - num::nonzero::NonZero<u8>::saturating_add (line 1505) ... ok
test library/core/src/num/nonzero.rs - num::nonzero::NonZero<u8>::saturating_mul (line 1087) ... ok
test library/core/src/num/nonzero.rs - num::nonzero::NonZero<u8>::saturating_pow (line 1204) ... ok
test library/core/src/num/nonzero.rs - num::nonzero::NonZero<u8>::swap_bytes (line 853) ... ok
test library/core/src/num/nonzero.rs - num::nonzero::NonZero<u8>::to_be (line 977) ... ok
test library/core/src/num/nonzero.rs - num::nonzero::NonZero<u8>::to_le (line 1010) ... ok
test library/core/src/num/nonzero.rs - num::nonzero::NonZero<u8>::trailing_zeros (line 622) ... ok
test library/core/src/num/nonzero.rs - num::nonzero::NonZero<u8>::unchecked_add (line 1544) ... ok
test library/core/src/num/nonzero.rs - num::nonzero::NonZero<u8>::unchecked_mul (line 1127) ... ok
test library/core/src/num/nonzero.rs - num::nonzero::NonZero<usize>::BITS (line 578) ... ok
test library/core/src/num/nonzero.rs - num::nonzero::NonZero<usize>::MAX (line 1451) ... ok
test library/core/src/num/nonzero.rs - num::nonzero::NonZero<usize>::MIN (line 1437) ... ok
test library/core/src/num/nonzero.rs - num::nonzero::NonZero<usize>::bit_width (line 1789) ... ok
test library/core/src/num/nonzero.rs - num::nonzero::NonZero<usize>::cast_signed (line 1768) ... ok
test library/core/src/num/nonzero.rs - num::nonzero::NonZero<usize>::checked_add (line 1466) ... ok
test library/core/src/num/nonzero.rs - num::nonzero::NonZero<usize>::checked_mul (line 1048) ... ok
test library/core/src/num/nonzero.rs - num::nonzero::NonZero<usize>::checked_next_power_of_two (line 1574) ... ok
test library/core/src/num/nonzero.rs - num::nonzero::NonZero<usize>::checked_pow (line 1165) ... ok
test library/core/src/num/nonzero.rs - num::nonzero::NonZero<usize>::count_ones (line 760) ... ok
test library/core/src/num/nonzero.rs - num::nonzero::NonZero<usize>::div_ceil (line 1382) ... ok
test library/core/src/num/nonzero.rs - num::nonzero::NonZero<usize>::from_be (line 911) ... ok
test library/core/src/num/nonzero.rs - num::nonzero::NonZero<usize>::from_le (line 944) ... ok
test library/core/src/num/nonzero.rs - num::nonzero::NonZero<usize>::highest_one (line 712) ... ok
test library/core/src/num/nonzero.rs - num::nonzero::NonZero<usize>::ilog10 (line 1643) ... ok
test library/core/src/num/nonzero.rs - num::nonzero::NonZero<usize>::ilog2 (line 1614) ... ok
test library/core/src/num/nonzero.rs - num::nonzero::NonZero<usize>::is_power_of_two (line 1707) ... ok
test library/core/src/num/nonzero.rs - num::nonzero::NonZero<usize>::isolate_highest_one (line 649) ... ok
test library/core/src/num/nonzero.rs - num::nonzero::NonZero<usize>::isolate_lowest_one (line 682) ... ok
test library/core/src/num/nonzero.rs - num::nonzero::NonZero<usize>::isqrt (line 1736) ... ok
test library/core/src/num/nonzero.rs - num::nonzero::NonZero<usize>::leading_zeros (line 592) ... ok
test library/core/src/num/nonzero.rs - num::nonzero::NonZero<usize>::lowest_one (line 736) ... ok
test library/core/src/num/nonzero.rs - num::nonzero::NonZero<usize>::midpoint (line 1671) ... ok
test library/core/src/num/nonzero.rs - num::nonzero::NonZero<usize>::reverse_bits (line 881) ... ok
test library/core/src/num/nonzero.rs - num::nonzero::NonZero<usize>::rotate_left (line 795) ... ok
test library/core/src/num/nonzero.rs - num::nonzero::NonZero<usize>::rotate_right (line 826) ... ok
test library/core/src/num/nonzero.rs - num::nonzero::NonZero<usize>::saturating_add (line 1505) ... ok
test library/core/src/num/nonzero.rs - num::nonzero::NonZero<usize>::saturating_mul (line 1087) ... ok
test library/core/src/num/nonzero.rs - num::nonzero::NonZero<usize>::saturating_pow (line 1204) ... ok
test library/core/src/num/nonzero.rs - num::nonzero::NonZero<usize>::swap_bytes (line 853) ... ok
test library/core/src/num/nonzero.rs - num::nonzero::NonZero<usize>::to_be (line 977) ... ok
test library/core/src/num/nonzero.rs - num::nonzero::NonZero<usize>::to_le (line 1010) ... ok
test library/core/src/num/nonzero.rs - num::nonzero::NonZero<usize>::trailing_zeros (line 622) ... ok
test library/core/src/num/nonzero.rs - num::nonzero::NonZero<usize>::unchecked_add (line 1544) ... ok
test library/core/src/num/nonzero.rs - num::nonzero::NonZero<usize>::unchecked_mul (line 1127) ... ok
test library/core/src/num/nonzero.rs - num::nonzero::NonZeroI128 (line 528) ... ok
test library/core/src/num/nonzero.rs - num::nonzero::NonZeroI128 (line 543) ... ok
test library/core/src/num/nonzero.rs - num::nonzero::NonZeroI128 (line 556) ... ok
test library/core/src/num/nonzero.rs - num::nonzero::NonZeroI16 (line 528) ... ok
test library/core/src/num/nonzero.rs - num::nonzero::NonZeroI16 (line 543) ... ok
test library/core/src/num/nonzero.rs - num::nonzero::NonZeroI16 (line 556) ... ok
test library/core/src/num/nonzero.rs - num::nonzero::NonZeroI32 (line 528) ... ok
test library/core/src/num/nonzero.rs - num::nonzero::NonZeroI32 (line 543) ... ok
test library/core/src/num/nonzero.rs - num::nonzero::NonZeroI32 (line 556) ... ok
test library/core/src/num/nonzero.rs - num::nonzero::NonZeroI64 (line 528) ... ok
test library/core/src/num/nonzero.rs - num::nonzero::NonZeroI64 (line 543) ... ok
test library/core/src/num/nonzero.rs - num::nonzero::NonZeroI64 (line 556) ... ok
test library/core/src/num/nonzero.rs - num::nonzero::NonZeroI8 (line 528) ... ok
test library/core/src/num/nonzero.rs - num::nonzero::NonZeroI8 (line 543) ... ok
test library/core/src/num/nonzero.rs - num::nonzero::NonZeroI8 (line 556) ... ok
test library/core/src/num/nonzero.rs - num::nonzero::NonZeroIsize (line 528) ... ok
test library/core/src/num/nonzero.rs - num::nonzero::NonZeroIsize (line 543) ... ok
test library/core/src/num/nonzero.rs - num::nonzero::NonZeroIsize (line 556) ... ok
test library/core/src/num/nonzero.rs - num::nonzero::NonZeroU128 (line 531) ... ok
test library/core/src/num/nonzero.rs - num::nonzero::NonZeroU128 (line 546) ... ok
test library/core/src/num/nonzero.rs - num::nonzero::NonZeroU128 (line 559) ... ok
test library/core/src/num/nonzero.rs - num::nonzero::NonZeroU16 (line 531) ... ok
test library/core/src/num/nonzero.rs - num::nonzero::NonZeroU16 (line 546) ... ok
test library/core/src/num/nonzero.rs - num::nonzero::NonZeroU16 (line 559) ... ok
test library/core/src/num/nonzero.rs - num::nonzero::NonZeroU32 (line 531) ... ok
test library/core/src/num/nonzero.rs - num::nonzero::NonZeroU32 (line 546) ... ok
test library/core/src/num/nonzero.rs - num::nonzero::NonZeroU32 (line 559) ... ok
test library/core/src/num/nonzero.rs - num::nonzero::NonZeroU64 (line 531) ... ok
test library/core/src/num/nonzero.rs - num::nonzero::NonZeroU64 (line 546) ... ok
test library/core/src/num/nonzero.rs - num::nonzero::NonZeroU64 (line 559) ... ok
test library/core/src/num/nonzero.rs - num::nonzero::NonZeroU8 (line 531) ... ok
test library/core/src/num/nonzero.rs - num::nonzero::NonZeroU8 (line 546) ... ok
test library/core/src/num/nonzero.rs - num::nonzero::NonZeroU8 (line 559) ... ok
test library/core/src/num/nonzero.rs - num::nonzero::NonZeroUsize (line 531) ... ok
test library/core/src/num/nonzero.rs - num::nonzero::NonZeroUsize (line 546) ... ok
test library/core/src/num/nonzero.rs - num::nonzero::NonZeroUsize (line 559) ... ok
test library/core/src/num/saturating.rs - num::saturating::Saturating (line 26) ... ok
error: linking with `./cheri/linker.sh` failed: exit status: 255
  |
  = note:  "./cheri/linker.sh" "-flavor" "gnu" "/var/folders/9k/gp4ckb6n1wd80tfd822vr6j80000gp/T/rustcfnunlw/symbols.o" "<2 object files omitted>" "--as-needed" "-Bstatic" "<sysroot>/lib/rustlib/riscv32cheriot-unknown-cheriotrtos/lib/{libpanic_abort-*,libstd-*,libcfg_if-*,librustc_demangle-*,libstd_detect-*,libhashbrown-*,librustc_std_workspace_alloc-*,libminiz_oxide-*,libadler2-*,libunwind-*,liblibc-*,librustc_std_workspace_core-*,liballoc-*,libcore-*,libcompiler_builtins-*}.rlib" "-L" "/var/folders/9k/gp4ckb6n1wd80tfd822vr6j80000gp/T/rustcfnunlw/raw-dylibs" "-Bdynamic" "-z" "noexecstack" "-L" "<sysroot>/lib/rustlib/riscv32cheriot-unknown-cheriotrtos/lib/self-contained" "-o" "/var/folders/9k/gp4ckb6n1wd80tfd822vr6j80000gp/T/rustdoctestzCYY7o/rust_out" "--gc-sections" "-static"
  = note: some arguments are omitted. use `--verbose` to show all linker arguments
  = note: Remapping priority of thread 1 from 1 to 0
          Enabling sub-object bounds for cheriot.allocator
          Enabling sub-object bounds for cheriot.loader
          Enabling sub-object bounds for test_fw.scheduler
          Patched board file will be saved as "/Users/jacob/CHERIoT/rust/cheri/doctests/build/board.json"
          [ 93%]: linking compartment test_runner.compartment
          [ 93%]: linking firmware build/cheriot/cheriot/release/test_fw
          error: ld.lld: error: undefined symbol: __library_export_libcalls___divti3
          >>> referenced by compiler_builtins.f5786da9a5584453-cgu.112
          >>>               build/cheriot/cheriot/release/test_runner.compartment:()
          >>> did you mean: __library_export_libcalls___divdi3
          >>> defined in: build/cheriot/cheriot/release/crt.library
          
          warning: $(buildir) has been deprecated, please use $(builddir)
          

error: aborting due to 1 previous error

Couldn't compile the test.test library/core/src/num/saturating.rs - num::saturating::Saturating<i128> (line 331) ... FAILED
error: linking with `./cheri/linker.sh` failed: exit status: 255
  |
  = note:  "./cheri/linker.sh" "-flavor" "gnu" "/var/folders/9k/gp4ckb6n1wd80tfd822vr6j80000gp/T/rustc6Rj7sf/symbols.o" "<2 object files omitted>" "--as-needed" "-Bstatic" "<sysroot>/lib/rustlib/riscv32cheriot-unknown-cheriotrtos/lib/{libpanic_abort-*,libstd-*,libcfg_if-*,librustc_demangle-*,libstd_detect-*,libhashbrown-*,librustc_std_workspace_alloc-*,libminiz_oxide-*,libadler2-*,libunwind-*,liblibc-*,librustc_std_workspace_core-*,liballoc-*,libcore-*,libcompiler_builtins-*}.rlib" "-L" "/var/folders/9k/gp4ckb6n1wd80tfd822vr6j80000gp/T/rustc6Rj7sf/raw-dylibs" "-Bdynamic" "-z" "noexecstack" "-L" "<sysroot>/lib/rustlib/riscv32cheriot-unknown-cheriotrtos/lib/self-contained" "-o" "/var/folders/9k/gp4ckb6n1wd80tfd822vr6j80000gp/T/rustdoctestBn6AWI/rust_out" "--gc-sections" "-static"
  = note: some arguments are omitted. use `--verbose` to show all linker arguments
  = note: Remapping priority of thread 1 from 1 to 0
          Enabling sub-object bounds for cheriot.allocator
          Enabling sub-object bounds for cheriot.loader
          Enabling sub-object bounds for test_fw.scheduler
          Patched board file will be saved as "/Users/jacob/CHERIoT/rust/cheri/doctests/build/board.json"
          [ 93%]: linking compartment test_runner.compartment
          [ 93%]: linking firmware build/cheriot/cheriot/release/test_fw
          error: ld.lld: error: undefined symbol: __library_export_libcalls___divti3
          >>> referenced by compiler_builtins.f5786da9a5584453-cgu.112
          >>>               build/cheriot/cheriot/release/test_runner.compartment:()
          >>> did you mean: __library_export_libcalls___divdi3
          >>> defined in: build/cheriot/cheriot/release/crt.library
          
          warning: $(buildir) has been deprecated, please use $(builddir)
          

error: aborting due to 1 previous error

Couldn't compile the test.test library/core/src/num/saturating.rs - num::saturating::Saturating<i128> (line 339) ... FAILED
test library/core/src/num/saturating.rs - num::saturating::Saturating<i128>::BITS (line 584) ... ok
test library/core/src/num/saturating.rs - num::saturating::Saturating<i128>::MAX (line 572) ... ok
test library/core/src/num/saturating.rs - num::saturating::Saturating<i128>::MIN (line 560) ... ok
test library/core/src/num/saturating.rs - num::saturating::Saturating<i128>::abs (line 921) ... ok
test library/core/src/num/saturating.rs - num::saturating::Saturating<i128>::count_ones (line 596) ... ok
test library/core/src/num/saturating.rs - num::saturating::Saturating<i128>::count_zeros (line 618) ... ok
test library/core/src/num/saturating.rs - num::saturating::Saturating<i128>::from_be (line 762) ... ok
test library/core/src/num/saturating.rs - num::saturating::Saturating<i128>::from_le (line 788) ... ok
test library/core/src/num/saturating.rs - num::saturating::Saturating<i128>::is_negative (line 987) ... ok
test library/core/src/num/saturating.rs - num::saturating::Saturating<i128>::is_positive (line 968) ... ok
test library/core/src/num/saturating.rs - num::saturating::Saturating<i128>::leading_zeros (line 900) ... ok
test library/core/src/num/saturating.rs - num::saturating::Saturating<i128>::pow (line 865) ... ok
test library/core/src/num/saturating.rs - num::saturating::Saturating<i128>::pow (line 873) ... ok
test library/core/src/num/saturating.rs - num::saturating::Saturating<i128>::reverse_bits (line 735) ... ok
test library/core/src/num/saturating.rs - num::saturating::Saturating<i128>::rotate_left (line 661) ... ok
test library/core/src/num/saturating.rs - num::saturating::Saturating<i128>::rotate_right (line 687) ... ok
test library/core/src/num/saturating.rs - num::saturating::Saturating<i128>::signum (line 947) ... ok
test library/core/src/num/saturating.rs - num::saturating::Saturating<i128>::swap_bytes (line 708) ... ok
test library/core/src/num/saturating.rs - num::saturating::Saturating<i128>::to_be (line 814) ... ok
test library/core/src/num/saturating.rs - num::saturating::Saturating<i128>::to_le (line 841) ... ok
test library/core/src/num/saturating.rs - num::saturating::Saturating<i128>::trailing_zeros (line 636) ... ok
test library/core/src/num/saturating.rs - num::saturating::Saturating<i16> (line 331) ... ok
test library/core/src/num/saturating.rs - num::saturating::Saturating<i16> (line 339) ... ok
test library/core/src/num/saturating.rs - num::saturating::Saturating<i16>::BITS (line 584) ... ok
test library/core/src/num/saturating.rs - num::saturating::Saturating<i16>::MAX (line 572) ... ok
test library/core/src/num/saturating.rs - num::saturating::Saturating<i16>::MIN (line 560) ... ok
test library/core/src/num/saturating.rs - num::saturating::Saturating<i16>::abs (line 921) ... ok
test library/core/src/num/saturating.rs - num::saturating::Saturating<i16>::count_ones (line 596) ... ok
test library/core/src/num/saturating.rs - num::saturating::Saturating<i16>::count_zeros (line 618) ... ok
test library/core/src/num/saturating.rs - num::saturating::Saturating<i16>::from_be (line 762) ... ok
test library/core/src/num/saturating.rs - num::saturating::Saturating<i16>::from_le (line 788) ... ok
test library/core/src/num/saturating.rs - num::saturating::Saturating<i16>::is_negative (line 987) ... ok
test library/core/src/num/saturating.rs - num::saturating::Saturating<i16>::is_positive (line 968) ... ok
test library/core/src/num/saturating.rs - num::saturating::Saturating<i16>::leading_zeros (line 900) ... ok
test library/core/src/num/saturating.rs - num::saturating::Saturating<i16>::pow (line 865) ... ok
test library/core/src/num/saturating.rs - num::saturating::Saturating<i16>::pow (line 873) ... ok
test library/core/src/num/saturating.rs - num::saturating::Saturating<i16>::reverse_bits (line 735) ... ok
test library/core/src/num/saturating.rs - num::saturating::Saturating<i16>::rotate_left (line 661) ... ok
test library/core/src/num/saturating.rs - num::saturating::Saturating<i16>::rotate_right (line 687) ... ok
test library/core/src/num/saturating.rs - num::saturating::Saturating<i16>::signum (line 947) ... ok
test library/core/src/num/saturating.rs - num::saturating::Saturating<i16>::swap_bytes (line 708) ... ok
test library/core/src/num/saturating.rs - num::saturating::Saturating<i16>::to_be (line 814) ... ok
test library/core/src/num/saturating.rs - num::saturating::Saturating<i16>::to_le (line 841) ... ok
test library/core/src/num/saturating.rs - num::saturating::Saturating<i16>::trailing_zeros (line 636) ... ok
test library/core/src/num/saturating.rs - num::saturating::Saturating<i32> (line 331) ... ok
test library/core/src/num/saturating.rs - num::saturating::Saturating<i32> (line 339) ... ok
test library/core/src/num/saturating.rs - num::saturating::Saturating<i32>::BITS (line 584) ... ok
test library/core/src/num/saturating.rs - num::saturating::Saturating<i32>::MAX (line 572) ... ok
test library/core/src/num/saturating.rs - num::saturating::Saturating<i32>::MIN (line 560) ... ok
test library/core/src/num/saturating.rs - num::saturating::Saturating<i32>::abs (line 921) ... ok
test library/core/src/num/saturating.rs - num::saturating::Saturating<i32>::count_ones (line 596) ... ok
test library/core/src/num/saturating.rs - num::saturating::Saturating<i32>::count_zeros (line 618) ... ok
test library/core/src/num/saturating.rs - num::saturating::Saturating<i32>::from_be (line 762) ... ok
test library/core/src/num/saturating.rs - num::saturating::Saturating<i32>::from_le (line 788) ... ok
test library/core/src/num/saturating.rs - num::saturating::Saturating<i32>::is_negative (line 987) ... ok
test library/core/src/num/saturating.rs - num::saturating::Saturating<i32>::is_positive (line 968) ... ok
test library/core/src/num/saturating.rs - num::saturating::Saturating<i32>::leading_zeros (line 900) ... ok
test library/core/src/num/saturating.rs - num::saturating::Saturating<i32>::pow (line 865) ... ok
test library/core/src/num/saturating.rs - num::saturating::Saturating<i32>::pow (line 873) ... ok
test library/core/src/num/saturating.rs - num::saturating::Saturating<i32>::reverse_bits (line 735) ... ok
test library/core/src/num/saturating.rs - num::saturating::Saturating<i32>::rotate_left (line 661) ... ok
test library/core/src/num/saturating.rs - num::saturating::Saturating<i32>::rotate_right (line 687) ... ok
test library/core/src/num/saturating.rs - num::saturating::Saturating<i32>::signum (line 947) ... ok
test library/core/src/num/saturating.rs - num::saturating::Saturating<i32>::swap_bytes (line 708) ... ok
test library/core/src/num/saturating.rs - num::saturating::Saturating<i32>::to_be (line 814) ... ok
test library/core/src/num/saturating.rs - num::saturating::Saturating<i32>::to_le (line 841) ... ok
test library/core/src/num/saturating.rs - num::saturating::Saturating<i32>::trailing_zeros (line 636) ... ok
test library/core/src/num/saturating.rs - num::saturating::Saturating<i64> (line 331) ... ok
test library/core/src/num/saturating.rs - num::saturating::Saturating<i64> (line 339) ... ok
test library/core/src/num/saturating.rs - num::saturating::Saturating<i64>::BITS (line 584) ... ok
test library/core/src/num/saturating.rs - num::saturating::Saturating<i64>::MAX (line 572) ... ok
test library/core/src/num/saturating.rs - num::saturating::Saturating<i64>::MIN (line 560) ... ok
test library/core/src/num/saturating.rs - num::saturating::Saturating<i64>::abs (line 921) ... ok
test library/core/src/num/saturating.rs - num::saturating::Saturating<i64>::count_ones (line 596) ... ok
test library/core/src/num/saturating.rs - num::saturating::Saturating<i64>::count_zeros (line 618) ... ok
test library/core/src/num/saturating.rs - num::saturating::Saturating<i64>::from_be (line 762) ... ok
test library/core/src/num/saturating.rs - num::saturating::Saturating<i64>::from_le (line 788) ... ok
test library/core/src/num/saturating.rs - num::saturating::Saturating<i64>::is_negative (line 987) ... ok
test library/core/src/num/saturating.rs - num::saturating::Saturating<i64>::is_positive (line 968) ... ok
test library/core/src/num/saturating.rs - num::saturating::Saturating<i64>::leading_zeros (line 900) ... ok
test library/core/src/num/saturating.rs - num::saturating::Saturating<i64>::pow (line 865) ... ok
test library/core/src/num/saturating.rs - num::saturating::Saturating<i64>::pow (line 873) ... ok
test library/core/src/num/saturating.rs - num::saturating::Saturating<i64>::reverse_bits (line 735) ... ok
test library/core/src/num/saturating.rs - num::saturating::Saturating<i64>::rotate_left (line 661) ... ok
test library/core/src/num/saturating.rs - num::saturating::Saturating<i64>::rotate_right (line 687) ... ok
test library/core/src/num/saturating.rs - num::saturating::Saturating<i64>::signum (line 947) ... ok
test library/core/src/num/saturating.rs - num::saturating::Saturating<i64>::swap_bytes (line 708) ... ok
test library/core/src/num/saturating.rs - num::saturating::Saturating<i64>::to_be (line 814) ... ok
test library/core/src/num/saturating.rs - num::saturating::Saturating<i64>::to_le (line 841) ... ok
test library/core/src/num/saturating.rs - num::saturating::Saturating<i64>::trailing_zeros (line 636) ... ok
test library/core/src/num/saturating.rs - num::saturating::Saturating<i8> (line 331) ... ok
test library/core/src/num/saturating.rs - num::saturating::Saturating<i8> (line 339) ... ok
test library/core/src/num/saturating.rs - num::saturating::Saturating<i8>::BITS (line 584) ... ok
test library/core/src/num/saturating.rs - num::saturating::Saturating<i8>::MAX (line 572) ... ok
test library/core/src/num/saturating.rs - num::saturating::Saturating<i8>::MIN (line 560) ... ok
test library/core/src/num/saturating.rs - num::saturating::Saturating<i8>::abs (line 921) ... ok
test library/core/src/num/saturating.rs - num::saturating::Saturating<i8>::count_ones (line 596) ... ok
test library/core/src/num/saturating.rs - num::saturating::Saturating<i8>::count_zeros (line 618) ... ok
test library/core/src/num/saturating.rs - num::saturating::Saturating<i8>::from_be (line 762) ... ok
test library/core/src/num/saturating.rs - num::saturating::Saturating<i8>::from_le (line 788) ... ok
test library/core/src/num/saturating.rs - num::saturating::Saturating<i8>::is_negative (line 987) ... ok
test library/core/src/num/saturating.rs - num::saturating::Saturating<i8>::is_positive (line 968) ... ok
test library/core/src/num/saturating.rs - num::saturating::Saturating<i8>::leading_zeros (line 900) ... ok
test library/core/src/num/saturating.rs - num::saturating::Saturating<i8>::pow (line 865) ... ok
test library/core/src/num/saturating.rs - num::saturating::Saturating<i8>::pow (line 873) ... ok
test library/core/src/num/saturating.rs - num::saturating::Saturating<i8>::reverse_bits (line 735) ... ok
test library/core/src/num/saturating.rs - num::saturating::Saturating<i8>::rotate_left (line 661) ... ok
test library/core/src/num/saturating.rs - num::saturating::Saturating<i8>::rotate_right (line 687) ... ok
test library/core/src/num/saturating.rs - num::saturating::Saturating<i8>::signum (line 947) ... ok
test library/core/src/num/saturating.rs - num::saturating::Saturating<i8>::swap_bytes (line 708) ... ok
test library/core/src/num/saturating.rs - num::saturating::Saturating<i8>::to_be (line 814) ... ok
test library/core/src/num/saturating.rs - num::saturating::Saturating<i8>::to_le (line 841) ... ok
test library/core/src/num/saturating.rs - num::saturating::Saturating<i8>::trailing_zeros (line 636) ... ok
test library/core/src/num/saturating.rs - num::saturating::Saturating<isize> (line 331) ... ok
test library/core/src/num/saturating.rs - num::saturating::Saturating<isize> (line 339) ... ok
test library/core/src/num/saturating.rs - num::saturating::Saturating<isize>::BITS (line 584) ... ok
test library/core/src/num/saturating.rs - num::saturating::Saturating<isize>::MAX (line 572) ... ok
test library/core/src/num/saturating.rs - num::saturating::Saturating<isize>::MIN (line 560) ... ok
test library/core/src/num/saturating.rs - num::saturating::Saturating<isize>::abs (line 921) ... ok
test library/core/src/num/saturating.rs - num::saturating::Saturating<isize>::count_ones (line 596) ... ok
test library/core/src/num/saturating.rs - num::saturating::Saturating<isize>::count_zeros (line 618) ... ok
test library/core/src/num/saturating.rs - num::saturating::Saturating<isize>::from_be (line 762) ... ok
test library/core/src/num/saturating.rs - num::saturating::Saturating<isize>::from_le (line 788) ... ok
test library/core/src/num/saturating.rs - num::saturating::Saturating<isize>::is_negative (line 987) ... ok
test library/core/src/num/saturating.rs - num::saturating::Saturating<isize>::is_positive (line 968) ... ok
test library/core/src/num/saturating.rs - num::saturating::Saturating<isize>::leading_zeros (line 900) ... ok
test library/core/src/num/saturating.rs - num::saturating::Saturating<isize>::pow (line 865) ... ok
test library/core/src/num/saturating.rs - num::saturating::Saturating<isize>::pow (line 873) ... ok
test library/core/src/num/saturating.rs - num::saturating::Saturating<isize>::reverse_bits (line 735) ... ok
test library/core/src/num/saturating.rs - num::saturating::Saturating<isize>::rotate_left (line 661) ... ok
test library/core/src/num/saturating.rs - num::saturating::Saturating<isize>::rotate_right (line 687) ... ok
test library/core/src/num/saturating.rs - num::saturating::Saturating<isize>::signum (line 947) ... ok
test library/core/src/num/saturating.rs - num::saturating::Saturating<isize>::swap_bytes (line 708) ... ok
test library/core/src/num/saturating.rs - num::saturating::Saturating<isize>::to_be (line 814) ... ok
test library/core/src/num/saturating.rs - num::saturating::Saturating<isize>::to_le (line 841) ... ok
test library/core/src/num/saturating.rs - num::saturating::Saturating<isize>::trailing_zeros (line 636) ... ok
error: linking with `./cheri/linker.sh` failed: exit status: 255
  |
  = note:  "./cheri/linker.sh" "-flavor" "gnu" "/var/folders/9k/gp4ckb6n1wd80tfd822vr6j80000gp/T/rustceSl5En/symbols.o" "<2 object files omitted>" "--as-needed" "-Bstatic" "<sysroot>/lib/rustlib/riscv32cheriot-unknown-cheriotrtos/lib/{libpanic_abort-*,libstd-*,libcfg_if-*,librustc_demangle-*,libstd_detect-*,libhashbrown-*,librustc_std_workspace_alloc-*,libminiz_oxide-*,libadler2-*,libunwind-*,liblibc-*,librustc_std_workspace_core-*,liballoc-*,libcore-*,libcompiler_builtins-*}.rlib" "-L" "/var/folders/9k/gp4ckb6n1wd80tfd822vr6j80000gp/T/rustceSl5En/raw-dylibs" "-Bdynamic" "-z" "noexecstack" "-L" "<sysroot>/lib/rustlib/riscv32cheriot-unknown-cheriotrtos/lib/self-contained" "-o" "/var/folders/9k/gp4ckb6n1wd80tfd822vr6j80000gp/T/rustdoctestUMeLAk/rust_out" "--gc-sections" "-static"
  = note: some arguments are omitted. use `--verbose` to show all linker arguments
  = note: Remapping priority of thread 1 from 1 to 0
          Enabling sub-object bounds for cheriot.allocator
          Enabling sub-object bounds for cheriot.loader
          Enabling sub-object bounds for test_fw.scheduler
          Patched board file will be saved as "/Users/jacob/CHERIoT/rust/cheri/doctests/build/board.json"
          [ 93%]: linking compartment test_runner.compartment
          [ 93%]: linking firmware build/cheriot/cheriot/release/test_fw
          error: ld.lld: error: undefined symbol: __library_export_libcalls___udivti3
          >>> referenced by compiler_builtins.f5786da9a5584453-cgu.112
          >>>               build/cheriot/cheriot/release/test_runner.compartment:()
          >>> did you mean: __library_export_libcalls___udivdi3
          >>> defined in: build/cheriot/cheriot/release/crt.library
          
          warning: $(buildir) has been deprecated, please use $(builddir)
          

error: aborting due to 1 previous error

Couldn't compile the test.test library/core/src/num/saturating.rs - num::saturating::Saturating<u128> (line 331) ... FAILED
error: linking with `./cheri/linker.sh` failed: exit status: 255
  |
  = note:  "./cheri/linker.sh" "-flavor" "gnu" "/var/folders/9k/gp4ckb6n1wd80tfd822vr6j80000gp/T/rustcjeswtU/symbols.o" "<2 object files omitted>" "--as-needed" "-Bstatic" "<sysroot>/lib/rustlib/riscv32cheriot-unknown-cheriotrtos/lib/{libpanic_abort-*,libstd-*,libcfg_if-*,librustc_demangle-*,libstd_detect-*,libhashbrown-*,librustc_std_workspace_alloc-*,libminiz_oxide-*,libadler2-*,libunwind-*,liblibc-*,librustc_std_workspace_core-*,liballoc-*,libcore-*,libcompiler_builtins-*}.rlib" "-L" "/var/folders/9k/gp4ckb6n1wd80tfd822vr6j80000gp/T/rustcjeswtU/raw-dylibs" "-Bdynamic" "-z" "noexecstack" "-L" "<sysroot>/lib/rustlib/riscv32cheriot-unknown-cheriotrtos/lib/self-contained" "-o" "/var/folders/9k/gp4ckb6n1wd80tfd822vr6j80000gp/T/rustdoctestqUV4Av/rust_out" "--gc-sections" "-static"
  = note: some arguments are omitted. use `--verbose` to show all linker arguments
  = note: Remapping priority of thread 1 from 1 to 0
          Enabling sub-object bounds for cheriot.allocator
          Enabling sub-object bounds for cheriot.loader
          Enabling sub-object bounds for test_fw.scheduler
          Patched board file will be saved as "/Users/jacob/CHERIoT/rust/cheri/doctests/build/board.json"
          [ 93%]: linking compartment test_runner.compartment
          [ 93%]: linking firmware build/cheriot/cheriot/release/test_fw
          error: ld.lld: error: undefined symbol: __library_export_libcalls___udivti3
          >>> referenced by compiler_builtins.f5786da9a5584453-cgu.112
          >>>               build/cheriot/cheriot/release/test_runner.compartment:()
          >>> did you mean: __library_export_libcalls___udivdi3
          >>> defined in: build/cheriot/cheriot/release/crt.library
          
          warning: $(buildir) has been deprecated, please use $(builddir)
          

error: aborting due to 1 previous error

Couldn't compile the test.test library/core/src/num/saturating.rs - num::saturating::Saturating<u128> (line 339) ... FAILED
test library/core/src/num/saturating.rs - num::saturating::Saturating<u128>::BITS (line 584) ... ok
test library/core/src/num/saturating.rs - num::saturating::Saturating<u128>::MAX (line 572) ... ok
test library/core/src/num/saturating.rs - num::saturating::Saturating<u128>::MIN (line 560) ... ok
test library/core/src/num/saturating.rs - num::saturating::Saturating<u128>::count_ones (line 596) ... ok
test library/core/src/num/saturating.rs - num::saturating::Saturating<u128>::count_zeros (line 618) ... ok
test library/core/src/num/saturating.rs - num::saturating::Saturating<u128>::from_be (line 762) ... ok
test library/core/src/num/saturating.rs - num::saturating::Saturating<u128>::from_le (line 788) ... ok
test library/core/src/num/saturating.rs - num::saturating::Saturating<u128>::is_power_of_two (line 1046) ... ok
test library/core/src/num/saturating.rs - num::saturating::Saturating<u128>::leading_zeros (line 1026) ... ok
test library/core/src/num/saturating.rs - num::saturating::Saturating<u128>::pow (line 865) ... ok
test library/core/src/num/saturating.rs - num::saturating::Saturating<u128>::pow (line 873) ... ok
test library/core/src/num/saturating.rs - num::saturating::Saturating<u128>::reverse_bits (line 735) ... ok
test library/core/src/num/saturating.rs - num::saturating::Saturating<u128>::rotate_left (line 661) ... ok
test library/core/src/num/saturating.rs - num::saturating::Saturating<u128>::rotate_right (line 687) ... ok
test library/core/src/num/saturating.rs - num::saturating::Saturating<u128>::swap_bytes (line 708) ... ok
test library/core/src/num/saturating.rs - num::saturating::Saturating<u128>::to_be (line 814) ... ok
test library/core/src/num/saturating.rs - num::saturating::Saturating<u128>::to_le (line 841) ... ok
test library/core/src/num/saturating.rs - num::saturating::Saturating<u128>::trailing_zeros (line 636) ... ok
test library/core/src/num/saturating.rs - num::saturating::Saturating<u16> (line 331) ... ok
test library/core/src/num/saturating.rs - num::saturating::Saturating<u16> (line 339) ... ok
test library/core/src/num/saturating.rs - num::saturating::Saturating<u16>::BITS (line 584) ... ok
test library/core/src/num/saturating.rs - num::saturating::Saturating<u16>::MAX (line 572) ... ok
test library/core/src/num/saturating.rs - num::saturating::Saturating<u16>::MIN (line 560) ... ok
test library/core/src/num/saturating.rs - num::saturating::Saturating<u16>::count_ones (line 596) ... ok
test library/core/src/num/saturating.rs - num::saturating::Saturating<u16>::count_zeros (line 618) ... ok
test library/core/src/num/saturating.rs - num::saturating::Saturating<u16>::from_be (line 762) ... ok
test library/core/src/num/saturating.rs - num::saturating::Saturating<u16>::from_le (line 788) ... ok
test library/core/src/num/saturating.rs - num::saturating::Saturating<u16>::is_power_of_two (line 1046) ... ok
test library/core/src/num/saturating.rs - num::saturating::Saturating<u16>::leading_zeros (line 1026) ... ok
test library/core/src/num/saturating.rs - num::saturating::Saturating<u16>::pow (line 865) ... ok
test library/core/src/num/saturating.rs - num::saturating::Saturating<u16>::pow (line 873) ... ok
test library/core/src/num/saturating.rs - num::saturating::Saturating<u16>::reverse_bits (line 735) ... ok
test library/core/src/num/saturating.rs - num::saturating::Saturating<u16>::rotate_left (line 661) ... ok
test library/core/src/num/saturating.rs - num::saturating::Saturating<u16>::rotate_right (line 687) ... ok
test library/core/src/num/saturating.rs - num::saturating::Saturating<u16>::swap_bytes (line 708) ... ok
test library/core/src/num/saturating.rs - num::saturating::Saturating<u16>::to_be (line 814) ... ok
test library/core/src/num/saturating.rs - num::saturating::Saturating<u16>::to_le (line 841) ... ok
test library/core/src/num/saturating.rs - num::saturating::Saturating<u16>::trailing_zeros (line 636) ... ok
test library/core/src/num/saturating.rs - num::saturating::Saturating<u32> (line 331) ... ok
test library/core/src/num/saturating.rs - num::saturating::Saturating<u32> (line 339) ... ok
test library/core/src/num/saturating.rs - num::saturating::Saturating<u32>::BITS (line 584) ... ok
test library/core/src/num/saturating.rs - num::saturating::Saturating<u32>::MAX (line 572) ... ok
test library/core/src/num/saturating.rs - num::saturating::Saturating<u32>::MIN (line 560) ... ok
test library/core/src/num/saturating.rs - num::saturating::Saturating<u32>::count_ones (line 596) ... ok
test library/core/src/num/saturating.rs - num::saturating::Saturating<u32>::count_zeros (line 618) ... ok
test library/core/src/num/saturating.rs - num::saturating::Saturating<u32>::from_be (line 762) ... ok
test library/core/src/num/saturating.rs - num::saturating::Saturating<u32>::from_le (line 788) ... ok
test library/core/src/num/saturating.rs - num::saturating::Saturating<u32>::is_power_of_two (line 1046) ... ok
test library/core/src/num/saturating.rs - num::saturating::Saturating<u32>::leading_zeros (line 1026) ... ok
test library/core/src/num/saturating.rs - num::saturating::Saturating<u32>::pow (line 865) ... ok
test library/core/src/num/saturating.rs - num::saturating::Saturating<u32>::pow (line 873) ... ok
test library/core/src/num/saturating.rs - num::saturating::Saturating<u32>::reverse_bits (line 735) ... ok
test library/core/src/num/saturating.rs - num::saturating::Saturating<u32>::rotate_left (line 661) ... ok
test library/core/src/num/saturating.rs - num::saturating::Saturating<u32>::rotate_right (line 687) ... ok
test library/core/src/num/saturating.rs - num::saturating::Saturating<u32>::swap_bytes (line 708) ... ok
test library/core/src/num/saturating.rs - num::saturating::Saturating<u32>::to_be (line 814) ... ok
test library/core/src/num/saturating.rs - num::saturating::Saturating<u32>::to_le (line 841) ... ok
test library/core/src/num/saturating.rs - num::saturating::Saturating<u32>::trailing_zeros (line 636) ... ok
test library/core/src/num/saturating.rs - num::saturating::Saturating<u64> (line 331) ... ok
test library/core/src/num/saturating.rs - num::saturating::Saturating<u64> (line 339) ... ok
test library/core/src/num/saturating.rs - num::saturating::Saturating<u64>::BITS (line 584) ... ok
test library/core/src/num/saturating.rs - num::saturating::Saturating<u64>::MAX (line 572) ... ok
test library/core/src/num/saturating.rs - num::saturating::Saturating<u64>::MIN (line 560) ... ok
test library/core/src/num/saturating.rs - num::saturating::Saturating<u64>::count_ones (line 596) ... ok
test library/core/src/num/saturating.rs - num::saturating::Saturating<u64>::count_zeros (line 618) ... ok
test library/core/src/num/saturating.rs - num::saturating::Saturating<u64>::from_be (line 762) ... ok
test library/core/src/num/saturating.rs - num::saturating::Saturating<u64>::from_le (line 788) ... ok
test library/core/src/num/saturating.rs - num::saturating::Saturating<u64>::is_power_of_two (line 1046) ... ok
test library/core/src/num/saturating.rs - num::saturating::Saturating<u64>::leading_zeros (line 1026) ... ok
test library/core/src/num/saturating.rs - num::saturating::Saturating<u64>::pow (line 865) ... ok
test library/core/src/num/saturating.rs - num::saturating::Saturating<u64>::pow (line 873) ... ok
test library/core/src/num/saturating.rs - num::saturating::Saturating<u64>::reverse_bits (line 735) ... ok
test library/core/src/num/saturating.rs - num::saturating::Saturating<u64>::rotate_left (line 661) ... ok
test library/core/src/num/saturating.rs - num::saturating::Saturating<u64>::rotate_right (line 687) ... ok
test library/core/src/num/saturating.rs - num::saturating::Saturating<u64>::swap_bytes (line 708) ... ok
test library/core/src/num/saturating.rs - num::saturating::Saturating<u64>::to_be (line 814) ... ok
test library/core/src/num/saturating.rs - num::saturating::Saturating<u64>::to_le (line 841) ... ok
test library/core/src/num/saturating.rs - num::saturating::Saturating<u64>::trailing_zeros (line 636) ... ok
test library/core/src/num/saturating.rs - num::saturating::Saturating<u8> (line 331) ... ok
test library/core/src/num/saturating.rs - num::saturating::Saturating<u8> (line 339) ... ok
test library/core/src/num/saturating.rs - num::saturating::Saturating<u8>::BITS (line 584) ... ok
test library/core/src/num/saturating.rs - num::saturating::Saturating<u8>::MAX (line 572) ... ok
test library/core/src/num/saturating.rs - num::saturating::Saturating<u8>::MIN (line 560) ... ok
test library/core/src/num/saturating.rs - num::saturating::Saturating<u8>::count_ones (line 596) ... ok
test library/core/src/num/saturating.rs - num::saturating::Saturating<u8>::count_zeros (line 618) ... ok
test library/core/src/num/saturating.rs - num::saturating::Saturating<u8>::from_be (line 762) ... ok
test library/core/src/num/saturating.rs - num::saturating::Saturating<u8>::from_le (line 788) ... ok
test library/core/src/num/saturating.rs - num::saturating::Saturating<u8>::is_power_of_two (line 1046) ... ok
test library/core/src/num/saturating.rs - num::saturating::Saturating<u8>::leading_zeros (line 1026) ... ok
test library/core/src/num/saturating.rs - num::saturating::Saturating<u8>::pow (line 865) ... ok
test library/core/src/num/saturating.rs - num::saturating::Saturating<u8>::pow (line 873) ... ok
test library/core/src/num/saturating.rs - num::saturating::Saturating<u8>::reverse_bits (line 735) ... ok
test library/core/src/num/saturating.rs - num::saturating::Saturating<u8>::rotate_left (line 661) ... ok
test library/core/src/num/saturating.rs - num::saturating::Saturating<u8>::rotate_right (line 687) ... ok
test library/core/src/num/saturating.rs - num::saturating::Saturating<u8>::swap_bytes (line 708) ... ok
test library/core/src/num/saturating.rs - num::saturating::Saturating<u8>::to_be (line 814) ... ok
test library/core/src/num/saturating.rs - num::saturating::Saturating<u8>::to_le (line 841) ... ok
test library/core/src/num/saturating.rs - num::saturating::Saturating<u8>::trailing_zeros (line 636) ... ok
test library/core/src/num/saturating.rs - num::saturating::Saturating<usize> (line 331) ... ok
test library/core/src/num/saturating.rs - num::saturating::Saturating<usize> (line 339) ... ok
test library/core/src/num/saturating.rs - num::saturating::Saturating<usize>::BITS (line 584) ... ok
test library/core/src/num/saturating.rs - num::saturating::Saturating<usize>::MAX (line 572) ... ok
test library/core/src/num/saturating.rs - num::saturating::Saturating<usize>::MIN (line 560) ... ok
test library/core/src/num/saturating.rs - num::saturating::Saturating<usize>::count_ones (line 596) ... ok
test library/core/src/num/saturating.rs - num::saturating::Saturating<usize>::count_zeros (line 618) ... ok
test library/core/src/num/saturating.rs - num::saturating::Saturating<usize>::from_be (line 762) ... ok
test library/core/src/num/saturating.rs - num::saturating::Saturating<usize>::from_le (line 788) ... ok
test library/core/src/num/saturating.rs - num::saturating::Saturating<usize>::is_power_of_two (line 1046) ... ok
test library/core/src/num/saturating.rs - num::saturating::Saturating<usize>::leading_zeros (line 1026) ... ok
test library/core/src/num/saturating.rs - num::saturating::Saturating<usize>::pow (line 865) ... ok
test library/core/src/num/saturating.rs - num::saturating::Saturating<usize>::pow (line 873) ... ok
test library/core/src/num/saturating.rs - num::saturating::Saturating<usize>::reverse_bits (line 735) ... ok
test library/core/src/num/saturating.rs - num::saturating::Saturating<usize>::rotate_left (line 661) ... ok
test library/core/src/num/saturating.rs - num::saturating::Saturating<usize>::rotate_right (line 687) ... ok
test library/core/src/num/saturating.rs - num::saturating::Saturating<usize>::swap_bytes (line 708) ... ok
test library/core/src/num/saturating.rs - num::saturating::Saturating<usize>::to_be (line 814) ... ok
test library/core/src/num/saturating.rs - num::saturating::Saturating<usize>::to_le (line 841) ... ok
test library/core/src/num/saturating.rs - num::saturating::Saturating<usize>::trailing_zeros (line 636) ... ok
test library/core/src/num/shells/legacy_int_modules.rs - legacy_int_modules::i128::MAX (line 41) ... ok
test library/core/src/num/shells/legacy_int_modules.rs - legacy_int_modules::i128::MIN (line 21) ... ok
test library/core/src/num/shells/legacy_int_modules.rs - legacy_int_modules::i16::MAX (line 41) ... ok
test library/core/src/num/shells/legacy_int_modules.rs - legacy_int_modules::i16::MIN (line 21) ... ok
test library/core/src/num/shells/legacy_int_modules.rs - legacy_int_modules::i32::MAX (line 41) ... ok
test library/core/src/num/shells/legacy_int_modules.rs - legacy_int_modules::i32::MIN (line 21) ... ok
test library/core/src/num/shells/legacy_int_modules.rs - legacy_int_modules::i64::MAX (line 41) ... ok
test library/core/src/num/shells/legacy_int_modules.rs - legacy_int_modules::i64::MIN (line 21) ... ok
test library/core/src/num/shells/legacy_int_modules.rs - legacy_int_modules::i8::MAX (line 41) ... ok
test library/core/src/num/shells/legacy_int_modules.rs - legacy_int_modules::i8::MIN (line 21) ... ok
test library/core/src/num/shells/legacy_int_modules.rs - legacy_int_modules::isize::MAX (line 41) ... ok
test library/core/src/num/shells/legacy_int_modules.rs - legacy_int_modules::isize::MIN (line 21) ... ok
test library/core/src/num/shells/legacy_int_modules.rs - legacy_int_modules::u128::MAX (line 41) ... ok
test library/core/src/num/shells/legacy_int_modules.rs - legacy_int_modules::u128::MIN (line 21) ... ok
test library/core/src/num/shells/legacy_int_modules.rs - legacy_int_modules::u16::MAX (line 41) ... ok
test library/core/src/num/shells/legacy_int_modules.rs - legacy_int_modules::u16::MIN (line 21) ... ok
test library/core/src/num/shells/legacy_int_modules.rs - legacy_int_modules::u32::MAX (line 41) ... ok
test library/core/src/num/shells/legacy_int_modules.rs - legacy_int_modules::u32::MIN (line 21) ... ok
test library/core/src/num/shells/legacy_int_modules.rs - legacy_int_modules::u64::MAX (line 41) ... ok
test library/core/src/num/shells/legacy_int_modules.rs - legacy_int_modules::u64::MIN (line 21) ... ok
test library/core/src/num/shells/legacy_int_modules.rs - legacy_int_modules::u8::MAX (line 41) ... ok
test library/core/src/num/shells/legacy_int_modules.rs - legacy_int_modules::u8::MIN (line 21) ... ok
test library/core/src/num/shells/legacy_int_modules.rs - legacy_int_modules::usize::MAX (line 41) ... ok
test library/core/src/num/shells/legacy_int_modules.rs - legacy_int_modules::usize::MIN (line 21) ... ok
test library/core/src/num/uint_macros.rs - num::u128::BITS (line 54) ... ok
test library/core/src/num/uint_macros.rs - num::u128::MAX (line 44) ... ok
test library/core/src/num/uint_macros.rs - num::u128::MIN (line 33) ... ok
test library/core/src/num/uint_macros.rs - num::u128::abs_diff (line 2900) ... ok
test library/core/src/num/uint_macros.rs - num::u128::bit_width (line 209) ... ok
test library/core/src/num/uint_macros.rs - num::u128::borrowing_sub (line 2838) ... ok
test library/core/src/num/uint_macros.rs - num::u128::carrying_add (line 2746) ... ok
test library/core/src/num/uint_macros.rs - num::u128::carrying_mul (line 3014) ... ok
test library/core/src/num/uint_macros.rs - num::u128::carrying_mul (line 3025) ... ok
test library/core/src/num/uint_macros.rs - num::u128::carrying_mul (line 3050) ... ok
test library/core/src/num/uint_macros.rs - num::u128::carrying_mul (line 3062) ... ok
test library/core/src/num/uint_macros.rs - num::u128::carrying_mul_add (line 3101) ... ok
test library/core/src/num/uint_macros.rs - num::u128::carrying_mul_add (line 3114) ... ok
test library/core/src/num/uint_macros.rs - num::u128::cast_signed (line 322) ... ok
test library/core/src/num/uint_macros.rs - num::u128::checked_add (line 704) ... ok
test library/core/src/num/uint_macros.rs - num::u128::checked_add_signed (line 808) ... ok
error: linking with `./cheri/linker.sh` failed: exit status: 255
  |
  = note:  "./cheri/linker.sh" "-flavor" "gnu" "/var/folders/9k/gp4ckb6n1wd80tfd822vr6j80000gp/T/rustch1c2eR/symbols.o" "<2 object files omitted>" "--as-needed" "-Bstatic" "<sysroot>/lib/rustlib/riscv32cheriot-unknown-cheriotrtos/lib/{libpanic_abort-*,libstd-*,libcfg_if-*,librustc_demangle-*,libstd_detect-*,libhashbrown-*,librustc_std_workspace_alloc-*,libminiz_oxide-*,libadler2-*,libunwind-*,liblibc-*,librustc_std_workspace_core-*,liballoc-*,libcore-*,libcompiler_builtins-*}.rlib" "-L" "/var/folders/9k/gp4ckb6n1wd80tfd822vr6j80000gp/T/rustch1c2eR/raw-dylibs" "-Bdynamic" "-z" "noexecstack" "-L" "<sysroot>/lib/rustlib/riscv32cheriot-unknown-cheriotrtos/lib/self-contained" "-o" "/var/folders/9k/gp4ckb6n1wd80tfd822vr6j80000gp/T/rustdoctestnt7nC6/rust_out" "--gc-sections" "-static"
  = note: some arguments are omitted. use `--verbose` to show all linker arguments
  = note: Remapping priority of thread 1 from 1 to 0
          Enabling sub-object bounds for cheriot.allocator
          Enabling sub-object bounds for cheriot.loader
          Enabling sub-object bounds for test_fw.scheduler
          Patched board file will be saved as "/Users/jacob/CHERIoT/rust/cheri/doctests/build/board.json"
          [ 93%]: linking compartment test_runner.compartment
          [ 93%]: linking firmware build/cheriot/cheriot/release/test_fw
          error: ld.lld: error: undefined symbol: __library_export_libcalls___udivti3
          >>> referenced by compiler_builtins.f5786da9a5584453-cgu.112
          >>>               build/cheriot/cheriot/release/test_runner.compartment:()
          >>> did you mean: __library_export_libcalls___udivdi3
          >>> defined in: build/cheriot/cheriot/release/crt.library
          
          warning: $(buildir) has been deprecated, please use $(builddir)
          

error: aborting due to 1 previous error

Couldn't compile the test.test library/core/src/num/uint_macros.rs - num::u128::checked_div (line 1196) ... FAILED
error: linking with `./cheri/linker.sh` failed: exit status: 255
  |
  = note:  "./cheri/linker.sh" "-flavor" "gnu" "/var/folders/9k/gp4ckb6n1wd80tfd822vr6j80000gp/T/rustcfAKbPS/symbols.o" "<2 object files omitted>" "--as-needed" "-Bstatic" "<sysroot>/lib/rustlib/riscv32cheriot-unknown-cheriotrtos/lib/{libpanic_abort-*,libstd-*,libcfg_if-*,librustc_demangle-*,libstd_detect-*,libhashbrown-*,librustc_std_workspace_alloc-*,libminiz_oxide-*,libadler2-*,libunwind-*,liblibc-*,librustc_std_workspace_core-*,liballoc-*,libcore-*,libcompiler_builtins-*}.rlib" "-L" "/var/folders/9k/gp4ckb6n1wd80tfd822vr6j80000gp/T/rustcfAKbPS/raw-dylibs" "-Bdynamic" "-z" "noexecstack" "-L" "<sysroot>/lib/rustlib/riscv32cheriot-unknown-cheriotrtos/lib/self-contained" "-o" "/var/folders/9k/gp4ckb6n1wd80tfd822vr6j80000gp/T/rustdoctestgGV9sO/rust_out" "--gc-sections" "-static"
  = note: some arguments are omitted. use `--verbose` to show all linker arguments
  = note: Remapping priority of thread 1 from 1 to 0
          Enabling sub-object bounds for cheriot.allocator
          Enabling sub-object bounds for cheriot.loader
          Enabling sub-object bounds for test_fw.scheduler
          Patched board file will be saved as "/Users/jacob/CHERIoT/rust/cheri/doctests/build/board.json"
          [ 93%]: linking compartment test_runner.compartment
          [ 93%]: linking firmware build/cheriot/cheriot/release/test_fw
          error: ld.lld: error: undefined symbol: __library_export_libcalls___udivti3
          >>> referenced by compiler_builtins.f5786da9a5584453-cgu.112
          >>>               build/cheriot/cheriot/release/test_runner.compartment:()
          >>> did you mean: __library_export_libcalls___udivdi3
          >>> defined in: build/cheriot/cheriot/release/crt.library
          
          warning: $(buildir) has been deprecated, please use $(builddir)
          

error: aborting due to 1 previous error

Couldn't compile the test.test library/core/src/num/uint_macros.rs - num::u128::checked_div_euclid (line 1251) ... FAILED
error: linking with `./cheri/linker.sh` failed: exit status: 255
  |
  = note:  "./cheri/linker.sh" "-flavor" "gnu" "/var/folders/9k/gp4ckb6n1wd80tfd822vr6j80000gp/T/rustcufuXXW/symbols.o" "<2 object files omitted>" "--as-needed" "-Bstatic" "<sysroot>/lib/rustlib/riscv32cheriot-unknown-cheriotrtos/lib/{libpanic_abort-*,libstd-*,libcfg_if-*,librustc_demangle-*,libstd_detect-*,libhashbrown-*,librustc_std_workspace_alloc-*,libminiz_oxide-*,libadler2-*,libunwind-*,liblibc-*,librustc_std_workspace_core-*,liballoc-*,libcore-*,libcompiler_builtins-*}.rlib" "-L" "/var/folders/9k/gp4ckb6n1wd80tfd822vr6j80000gp/T/rustcufuXXW/raw-dylibs" "-Bdynamic" "-z" "noexecstack" "-L" "<sysroot>/lib/rustlib/riscv32cheriot-unknown-cheriotrtos/lib/self-contained" "-o" "/var/folders/9k/gp4ckb6n1wd80tfd822vr6j80000gp/T/rustdoctest1wGV7R/rust_out" "--gc-sections" "-static"
  = note: some arguments are omitted. use `--verbose` to show all linker arguments
  = note: Remapping priority of thread 1 from 1 to 0
          Enabling sub-object bounds for cheriot.allocator
          Enabling sub-object bounds for cheriot.loader
          Enabling sub-object bounds for test_fw.scheduler
          Patched board file will be saved as "/Users/jacob/CHERIoT/rust/cheri/doctests/build/board.json"
          [ 93%]: linking compartment test_runner.compartment
          [ 93%]: linking firmware build/cheriot/cheriot/release/test_fw
          error: ld.lld: error: undefined symbol: __library_export_libcalls___umodti3
          >>> referenced by compiler_builtins.f5786da9a5584453-cgu.112
          >>>               build/cheriot/cheriot/release/test_runner.compartment:()
          >>> did you mean: __library_export_libcalls___umoddi3
          >>> defined in: build/cheriot/cheriot/release/crt.library
          
          ld.lld: error: undefined symbol: __library_export_libcalls___udivti3
          >>> referenced by compiler_builtins.f5786da9a5584453-cgu.112
          >>>               build/cheriot/cheriot/release/test_runner.compartment:()
          >>> did you mean: __library_export_libcalls___udivdi3
          >>> defined in: build/cheriot/cheriot/release/crt.library
          
          warning: $(buildir) has been deprecated, please use $(builddir)
          

error: aborting due to 1 previous error

Couldn't compile the test.test library/core/src/num/uint_macros.rs - num::u128::checked_div_exact (line 1305) ... FAILED
error: linking with `./cheri/linker.sh` failed: exit status: 255
  |
  = note:  "./cheri/linker.sh" "-flavor" "gnu" "/var/folders/9k/gp4ckb6n1wd80tfd822vr6j80000gp/T/rustcAYC59I/symbols.o" "<2 object files omitted>" "--as-needed" "-Bstatic" "<sysroot>/lib/rustlib/riscv32cheriot-unknown-cheriotrtos/lib/{libpanic_abort-*,libstd-*,libcfg_if-*,librustc_demangle-*,libstd_detect-*,libhashbrown-*,librustc_std_workspace_alloc-*,libminiz_oxide-*,libadler2-*,libunwind-*,liblibc-*,librustc_std_workspace_core-*,liballoc-*,libcore-*,libcompiler_builtins-*}.rlib" "-L" "/var/folders/9k/gp4ckb6n1wd80tfd822vr6j80000gp/T/rustcAYC59I/raw-dylibs" "-Bdynamic" "-z" "noexecstack" "-L" "<sysroot>/lib/rustlib/riscv32cheriot-unknown-cheriotrtos/lib/self-contained" "-o" "/var/folders/9k/gp4ckb6n1wd80tfd822vr6j80000gp/T/rustdoctestoNqYiE/rust_out" "--gc-sections" "-static"
  = note: some arguments are omitted. use `--verbose` to show all linker arguments
  = note: Remapping priority of thread 1 from 1 to 0
          Enabling sub-object bounds for cheriot.allocator
          Enabling sub-object bounds for cheriot.loader
          Enabling sub-object bounds for test_fw.scheduler
          Patched board file will be saved as "/Users/jacob/CHERIoT/rust/cheri/doctests/build/board.json"
          [ 93%]: linking compartment test_runner.compartment
          [ 93%]: linking firmware build/cheriot/cheriot/release/test_fw
          error: ld.lld: error: undefined symbol: __library_export_libcalls___udivti3
          >>> referenced by compiler_builtins.f5786da9a5584453-cgu.112
          >>>               build/cheriot/cheriot/release/test_runner.compartment:()
          >>> did you mean: __library_export_libcalls___udivdi3
          >>> defined in: build/cheriot/cheriot/release/crt.library
          
          warning: $(buildir) has been deprecated, please use $(builddir)
          

error: aborting due to 1 previous error

Couldn't compile the test.test library/core/src/num/uint_macros.rs - num::u128::checked_ilog (line 1638) ... FAILED
error: linking with `./cheri/linker.sh` failed: exit status: 255
  |
  = note:  "./cheri/linker.sh" "-flavor" "gnu" "/var/folders/9k/gp4ckb6n1wd80tfd822vr6j80000gp/T/rustcgw27lf/symbols.o" "<2 object files omitted>" "--as-needed" "-Bstatic" "<sysroot>/lib/rustlib/riscv32cheriot-unknown-cheriotrtos/lib/{libpanic_abort-*,libstd-*,libcfg_if-*,librustc_demangle-*,libstd_detect-*,libhashbrown-*,librustc_std_workspace_alloc-*,libminiz_oxide-*,libadler2-*,libunwind-*,liblibc-*,librustc_std_workspace_core-*,liballoc-*,libcore-*,libcompiler_builtins-*}.rlib" "-L" "/var/folders/9k/gp4ckb6n1wd80tfd822vr6j80000gp/T/rustcgw27lf/raw-dylibs" "-Bdynamic" "-z" "noexecstack" "-L" "<sysroot>/lib/rustlib/riscv32cheriot-unknown-cheriotrtos/lib/self-contained" "-o" "/var/folders/9k/gp4ckb6n1wd80tfd822vr6j80000gp/T/rustdoctest2LiKtb/rust_out" "--gc-sections" "-static"
  = note: some arguments are omitted. use `--verbose` to show all linker arguments
  = note: Remapping priority of thread 1 from 1 to 0
          Enabling sub-object bounds for cheriot.allocator
          Enabling sub-object bounds for cheriot.loader
          Enabling sub-object bounds for test_fw.scheduler
          Patched board file will be saved as "/Users/jacob/CHERIoT/rust/cheri/doctests/build/board.json"
          [ 93%]: linking compartment test_runner.compartment
          [ 93%]: linking firmware build/cheriot/cheriot/release/test_fw
          error: ld.lld: error: undefined symbol: __library_export_libcalls___udivti3
          >>> referenced by compiler_builtins.f5786da9a5584453-cgu.112
          >>>               build/cheriot/cheriot/release/test_runner.compartment:()
          >>> did you mean: __library_export_libcalls___udivdi3
          >>> defined in: build/cheriot/cheriot/release/crt.library
          
          warning: $(buildir) has been deprecated, please use $(builddir)
          

error: aborting due to 1 previous error

Couldn't compile the test.test library/core/src/num/uint_macros.rs - num::u128::checked_ilog10 (line 1719) ... FAILED
test library/core/src/num/uint_macros.rs - num::u128::checked_ilog2 (line 1698) ... ok
test library/core/src/num/uint_macros.rs - num::u128::checked_mul (line 1106) ... ok
test library/core/src/num/uint_macros.rs - num::u128::checked_neg (line 1741) ... ok
error: linking with `./cheri/linker.sh` failed: exit status: 255
  |
  = note:  "./cheri/linker.sh" "-flavor" "gnu" "/var/folders/9k/gp4ckb6n1wd80tfd822vr6j80000gp/T/rustcqUHren/symbols.o" "<2 object files omitted>" "--as-needed" "-Bstatic" "<sysroot>/lib/rustlib/riscv32cheriot-unknown-cheriotrtos/lib/{libpanic_abort-*,libstd-*,libcfg_if-*,librustc_demangle-*,libstd_detect-*,libhashbrown-*,librustc_std_workspace_alloc-*,libminiz_oxide-*,libadler2-*,libunwind-*,liblibc-*,librustc_std_workspace_core-*,liballoc-*,libcore-*,libcompiler_builtins-*}.rlib" "-L" "/var/folders/9k/gp4ckb6n1wd80tfd822vr6j80000gp/T/rustcqUHren/raw-dylibs" "-Bdynamic" "-z" "noexecstack" "-L" "<sysroot>/lib/rustlib/riscv32cheriot-unknown-cheriotrtos/lib/self-contained" "-o" "/var/folders/9k/gp4ckb6n1wd80tfd822vr6j80000gp/T/rustdoctestNEcWxT/rust_out" "--gc-sections" "-static"
  = note: some arguments are omitted. use `--verbose` to show all linker arguments
  = note: Remapping priority of thread 1 from 1 to 0
          Enabling sub-object bounds for cheriot.allocator
          Enabling sub-object bounds for cheriot.loader
          Enabling sub-object bounds for test_fw.scheduler
          Patched board file will be saved as "/Users/jacob/CHERIoT/rust/cheri/doctests/build/board.json"
          [ 93%]: linking compartment test_runner.compartment
          [ 93%]: linking firmware build/cheriot/cheriot/release/test_fw
          error: ld.lld: error: undefined symbol: __library_export_libcalls___umodti3
          >>> referenced by compiler_builtins.f5786da9a5584453-cgu.112
          >>>               build/cheriot/cheriot/release/test_runner.compartment:()
          >>> did you mean: __library_export_libcalls___umoddi3
          >>> defined in: build/cheriot/cheriot/release/crt.library
          
          warning: $(buildir) has been deprecated, please use $(builddir)
          

error: aborting due to 1 previous error

Couldn't compile the test.test library/core/src/num/uint_macros.rs - num::u128::checked_next_multiple_of (line 3597) ... FAILED
test library/core/src/num/uint_macros.rs - num::u128::checked_next_power_of_two (line 3709) ... ok
test library/core/src/num/uint_macros.rs - num::u128::checked_pow (line 2132) ... ok
error: linking with `./cheri/linker.sh` failed: exit status: 255
  |
  = note:  "./cheri/linker.sh" "-flavor" "gnu" "/var/folders/9k/gp4ckb6n1wd80tfd822vr6j80000gp/T/rustc4yPhWs/symbols.o" "<2 object files omitted>" "--as-needed" "-Bstatic" "<sysroot>/lib/rustlib/riscv32cheriot-unknown-cheriotrtos/lib/{libpanic_abort-*,libstd-*,libcfg_if-*,librustc_demangle-*,libstd_detect-*,libhashbrown-*,librustc_std_workspace_alloc-*,libminiz_oxide-*,libadler2-*,libunwind-*,liblibc-*,librustc_std_workspace_core-*,liballoc-*,libcore-*,libcompiler_builtins-*}.rlib" "-L" "/var/folders/9k/gp4ckb6n1wd80tfd822vr6j80000gp/T/rustc4yPhWs/raw-dylibs" "-Bdynamic" "-z" "noexecstack" "-L" "<sysroot>/lib/rustlib/riscv32cheriot-unknown-cheriotrtos/lib/self-contained" "-o" "/var/folders/9k/gp4ckb6n1wd80tfd822vr6j80000gp/T/rustdoctestRjwiOh/rust_out" "--gc-sections" "-static"
  = note: some arguments are omitted. use `--verbose` to show all linker arguments
  = note: Remapping priority of thread 1 from 1 to 0
          Enabling sub-object bounds for cheriot.allocator
          Enabling sub-object bounds for cheriot.loader
          Enabling sub-object bounds for test_fw.scheduler
          Patched board file will be saved as "/Users/jacob/CHERIoT/rust/cheri/doctests/build/board.json"
          [ 93%]: linking compartment test_runner.compartment
          [ 93%]: linking firmware build/cheriot/cheriot/release/test_fw
          error: ld.lld: error: undefined symbol: __library_export_libcalls___umodti3
          >>> referenced by compiler_builtins.f5786da9a5584453-cgu.112
          >>>               build/cheriot/cheriot/release/test_runner.compartment:()
          >>> did you mean: __library_export_libcalls___umoddi3
          >>> defined in: build/cheriot/cheriot/release/crt.library
          
          warning: $(buildir) has been deprecated, please use $(builddir)
          

error: aborting due to 1 previous error

Couldn't compile the test.test library/core/src/num/uint_macros.rs - num::u128::checked_rem (line 1395) ... FAILED
error: linking with `./cheri/linker.sh` failed: exit status: 255
  |
  = note:  "./cheri/linker.sh" "-flavor" "gnu" "/var/folders/9k/gp4ckb6n1wd80tfd822vr6j80000gp/T/rustcK9FRmO/symbols.o" "<2 object files omitted>" "--as-needed" "-Bstatic" "<sysroot>/lib/rustlib/riscv32cheriot-unknown-cheriotrtos/lib/{libpanic_abort-*,libstd-*,libcfg_if-*,librustc_demangle-*,libstd_detect-*,libhashbrown-*,librustc_std_workspace_alloc-*,libminiz_oxide-*,libadler2-*,libunwind-*,liblibc-*,librustc_std_workspace_core-*,liballoc-*,libcore-*,libcompiler_builtins-*}.rlib" "-L" "/var/folders/9k/gp4ckb6n1wd80tfd822vr6j80000gp/T/rustcK9FRmO/raw-dylibs" "-Bdynamic" "-z" "noexecstack" "-L" "<sysroot>/lib/rustlib/riscv32cheriot-unknown-cheriotrtos/lib/self-contained" "-o" "/var/folders/9k/gp4ckb6n1wd80tfd822vr6j80000gp/T/rustdoctestpVnoul/rust_out" "--gc-sections" "-static"
  = note: some arguments are omitted. use `--verbose` to show all linker arguments
  = note: Remapping priority of thread 1 from 1 to 0
          Enabling sub-object bounds for cheriot.allocator
          Enabling sub-object bounds for cheriot.loader
          Enabling sub-object bounds for test_fw.scheduler
          Patched board file will be saved as "/Users/jacob/CHERIoT/rust/cheri/doctests/build/board.json"
          [ 93%]: linking compartment test_runner.compartment
          [ 93%]: linking firmware build/cheriot/cheriot/release/test_fw
          error: ld.lld: error: undefined symbol: __library_export_libcalls___umodti3
          >>> referenced by compiler_builtins.f5786da9a5584453-cgu.112
          >>>               build/cheriot/cheriot/release/test_runner.compartment:()
          >>> did you mean: __library_export_libcalls___umoddi3
          >>> defined in: build/cheriot/cheriot/release/crt.library
          
          warning: $(buildir) has been deprecated, please use $(builddir)
          

error: aborting due to 1 previous error

Couldn't compile the test.test library/core/src/num/uint_macros.rs - num::u128::checked_rem_euclid (line 1451) ... FAILED
test library/core/src/num/uint_macros.rs - num::u128::checked_shl (line 1793) ... ok
test library/core/src/num/uint_macros.rs - num::u128::checked_shr (line 1963) ... ok
test library/core/src/num/uint_macros.rs - num::u128::checked_signed_diff (line 1046) ... ok
test library/core/src/num/uint_macros.rs - num::u128::checked_sub (line 863) ... ok
test library/core/src/num/uint_macros.rs - num::u128::checked_sub_signed (line 987) ... ok
test library/core/src/num/uint_macros.rs - num::u128::count_ones (line 64) ... ok
test library/core/src/num/uint_macros.rs - num::u128::count_zeros (line 89) ... ok
error: linking with `./cheri/linker.sh` failed: exit status: 255
  |
  = note:  "./cheri/linker.sh" "-flavor" "gnu" "/var/folders/9k/gp4ckb6n1wd80tfd822vr6j80000gp/T/rustcCWYX1U/symbols.o" "<2 object files omitted>" "--as-needed" "-Bstatic" "<sysroot>/lib/rustlib/riscv32cheriot-unknown-cheriotrtos/lib/{libpanic_abort-*,libstd-*,libcfg_if-*,librustc_demangle-*,libstd_detect-*,libhashbrown-*,librustc_std_workspace_alloc-*,libminiz_oxide-*,libadler2-*,libunwind-*,liblibc-*,librustc_std_workspace_core-*,liballoc-*,libcore-*,libcompiler_builtins-*}.rlib" "-L" "/var/folders/9k/gp4ckb6n1wd80tfd822vr6j80000gp/T/rustcCWYX1U/raw-dylibs" "-Bdynamic" "-z" "noexecstack" "-L" "<sysroot>/lib/rustlib/riscv32cheriot-unknown-cheriotrtos/lib/self-contained" "-o" "/var/folders/9k/gp4ckb6n1wd80tfd822vr6j80000gp/T/rustdoctestTZnDk3/rust_out" "--gc-sections" "-static"
  = note: some arguments are omitted. use `--verbose` to show all linker arguments
  = note: Remapping priority of thread 1 from 1 to 0
          Enabling sub-object bounds for cheriot.allocator
          Enabling sub-object bounds for cheriot.loader
          Enabling sub-object bounds for test_fw.scheduler
          Patched board file will be saved as "/Users/jacob/CHERIoT/rust/cheri/doctests/build/board.json"
          [ 93%]: linking compartment test_runner.compartment
          [ 93%]: linking firmware build/cheriot/cheriot/release/test_fw
          error: ld.lld: error: undefined symbol: __library_export_libcalls___udivti3
          >>> referenced by compiler_builtins.f5786da9a5584453-cgu.112
          >>>               build/cheriot/cheriot/release/test_runner.compartment:()
          >>> did you mean: __library_export_libcalls___udivdi3
          >>> defined in: build/cheriot/cheriot/release/crt.library
          
          ld.lld: error: undefined symbol: __library_export_libcalls___umodti3
          >>> referenced by compiler_builtins.f5786da9a5584453-cgu.112
          >>>               build/cheriot/cheriot/release/test_runner.compartment:()
          >>> did you mean: __library_export_libcalls___umoddi3
          >>> defined in: build/cheriot/cheriot/release/crt.library
          
          warning: $(buildir) has been deprecated, please use $(builddir)
          

error: aborting due to 1 previous error

Couldn't compile the test.test library/core/src/num/uint_macros.rs - num::u128::div_ceil (line 3541) ... FAILED
test library/core/src/num/uint_macros.rs - num::u128::div_euclid (line 3470) ... ok
error: linking with `./cheri/linker.sh` failed: exit status: 255
  |
  = note:  "./cheri/linker.sh" "-flavor" "gnu" "/var/folders/9k/gp4ckb6n1wd80tfd822vr6j80000gp/T/rustcP8TEAk/symbols.o" "<2 object files omitted>" "--as-needed" "-Bstatic" "<sysroot>/lib/rustlib/riscv32cheriot-unknown-cheriotrtos/lib/{libpanic_abort-*,libstd-*,libcfg_if-*,librustc_demangle-*,libstd_detect-*,libhashbrown-*,librustc_std_workspace_alloc-*,libminiz_oxide-*,libadler2-*,libunwind-*,liblibc-*,librustc_std_workspace_core-*,liballoc-*,libcore-*,libcompiler_builtins-*}.rlib" "-L" "/var/folders/9k/gp4ckb6n1wd80tfd822vr6j80000gp/T/rustcP8TEAk/raw-dylibs" "-Bdynamic" "-z" "noexecstack" "-L" "<sysroot>/lib/rustlib/riscv32cheriot-unknown-cheriotrtos/lib/self-contained" "-o" "/var/folders/9k/gp4ckb6n1wd80tfd822vr6j80000gp/T/rustdoctesthb567O/rust_out" "--gc-sections" "-static"
  = note: some arguments are omitted. use `--verbose` to show all linker arguments
  = note: Remapping priority of thread 1 from 1 to 0
          Enabling sub-object bounds for cheriot.allocator
          Enabling sub-object bounds for cheriot.loader
          Enabling sub-object bounds for test_fw.scheduler
          Patched board file will be saved as "/Users/jacob/CHERIoT/rust/cheri/doctests/build/board.json"
          [ 93%]: linking compartment test_runner.compartment
          [ 93%]: linking firmware build/cheriot/cheriot/release/test_fw
          error: ld.lld: error: undefined symbol: __library_export_libcalls___umodti3
          >>> referenced by compiler_builtins.f5786da9a5584453-cgu.112
          >>>               build/cheriot/cheriot/release/test_runner.compartment:()
          >>> did you mean: __library_export_libcalls___umoddi3
          >>> defined in: build/cheriot/cheriot/release/crt.library
          
          ld.lld: error: undefined symbol: __library_export_libcalls___udivti3
          >>> referenced by compiler_builtins.f5786da9a5584453-cgu.112
          >>>               build/cheriot/cheriot/release/test_runner.compartment:()
          >>> did you mean: __library_export_libcalls___udivdi3
          >>> defined in: build/cheriot/cheriot/release/crt.library
          
          warning: $(buildir) has been deprecated, please use $(builddir)
          

error: aborting due to 1 previous error

Couldn't compile the test.test library/core/src/num/uint_macros.rs - num::u128::div_exact (line 1342) ... FAILED
test library/core/src/num/uint_macros.rs - num::u128::div_floor (line 3520) ... ok
test library/core/src/num/uint_macros.rs - num::u128::from_be (line 580) ... ok
test library/core/src/num/uint_macros.rs - num::u128::from_be_bytes (line 3831) ... ok
test library/core/src/num/uint_macros.rs - num::u128::from_be_bytes (line 3838) ... ok
test library/core/src/num/uint_macros.rs - num::u128::from_le (line 611) ... ok
test library/core/src/num/uint_macros.rs - num::u128::from_le_bytes (line 3860) ... ok
test library/core/src/num/uint_macros.rs - num::u128::from_le_bytes (line 3867) ... ok
test library/core/src/num/uint_macros.rs - num::u128::from_ne_bytes (line 3896) ... ok
test library/core/src/num/uint_macros.rs - num::u128::from_ne_bytes (line 3907) ... ok
test library/core/src/num/uint_macros.rs - num::u128::funnel_shl (line 409) ... ok
test library/core/src/num/uint_macros.rs - num::u128::funnel_shr (line 444) ... ok
test library/core/src/num/uint_macros.rs - num::u128::gather_bits (line 484) ... ok
test library/core/src/num/uint_macros.rs - num::u128::highest_one (line 272) ... ok
error: linking with `./cheri/linker.sh` failed: exit status: 255
  |
  = note:  "./cheri/linker.sh" "-flavor" "gnu" "/var/folders/9k/gp4ckb6n1wd80tfd822vr6j80000gp/T/rustcvnGRAM/symbols.o" "<2 object files omitted>" "--as-needed" "-Bstatic" "<sysroot>/lib/rustlib/riscv32cheriot-unknown-cheriotrtos/lib/{libpanic_abort-*,libstd-*,libcfg_if-*,librustc_demangle-*,libstd_detect-*,libhashbrown-*,librustc_std_workspace_alloc-*,libminiz_oxide-*,libadler2-*,libunwind-*,liblibc-*,librustc_std_workspace_core-*,liballoc-*,libcore-*,libcompiler_builtins-*}.rlib" "-L" "/var/folders/9k/gp4ckb6n1wd80tfd822vr6j80000gp/T/rustcvnGRAM/raw-dylibs" "-Bdynamic" "-z" "noexecstack" "-L" "<sysroot>/lib/rustlib/riscv32cheriot-unknown-cheriotrtos/lib/self-contained" "-o" "/var/folders/9k/gp4ckb6n1wd80tfd822vr6j80000gp/T/rustdoctestVhcW5y/rust_out" "--gc-sections" "-static"
  = note: some arguments are omitted. use `--verbose` to show all linker arguments
  = note: Remapping priority of thread 1 from 1 to 0
          Enabling sub-object bounds for cheriot.allocator
          Enabling sub-object bounds for cheriot.loader
          Enabling sub-object bounds for test_fw.scheduler
          Patched board file will be saved as "/Users/jacob/CHERIoT/rust/cheri/doctests/build/board.json"
          [ 93%]: linking compartment test_runner.compartment
          [ 93%]: linking firmware build/cheriot/cheriot/release/test_fw
          error: ld.lld: error: undefined symbol: __library_export_libcalls___udivti3
          >>> referenced by compiler_builtins.f5786da9a5584453-cgu.112
          >>>               build/cheriot/cheriot/release/test_runner.compartment:()
          >>> did you mean: __library_export_libcalls___udivdi3
          >>> defined in: build/cheriot/cheriot/release/crt.library
          
          warning: $(buildir) has been deprecated, please use $(builddir)
          

error: aborting due to 1 previous error

Couldn't compile the test.test library/core/src/num/uint_macros.rs - num::u128::ilog (line 1559) ... FAILED
error: linking with `./cheri/linker.sh` failed: exit status: 255
  |
  = note:  "./cheri/linker.sh" "-flavor" "gnu" "/var/folders/9k/gp4ckb6n1wd80tfd822vr6j80000gp/T/rustchPJ4G3/symbols.o" "<2 object files omitted>" "--as-needed" "-Bstatic" "<sysroot>/lib/rustlib/riscv32cheriot-unknown-cheriotrtos/lib/{libpanic_abort-*,libstd-*,libcfg_if-*,librustc_demangle-*,libstd_detect-*,libhashbrown-*,librustc_std_workspace_alloc-*,libminiz_oxide-*,libadler2-*,libunwind-*,liblibc-*,librustc_std_workspace_core-*,liballoc-*,libcore-*,libcompiler_builtins-*}.rlib" "-L" "/var/folders/9k/gp4ckb6n1wd80tfd822vr6j80000gp/T/rustchPJ4G3/raw-dylibs" "-Bdynamic" "-z" "noexecstack" "-L" "<sysroot>/lib/rustlib/riscv32cheriot-unknown-cheriotrtos/lib/self-contained" "-o" "/var/folders/9k/gp4ckb6n1wd80tfd822vr6j80000gp/T/rustdoctestJ6zJSx/rust_out" "--gc-sections" "-static"
  = note: some arguments are omitted. use `--verbose` to show all linker arguments
  = note: Remapping priority of thread 1 from 1 to 0
          Enabling sub-object bounds for cheriot.allocator
          Enabling sub-object bounds for cheriot.loader
          Enabling sub-object bounds for test_fw.scheduler
          Patched board file will be saved as "/Users/jacob/CHERIoT/rust/cheri/doctests/build/board.json"
          [ 93%]: linking compartment test_runner.compartment
          [ 93%]: linking firmware build/cheriot/cheriot/release/test_fw
          error: ld.lld: error: undefined symbol: __library_export_libcalls___udivti3
          >>> referenced by compiler_builtins.f5786da9a5584453-cgu.112
          >>>               build/cheriot/cheriot/release/test_runner.compartment:()
          >>> did you mean: __library_export_libcalls___udivdi3
          >>> defined in: build/cheriot/cheriot/release/crt.library
          
          warning: $(buildir) has been deprecated, please use $(builddir)
          

error: aborting due to 1 previous error

Couldn't compile the test.test library/core/src/num/uint_macros.rs - num::u128::ilog10 (line 1610) ... FAILED
test library/core/src/num/uint_macros.rs - num::u128::ilog2 (line 1585) ... ok
error: linking with `./cheri/linker.sh` failed: exit status: 255
  |
  = note:  "./cheri/linker.sh" "-flavor" "gnu" "/var/folders/9k/gp4ckb6n1wd80tfd822vr6j80000gp/T/rustcJ9hDnT/symbols.o" "<2 object files omitted>" "--as-needed" "-Bstatic" "<sysroot>/lib/rustlib/riscv32cheriot-unknown-cheriotrtos/lib/{libpanic_abort-*,libstd-*,libcfg_if-*,librustc_demangle-*,libstd_detect-*,libhashbrown-*,librustc_std_workspace_alloc-*,libminiz_oxide-*,libadler2-*,libunwind-*,liblibc-*,librustc_std_workspace_core-*,liballoc-*,libcore-*,libcompiler_builtins-*}.rlib" "-L" "/var/folders/9k/gp4ckb6n1wd80tfd822vr6j80000gp/T/rustcJ9hDnT/raw-dylibs" "-Bdynamic" "-z" "noexecstack" "-L" "<sysroot>/lib/rustlib/riscv32cheriot-unknown-cheriotrtos/lib/self-contained" "-o" "/var/folders/9k/gp4ckb6n1wd80tfd822vr6j80000gp/T/rustdoctestjbSase/rust_out" "--gc-sections" "-static"
  = note: some arguments are omitted. use `--verbose` to show all linker arguments
  = note: Remapping priority of thread 1 from 1 to 0
          Enabling sub-object bounds for cheriot.allocator
          Enabling sub-object bounds for cheriot.loader
          Enabling sub-object bounds for test_fw.scheduler
          Patched board file will be saved as "/Users/jacob/CHERIoT/rust/cheri/doctests/build/board.json"
          [ 93%]: linking compartment test_runner.compartment
          [ 93%]: linking firmware build/cheriot/cheriot/release/test_fw
          error: ld.lld: error: undefined symbol: __library_export_libcalls___umodti3
          >>> referenced by compiler_builtins.f5786da9a5584453-cgu.112
          >>>               build/cheriot/cheriot/release/test_runner.compartment:()
          >>> did you mean: __library_export_libcalls___umoddi3
          >>> defined in: build/cheriot/cheriot/release/crt.library
          
          warning: $(buildir) has been deprecated, please use $(builddir)
          

error: aborting due to 1 previous error

Couldn't compile the test.test library/core/src/num/uint_macros.rs - num::u128::is_multiple_of (line 3624) ... FAILED
test library/core/src/num/uint_macros.rs - num::u128::is_power_of_two (line 3646) ... ok
test library/core/src/num/uint_macros.rs - num::u128::isolate_highest_one (line 230) ... ok
test library/core/src/num/uint_macros.rs - num::u128::isolate_lowest_one (line 251) ... ok
error: linking with `./cheri/linker.sh` failed: exit status: 255
  |
  = note:  "./cheri/linker.sh" "-flavor" "gnu" "/var/folders/9k/gp4ckb6n1wd80tfd822vr6j80000gp/T/rustcwm87qy/symbols.o" "<2 object files omitted>" "--as-needed" "-Bstatic" "<sysroot>/lib/rustlib/riscv32cheriot-unknown-cheriotrtos/lib/{libpanic_abort-*,libstd-*,libcfg_if-*,librustc_demangle-*,libstd_detect-*,libhashbrown-*,librustc_std_workspace_alloc-*,libminiz_oxide-*,libadler2-*,libunwind-*,liblibc-*,librustc_std_workspace_core-*,liballoc-*,libcore-*,libcompiler_builtins-*}.rlib" "-L" "/var/folders/9k/gp4ckb6n1wd80tfd822vr6j80000gp/T/rustcwm87qy/raw-dylibs" "-Bdynamic" "-z" "noexecstack" "-L" "<sysroot>/lib/rustlib/riscv32cheriot-unknown-cheriotrtos/lib/self-contained" "-o" "/var/folders/9k/gp4ckb6n1wd80tfd822vr6j80000gp/T/rustdoctestagSCOg/rust_out" "--gc-sections" "-static"
  = note: some arguments are omitted. use `--verbose` to show all linker arguments
  = note: Remapping priority of thread 1 from 1 to 0
          Enabling sub-object bounds for cheriot.allocator
          Enabling sub-object bounds for cheriot.loader
          Enabling sub-object bounds for test_fw.scheduler
          Patched board file will be saved as "/Users/jacob/CHERIoT/rust/cheri/doctests/build/board.json"
          [ 93%]: linking compartment test_runner.compartment
          [ 93%]: linking firmware build/cheriot/cheriot/release/test_fw
          error: ld.lld: error: undefined symbol: __library_export_libcalls___udivti3
          >>> referenced by compiler_builtins.f5786da9a5584453-cgu.112
          >>>               build/cheriot/cheriot/release/test_runner.compartment:()
          >>> did you mean: __library_export_libcalls___udivdi3
          >>> defined in: build/cheriot/cheriot/release/crt.library
          
          warning: $(buildir) has been deprecated, please use $(builddir)
          

error: aborting due to 1 previous error

Couldn't compile the test.test library/core/src/num/uint_macros.rs - num::u128::isqrt (line 3429) ... FAILED
test library/core/src/num/uint_macros.rs - num::u128::leading_ones (line 160) ... ok
test library/core/src/num/uint_macros.rs - num::u128::leading_zeros (line 112) ... ok
test library/core/src/num/uint_macros.rs - num::u128::lowest_one (line 296) ... ok
error: linking with `./cheri/linker.sh` failed: exit status: 255
  |
  = note:  "./cheri/linker.sh" "-flavor" "gnu" "/var/folders/9k/gp4ckb6n1wd80tfd822vr6j80000gp/T/rustc6hj1WH/symbols.o" "<2 object files omitted>" "--as-needed" "-Bstatic" "<sysroot>/lib/rustlib/riscv32cheriot-unknown-cheriotrtos/lib/{libpanic_abort-*,libstd-*,libcfg_if-*,librustc_demangle-*,libstd_detect-*,libhashbrown-*,librustc_std_workspace_alloc-*,libminiz_oxide-*,libadler2-*,libunwind-*,liblibc-*,librustc_std_workspace_core-*,liballoc-*,libcore-*,libcompiler_builtins-*}.rlib" "-L" "/var/folders/9k/gp4ckb6n1wd80tfd822vr6j80000gp/T/rustc6hj1WH/raw-dylibs" "-Bdynamic" "-z" "noexecstack" "-L" "<sysroot>/lib/rustlib/riscv32cheriot-unknown-cheriotrtos/lib/self-contained" "-o" "/var/folders/9k/gp4ckb6n1wd80tfd822vr6j80000gp/T/rustdoctestWYrQXg/rust_out" "--gc-sections" "-static"
  = note: some arguments are omitted. use `--verbose` to show all linker arguments
  = note: Remapping priority of thread 1 from 1 to 0
          Enabling sub-object bounds for cheriot.allocator
          Enabling sub-object bounds for cheriot.loader
          Enabling sub-object bounds for test_fw.scheduler
          Patched board file will be saved as "/Users/jacob/CHERIoT/rust/cheri/doctests/build/board.json"
          [ 93%]: linking compartment test_runner.compartment
          [ 93%]: linking firmware build/cheriot/cheriot/release/test_fw
          error: ld.lld: error: undefined symbol: __library_export_libcalls___umodti3
          >>> referenced by compiler_builtins.f5786da9a5584453-cgu.112
          >>>               build/cheriot/cheriot/release/test_runner.compartment:()
          >>> did you mean: __library_export_libcalls___umoddi3
          >>> defined in: build/cheriot/cheriot/release/crt.library
          
          warning: $(buildir) has been deprecated, please use $(builddir)
          

error: aborting due to 1 previous error

Couldn't compile the test.test library/core/src/num/uint_macros.rs - num::u128::next_multiple_of (line 3574) ... FAILED
test library/core/src/num/uint_macros.rs - num::u128::next_power_of_two (line 3688) ... ok
test library/core/src/num/uint_macros.rs - num::u128::overflowing_add (line 2714) ... ok
test library/core/src/num/uint_macros.rs - num::u128::overflowing_add_signed (line 2790) ... ok
test library/core/src/num/uint_macros.rs - num::u128::overflowing_div (line 3160) ... ok
test library/core/src/num/uint_macros.rs - num::u128::overflowing_div_euclid (line 3189) ... ok
test library/core/src/num/uint_macros.rs - num::u128::overflowing_mul (line 2936) ... ok
test library/core/src/num/uint_macros.rs - num::u128::overflowing_neg (line 3266) ... ok
test library/core/src/num/uint_macros.rs - num::u128::overflowing_pow (line 3333) ... ok
test library/core/src/num/uint_macros.rs - num::u128::overflowing_rem (line 3215) ... ok
test library/core/src/num/uint_macros.rs - num::u128::overflowing_rem_euclid (line 3244) ... ok
test library/core/src/num/uint_macros.rs - num::u128::overflowing_shl (line 3289) ... ok
test library/core/src/num/uint_macros.rs - num::u128::overflowing_shr (line 3313) ... ok
test library/core/src/num/uint_macros.rs - num::u128::overflowing_sub (line 2813) ... ok
test library/core/src/num/uint_macros.rs - num::u128::overflowing_sub_signed (line 2880) ... ok
test library/core/src/num/uint_macros.rs - num::u128::pow (line 3375) ... ok
test library/core/src/num/uint_macros.rs - num::u128::rem_euclid (line 3496) ... ok
test library/core/src/num/uint_macros.rs - num::u128::reverse_bits (line 557) ... ok
test library/core/src/num/uint_macros.rs - num::u128::rotate_left (line 347) ... ok
test library/core/src/num/uint_macros.rs - num::u128::rotate_right (line 376) ... ok
test library/core/src/num/uint_macros.rs - num::u128::saturating_add (line 2214) ... ok
test library/core/src/num/uint_macros.rs - num::u128::saturating_add_signed (line 2232) ... ok
error: linking with `./cheri/linker.sh` failed: exit status: 255
  |
  = note:  "./cheri/linker.sh" "-flavor" "gnu" "/var/folders/9k/gp4ckb6n1wd80tfd822vr6j80000gp/T/rustcoY2vEl/symbols.o" "<2 object files omitted>" "--as-needed" "-Bstatic" "<sysroot>/lib/rustlib/riscv32cheriot-unknown-cheriotrtos/lib/{libpanic_abort-*,libstd-*,libcfg_if-*,librustc_demangle-*,libstd_detect-*,libhashbrown-*,librustc_std_workspace_alloc-*,libminiz_oxide-*,libadler2-*,libunwind-*,liblibc-*,librustc_std_workspace_core-*,liballoc-*,libcore-*,libcompiler_builtins-*}.rlib" "-L" "/var/folders/9k/gp4ckb6n1wd80tfd822vr6j80000gp/T/rustcoY2vEl/raw-dylibs" "-Bdynamic" "-z" "noexecstack" "-L" "<sysroot>/lib/rustlib/riscv32cheriot-unknown-cheriotrtos/lib/self-contained" "-o" "/var/folders/9k/gp4ckb6n1wd80tfd822vr6j80000gp/T/rustdoctest40r7bS/rust_out" "--gc-sections" "-static"
  = note: some arguments are omitted. use `--verbose` to show all linker arguments
  = note: Remapping priority of thread 1 from 1 to 0
          Enabling sub-object bounds for cheriot.allocator
          Enabling sub-object bounds for cheriot.loader
          Enabling sub-object bounds for test_fw.scheduler
          Patched board file will be saved as "/Users/jacob/CHERIoT/rust/cheri/doctests/build/board.json"
          [ 93%]: linking compartment test_runner.compartment
          [ 93%]: linking firmware build/cheriot/cheriot/release/test_fw
          error: ld.lld: error: undefined symbol: __library_export_libcalls___udivti3
          >>> referenced by compiler_builtins.f5786da9a5584453-cgu.112
          >>>               build/cheriot/cheriot/release/test_runner.compartment:()
          >>> did you mean: __library_export_libcalls___udivdi3
          >>> defined in: build/cheriot/cheriot/release/crt.library
          
          warning: $(buildir) has been deprecated, please use $(builddir)
          

error: aborting due to 1 previous error

Couldn't compile the test.test library/core/src/num/uint_macros.rs - num::u128::saturating_div (line 2328) ... FAILED
test library/core/src/num/uint_macros.rs - num::u128::saturating_mul (line 2303) ... ok
test library/core/src/num/uint_macros.rs - num::u128::saturating_pow (line 2348) ... ok
test library/core/src/num/uint_macros.rs - num::u128::saturating_sub (line 2258) ... ok
test library/core/src/num/uint_macros.rs - num::u128::saturating_sub_signed (line 2276) ... ok
test library/core/src/num/uint_macros.rs - num::u128::scatter_bits (line 520) ... ok
test library/core/src/num/uint_macros.rs - num::u128::shl_exact (line 1909) ... ok
test library/core/src/num/uint_macros.rs - num::u128::shr_exact (line 2078) ... ok
test library/core/src/num/uint_macros.rs - num::u128::strict_add (line 743) ... ok
test library/core/src/num/uint_macros.rs - num::u128::strict_add (line 749) ... ok
test library/core/src/num/uint_macros.rs - num::u128::strict_add_signed (line 834) ... ok
test library/core/src/num/uint_macros.rs - num::u128::strict_add_signed (line 840) ... ok
test library/core/src/num/uint_macros.rs - num::u128::strict_add_signed (line 844) ... ok
test library/core/src/num/uint_macros.rs - num::u128::strict_div (line 1227) ... ok
test library/core/src/num/uint_macros.rs - num::u128::strict_div (line 1233) ... ok
test library/core/src/num/uint_macros.rs - num::u128::strict_div_euclid (line 1282) ... ok
test library/core/src/num/uint_macros.rs - num::u128::strict_div_euclid (line 1287) ... ok
test library/core/src/num/uint_macros.rs - num::u128::strict_mul (line 1131) ... ok
test library/core/src/num/uint_macros.rs - num::u128::strict_mul (line 1137) ... ok
test library/core/src/num/uint_macros.rs - num::u128::strict_neg (line 1768) ... ok
test library/core/src/num/uint_macros.rs - num::u128::strict_neg (line 1774) ... ok
test library/core/src/num/uint_macros.rs - num::u128::strict_pow (line 2173) ... ok
test library/core/src/num/uint_macros.rs - num::u128::strict_pow (line 2180) ... ok
test library/core/src/num/uint_macros.rs - num::u128::strict_rem (line 1427) ... ok
test library/core/src/num/uint_macros.rs - num::u128::strict_rem (line 1433) ... ok
test library/core/src/num/uint_macros.rs - num::u128::strict_rem_euclid (line 1483) ... ok
test library/core/src/num/uint_macros.rs - num::u128::strict_rem_euclid (line 1489) ... ok
test library/core/src/num/uint_macros.rs - num::u128::strict_shl (line 1824) ... ok
test library/core/src/num/uint_macros.rs - num::u128::strict_shl (line 1830) ... ok
test library/core/src/num/uint_macros.rs - num::u128::strict_shr (line 1993) ... ok
test library/core/src/num/uint_macros.rs - num::u128::strict_shr (line 1999) ... ok
test library/core/src/num/uint_macros.rs - num::u128::strict_sub (line 897) ... ok
test library/core/src/num/uint_macros.rs - num::u128::strict_sub (line 903) ... ok
test library/core/src/num/uint_macros.rs - num::u128::strict_sub_signed (line 1018) ... ok
test library/core/src/num/uint_macros.rs - num::u128::strict_sub_signed (line 1024) ... ok
test library/core/src/num/uint_macros.rs - num::u128::strict_sub_signed (line 1028) ... ok
test library/core/src/num/uint_macros.rs - num::u128::swap_bytes (line 467) ... ok
test library/core/src/num/uint_macros.rs - num::u128::to_be (line 642) ... ok
test library/core/src/num/uint_macros.rs - num::u128::to_be_bytes (line 3752) ... ok
test library/core/src/num/uint_macros.rs - num::u128::to_le (line 674) ... ok
test library/core/src/num/uint_macros.rs - num::u128::to_le_bytes (line 3772) ... ok
test library/core/src/num/uint_macros.rs - num::u128::to_ne_bytes (line 3799) ... ok
test library/core/src/num/uint_macros.rs - num::u128::trailing_ones (line 184) ... ok
test library/core/src/num/uint_macros.rs - num::u128::trailing_zeros (line 137) ... ok
test library/core/src/num/uint_macros.rs - num::u128::unbounded_shl (line 1882) ... ok
test library/core/src/num/uint_macros.rs - num::u128::unbounded_shr (line 2051) ... ok
test library/core/src/num/uint_macros.rs - num::u128::unchecked_disjoint_bitor (line 1515) ... ok
test library/core/src/num/uint_macros.rs - num::u128::unchecked_sub (line 928) ... ok
test library/core/src/num/uint_macros.rs - num::u128::unchecked_sub (line 940) ... ok
test library/core/src/num/uint_macros.rs - num::u128::widening_mul (line 2967) ... ok
test library/core/src/num/uint_macros.rs - num::u128::widening_mul (line 2974) ... ok
test library/core/src/num/uint_macros.rs - num::u128::widening_mul (line 2984) ... ok
test library/core/src/num/uint_macros.rs - num::u128::wrapping_add (line 2370) ... ok
test library/core/src/num/uint_macros.rs - num::u128::wrapping_add_signed (line 2388) ... ok
test library/core/src/num/uint_macros.rs - num::u128::wrapping_div (line 2471) ... ok
test library/core/src/num/uint_macros.rs - num::u128::wrapping_div_euclid (line 2498) ... ok
test library/core/src/num/uint_macros.rs - num::u128::wrapping_mul (line 2446) ... ok
test library/core/src/num/uint_macros.rs - num::u128::wrapping_neg (line 2577) ... ok
test library/core/src/num/uint_macros.rs - num::u128::wrapping_next_power_of_two (line 3729) ... ok
test library/core/src/num/uint_macros.rs - num::u128::wrapping_pow (line 2657) ... ok
test library/core/src/num/uint_macros.rs - num::u128::wrapping_rem (line 2524) ... ok
test library/core/src/num/uint_macros.rs - num::u128::wrapping_rem_euclid (line 2552) ... ok
test library/core/src/num/uint_macros.rs - num::u128::wrapping_shl (line 2605) ... ok
test library/core/src/num/uint_macros.rs - num::u128::wrapping_shr (line 2635) ... ok
test library/core/src/num/uint_macros.rs - num::u128::wrapping_sub (line 2407) ... ok
test library/core/src/num/uint_macros.rs - num::u128::wrapping_sub_signed (line 2425) ... ok
test library/core/src/num/uint_macros.rs - num::u16::BITS (line 54) ... ok
test library/core/src/num/uint_macros.rs - num::u16::MAX (line 44) ... ok
test library/core/src/num/uint_macros.rs - num::u16::MIN (line 33) ... ok
test library/core/src/num/uint_macros.rs - num::u16::abs_diff (line 2900) ... ok
test library/core/src/num/uint_macros.rs - num::u16::bit_width (line 209) ... ok
test library/core/src/num/uint_macros.rs - num::u16::borrowing_sub (line 2838) ... ok
test library/core/src/num/uint_macros.rs - num::u16::carrying_add (line 2746) ... ok
test library/core/src/num/uint_macros.rs - num::u16::carrying_mul (line 3014) ... ok
test library/core/src/num/uint_macros.rs - num::u16::carrying_mul (line 3025) ... ok
test library/core/src/num/uint_macros.rs - num::u16::carrying_mul (line 3050) ... ok
test library/core/src/num/uint_macros.rs - num::u16::carrying_mul (line 3062) ... ok
test library/core/src/num/uint_macros.rs - num::u16::carrying_mul_add (line 3101) ... ok
test library/core/src/num/uint_macros.rs - num::u16::carrying_mul_add (line 3114) ... ok
test library/core/src/num/uint_macros.rs - num::u16::cast_signed (line 322) ... ok
test library/core/src/num/uint_macros.rs - num::u16::checked_add (line 704) ... ok
test library/core/src/num/uint_macros.rs - num::u16::checked_add_signed (line 808) ... ok
test library/core/src/num/uint_macros.rs - num::u16::checked_div (line 1196) ... ok
test library/core/src/num/uint_macros.rs - num::u16::checked_div_euclid (line 1251) ... ok
test library/core/src/num/uint_macros.rs - num::u16::checked_div_exact (line 1305) ... ok
test library/core/src/num/uint_macros.rs - num::u16::checked_ilog (line 1638) ... ok
test library/core/src/num/uint_macros.rs - num::u16::checked_ilog10 (line 1719) ... ok
test library/core/src/num/uint_macros.rs - num::u16::checked_ilog2 (line 1698) ... ok
test library/core/src/num/uint_macros.rs - num::u16::checked_mul (line 1106) ... ok
test library/core/src/num/uint_macros.rs - num::u16::checked_neg (line 1741) ... ok
test library/core/src/num/uint_macros.rs - num::u16::checked_next_multiple_of (line 3597) ... ok
test library/core/src/num/uint_macros.rs - num::u16::checked_next_power_of_two (line 3709) ... ok
test library/core/src/num/uint_macros.rs - num::u16::checked_pow (line 2132) ... ok
test library/core/src/num/uint_macros.rs - num::u16::checked_rem (line 1395) ... ok
test library/core/src/num/uint_macros.rs - num::u16::checked_rem_euclid (line 1451) ... ok
test library/core/src/num/uint_macros.rs - num::u16::checked_shl (line 1793) ... ok
test library/core/src/num/uint_macros.rs - num::u16::checked_shr (line 1963) ... ok
test library/core/src/num/uint_macros.rs - num::u16::checked_signed_diff (line 1046) ... ok
test library/core/src/num/uint_macros.rs - num::u16::checked_sub (line 863) ... ok
test library/core/src/num/uint_macros.rs - num::u16::checked_sub_signed (line 987) ... ok
test library/core/src/num/uint_macros.rs - num::u16::count_ones (line 64) ... ok
test library/core/src/num/uint_macros.rs - num::u16::count_zeros (line 89) ... ok
test library/core/src/num/uint_macros.rs - num::u16::div_ceil (line 3541) ... ok
test library/core/src/num/uint_macros.rs - num::u16::div_euclid (line 3470) ... ok
test library/core/src/num/uint_macros.rs - num::u16::div_exact (line 1342) ... ok
test library/core/src/num/uint_macros.rs - num::u16::div_floor (line 3520) ... ok
test library/core/src/num/uint_macros.rs - num::u16::from_be (line 580) ... ok
test library/core/src/num/uint_macros.rs - num::u16::from_be_bytes (line 3831) ... ok
test library/core/src/num/uint_macros.rs - num::u16::from_be_bytes (line 3838) ... ok
test library/core/src/num/uint_macros.rs - num::u16::from_le (line 611) ... ok
test library/core/src/num/uint_macros.rs - num::u16::from_le_bytes (line 3860) ... ok
test library/core/src/num/uint_macros.rs - num::u16::from_le_bytes (line 3867) ... ok
test library/core/src/num/uint_macros.rs - num::u16::from_ne_bytes (line 3896) ... ok
test library/core/src/num/uint_macros.rs - num::u16::from_ne_bytes (line 3907) ... ok
test library/core/src/num/uint_macros.rs - num::u16::funnel_shl (line 409) ... ok
test library/core/src/num/uint_macros.rs - num::u16::funnel_shr (line 444) ... ok
test library/core/src/num/uint_macros.rs - num::u16::gather_bits (line 484) ... ok
test library/core/src/num/uint_macros.rs - num::u16::highest_one (line 272) ... ok
test library/core/src/num/uint_macros.rs - num::u16::ilog (line 1559) ... ok
test library/core/src/num/uint_macros.rs - num::u16::ilog10 (line 1610) ... ok
test library/core/src/num/uint_macros.rs - num::u16::ilog2 (line 1585) ... ok
test library/core/src/num/uint_macros.rs - num::u16::is_multiple_of (line 3624) ... ok
test library/core/src/num/uint_macros.rs - num::u16::is_power_of_two (line 3646) ... ok
test library/core/src/num/uint_macros.rs - num::u16::isolate_highest_one (line 230) ... ok
test library/core/src/num/uint_macros.rs - num::u16::isolate_lowest_one (line 251) ... ok
test library/core/src/num/uint_macros.rs - num::u16::isqrt (line 3429) ... ok
test library/core/src/num/uint_macros.rs - num::u16::leading_ones (line 160) ... ok
test library/core/src/num/uint_macros.rs - num::u16::leading_zeros (line 112) ... ok
test library/core/src/num/uint_macros.rs - num::u16::lowest_one (line 296) ... ok
test library/core/src/num/uint_macros.rs - num::u16::next_multiple_of (line 3574) ... ok
test library/core/src/num/uint_macros.rs - num::u16::next_power_of_two (line 3688) ... ok
test library/core/src/num/uint_macros.rs - num::u16::overflowing_add (line 2714) ... ok
test library/core/src/num/uint_macros.rs - num::u16::overflowing_add_signed (line 2790) ... ok
test library/core/src/num/uint_macros.rs - num::u16::overflowing_div (line 3160) ... ok
test library/core/src/num/uint_macros.rs - num::u16::overflowing_div_euclid (line 3189) ... ok
test library/core/src/num/uint_macros.rs - num::u16::overflowing_mul (line 2936) ... ok
test library/core/src/num/uint_macros.rs - num::u16::overflowing_neg (line 3266) ... ok
test library/core/src/num/uint_macros.rs - num::u16::overflowing_pow (line 3333) ... ok
test library/core/src/num/uint_macros.rs - num::u16::overflowing_rem (line 3215) ... ok
test library/core/src/num/uint_macros.rs - num::u16::overflowing_rem_euclid (line 3244) ... ok
test library/core/src/num/uint_macros.rs - num::u16::overflowing_shl (line 3289) ... ok
test library/core/src/num/uint_macros.rs - num::u16::overflowing_shr (line 3313) ... ok
test library/core/src/num/uint_macros.rs - num::u16::overflowing_sub (line 2813) ... ok
test library/core/src/num/uint_macros.rs - num::u16::overflowing_sub_signed (line 2880) ... ok
test library/core/src/num/uint_macros.rs - num::u16::pow (line 3375) ... ok
test library/core/src/num/uint_macros.rs - num::u16::rem_euclid (line 3496) ... ok
test library/core/src/num/uint_macros.rs - num::u16::reverse_bits (line 557) ... ok
test library/core/src/num/uint_macros.rs - num::u16::rotate_left (line 347) ... ok
test library/core/src/num/uint_macros.rs - num::u16::rotate_right (line 376) ... ok
test library/core/src/num/uint_macros.rs - num::u16::saturating_add (line 2214) ... ok
test library/core/src/num/uint_macros.rs - num::u16::saturating_add_signed (line 2232) ... ok
test library/core/src/num/uint_macros.rs - num::u16::saturating_div (line 2328) ... ok
test library/core/src/num/uint_macros.rs - num::u16::saturating_mul (line 2303) ... ok
test library/core/src/num/uint_macros.rs - num::u16::saturating_pow (line 2348) ... ok
test library/core/src/num/uint_macros.rs - num::u16::saturating_sub (line 2258) ... ok
test library/core/src/num/uint_macros.rs - num::u16::saturating_sub_signed (line 2276) ... ok
test library/core/src/num/uint_macros.rs - num::u16::scatter_bits (line 520) ... ok
test library/core/src/num/uint_macros.rs - num::u16::shl_exact (line 1909) ... ok
test library/core/src/num/uint_macros.rs - num::u16::shr_exact (line 2078) ... ok
test library/core/src/num/uint_macros.rs - num::u16::strict_add (line 743) ... ok
test library/core/src/num/uint_macros.rs - num::u16::strict_add (line 749) ... ok
test library/core/src/num/uint_macros.rs - num::u16::strict_add_signed (line 834) ... ok
test library/core/src/num/uint_macros.rs - num::u16::strict_add_signed (line 840) ... ok
test library/core/src/num/uint_macros.rs - num::u16::strict_add_signed (line 844) ... ok
test library/core/src/num/uint_macros.rs - num::u16::strict_div (line 1227) ... ok
test library/core/src/num/uint_macros.rs - num::u16::strict_div (line 1233) ... ok
test library/core/src/num/uint_macros.rs - num::u16::strict_div_euclid (line 1282) ... ok
test library/core/src/num/uint_macros.rs - num::u16::strict_div_euclid (line 1287) ... ok
test library/core/src/num/uint_macros.rs - num::u16::strict_mul (line 1131) ... ok
test library/core/src/num/uint_macros.rs - num::u16::strict_mul (line 1137) ... ok
test library/core/src/num/uint_macros.rs - num::u16::strict_neg (line 1768) ... ok
test library/core/src/num/uint_macros.rs - num::u16::strict_neg (line 1774) ... ok
test library/core/src/num/uint_macros.rs - num::u16::strict_pow (line 2173) ... ok
test library/core/src/num/uint_macros.rs - num::u16::strict_pow (line 2180) ... ok
test library/core/src/num/uint_macros.rs - num::u16::strict_rem (line 1427) ... ok
test library/core/src/num/uint_macros.rs - num::u16::strict_rem (line 1433) ... ok
test library/core/src/num/uint_macros.rs - num::u16::strict_rem_euclid (line 1483) ... ok
test library/core/src/num/uint_macros.rs - num::u16::strict_rem_euclid (line 1489) ... ok
test library/core/src/num/uint_macros.rs - num::u16::strict_shl (line 1824) ... ok
test library/core/src/num/uint_macros.rs - num::u16::strict_shl (line 1830) ... ok
test library/core/src/num/uint_macros.rs - num::u16::strict_shr (line 1993) ... ok
test library/core/src/num/uint_macros.rs - num::u16::strict_shr (line 1999) ... ok
test library/core/src/num/uint_macros.rs - num::u16::strict_sub (line 897) ... ok
test library/core/src/num/uint_macros.rs - num::u16::strict_sub (line 903) ... ok
test library/core/src/num/uint_macros.rs - num::u16::strict_sub_signed (line 1018) ... ok
test library/core/src/num/uint_macros.rs - num::u16::strict_sub_signed (line 1024) ... ok
test library/core/src/num/uint_macros.rs - num::u16::strict_sub_signed (line 1028) ... ok
test library/core/src/num/uint_macros.rs - num::u16::swap_bytes (line 467) ... ok
test library/core/src/num/uint_macros.rs - num::u16::to_be (line 642) ... ok
test library/core/src/num/uint_macros.rs - num::u16::to_be_bytes (line 3752) ... ok
test library/core/src/num/uint_macros.rs - num::u16::to_le (line 674) ... ok
test library/core/src/num/uint_macros.rs - num::u16::to_le_bytes (line 3772) ... ok
test library/core/src/num/uint_macros.rs - num::u16::to_ne_bytes (line 3799) ... ok
test library/core/src/num/uint_macros.rs - num::u16::trailing_ones (line 184) ... ok
test library/core/src/num/uint_macros.rs - num::u16::trailing_zeros (line 137) ... ok
test library/core/src/num/uint_macros.rs - num::u16::unbounded_shl (line 1882) ... ok
test library/core/src/num/uint_macros.rs - num::u16::unbounded_shr (line 2051) ... ok
test library/core/src/num/uint_macros.rs - num::u16::unchecked_disjoint_bitor (line 1515) ... ok
test library/core/src/num/uint_macros.rs - num::u16::unchecked_sub (line 928) ... ok
test library/core/src/num/uint_macros.rs - num::u16::unchecked_sub (line 940) ... ok
test library/core/src/num/uint_macros.rs - num::u16::widening_mul (line 2967) ... ok
test library/core/src/num/uint_macros.rs - num::u16::widening_mul (line 2974) ... ok
test library/core/src/num/uint_macros.rs - num::u16::widening_mul (line 2984) ... ok
test library/core/src/num/uint_macros.rs - num::u16::wrapping_add (line 2370) ... ok
test library/core/src/num/uint_macros.rs - num::u16::wrapping_add_signed (line 2388) ... ok
test library/core/src/num/uint_macros.rs - num::u16::wrapping_div (line 2471) ... ok
test library/core/src/num/uint_macros.rs - num::u16::wrapping_div_euclid (line 2498) ... ok
test library/core/src/num/uint_macros.rs - num::u16::wrapping_mul (line 2446) ... ok
test library/core/src/num/uint_macros.rs - num::u16::wrapping_neg (line 2577) ... ok
test library/core/src/num/uint_macros.rs - num::u16::wrapping_next_power_of_two (line 3729) ... ok
test library/core/src/num/uint_macros.rs - num::u16::wrapping_pow (line 2657) ... ok
test library/core/src/num/uint_macros.rs - num::u16::wrapping_rem (line 2524) ... ok
test library/core/src/num/uint_macros.rs - num::u16::wrapping_rem_euclid (line 2552) ... ok
test library/core/src/num/uint_macros.rs - num::u16::wrapping_shl (line 2605) ... ok
test library/core/src/num/uint_macros.rs - num::u16::wrapping_shr (line 2635) ... ok
test library/core/src/num/uint_macros.rs - num::u16::wrapping_sub (line 2407) ... ok
test library/core/src/num/uint_macros.rs - num::u16::wrapping_sub_signed (line 2425) ... ok
test library/core/src/num/uint_macros.rs - num::u32::BITS (line 54) ... ok
test library/core/src/num/uint_macros.rs - num::u32::MAX (line 44) ... ok
test library/core/src/num/uint_macros.rs - num::u32::MIN (line 33) ... ok
test library/core/src/num/uint_macros.rs - num::u32::abs_diff (line 2900) ... ok
test library/core/src/num/uint_macros.rs - num::u32::bit_width (line 209) ... ok
test library/core/src/num/uint_macros.rs - num::u32::borrowing_sub (line 2838) ... ok
test library/core/src/num/uint_macros.rs - num::u32::carrying_add (line 2746) ... ok
test library/core/src/num/uint_macros.rs - num::u32::carrying_mul (line 3014) ... ok
test library/core/src/num/uint_macros.rs - num::u32::carrying_mul (line 3025) ... ok
test library/core/src/num/uint_macros.rs - num::u32::carrying_mul (line 3050) ... ok
test library/core/src/num/uint_macros.rs - num::u32::carrying_mul (line 3062) ... ok
test library/core/src/num/uint_macros.rs - num::u32::carrying_mul_add (line 3101) ... ok
test library/core/src/num/uint_macros.rs - num::u32::carrying_mul_add (line 3114) ... ok
test library/core/src/num/uint_macros.rs - num::u32::cast_signed (line 322) ... ok
test library/core/src/num/uint_macros.rs - num::u32::checked_add (line 704) ... ok
test library/core/src/num/uint_macros.rs - num::u32::checked_add_signed (line 808) ... ok
test library/core/src/num/uint_macros.rs - num::u32::checked_div (line 1196) ... ok
test library/core/src/num/uint_macros.rs - num::u32::checked_div_euclid (line 1251) ... ok
test library/core/src/num/uint_macros.rs - num::u32::checked_div_exact (line 1305) ... ok
test library/core/src/num/uint_macros.rs - num::u32::checked_ilog (line 1638) ... ok
test library/core/src/num/uint_macros.rs - num::u32::checked_ilog10 (line 1719) ... ok
test library/core/src/num/uint_macros.rs - num::u32::checked_ilog2 (line 1698) ... ok
test library/core/src/num/uint_macros.rs - num::u32::checked_mul (line 1106) ... ok
test library/core/src/num/uint_macros.rs - num::u32::checked_neg (line 1741) ... ok
test library/core/src/num/uint_macros.rs - num::u32::checked_next_multiple_of (line 3597) ... ok
test library/core/src/num/uint_macros.rs - num::u32::checked_next_power_of_two (line 3709) ... ok
test library/core/src/num/uint_macros.rs - num::u32::checked_pow (line 2132) ... ok
test library/core/src/num/uint_macros.rs - num::u32::checked_rem (line 1395) ... ok
test library/core/src/num/uint_macros.rs - num::u32::checked_rem_euclid (line 1451) ... ok
test library/core/src/num/uint_macros.rs - num::u32::checked_shl (line 1793) ... ok
test library/core/src/num/uint_macros.rs - num::u32::checked_shr (line 1963) ... ok
test library/core/src/num/uint_macros.rs - num::u32::checked_signed_diff (line 1046) ... ok
test library/core/src/num/uint_macros.rs - num::u32::checked_sub (line 863) ... ok
test library/core/src/num/uint_macros.rs - num::u32::checked_sub_signed (line 987) ... ok
test library/core/src/num/uint_macros.rs - num::u32::count_ones (line 64) ... ok
test library/core/src/num/uint_macros.rs - num::u32::count_zeros (line 89) ... ok
test library/core/src/num/uint_macros.rs - num::u32::div_ceil (line 3541) ... ok
test library/core/src/num/uint_macros.rs - num::u32::div_euclid (line 3470) ... ok
test library/core/src/num/uint_macros.rs - num::u32::div_exact (line 1342) ... ok
test library/core/src/num/uint_macros.rs - num::u32::div_floor (line 3520) ... ok
test library/core/src/num/uint_macros.rs - num::u32::from_be (line 580) ... ok
test library/core/src/num/uint_macros.rs - num::u32::from_be_bytes (line 3831) ... ok
test library/core/src/num/uint_macros.rs - num::u32::from_be_bytes (line 3838) ... ok
test library/core/src/num/uint_macros.rs - num::u32::from_le (line 611) ... ok
test library/core/src/num/uint_macros.rs - num::u32::from_le_bytes (line 3860) ... ok
test library/core/src/num/uint_macros.rs - num::u32::from_le_bytes (line 3867) ... ok
test library/core/src/num/uint_macros.rs - num::u32::from_ne_bytes (line 3896) ... ok
test library/core/src/num/uint_macros.rs - num::u32::from_ne_bytes (line 3907) ... ok
test library/core/src/num/uint_macros.rs - num::u32::funnel_shl (line 409) ... ok
test library/core/src/num/uint_macros.rs - num::u32::funnel_shr (line 444) ... ok
test library/core/src/num/uint_macros.rs - num::u32::gather_bits (line 484) ... ok
test library/core/src/num/uint_macros.rs - num::u32::highest_one (line 272) ... ok
test library/core/src/num/uint_macros.rs - num::u32::ilog (line 1559) ... ok
test library/core/src/num/uint_macros.rs - num::u32::ilog10 (line 1610) ... ok
test library/core/src/num/uint_macros.rs - num::u32::ilog2 (line 1585) ... ok
test library/core/src/num/uint_macros.rs - num::u32::is_multiple_of (line 3624) ... ok
test library/core/src/num/uint_macros.rs - num::u32::is_power_of_two (line 3646) ... ok
test library/core/src/num/uint_macros.rs - num::u32::isolate_highest_one (line 230) ... ok
test library/core/src/num/uint_macros.rs - num::u32::isolate_lowest_one (line 251) ... ok
test library/core/src/num/uint_macros.rs - num::u32::isqrt (line 3429) ... ok
test library/core/src/num/uint_macros.rs - num::u32::leading_ones (line 160) ... ok
test library/core/src/num/uint_macros.rs - num::u32::leading_zeros (line 112) ... ok
test library/core/src/num/uint_macros.rs - num::u32::lowest_one (line 296) ... ok
test library/core/src/num/uint_macros.rs - num::u32::next_multiple_of (line 3574) ... ok
test library/core/src/num/uint_macros.rs - num::u32::next_power_of_two (line 3688) ... ok
test library/core/src/num/uint_macros.rs - num::u32::overflowing_add (line 2714) ... ok
test library/core/src/num/uint_macros.rs - num::u32::overflowing_add_signed (line 2790) ... ok
test library/core/src/num/uint_macros.rs - num::u32::overflowing_div (line 3160) ... ok
test library/core/src/num/uint_macros.rs - num::u32::overflowing_div_euclid (line 3189) ... ok
test library/core/src/num/uint_macros.rs - num::u32::overflowing_mul (line 2936) ... ok
test library/core/src/num/uint_macros.rs - num::u32::overflowing_neg (line 3266) ... ok
test library/core/src/num/uint_macros.rs - num::u32::overflowing_pow (line 3333) ... ok
test library/core/src/num/uint_macros.rs - num::u32::overflowing_rem (line 3215) ... ok
test library/core/src/num/uint_macros.rs - num::u32::overflowing_rem_euclid (line 3244) ... ok
test library/core/src/num/uint_macros.rs - num::u32::overflowing_shl (line 3289) ... ok
test library/core/src/num/uint_macros.rs - num::u32::overflowing_shr (line 3313) ... ok
test library/core/src/num/uint_macros.rs - num::u32::overflowing_sub (line 2813) ... ok
test library/core/src/num/uint_macros.rs - num::u32::overflowing_sub_signed (line 2880) ... ok
test library/core/src/num/uint_macros.rs - num::u32::pow (line 3375) ... ok
test library/core/src/num/uint_macros.rs - num::u32::rem_euclid (line 3496) ... ok
test library/core/src/num/uint_macros.rs - num::u32::reverse_bits (line 557) ... ok
test library/core/src/num/uint_macros.rs - num::u32::rotate_left (line 347) ... ok
test library/core/src/num/uint_macros.rs - num::u32::rotate_right (line 376) ... ok
test library/core/src/num/uint_macros.rs - num::u32::saturating_add (line 2214) ... ok
test library/core/src/num/uint_macros.rs - num::u32::saturating_add_signed (line 2232) ... ok
test library/core/src/num/uint_macros.rs - num::u32::saturating_div (line 2328) ... ok
test library/core/src/num/uint_macros.rs - num::u32::saturating_mul (line 2303) ... ok
test library/core/src/num/uint_macros.rs - num::u32::saturating_pow (line 2348) ... ok
test library/core/src/num/uint_macros.rs - num::u32::saturating_sub (line 2258) ... ok
test library/core/src/num/uint_macros.rs - num::u32::saturating_sub_signed (line 2276) ... ok
test library/core/src/num/uint_macros.rs - num::u32::scatter_bits (line 520) ... ok
test library/core/src/num/uint_macros.rs - num::u32::shl_exact (line 1909) ... ok
test library/core/src/num/uint_macros.rs - num::u32::shr_exact (line 2078) ... ok
test library/core/src/num/uint_macros.rs - num::u32::strict_add (line 743) ... ok
test library/core/src/num/uint_macros.rs - num::u32::strict_add (line 749) ... ok
test library/core/src/num/uint_macros.rs - num::u32::strict_add_signed (line 834) ... ok
test library/core/src/num/uint_macros.rs - num::u32::strict_add_signed (line 840) ... ok
test library/core/src/num/uint_macros.rs - num::u32::strict_add_signed (line 844) ... ok
test library/core/src/num/uint_macros.rs - num::u32::strict_div (line 1227) ... ok
test library/core/src/num/uint_macros.rs - num::u32::strict_div (line 1233) ... ok
test library/core/src/num/uint_macros.rs - num::u32::strict_div_euclid (line 1282) ... ok
test library/core/src/num/uint_macros.rs - num::u32::strict_div_euclid (line 1287) ... ok
test library/core/src/num/uint_macros.rs - num::u32::strict_mul (line 1131) ... ok
test library/core/src/num/uint_macros.rs - num::u32::strict_mul (line 1137) ... ok
test library/core/src/num/uint_macros.rs - num::u32::strict_neg (line 1768) ... ok
test library/core/src/num/uint_macros.rs - num::u32::strict_neg (line 1774) ... ok
test library/core/src/num/uint_macros.rs - num::u32::strict_pow (line 2173) ... ok
test library/core/src/num/uint_macros.rs - num::u32::strict_pow (line 2180) ... ok
test library/core/src/num/uint_macros.rs - num::u32::strict_rem (line 1427) ... ok
test library/core/src/num/uint_macros.rs - num::u32::strict_rem (line 1433) ... ok
test library/core/src/num/uint_macros.rs - num::u32::strict_rem_euclid (line 1483) ... ok
test library/core/src/num/uint_macros.rs - num::u32::strict_rem_euclid (line 1489) ... ok
test library/core/src/num/uint_macros.rs - num::u32::strict_shl (line 1824) ... ok
test library/core/src/num/uint_macros.rs - num::u32::strict_shl (line 1830) ... ok
test library/core/src/num/uint_macros.rs - num::u32::strict_shr (line 1993) ... ok
test library/core/src/num/uint_macros.rs - num::u32::strict_shr (line 1999) ... ok
test library/core/src/num/uint_macros.rs - num::u32::strict_sub (line 897) ... ok
test library/core/src/num/uint_macros.rs - num::u32::strict_sub (line 903) ... ok
test library/core/src/num/uint_macros.rs - num::u32::strict_sub_signed (line 1018) ... ok
test library/core/src/num/uint_macros.rs - num::u32::strict_sub_signed (line 1024) ... ok
test library/core/src/num/uint_macros.rs - num::u32::strict_sub_signed (line 1028) ... ok
test library/core/src/num/uint_macros.rs - num::u32::swap_bytes (line 467) ... ok
test library/core/src/num/uint_macros.rs - num::u32::to_be (line 642) ... ok
test library/core/src/num/uint_macros.rs - num::u32::to_be_bytes (line 3752) ... ok
test library/core/src/num/uint_macros.rs - num::u32::to_le (line 674) ... ok
test library/core/src/num/uint_macros.rs - num::u32::to_le_bytes (line 3772) ... ok
test library/core/src/num/uint_macros.rs - num::u32::to_ne_bytes (line 3799) ... ok
test library/core/src/num/uint_macros.rs - num::u32::trailing_ones (line 184) ... ok
test library/core/src/num/uint_macros.rs - num::u32::trailing_zeros (line 137) ... ok
test library/core/src/num/uint_macros.rs - num::u32::unbounded_shl (line 1882) ... ok
test library/core/src/num/uint_macros.rs - num::u32::unbounded_shr (line 2051) ... ok
test library/core/src/num/uint_macros.rs - num::u32::unchecked_disjoint_bitor (line 1515) ... ok
test library/core/src/num/uint_macros.rs - num::u32::unchecked_sub (line 928) ... ok
test library/core/src/num/uint_macros.rs - num::u32::unchecked_sub (line 940) ... ok
test library/core/src/num/uint_macros.rs - num::u32::widening_mul (line 2967) ... ok
test library/core/src/num/uint_macros.rs - num::u32::widening_mul (line 2974) ... ok
test library/core/src/num/uint_macros.rs - num::u32::widening_mul (line 2984) ... ok
test library/core/src/num/uint_macros.rs - num::u32::wrapping_add (line 2370) ... ok
test library/core/src/num/uint_macros.rs - num::u32::wrapping_add_signed (line 2388) ... ok
test library/core/src/num/uint_macros.rs - num::u32::wrapping_div (line 2471) ... ok
test library/core/src/num/uint_macros.rs - num::u32::wrapping_div_euclid (line 2498) ... ok
test library/core/src/num/uint_macros.rs - num::u32::wrapping_mul (line 2446) ... ok
test library/core/src/num/uint_macros.rs - num::u32::wrapping_neg (line 2577) ... ok
test library/core/src/num/uint_macros.rs - num::u32::wrapping_next_power_of_two (line 3729) ... ok
test library/core/src/num/uint_macros.rs - num::u32::wrapping_pow (line 2657) ... ok
test library/core/src/num/uint_macros.rs - num::u32::wrapping_rem (line 2524) ... ok
test library/core/src/num/uint_macros.rs - num::u32::wrapping_rem_euclid (line 2552) ... ok
test library/core/src/num/uint_macros.rs - num::u32::wrapping_shl (line 2605) ... ok
test library/core/src/num/uint_macros.rs - num::u32::wrapping_shr (line 2635) ... ok
test library/core/src/num/uint_macros.rs - num::u32::wrapping_sub (line 2407) ... ok
test library/core/src/num/uint_macros.rs - num::u32::wrapping_sub_signed (line 2425) ... ok
test library/core/src/num/uint_macros.rs - num::u64::BITS (line 54) ... ok
test library/core/src/num/uint_macros.rs - num::u64::MAX (line 44) ... ok
test library/core/src/num/uint_macros.rs - num::u64::MIN (line 33) ... ok
test library/core/src/num/uint_macros.rs - num::u64::abs_diff (line 2900) ... ok
test library/core/src/num/uint_macros.rs - num::u64::bit_width (line 209) ... ok
test library/core/src/num/uint_macros.rs - num::u64::borrowing_sub (line 2838) ... ok
test library/core/src/num/uint_macros.rs - num::u64::carrying_add (line 2746) ... ok
test library/core/src/num/uint_macros.rs - num::u64::carrying_mul (line 3014) ... ok
test library/core/src/num/uint_macros.rs - num::u64::carrying_mul (line 3025) ... ok
test library/core/src/num/uint_macros.rs - num::u64::carrying_mul (line 3050) ... ok
test library/core/src/num/uint_macros.rs - num::u64::carrying_mul (line 3062) ... ok
test library/core/src/num/uint_macros.rs - num::u64::carrying_mul_add (line 3101) ... ok
test library/core/src/num/uint_macros.rs - num::u64::carrying_mul_add (line 3114) ... ok
test library/core/src/num/uint_macros.rs - num::u64::cast_signed (line 322) ... ok
test library/core/src/num/uint_macros.rs - num::u64::checked_add (line 704) ... ok
test library/core/src/num/uint_macros.rs - num::u64::checked_add_signed (line 808) ... ok
test library/core/src/num/uint_macros.rs - num::u64::checked_div (line 1196) ... ok
test library/core/src/num/uint_macros.rs - num::u64::checked_div_euclid (line 1251) ... ok
test library/core/src/num/uint_macros.rs - num::u64::checked_div_exact (line 1305) ... ok
test library/core/src/num/uint_macros.rs - num::u64::checked_ilog (line 1638) ... ok
test library/core/src/num/uint_macros.rs - num::u64::checked_ilog10 (line 1719) ... ok
test library/core/src/num/uint_macros.rs - num::u64::checked_ilog2 (line 1698) ... ok
test library/core/src/num/uint_macros.rs - num::u64::checked_mul (line 1106) ... ok
test library/core/src/num/uint_macros.rs - num::u64::checked_neg (line 1741) ... ok
test library/core/src/num/uint_macros.rs - num::u64::checked_next_multiple_of (line 3597) ... ok
test library/core/src/num/uint_macros.rs - num::u64::checked_next_power_of_two (line 3709) ... ok
test library/core/src/num/uint_macros.rs - num::u64::checked_pow (line 2132) ... ok
test library/core/src/num/uint_macros.rs - num::u64::checked_rem (line 1395) ... ok
test library/core/src/num/uint_macros.rs - num::u64::checked_rem_euclid (line 1451) ... ok
test library/core/src/num/uint_macros.rs - num::u64::checked_shl (line 1793) ... ok
test library/core/src/num/uint_macros.rs - num::u64::checked_shr (line 1963) ... ok
test library/core/src/num/uint_macros.rs - num::u64::checked_signed_diff (line 1046) ... ok
test library/core/src/num/uint_macros.rs - num::u64::checked_sub (line 863) ... ok
test library/core/src/num/uint_macros.rs - num::u64::checked_sub_signed (line 987) ... ok
test library/core/src/num/uint_macros.rs - num::u64::count_ones (line 64) ... ok
test library/core/src/num/uint_macros.rs - num::u64::count_zeros (line 89) ... ok
test library/core/src/num/uint_macros.rs - num::u64::div_ceil (line 3541) ... ok
test library/core/src/num/uint_macros.rs - num::u64::div_euclid (line 3470) ... ok
test library/core/src/num/uint_macros.rs - num::u64::div_exact (line 1342) ... ok
test library/core/src/num/uint_macros.rs - num::u64::div_floor (line 3520) ... ok
test library/core/src/num/uint_macros.rs - num::u64::from_be (line 580) ... ok
test library/core/src/num/uint_macros.rs - num::u64::from_be_bytes (line 3831) ... ok
test library/core/src/num/uint_macros.rs - num::u64::from_be_bytes (line 3838) ... ok
test library/core/src/num/uint_macros.rs - num::u64::from_le (line 611) ... ok
test library/core/src/num/uint_macros.rs - num::u64::from_le_bytes (line 3860) ... ok
test library/core/src/num/uint_macros.rs - num::u64::from_le_bytes (line 3867) ... ok
test library/core/src/num/uint_macros.rs - num::u64::from_ne_bytes (line 3896) ... ok
test library/core/src/num/uint_macros.rs - num::u64::from_ne_bytes (line 3907) ... ok
test library/core/src/num/uint_macros.rs - num::u64::funnel_shl (line 409) ... ok
test library/core/src/num/uint_macros.rs - num::u64::funnel_shr (line 444) ... ok
test library/core/src/num/uint_macros.rs - num::u64::gather_bits (line 484) ... ok
test library/core/src/num/uint_macros.rs - num::u64::highest_one (line 272) ... ok
test library/core/src/num/uint_macros.rs - num::u64::ilog (line 1559) ... ok
test library/core/src/num/uint_macros.rs - num::u64::ilog10 (line 1610) ... ok
test library/core/src/num/uint_macros.rs - num::u64::ilog2 (line 1585) ... ok
test library/core/src/num/uint_macros.rs - num::u64::is_multiple_of (line 3624) ... ok
test library/core/src/num/uint_macros.rs - num::u64::is_power_of_two (line 3646) ... ok
test library/core/src/num/uint_macros.rs - num::u64::isolate_highest_one (line 230) ... ok
test library/core/src/num/uint_macros.rs - num::u64::isolate_lowest_one (line 251) ... ok
test library/core/src/num/uint_macros.rs - num::u64::isqrt (line 3429) ... ok
test library/core/src/num/uint_macros.rs - num::u64::leading_ones (line 160) ... ok
test library/core/src/num/uint_macros.rs - num::u64::leading_zeros (line 112) ... ok
test library/core/src/num/uint_macros.rs - num::u64::lowest_one (line 296) ... ok
test library/core/src/num/uint_macros.rs - num::u64::next_multiple_of (line 3574) ... ok
test library/core/src/num/uint_macros.rs - num::u64::next_power_of_two (line 3688) ... ok
test library/core/src/num/uint_macros.rs - num::u64::overflowing_add (line 2714) ... ok
test library/core/src/num/uint_macros.rs - num::u64::overflowing_add_signed (line 2790) ... ok
test library/core/src/num/uint_macros.rs - num::u64::overflowing_div (line 3160) ... ok
test library/core/src/num/uint_macros.rs - num::u64::overflowing_div_euclid (line 3189) ... ok
test library/core/src/num/uint_macros.rs - num::u64::overflowing_mul (line 2936) ... ok
test library/core/src/num/uint_macros.rs - num::u64::overflowing_neg (line 3266) ... ok
test library/core/src/num/uint_macros.rs - num::u64::overflowing_pow (line 3333) ... ok
test library/core/src/num/uint_macros.rs - num::u64::overflowing_rem (line 3215) ... ok
test library/core/src/num/uint_macros.rs - num::u64::overflowing_rem_euclid (line 3244) ... ok
test library/core/src/num/uint_macros.rs - num::u64::overflowing_shl (line 3289) ... ok
test library/core/src/num/uint_macros.rs - num::u64::overflowing_shr (line 3313) ... ok
test library/core/src/num/uint_macros.rs - num::u64::overflowing_sub (line 2813) ... ok
test library/core/src/num/uint_macros.rs - num::u64::overflowing_sub_signed (line 2880) ... ok
test library/core/src/num/uint_macros.rs - num::u64::pow (line 3375) ... ok
test library/core/src/num/uint_macros.rs - num::u64::rem_euclid (line 3496) ... ok
test library/core/src/num/uint_macros.rs - num::u64::reverse_bits (line 557) ... ok
test library/core/src/num/uint_macros.rs - num::u64::rotate_left (line 347) ... ok
test library/core/src/num/uint_macros.rs - num::u64::rotate_right (line 376) ... ok
test library/core/src/num/uint_macros.rs - num::u64::saturating_add (line 2214) ... ok
test library/core/src/num/uint_macros.rs - num::u64::saturating_add_signed (line 2232) ... ok
test library/core/src/num/uint_macros.rs - num::u64::saturating_div (line 2328) ... ok
test library/core/src/num/uint_macros.rs - num::u64::saturating_mul (line 2303) ... ok
test library/core/src/num/uint_macros.rs - num::u64::saturating_pow (line 2348) ... ok
test library/core/src/num/uint_macros.rs - num::u64::saturating_sub (line 2258) ... ok
test library/core/src/num/uint_macros.rs - num::u64::saturating_sub_signed (line 2276) ... ok
test library/core/src/num/uint_macros.rs - num::u64::scatter_bits (line 520) ... ok
test library/core/src/num/uint_macros.rs - num::u64::shl_exact (line 1909) ... ok
test library/core/src/num/uint_macros.rs - num::u64::shr_exact (line 2078) ... ok
test library/core/src/num/uint_macros.rs - num::u64::strict_add (line 743) ... ok
test library/core/src/num/uint_macros.rs - num::u64::strict_add (line 749) ... ok
test library/core/src/num/uint_macros.rs - num::u64::strict_add_signed (line 834) ... ok
test library/core/src/num/uint_macros.rs - num::u64::strict_add_signed (line 840) ... ok
test library/core/src/num/uint_macros.rs - num::u64::strict_add_signed (line 844) ... ok
test library/core/src/num/uint_macros.rs - num::u64::strict_div (line 1227) ... ok
test library/core/src/num/uint_macros.rs - num::u64::strict_div (line 1233) ... ok
test library/core/src/num/uint_macros.rs - num::u64::strict_div_euclid (line 1282) ... ok
test library/core/src/num/uint_macros.rs - num::u64::strict_div_euclid (line 1287) ... ok
test library/core/src/num/uint_macros.rs - num::u64::strict_mul (line 1131) ... ok
test library/core/src/num/uint_macros.rs - num::u64::strict_mul (line 1137) ... ok
test library/core/src/num/uint_macros.rs - num::u64::strict_neg (line 1768) ... ok
test library/core/src/num/uint_macros.rs - num::u64::strict_neg (line 1774) ... ok
test library/core/src/num/uint_macros.rs - num::u64::strict_pow (line 2173) ... ok
test library/core/src/num/uint_macros.rs - num::u64::strict_pow (line 2180) ... ok
test library/core/src/num/uint_macros.rs - num::u64::strict_rem (line 1427) ... ok
test library/core/src/num/uint_macros.rs - num::u64::strict_rem (line 1433) ... ok
test library/core/src/num/uint_macros.rs - num::u64::strict_rem_euclid (line 1483) ... ok
test library/core/src/num/uint_macros.rs - num::u64::strict_rem_euclid (line 1489) ... ok
test library/core/src/num/uint_macros.rs - num::u64::strict_shl (line 1824) ... ok
test library/core/src/num/uint_macros.rs - num::u64::strict_shl (line 1830) ... ok
test library/core/src/num/uint_macros.rs - num::u64::strict_shr (line 1993) ... ok
test library/core/src/num/uint_macros.rs - num::u64::strict_shr (line 1999) ... ok
test library/core/src/num/uint_macros.rs - num::u64::strict_sub (line 897) ... ok
test library/core/src/num/uint_macros.rs - num::u64::strict_sub (line 903) ... ok
test library/core/src/num/uint_macros.rs - num::u64::strict_sub_signed (line 1018) ... ok
test library/core/src/num/uint_macros.rs - num::u64::strict_sub_signed (line 1024) ... ok
test library/core/src/num/uint_macros.rs - num::u64::strict_sub_signed (line 1028) ... ok
test library/core/src/num/uint_macros.rs - num::u64::swap_bytes (line 467) ... ok
test library/core/src/num/uint_macros.rs - num::u64::to_be (line 642) ... ok
test library/core/src/num/uint_macros.rs - num::u64::to_be_bytes (line 3752) ... ok
test library/core/src/num/uint_macros.rs - num::u64::to_le (line 674) ... ok
test library/core/src/num/uint_macros.rs - num::u64::to_le_bytes (line 3772) ... ok
test library/core/src/num/uint_macros.rs - num::u64::to_ne_bytes (line 3799) ... ok
test library/core/src/num/uint_macros.rs - num::u64::trailing_ones (line 184) ... ok
test library/core/src/num/uint_macros.rs - num::u64::trailing_zeros (line 137) ... ok
test library/core/src/num/uint_macros.rs - num::u64::unbounded_shl (line 1882) ... ok
test library/core/src/num/uint_macros.rs - num::u64::unbounded_shr (line 2051) ... ok
test library/core/src/num/uint_macros.rs - num::u64::unchecked_disjoint_bitor (line 1515) ... ok
test library/core/src/num/uint_macros.rs - num::u64::unchecked_sub (line 928) ... ok
test library/core/src/num/uint_macros.rs - num::u64::unchecked_sub (line 940) ... ok
test library/core/src/num/uint_macros.rs - num::u64::widening_mul (line 2967) ... ok
test library/core/src/num/uint_macros.rs - num::u64::widening_mul (line 2974) ... ok
test library/core/src/num/uint_macros.rs - num::u64::widening_mul (line 2984) ... ok
test library/core/src/num/uint_macros.rs - num::u64::wrapping_add (line 2370) ... ok
test library/core/src/num/uint_macros.rs - num::u64::wrapping_add_signed (line 2388) ... ok
test library/core/src/num/uint_macros.rs - num::u64::wrapping_div (line 2471) ... ok
test library/core/src/num/uint_macros.rs - num::u64::wrapping_div_euclid (line 2498) ... ok
test library/core/src/num/uint_macros.rs - num::u64::wrapping_mul (line 2446) ... ok
test library/core/src/num/uint_macros.rs - num::u64::wrapping_neg (line 2577) ... ok
test library/core/src/num/uint_macros.rs - num::u64::wrapping_next_power_of_two (line 3729) ... ok
test library/core/src/num/uint_macros.rs - num::u64::wrapping_pow (line 2657) ... ok
test library/core/src/num/uint_macros.rs - num::u64::wrapping_rem (line 2524) ... ok
test library/core/src/num/uint_macros.rs - num::u64::wrapping_rem_euclid (line 2552) ... ok
test library/core/src/num/uint_macros.rs - num::u64::wrapping_shl (line 2605) ... ok
test library/core/src/num/uint_macros.rs - num::u64::wrapping_shr (line 2635) ... ok
test library/core/src/num/uint_macros.rs - num::u64::wrapping_sub (line 2407) ... ok
test library/core/src/num/uint_macros.rs - num::u64::wrapping_sub_signed (line 2425) ... ok
test library/core/src/num/uint_macros.rs - num::u8::BITS (line 54) ... ok
test library/core/src/num/uint_macros.rs - num::u8::MAX (line 44) ... ok
test library/core/src/num/uint_macros.rs - num::u8::MIN (line 33) ... ok
test library/core/src/num/uint_macros.rs - num::u8::abs_diff (line 2900) ... ok
test library/core/src/num/uint_macros.rs - num::u8::bit_width (line 209) ... ok
test library/core/src/num/uint_macros.rs - num::u8::borrowing_sub (line 2838) ... ok
test library/core/src/num/uint_macros.rs - num::u8::carrying_add (line 2746) ... ok
test library/core/src/num/uint_macros.rs - num::u8::carrying_mul (line 3014) ... ok
test library/core/src/num/uint_macros.rs - num::u8::carrying_mul (line 3025) ... ok
test library/core/src/num/uint_macros.rs - num::u8::carrying_mul (line 3050) ... ok
test library/core/src/num/uint_macros.rs - num::u8::carrying_mul (line 3062) ... ok
test library/core/src/num/uint_macros.rs - num::u8::carrying_mul_add (line 3101) ... ok
test library/core/src/num/uint_macros.rs - num::u8::carrying_mul_add (line 3114) ... ok
test library/core/src/num/uint_macros.rs - num::u8::cast_signed (line 322) ... ok
test library/core/src/num/uint_macros.rs - num::u8::checked_add (line 704) ... ok
test library/core/src/num/uint_macros.rs - num::u8::checked_add_signed (line 808) ... ok
test library/core/src/num/uint_macros.rs - num::u8::checked_div (line 1196) ... ok
test library/core/src/num/uint_macros.rs - num::u8::checked_div_euclid (line 1251) ... ok
test library/core/src/num/uint_macros.rs - num::u8::checked_div_exact (line 1305) ... ok
test library/core/src/num/uint_macros.rs - num::u8::checked_ilog (line 1638) ... ok
test library/core/src/num/uint_macros.rs - num::u8::checked_ilog10 (line 1719) ... ok
test library/core/src/num/uint_macros.rs - num::u8::checked_ilog2 (line 1698) ... ok
test library/core/src/num/uint_macros.rs - num::u8::checked_mul (line 1106) ... ok
test library/core/src/num/uint_macros.rs - num::u8::checked_neg (line 1741) ... ok
test library/core/src/num/uint_macros.rs - num::u8::checked_next_multiple_of (line 3597) ... ok
test library/core/src/num/uint_macros.rs - num::u8::checked_next_power_of_two (line 3709) ... ok
test library/core/src/num/uint_macros.rs - num::u8::checked_pow (line 2132) ... ok
test library/core/src/num/uint_macros.rs - num::u8::checked_rem (line 1395) ... ok
test library/core/src/num/uint_macros.rs - num::u8::checked_rem_euclid (line 1451) ... ok
test library/core/src/num/uint_macros.rs - num::u8::checked_shl (line 1793) ... ok
test library/core/src/num/uint_macros.rs - num::u8::checked_shr (line 1963) ... ok
test library/core/src/num/uint_macros.rs - num::u8::checked_signed_diff (line 1046) ... ok
test library/core/src/num/uint_macros.rs - num::u8::checked_sub (line 863) ... ok
test library/core/src/num/uint_macros.rs - num::u8::checked_sub_signed (line 987) ... ok
test library/core/src/num/uint_macros.rs - num::u8::count_ones (line 64) ... ok
test library/core/src/num/uint_macros.rs - num::u8::count_zeros (line 89) ... ok
test library/core/src/num/uint_macros.rs - num::u8::div_ceil (line 3541) ... ok
test library/core/src/num/uint_macros.rs - num::u8::div_euclid (line 3470) ... ok
test library/core/src/num/uint_macros.rs - num::u8::div_exact (line 1342) ... ok
test library/core/src/num/uint_macros.rs - num::u8::div_floor (line 3520) ... ok
test library/core/src/num/uint_macros.rs - num::u8::from_be (line 580) ... ok
test library/core/src/num/uint_macros.rs - num::u8::from_be_bytes (line 3834) ... ok
test library/core/src/num/uint_macros.rs - num::u8::from_be_bytes (line 3841) ... ok
test library/core/src/num/uint_macros.rs - num::u8::from_le (line 611) ... ok
test library/core/src/num/uint_macros.rs - num::u8::from_le_bytes (line 3863) ... ok
test library/core/src/num/uint_macros.rs - num::u8::from_le_bytes (line 3870) ... ok
test library/core/src/num/uint_macros.rs - num::u8::from_ne_bytes (line 3899) ... ok
test library/core/src/num/uint_macros.rs - num::u8::from_ne_bytes (line 3910) ... ok
test library/core/src/num/uint_macros.rs - num::u8::funnel_shl (line 409) ... ok
test library/core/src/num/uint_macros.rs - num::u8::funnel_shr (line 444) ... ok
test library/core/src/num/uint_macros.rs - num::u8::gather_bits (line 484) ... ok
test library/core/src/num/uint_macros.rs - num::u8::highest_one (line 272) ... ok
test library/core/src/num/uint_macros.rs - num::u8::ilog (line 1559) ... ok
test library/core/src/num/uint_macros.rs - num::u8::ilog10 (line 1610) ... ok
test library/core/src/num/uint_macros.rs - num::u8::ilog2 (line 1585) ... ok
test library/core/src/num/uint_macros.rs - num::u8::is_multiple_of (line 3624) ... ok
test library/core/src/num/uint_macros.rs - num::u8::is_power_of_two (line 3646) ... ok
test library/core/src/num/uint_macros.rs - num::u8::isolate_highest_one (line 230) ... ok
test library/core/src/num/uint_macros.rs - num::u8::isolate_lowest_one (line 251) ... ok
test library/core/src/num/uint_macros.rs - num::u8::isqrt (line 3429) ... ok
test library/core/src/num/uint_macros.rs - num::u8::leading_ones (line 160) ... ok
test library/core/src/num/uint_macros.rs - num::u8::leading_zeros (line 112) ... ok
test library/core/src/num/uint_macros.rs - num::u8::lowest_one (line 296) ... ok
test library/core/src/num/uint_macros.rs - num::u8::next_multiple_of (line 3574) ... ok
test library/core/src/num/uint_macros.rs - num::u8::next_power_of_two (line 3688) ... ok
test library/core/src/num/uint_macros.rs - num::u8::overflowing_add (line 2714) ... ok
test library/core/src/num/uint_macros.rs - num::u8::overflowing_add_signed (line 2790) ... ok
test library/core/src/num/uint_macros.rs - num::u8::overflowing_div (line 3160) ... ok
test library/core/src/num/uint_macros.rs - num::u8::overflowing_div_euclid (line 3189) ... ok
test library/core/src/num/uint_macros.rs - num::u8::overflowing_mul (line 2936) ... ok
test library/core/src/num/uint_macros.rs - num::u8::overflowing_neg (line 3266) ... ok
test library/core/src/num/uint_macros.rs - num::u8::overflowing_pow (line 3333) ... ok
test library/core/src/num/uint_macros.rs - num::u8::overflowing_rem (line 3215) ... ok
test library/core/src/num/uint_macros.rs - num::u8::overflowing_rem_euclid (line 3244) ... ok
test library/core/src/num/uint_macros.rs - num::u8::overflowing_shl (line 3289) ... ok
test library/core/src/num/uint_macros.rs - num::u8::overflowing_shr (line 3313) ... ok
test library/core/src/num/uint_macros.rs - num::u8::overflowing_sub (line 2813) ... ok
test library/core/src/num/uint_macros.rs - num::u8::overflowing_sub_signed (line 2880) ... ok
test library/core/src/num/uint_macros.rs - num::u8::pow (line 3375) ... ok
test library/core/src/num/uint_macros.rs - num::u8::rem_euclid (line 3496) ... ok
test library/core/src/num/uint_macros.rs - num::u8::reverse_bits (line 557) ... ok
test library/core/src/num/uint_macros.rs - num::u8::rotate_left (line 347) ... ok
test library/core/src/num/uint_macros.rs - num::u8::rotate_right (line 376) ... ok
test library/core/src/num/uint_macros.rs - num::u8::saturating_add (line 2214) ... ok
test library/core/src/num/uint_macros.rs - num::u8::saturating_add_signed (line 2232) ... ok
test library/core/src/num/uint_macros.rs - num::u8::saturating_div (line 2328) ... ok
test library/core/src/num/uint_macros.rs - num::u8::saturating_mul (line 2303) ... ok
test library/core/src/num/uint_macros.rs - num::u8::saturating_pow (line 2348) ... ok
test library/core/src/num/uint_macros.rs - num::u8::saturating_sub (line 2258) ... ok
test library/core/src/num/uint_macros.rs - num::u8::saturating_sub_signed (line 2276) ... ok
test library/core/src/num/uint_macros.rs - num::u8::scatter_bits (line 520) ... ok
test library/core/src/num/uint_macros.rs - num::u8::shl_exact (line 1909) ... ok
test library/core/src/num/uint_macros.rs - num::u8::shr_exact (line 2078) ... ok
test library/core/src/num/uint_macros.rs - num::u8::strict_add (line 743) ... ok
test library/core/src/num/uint_macros.rs - num::u8::strict_add (line 749) ... ok
test library/core/src/num/uint_macros.rs - num::u8::strict_add_signed (line 834) ... ok
test library/core/src/num/uint_macros.rs - num::u8::strict_add_signed (line 840) ... ok
test library/core/src/num/uint_macros.rs - num::u8::strict_add_signed (line 844) ... ok
test library/core/src/num/uint_macros.rs - num::u8::strict_div (line 1227) ... ok
test library/core/src/num/uint_macros.rs - num::u8::strict_div (line 1233) ... ok
test library/core/src/num/uint_macros.rs - num::u8::strict_div_euclid (line 1282) ... ok
test library/core/src/num/uint_macros.rs - num::u8::strict_div_euclid (line 1287) ... ok
test library/core/src/num/uint_macros.rs - num::u8::strict_mul (line 1131) ... ok
test library/core/src/num/uint_macros.rs - num::u8::strict_mul (line 1137) ... ok
test library/core/src/num/uint_macros.rs - num::u8::strict_neg (line 1768) ... ok
test library/core/src/num/uint_macros.rs - num::u8::strict_neg (line 1774) ... ok
test library/core/src/num/uint_macros.rs - num::u8::strict_pow (line 2173) ... ok
test library/core/src/num/uint_macros.rs - num::u8::strict_pow (line 2180) ... ok
test library/core/src/num/uint_macros.rs - num::u8::strict_rem (line 1427) ... ok
test library/core/src/num/uint_macros.rs - num::u8::strict_rem (line 1433) ... ok
test library/core/src/num/uint_macros.rs - num::u8::strict_rem_euclid (line 1483) ... ok
test library/core/src/num/uint_macros.rs - num::u8::strict_rem_euclid (line 1489) ... ok
test library/core/src/num/uint_macros.rs - num::u8::strict_shl (line 1824) ... ok
test library/core/src/num/uint_macros.rs - num::u8::strict_shl (line 1830) ... ok
test library/core/src/num/uint_macros.rs - num::u8::strict_shr (line 1993) ... ok
test library/core/src/num/uint_macros.rs - num::u8::strict_shr (line 1999) ... ok
test library/core/src/num/uint_macros.rs - num::u8::strict_sub (line 897) ... ok
test library/core/src/num/uint_macros.rs - num::u8::strict_sub (line 903) ... ok
test library/core/src/num/uint_macros.rs - num::u8::strict_sub_signed (line 1018) ... ok
test library/core/src/num/uint_macros.rs - num::u8::strict_sub_signed (line 1024) ... ok
test library/core/src/num/uint_macros.rs - num::u8::strict_sub_signed (line 1028) ... ok
test library/core/src/num/uint_macros.rs - num::u8::swap_bytes (line 467) ... ok
test library/core/src/num/uint_macros.rs - num::u8::to_be (line 642) ... ok
test library/core/src/num/uint_macros.rs - num::u8::to_be_bytes (line 3755) ... ok
test library/core/src/num/uint_macros.rs - num::u8::to_le (line 674) ... ok
test library/core/src/num/uint_macros.rs - num::u8::to_le_bytes (line 3775) ... ok
test library/core/src/num/uint_macros.rs - num::u8::to_ne_bytes (line 3802) ... ok
test library/core/src/num/uint_macros.rs - num::u8::trailing_ones (line 184) ... ok
test library/core/src/num/uint_macros.rs - num::u8::trailing_zeros (line 137) ... ok
test library/core/src/num/uint_macros.rs - num::u8::unbounded_shl (line 1882) ... ok
test library/core/src/num/uint_macros.rs - num::u8::unbounded_shr (line 2051) ... ok
test library/core/src/num/uint_macros.rs - num::u8::unchecked_disjoint_bitor (line 1515) ... ok
test library/core/src/num/uint_macros.rs - num::u8::unchecked_sub (line 928) ... ok
test library/core/src/num/uint_macros.rs - num::u8::unchecked_sub (line 940) ... ok
test library/core/src/num/uint_macros.rs - num::u8::widening_mul (line 2967) ... ok
test library/core/src/num/uint_macros.rs - num::u8::widening_mul (line 2974) ... ok
test library/core/src/num/uint_macros.rs - num::u8::widening_mul (line 2984) ... ok
test library/core/src/num/uint_macros.rs - num::u8::wrapping_add (line 2370) ... ok
test library/core/src/num/uint_macros.rs - num::u8::wrapping_add_signed (line 2388) ... ok
test library/core/src/num/uint_macros.rs - num::u8::wrapping_div (line 2471) ... ok
test library/core/src/num/uint_macros.rs - num::u8::wrapping_div_euclid (line 2498) ... ok
test library/core/src/num/uint_macros.rs - num::u8::wrapping_mul (line 2446) ... ok
test library/core/src/num/uint_macros.rs - num::u8::wrapping_neg (line 2577) ... ok
test library/core/src/num/uint_macros.rs - num::u8::wrapping_next_power_of_two (line 3729) ... ok
test library/core/src/num/uint_macros.rs - num::u8::wrapping_pow (line 2657) ... ok
test library/core/src/num/uint_macros.rs - num::u8::wrapping_rem (line 2524) ... ok
test library/core/src/num/uint_macros.rs - num::u8::wrapping_rem_euclid (line 2552) ... ok
test library/core/src/num/uint_macros.rs - num::u8::wrapping_shl (line 2605) ... ok
test library/core/src/num/uint_macros.rs - num::u8::wrapping_shr (line 2635) ... ok
test library/core/src/num/uint_macros.rs - num::u8::wrapping_sub (line 2407) ... ok
test library/core/src/num/uint_macros.rs - num::u8::wrapping_sub_signed (line 2425) ... ok
test library/core/src/num/uint_macros.rs - num::usize::BITS (line 54) ... ok
test library/core/src/num/uint_macros.rs - num::usize::MAX (line 44) ... ok
test library/core/src/num/uint_macros.rs - num::usize::MIN (line 33) ... ok
test library/core/src/num/uint_macros.rs - num::usize::abs_diff (line 2900) ... ok
test library/core/src/num/uint_macros.rs - num::usize::bit_width (line 209) ... ok
test library/core/src/num/uint_macros.rs - num::usize::borrowing_sub (line 2838) ... ok
test library/core/src/num/uint_macros.rs - num::usize::carrying_add (line 2746) ... ok
test library/core/src/num/uint_macros.rs - num::usize::carrying_mul (line 3014) ... ok
test library/core/src/num/uint_macros.rs - num::usize::carrying_mul (line 3025) ... ok
test library/core/src/num/uint_macros.rs - num::usize::carrying_mul (line 3050) ... ok
test library/core/src/num/uint_macros.rs - num::usize::carrying_mul (line 3062) ... ok
test library/core/src/num/uint_macros.rs - num::usize::carrying_mul_add (line 3101) ... ok
test library/core/src/num/uint_macros.rs - num::usize::carrying_mul_add (line 3114) ... ok
test library/core/src/num/uint_macros.rs - num::usize::cast_signed (line 322) ... ok
test library/core/src/num/uint_macros.rs - num::usize::checked_add (line 704) ... ok
test library/core/src/num/uint_macros.rs - num::usize::checked_add_signed (line 808) ... ok
test library/core/src/num/uint_macros.rs - num::usize::checked_div (line 1196) ... ok
test library/core/src/num/uint_macros.rs - num::usize::checked_div_euclid (line 1251) ... ok
test library/core/src/num/uint_macros.rs - num::usize::checked_div_exact (line 1305) ... ok
test library/core/src/num/uint_macros.rs - num::usize::checked_ilog (line 1638) ... ok
test library/core/src/num/uint_macros.rs - num::usize::checked_ilog10 (line 1719) ... ok
test library/core/src/num/uint_macros.rs - num::usize::checked_ilog2 (line 1698) ... ok
test library/core/src/num/uint_macros.rs - num::usize::checked_mul (line 1106) ... ok
test library/core/src/num/uint_macros.rs - num::usize::checked_neg (line 1741) ... ok
test library/core/src/num/uint_macros.rs - num::usize::checked_next_multiple_of (line 3597) ... ok
test library/core/src/num/uint_macros.rs - num::usize::checked_next_power_of_two (line 3709) ... ok
test library/core/src/num/uint_macros.rs - num::usize::checked_pow (line 2132) ... ok
test library/core/src/num/uint_macros.rs - num::usize::checked_rem (line 1395) ... ok
test library/core/src/num/uint_macros.rs - num::usize::checked_rem_euclid (line 1451) ... ok
test library/core/src/num/uint_macros.rs - num::usize::checked_shl (line 1793) ... ok
test library/core/src/num/uint_macros.rs - num::usize::checked_shr (line 1963) ... ok
test library/core/src/num/uint_macros.rs - num::usize::checked_signed_diff (line 1046) ... ok
test library/core/src/num/uint_macros.rs - num::usize::checked_sub (line 863) ... ok
test library/core/src/num/uint_macros.rs - num::usize::checked_sub_signed (line 987) ... ok
test library/core/src/num/uint_macros.rs - num::usize::count_ones (line 64) ... ok
test library/core/src/num/uint_macros.rs - num::usize::count_zeros (line 89) ... ok
test library/core/src/num/uint_macros.rs - num::usize::div_ceil (line 3541) ... ok
test library/core/src/num/uint_macros.rs - num::usize::div_euclid (line 3470) ... ok
test library/core/src/num/uint_macros.rs - num::usize::div_exact (line 1342) ... ok
test library/core/src/num/uint_macros.rs - num::usize::div_floor (line 3520) ... ok
test library/core/src/num/uint_macros.rs - num::usize::from_be (line 580) ... ok
test library/core/src/num/uint_macros.rs - num::usize::from_be_bytes (line 3833) ... ok
test library/core/src/num/uint_macros.rs - num::usize::from_be_bytes (line 3840) ... ok
test library/core/src/num/uint_macros.rs - num::usize::from_le (line 611) ... ok
test library/core/src/num/uint_macros.rs - num::usize::from_le_bytes (line 3862) ... ok
test library/core/src/num/uint_macros.rs - num::usize::from_le_bytes (line 3869) ... ok
test library/core/src/num/uint_macros.rs - num::usize::from_ne_bytes (line 3898) ... ok
test library/core/src/num/uint_macros.rs - num::usize::from_ne_bytes (line 3909) ... ok
test library/core/src/num/uint_macros.rs - num::usize::funnel_shl (line 409) ... ok
test library/core/src/num/uint_macros.rs - num::usize::funnel_shr (line 444) ... ok
test library/core/src/num/uint_macros.rs - num::usize::gather_bits (line 484) ... ok
test library/core/src/num/uint_macros.rs - num::usize::highest_one (line 272) ... ok
test library/core/src/num/uint_macros.rs - num::usize::ilog (line 1559) ... ok
test library/core/src/num/uint_macros.rs - num::usize::ilog10 (line 1610) ... ok
test library/core/src/num/uint_macros.rs - num::usize::ilog2 (line 1585) ... ok
test library/core/src/num/uint_macros.rs - num::usize::is_multiple_of (line 3624) ... ok
test library/core/src/num/uint_macros.rs - num::usize::is_power_of_two (line 3646) ... ok
test library/core/src/num/uint_macros.rs - num::usize::isolate_highest_one (line 230) ... ok
test library/core/src/num/uint_macros.rs - num::usize::isolate_lowest_one (line 251) ... ok
test library/core/src/num/uint_macros.rs - num::usize::isqrt (line 3429) ... ok
test library/core/src/num/uint_macros.rs - num::usize::leading_ones (line 160) ... ok
test library/core/src/num/uint_macros.rs - num::usize::leading_zeros (line 112) ... ok
test library/core/src/num/uint_macros.rs - num::usize::lowest_one (line 296) ... ok
test library/core/src/num/uint_macros.rs - num::usize::next_multiple_of (line 3574) ... ok
test library/core/src/num/uint_macros.rs - num::usize::next_power_of_two (line 3688) ... ok
test library/core/src/num/uint_macros.rs - num::usize::overflowing_add (line 2714) ... ok
test library/core/src/num/uint_macros.rs - num::usize::overflowing_add_signed (line 2790) ... ok
test library/core/src/num/uint_macros.rs - num::usize::overflowing_div (line 3160) ... ok
test library/core/src/num/uint_macros.rs - num::usize::overflowing_div_euclid (line 3189) ... ok
test library/core/src/num/uint_macros.rs - num::usize::overflowing_mul (line 2936) ... ok
test library/core/src/num/uint_macros.rs - num::usize::overflowing_neg (line 3266) ... ok
test library/core/src/num/uint_macros.rs - num::usize::overflowing_pow (line 3333) ... ok
test library/core/src/num/uint_macros.rs - num::usize::overflowing_rem (line 3215) ... ok
test library/core/src/num/uint_macros.rs - num::usize::overflowing_rem_euclid (line 3244) ... ok
test library/core/src/num/uint_macros.rs - num::usize::overflowing_shl (line 3289) ... ok
test library/core/src/num/uint_macros.rs - num::usize::overflowing_shr (line 3313) ... ok
test library/core/src/num/uint_macros.rs - num::usize::overflowing_sub (line 2813) ... ok
test library/core/src/num/uint_macros.rs - num::usize::overflowing_sub_signed (line 2880) ... ok
test library/core/src/num/uint_macros.rs - num::usize::pow (line 3375) ... ok
test library/core/src/num/uint_macros.rs - num::usize::rem_euclid (line 3496) ... ok
test library/core/src/num/uint_macros.rs - num::usize::reverse_bits (line 557) ... ok
test library/core/src/num/uint_macros.rs - num::usize::rotate_left (line 347) ... ok
test library/core/src/num/uint_macros.rs - num::usize::rotate_right (line 376) ... ok
test library/core/src/num/uint_macros.rs - num::usize::saturating_add (line 2214) ... ok
test library/core/src/num/uint_macros.rs - num::usize::saturating_add_signed (line 2232) ... ok
test library/core/src/num/uint_macros.rs - num::usize::saturating_div (line 2328) ... ok
test library/core/src/num/uint_macros.rs - num::usize::saturating_mul (line 2303) ... ok
test library/core/src/num/uint_macros.rs - num::usize::saturating_pow (line 2348) ... ok
test library/core/src/num/uint_macros.rs - num::usize::saturating_sub (line 2258) ... ok
test library/core/src/num/uint_macros.rs - num::usize::saturating_sub_signed (line 2276) ... ok
test library/core/src/num/uint_macros.rs - num::usize::scatter_bits (line 520) ... ok
test library/core/src/num/uint_macros.rs - num::usize::shl_exact (line 1909) ... ok
test library/core/src/num/uint_macros.rs - num::usize::shr_exact (line 2078) ... ok
test library/core/src/num/uint_macros.rs - num::usize::strict_add (line 743) ... ok
test library/core/src/num/uint_macros.rs - num::usize::strict_add (line 749) ... ok
test library/core/src/num/uint_macros.rs - num::usize::strict_add_signed (line 834) ... ok
test library/core/src/num/uint_macros.rs - num::usize::strict_add_signed (line 840) ... ok
test library/core/src/num/uint_macros.rs - num::usize::strict_add_signed (line 844) ... ok
test library/core/src/num/uint_macros.rs - num::usize::strict_div (line 1227) ... ok
test library/core/src/num/uint_macros.rs - num::usize::strict_div (line 1233) ... ok
test library/core/src/num/uint_macros.rs - num::usize::strict_div_euclid (line 1282) ... ok
test library/core/src/num/uint_macros.rs - num::usize::strict_div_euclid (line 1287) ... ok
test library/core/src/num/uint_macros.rs - num::usize::strict_mul (line 1131) ... ok
test library/core/src/num/uint_macros.rs - num::usize::strict_mul (line 1137) ... ok
test library/core/src/num/uint_macros.rs - num::usize::strict_neg (line 1768) ... ok
test library/core/src/num/uint_macros.rs - num::usize::strict_neg (line 1774) ... ok
test library/core/src/num/uint_macros.rs - num::usize::strict_pow (line 2173) ... ok
test library/core/src/num/uint_macros.rs - num::usize::strict_pow (line 2180) ... ok
test library/core/src/num/uint_macros.rs - num::usize::strict_rem (line 1427) ... ok
test library/core/src/num/uint_macros.rs - num::usize::strict_rem (line 1433) ... ok
test library/core/src/num/uint_macros.rs - num::usize::strict_rem_euclid (line 1483) ... ok
test library/core/src/num/uint_macros.rs - num::usize::strict_rem_euclid (line 1489) ... ok
test library/core/src/num/uint_macros.rs - num::usize::strict_shl (line 1824) ... ok
test library/core/src/num/uint_macros.rs - num::usize::strict_shl (line 1830) ... ok
test library/core/src/num/uint_macros.rs - num::usize::strict_shr (line 1993) ... ok
test library/core/src/num/uint_macros.rs - num::usize::strict_shr (line 1999) ... ok
test library/core/src/num/uint_macros.rs - num::usize::strict_sub (line 897) ... ok
test library/core/src/num/uint_macros.rs - num::usize::strict_sub (line 903) ... ok
test library/core/src/num/uint_macros.rs - num::usize::strict_sub_signed (line 1018) ... ok
test library/core/src/num/uint_macros.rs - num::usize::strict_sub_signed (line 1024) ... ok
test library/core/src/num/uint_macros.rs - num::usize::strict_sub_signed (line 1028) ... ok
test library/core/src/num/uint_macros.rs - num::usize::swap_bytes (line 467) ... ok
test library/core/src/num/uint_macros.rs - num::usize::to_be (line 642) ... ok
test library/core/src/num/uint_macros.rs - num::usize::to_be_bytes (line 3754) ... ok
test library/core/src/num/uint_macros.rs - num::usize::to_le (line 674) ... ok
test library/core/src/num/uint_macros.rs - num::usize::to_le_bytes (line 3774) ... ok
test library/core/src/num/uint_macros.rs - num::usize::to_ne_bytes (line 3801) ... ok
test library/core/src/num/uint_macros.rs - num::usize::trailing_ones (line 184) ... ok
test library/core/src/num/uint_macros.rs - num::usize::trailing_zeros (line 137) ... ok
test library/core/src/num/uint_macros.rs - num::usize::unbounded_shl (line 1882) ... ok
test library/core/src/num/uint_macros.rs - num::usize::unbounded_shr (line 2051) ... ok
test library/core/src/num/uint_macros.rs - num::usize::unchecked_disjoint_bitor (line 1515) ... ok
test library/core/src/num/uint_macros.rs - num::usize::unchecked_sub (line 928) ... ok
test library/core/src/num/uint_macros.rs - num::usize::unchecked_sub (line 940) ... ok
test library/core/src/num/uint_macros.rs - num::usize::widening_mul (line 2967) ... ok
test library/core/src/num/uint_macros.rs - num::usize::widening_mul (line 2974) ... ok
test library/core/src/num/uint_macros.rs - num::usize::widening_mul (line 2984) ... ok
test library/core/src/num/uint_macros.rs - num::usize::wrapping_add (line 2370) ... ok
test library/core/src/num/uint_macros.rs - num::usize::wrapping_add_signed (line 2388) ... ok
test library/core/src/num/uint_macros.rs - num::usize::wrapping_div (line 2471) ... ok
test library/core/src/num/uint_macros.rs - num::usize::wrapping_div_euclid (line 2498) ... ok
test library/core/src/num/uint_macros.rs - num::usize::wrapping_mul (line 2446) ... ok
test library/core/src/num/uint_macros.rs - num::usize::wrapping_neg (line 2577) ... ok
test library/core/src/num/uint_macros.rs - num::usize::wrapping_next_power_of_two (line 3729) ... ok
test library/core/src/num/uint_macros.rs - num::usize::wrapping_pow (line 2657) ... ok
test library/core/src/num/uint_macros.rs - num::usize::wrapping_rem (line 2524) ... ok
test library/core/src/num/uint_macros.rs - num::usize::wrapping_rem_euclid (line 2552) ... ok
test library/core/src/num/uint_macros.rs - num::usize::wrapping_shl (line 2605) ... ok
test library/core/src/num/uint_macros.rs - num::usize::wrapping_shr (line 2635) ... ok
test library/core/src/num/uint_macros.rs - num::usize::wrapping_sub (line 2407) ... ok
test library/core/src/num/uint_macros.rs - num::usize::wrapping_sub_signed (line 2425) ... ok
test library/core/src/num/wrapping.rs - num::wrapping::Wrapping (line 27) ... ok
test library/core/src/num/wrapping.rs - num::wrapping::Wrapping<i128>::BITS (line 607) ... ok
test library/core/src/num/wrapping.rs - num::wrapping::Wrapping<i128>::MAX (line 592) ... ok
test library/core/src/num/wrapping.rs - num::wrapping::Wrapping<i128>::MIN (line 577) ... ok
test library/core/src/num/wrapping.rs - num::wrapping::Wrapping<i128>::abs (line 978) ... ok
test library/core/src/num/wrapping.rs - num::wrapping::Wrapping<i128>::count_ones (line 622) ... ok
test library/core/src/num/wrapping.rs - num::wrapping::Wrapping<i128>::count_zeros (line 646) ... ok
test library/core/src/num/wrapping.rs - num::wrapping::Wrapping<i128>::from_be (line 802) ... ok
test library/core/src/num/wrapping.rs - num::wrapping::Wrapping<i128>::from_le (line 830) ... ok
test library/core/src/num/wrapping.rs - num::wrapping::Wrapping<i128>::is_negative (line 1049) ... ok
test library/core/src/num/wrapping.rs - num::wrapping::Wrapping<i128>::is_positive (line 1028) ... ok
test library/core/src/num/wrapping.rs - num::wrapping::Wrapping<i128>::leading_zeros (line 951) ... ok
test library/core/src/num/wrapping.rs - num::wrapping::Wrapping<i128>::pow (line 913) ... ok
test library/core/src/num/wrapping.rs - num::wrapping::Wrapping<i128>::pow (line 922) ... ok
test library/core/src/num/wrapping.rs - num::wrapping::Wrapping<i128>::reverse_bits (line 773) ... ok
test library/core/src/num/wrapping.rs - num::wrapping::Wrapping<i128>::rotate_left (line 693) ... ok
test library/core/src/num/wrapping.rs - num::wrapping::Wrapping<i128>::rotate_right (line 721) ... ok
test library/core/src/num/wrapping.rs - num::wrapping::Wrapping<i128>::signum (line 1005) ... ok
test library/core/src/num/wrapping.rs - num::wrapping::Wrapping<i128>::swap_bytes (line 744) ... ok
test library/core/src/num/wrapping.rs - num::wrapping::Wrapping<i128>::to_be (line 858) ... ok
test library/core/src/num/wrapping.rs - num::wrapping::Wrapping<i128>::to_le (line 887) ... ok
test library/core/src/num/wrapping.rs - num::wrapping::Wrapping<i128>::trailing_zeros (line 666) ... ok
test library/core/src/num/wrapping.rs - num::wrapping::Wrapping<i16>::BITS (line 607) ... ok
test library/core/src/num/wrapping.rs - num::wrapping::Wrapping<i16>::MAX (line 592) ... ok
test library/core/src/num/wrapping.rs - num::wrapping::Wrapping<i16>::MIN (line 577) ... ok
test library/core/src/num/wrapping.rs - num::wrapping::Wrapping<i16>::abs (line 978) ... ok
test library/core/src/num/wrapping.rs - num::wrapping::Wrapping<i16>::count_ones (line 622) ... ok
test library/core/src/num/wrapping.rs - num::wrapping::Wrapping<i16>::count_zeros (line 646) ... ok
test library/core/src/num/wrapping.rs - num::wrapping::Wrapping<i16>::from_be (line 802) ... ok
test library/core/src/num/wrapping.rs - num::wrapping::Wrapping<i16>::from_le (line 830) ... ok
test library/core/src/num/wrapping.rs - num::wrapping::Wrapping<i16>::is_negative (line 1049) ... ok
test library/core/src/num/wrapping.rs - num::wrapping::Wrapping<i16>::is_positive (line 1028) ... ok
test library/core/src/num/wrapping.rs - num::wrapping::Wrapping<i16>::leading_zeros (line 951) ... ok
test library/core/src/num/wrapping.rs - num::wrapping::Wrapping<i16>::pow (line 913) ... ok
test library/core/src/num/wrapping.rs - num::wrapping::Wrapping<i16>::pow (line 922) ... ok
test library/core/src/num/wrapping.rs - num::wrapping::Wrapping<i16>::reverse_bits (line 773) ... ok
test library/core/src/num/wrapping.rs - num::wrapping::Wrapping<i16>::rotate_left (line 693) ... ok
test library/core/src/num/wrapping.rs - num::wrapping::Wrapping<i16>::rotate_right (line 721) ... ok
test library/core/src/num/wrapping.rs - num::wrapping::Wrapping<i16>::signum (line 1005) ... ok
test library/core/src/num/wrapping.rs - num::wrapping::Wrapping<i16>::swap_bytes (line 744) ... ok
test library/core/src/num/wrapping.rs - num::wrapping::Wrapping<i16>::to_be (line 858) ... ok
test library/core/src/num/wrapping.rs - num::wrapping::Wrapping<i16>::to_le (line 887) ... ok
test library/core/src/num/wrapping.rs - num::wrapping::Wrapping<i16>::trailing_zeros (line 666) ... ok
test library/core/src/num/wrapping.rs - num::wrapping::Wrapping<i32>::BITS (line 607) ... ok
test library/core/src/num/wrapping.rs - num::wrapping::Wrapping<i32>::MAX (line 592) ... ok
test library/core/src/num/wrapping.rs - num::wrapping::Wrapping<i32>::MIN (line 577) ... ok
test library/core/src/num/wrapping.rs - num::wrapping::Wrapping<i32>::abs (line 978) ... ok
test library/core/src/num/wrapping.rs - num::wrapping::Wrapping<i32>::count_ones (line 622) ... ok
test library/core/src/num/wrapping.rs - num::wrapping::Wrapping<i32>::count_zeros (line 646) ... ok
test library/core/src/num/wrapping.rs - num::wrapping::Wrapping<i32>::from_be (line 802) ... ok
test library/core/src/num/wrapping.rs - num::wrapping::Wrapping<i32>::from_le (line 830) ... ok
test library/core/src/num/wrapping.rs - num::wrapping::Wrapping<i32>::is_negative (line 1049) ... ok
test library/core/src/num/wrapping.rs - num::wrapping::Wrapping<i32>::is_positive (line 1028) ... ok
test library/core/src/num/wrapping.rs - num::wrapping::Wrapping<i32>::leading_zeros (line 951) ... ok
test library/core/src/num/wrapping.rs - num::wrapping::Wrapping<i32>::pow (line 913) ... ok
test library/core/src/num/wrapping.rs - num::wrapping::Wrapping<i32>::pow (line 922) ... ok
test library/core/src/num/wrapping.rs - num::wrapping::Wrapping<i32>::reverse_bits (line 773) ... ok
test library/core/src/num/wrapping.rs - num::wrapping::Wrapping<i32>::rotate_left (line 693) ... ok
test library/core/src/num/wrapping.rs - num::wrapping::Wrapping<i32>::rotate_right (line 721) ... ok
test library/core/src/num/wrapping.rs - num::wrapping::Wrapping<i32>::signum (line 1005) ... ok
test library/core/src/num/wrapping.rs - num::wrapping::Wrapping<i32>::swap_bytes (line 744) ... ok
test library/core/src/num/wrapping.rs - num::wrapping::Wrapping<i32>::to_be (line 858) ... ok
test library/core/src/num/wrapping.rs - num::wrapping::Wrapping<i32>::to_le (line 887) ... ok
test library/core/src/num/wrapping.rs - num::wrapping::Wrapping<i32>::trailing_zeros (line 666) ... ok
test library/core/src/num/wrapping.rs - num::wrapping::Wrapping<i64>::BITS (line 607) ... ok
test library/core/src/num/wrapping.rs - num::wrapping::Wrapping<i64>::MAX (line 592) ... ok
test library/core/src/num/wrapping.rs - num::wrapping::Wrapping<i64>::MIN (line 577) ... ok
test library/core/src/num/wrapping.rs - num::wrapping::Wrapping<i64>::abs (line 978) ... ok
test library/core/src/num/wrapping.rs - num::wrapping::Wrapping<i64>::count_ones (line 622) ... ok
test library/core/src/num/wrapping.rs - num::wrapping::Wrapping<i64>::count_zeros (line 646) ... ok
test library/core/src/num/wrapping.rs - num::wrapping::Wrapping<i64>::from_be (line 802) ... ok
test library/core/src/num/wrapping.rs - num::wrapping::Wrapping<i64>::from_le (line 830) ... ok
test library/core/src/num/wrapping.rs - num::wrapping::Wrapping<i64>::is_negative (line 1049) ... ok
test library/core/src/num/wrapping.rs - num::wrapping::Wrapping<i64>::is_positive (line 1028) ... ok
test library/core/src/num/wrapping.rs - num::wrapping::Wrapping<i64>::leading_zeros (line 951) ... ok
test library/core/src/num/wrapping.rs - num::wrapping::Wrapping<i64>::pow (line 913) ... ok
test library/core/src/num/wrapping.rs - num::wrapping::Wrapping<i64>::pow (line 922) ... ok
test library/core/src/num/wrapping.rs - num::wrapping::Wrapping<i64>::reverse_bits (line 773) ... ok
test library/core/src/num/wrapping.rs - num::wrapping::Wrapping<i64>::rotate_left (line 693) ... ok
test library/core/src/num/wrapping.rs - num::wrapping::Wrapping<i64>::rotate_right (line 721) ... ok
test library/core/src/num/wrapping.rs - num::wrapping::Wrapping<i64>::signum (line 1005) ... ok
test library/core/src/num/wrapping.rs - num::wrapping::Wrapping<i64>::swap_bytes (line 744) ... ok
test library/core/src/num/wrapping.rs - num::wrapping::Wrapping<i64>::to_be (line 858) ... ok
test library/core/src/num/wrapping.rs - num::wrapping::Wrapping<i64>::to_le (line 887) ... ok
test library/core/src/num/wrapping.rs - num::wrapping::Wrapping<i64>::trailing_zeros (line 666) ... ok
test library/core/src/num/wrapping.rs - num::wrapping::Wrapping<i8>::BITS (line 607) ... ok
test library/core/src/num/wrapping.rs - num::wrapping::Wrapping<i8>::MAX (line 592) ... ok
test library/core/src/num/wrapping.rs - num::wrapping::Wrapping<i8>::MIN (line 577) ... ok
test library/core/src/num/wrapping.rs - num::wrapping::Wrapping<i8>::abs (line 978) ... ok
test library/core/src/num/wrapping.rs - num::wrapping::Wrapping<i8>::count_ones (line 622) ... ok
test library/core/src/num/wrapping.rs - num::wrapping::Wrapping<i8>::count_zeros (line 646) ... ok
test library/core/src/num/wrapping.rs - num::wrapping::Wrapping<i8>::from_be (line 802) ... ok
test library/core/src/num/wrapping.rs - num::wrapping::Wrapping<i8>::from_le (line 830) ... ok
test library/core/src/num/wrapping.rs - num::wrapping::Wrapping<i8>::is_negative (line 1049) ... ok
test library/core/src/num/wrapping.rs - num::wrapping::Wrapping<i8>::is_positive (line 1028) ... ok
test library/core/src/num/wrapping.rs - num::wrapping::Wrapping<i8>::leading_zeros (line 951) ... ok
test library/core/src/num/wrapping.rs - num::wrapping::Wrapping<i8>::pow (line 913) ... ok
test library/core/src/num/wrapping.rs - num::wrapping::Wrapping<i8>::pow (line 922) ... ok
test library/core/src/num/wrapping.rs - num::wrapping::Wrapping<i8>::reverse_bits (line 773) ... ok
test library/core/src/num/wrapping.rs - num::wrapping::Wrapping<i8>::rotate_left (line 693) ... ok
test library/core/src/num/wrapping.rs - num::wrapping::Wrapping<i8>::rotate_right (line 721) ... ok
test library/core/src/num/wrapping.rs - num::wrapping::Wrapping<i8>::signum (line 1005) ... ok
test library/core/src/num/wrapping.rs - num::wrapping::Wrapping<i8>::swap_bytes (line 744) ... ok
test library/core/src/num/wrapping.rs - num::wrapping::Wrapping<i8>::to_be (line 858) ... ok
test library/core/src/num/wrapping.rs - num::wrapping::Wrapping<i8>::to_le (line 887) ... ok
test library/core/src/num/wrapping.rs - num::wrapping::Wrapping<i8>::trailing_zeros (line 666) ... ok
test library/core/src/num/wrapping.rs - num::wrapping::Wrapping<isize>::BITS (line 607) ... ok
test library/core/src/num/wrapping.rs - num::wrapping::Wrapping<isize>::MAX (line 592) ... ok
test library/core/src/num/wrapping.rs - num::wrapping::Wrapping<isize>::MIN (line 577) ... ok
test library/core/src/num/wrapping.rs - num::wrapping::Wrapping<isize>::abs (line 978) ... ok
test library/core/src/num/wrapping.rs - num::wrapping::Wrapping<isize>::count_ones (line 622) ... ok
test library/core/src/num/wrapping.rs - num::wrapping::Wrapping<isize>::count_zeros (line 646) ... ok
test library/core/src/num/wrapping.rs - num::wrapping::Wrapping<isize>::from_be (line 802) ... ok
test library/core/src/num/wrapping.rs - num::wrapping::Wrapping<isize>::from_le (line 830) ... ok
test library/core/src/num/wrapping.rs - num::wrapping::Wrapping<isize>::is_negative (line 1049) ... ok
test library/core/src/num/wrapping.rs - num::wrapping::Wrapping<isize>::is_positive (line 1028) ... ok
test library/core/src/num/wrapping.rs - num::wrapping::Wrapping<isize>::leading_zeros (line 951) ... ok
test library/core/src/num/wrapping.rs - num::wrapping::Wrapping<isize>::pow (line 913) ... ok
test library/core/src/num/wrapping.rs - num::wrapping::Wrapping<isize>::pow (line 922) ... ok
test library/core/src/num/wrapping.rs - num::wrapping::Wrapping<isize>::reverse_bits (line 773) ... ok
test library/core/src/num/wrapping.rs - num::wrapping::Wrapping<isize>::rotate_left (line 693) ... ok
test library/core/src/num/wrapping.rs - num::wrapping::Wrapping<isize>::rotate_right (line 721) ... ok
test library/core/src/num/wrapping.rs - num::wrapping::Wrapping<isize>::signum (line 1005) ... ok
test library/core/src/num/wrapping.rs - num::wrapping::Wrapping<isize>::swap_bytes (line 744) ... ok
test library/core/src/num/wrapping.rs - num::wrapping::Wrapping<isize>::to_be (line 858) ... ok
test library/core/src/num/wrapping.rs - num::wrapping::Wrapping<isize>::to_le (line 887) ... ok
test library/core/src/num/wrapping.rs - num::wrapping::Wrapping<isize>::trailing_zeros (line 666) ... ok
test library/core/src/num/wrapping.rs - num::wrapping::Wrapping<u128>::BITS (line 607) ... ok
test library/core/src/num/wrapping.rs - num::wrapping::Wrapping<u128>::MAX (line 592) ... ok
test library/core/src/num/wrapping.rs - num::wrapping::Wrapping<u128>::MIN (line 577) ... ok
test library/core/src/num/wrapping.rs - num::wrapping::Wrapping<u128>::count_ones (line 622) ... ok
test library/core/src/num/wrapping.rs - num::wrapping::Wrapping<u128>::count_zeros (line 646) ... ok
test library/core/src/num/wrapping.rs - num::wrapping::Wrapping<u128>::from_be (line 802) ... ok
test library/core/src/num/wrapping.rs - num::wrapping::Wrapping<u128>::from_le (line 830) ... ok
test library/core/src/num/wrapping.rs - num::wrapping::Wrapping<u128>::is_power_of_two (line 1099) ... ok
test library/core/src/num/wrapping.rs - num::wrapping::Wrapping<u128>::leading_zeros (line 1077) ... ok
test library/core/src/num/wrapping.rs - num::wrapping::Wrapping<u128>::next_power_of_two (line 1122) ... ok
test library/core/src/num/wrapping.rs - num::wrapping::Wrapping<u128>::pow (line 913) ... ok
test library/core/src/num/wrapping.rs - num::wrapping::Wrapping<u128>::pow (line 922) ... ok
test library/core/src/num/wrapping.rs - num::wrapping::Wrapping<u128>::reverse_bits (line 773) ... ok
test library/core/src/num/wrapping.rs - num::wrapping::Wrapping<u128>::rotate_left (line 693) ... ok
test library/core/src/num/wrapping.rs - num::wrapping::Wrapping<u128>::rotate_right (line 721) ... ok
test library/core/src/num/wrapping.rs - num::wrapping::Wrapping<u128>::swap_bytes (line 744) ... ok
test library/core/src/num/wrapping.rs - num::wrapping::Wrapping<u128>::to_be (line 858) ... ok
test library/core/src/num/wrapping.rs - num::wrapping::Wrapping<u128>::to_le (line 887) ... ok
test library/core/src/num/wrapping.rs - num::wrapping::Wrapping<u128>::trailing_zeros (line 666) ... ok
test library/core/src/num/wrapping.rs - num::wrapping::Wrapping<u16>::BITS (line 607) ... ok
test library/core/src/num/wrapping.rs - num::wrapping::Wrapping<u16>::MAX (line 592) ... ok
test library/core/src/num/wrapping.rs - num::wrapping::Wrapping<u16>::MIN (line 577) ... ok
test library/core/src/num/wrapping.rs - num::wrapping::Wrapping<u16>::count_ones (line 622) ... ok
test library/core/src/num/wrapping.rs - num::wrapping::Wrapping<u16>::count_zeros (line 646) ... ok
test library/core/src/num/wrapping.rs - num::wrapping::Wrapping<u16>::from_be (line 802) ... ok
test library/core/src/num/wrapping.rs - num::wrapping::Wrapping<u16>::from_le (line 830) ... ok
test library/core/src/num/wrapping.rs - num::wrapping::Wrapping<u16>::is_power_of_two (line 1099) ... ok
test library/core/src/num/wrapping.rs - num::wrapping::Wrapping<u16>::leading_zeros (line 1077) ... ok
test library/core/src/num/wrapping.rs - num::wrapping::Wrapping<u16>::next_power_of_two (line 1122) ... ok
test library/core/src/num/wrapping.rs - num::wrapping::Wrapping<u16>::pow (line 913) ... ok
test library/core/src/num/wrapping.rs - num::wrapping::Wrapping<u16>::pow (line 922) ... ok
test library/core/src/num/wrapping.rs - num::wrapping::Wrapping<u16>::reverse_bits (line 773) ... ok
test library/core/src/num/wrapping.rs - num::wrapping::Wrapping<u16>::rotate_left (line 693) ... ok
test library/core/src/num/wrapping.rs - num::wrapping::Wrapping<u16>::rotate_right (line 721) ... ok
test library/core/src/num/wrapping.rs - num::wrapping::Wrapping<u16>::swap_bytes (line 744) ... ok
test library/core/src/num/wrapping.rs - num::wrapping::Wrapping<u16>::to_be (line 858) ... ok
test library/core/src/num/wrapping.rs - num::wrapping::Wrapping<u16>::to_le (line 887) ... ok
test library/core/src/num/wrapping.rs - num::wrapping::Wrapping<u16>::trailing_zeros (line 666) ... ok
test library/core/src/num/wrapping.rs - num::wrapping::Wrapping<u32>::BITS (line 607) ... ok
test library/core/src/num/wrapping.rs - num::wrapping::Wrapping<u32>::MAX (line 592) ... ok
test library/core/src/num/wrapping.rs - num::wrapping::Wrapping<u32>::MIN (line 577) ... ok
test library/core/src/num/wrapping.rs - num::wrapping::Wrapping<u32>::count_ones (line 622) ... ok
test library/core/src/num/wrapping.rs - num::wrapping::Wrapping<u32>::count_zeros (line 646) ... ok
test library/core/src/num/wrapping.rs - num::wrapping::Wrapping<u32>::from_be (line 802) ... ok
test library/core/src/num/wrapping.rs - num::wrapping::Wrapping<u32>::from_le (line 830) ... ok
test library/core/src/num/wrapping.rs - num::wrapping::Wrapping<u32>::is_power_of_two (line 1099) ... ok
test library/core/src/num/wrapping.rs - num::wrapping::Wrapping<u32>::leading_zeros (line 1077) ... ok
test library/core/src/num/wrapping.rs - num::wrapping::Wrapping<u32>::next_power_of_two (line 1122) ... ok
test library/core/src/num/wrapping.rs - num::wrapping::Wrapping<u32>::pow (line 913) ... ok
test library/core/src/num/wrapping.rs - num::wrapping::Wrapping<u32>::pow (line 922) ... ok
test library/core/src/num/wrapping.rs - num::wrapping::Wrapping<u32>::reverse_bits (line 773) ... ok
test library/core/src/num/wrapping.rs - num::wrapping::Wrapping<u32>::rotate_left (line 693) ... ok
test library/core/src/num/wrapping.rs - num::wrapping::Wrapping<u32>::rotate_right (line 721) ... ok
test library/core/src/num/wrapping.rs - num::wrapping::Wrapping<u32>::swap_bytes (line 744) ... ok
test library/core/src/num/wrapping.rs - num::wrapping::Wrapping<u32>::to_be (line 858) ... ok
test library/core/src/num/wrapping.rs - num::wrapping::Wrapping<u32>::to_le (line 887) ... ok
test library/core/src/num/wrapping.rs - num::wrapping::Wrapping<u32>::trailing_zeros (line 666) ... ok
test library/core/src/num/wrapping.rs - num::wrapping::Wrapping<u64>::BITS (line 607) ... ok
test library/core/src/num/wrapping.rs - num::wrapping::Wrapping<u64>::MAX (line 592) ... ok
test library/core/src/num/wrapping.rs - num::wrapping::Wrapping<u64>::MIN (line 577) ... ok
test library/core/src/num/wrapping.rs - num::wrapping::Wrapping<u64>::count_ones (line 622) ... ok
test library/core/src/num/wrapping.rs - num::wrapping::Wrapping<u64>::count_zeros (line 646) ... ok
test library/core/src/num/wrapping.rs - num::wrapping::Wrapping<u64>::from_be (line 802) ... ok
test library/core/src/num/wrapping.rs - num::wrapping::Wrapping<u64>::from_le (line 830) ... ok
test library/core/src/num/wrapping.rs - num::wrapping::Wrapping<u64>::is_power_of_two (line 1099) ... ok
test library/core/src/num/wrapping.rs - num::wrapping::Wrapping<u64>::leading_zeros (line 1077) ... ok
test library/core/src/num/wrapping.rs - num::wrapping::Wrapping<u64>::next_power_of_two (line 1122) ... ok
test library/core/src/num/wrapping.rs - num::wrapping::Wrapping<u64>::pow (line 913) ... ok
test library/core/src/num/wrapping.rs - num::wrapping::Wrapping<u64>::pow (line 922) ... ok
test library/core/src/num/wrapping.rs - num::wrapping::Wrapping<u64>::reverse_bits (line 773) ... ok
test library/core/src/num/wrapping.rs - num::wrapping::Wrapping<u64>::rotate_left (line 693) ... ok
test library/core/src/num/wrapping.rs - num::wrapping::Wrapping<u64>::rotate_right (line 721) ... ok
test library/core/src/num/wrapping.rs - num::wrapping::Wrapping<u64>::swap_bytes (line 744) ... ok
test library/core/src/num/wrapping.rs - num::wrapping::Wrapping<u64>::to_be (line 858) ... ok
test library/core/src/num/wrapping.rs - num::wrapping::Wrapping<u64>::to_le (line 887) ... ok
test library/core/src/num/wrapping.rs - num::wrapping::Wrapping<u64>::trailing_zeros (line 666) ... ok
test library/core/src/num/wrapping.rs - num::wrapping::Wrapping<u8>::BITS (line 607) ... ok
test library/core/src/num/wrapping.rs - num::wrapping::Wrapping<u8>::MAX (line 592) ... ok
test library/core/src/num/wrapping.rs - num::wrapping::Wrapping<u8>::MIN (line 577) ... ok
test library/core/src/num/wrapping.rs - num::wrapping::Wrapping<u8>::count_ones (line 622) ... ok
test library/core/src/num/wrapping.rs - num::wrapping::Wrapping<u8>::count_zeros (line 646) ... ok
test library/core/src/num/wrapping.rs - num::wrapping::Wrapping<u8>::from_be (line 802) ... ok
test library/core/src/num/wrapping.rs - num::wrapping::Wrapping<u8>::from_le (line 830) ... ok
test library/core/src/num/wrapping.rs - num::wrapping::Wrapping<u8>::is_power_of_two (line 1099) ... ok
test library/core/src/num/wrapping.rs - num::wrapping::Wrapping<u8>::leading_zeros (line 1077) ... ok
test library/core/src/num/wrapping.rs - num::wrapping::Wrapping<u8>::next_power_of_two (line 1122) ... ok
test library/core/src/num/wrapping.rs - num::wrapping::Wrapping<u8>::pow (line 913) ... ok
test library/core/src/num/wrapping.rs - num::wrapping::Wrapping<u8>::pow (line 922) ... ok
test library/core/src/num/wrapping.rs - num::wrapping::Wrapping<u8>::reverse_bits (line 773) ... ok
test library/core/src/num/wrapping.rs - num::wrapping::Wrapping<u8>::rotate_left (line 693) ... ok
test library/core/src/num/wrapping.rs - num::wrapping::Wrapping<u8>::rotate_right (line 721) ... ok
test library/core/src/num/wrapping.rs - num::wrapping::Wrapping<u8>::swap_bytes (line 744) ... ok
test library/core/src/num/wrapping.rs - num::wrapping::Wrapping<u8>::to_be (line 858) ... ok
test library/core/src/num/wrapping.rs - num::wrapping::Wrapping<u8>::to_le (line 887) ... ok
test library/core/src/num/wrapping.rs - num::wrapping::Wrapping<u8>::trailing_zeros (line 666) ... ok
test library/core/src/num/wrapping.rs - num::wrapping::Wrapping<usize>::BITS (line 607) ... ok
test library/core/src/num/wrapping.rs - num::wrapping::Wrapping<usize>::MAX (line 592) ... ok
test library/core/src/num/wrapping.rs - num::wrapping::Wrapping<usize>::MIN (line 577) ... ok
test library/core/src/num/wrapping.rs - num::wrapping::Wrapping<usize>::count_ones (line 622) ... ok
test library/core/src/num/wrapping.rs - num::wrapping::Wrapping<usize>::count_zeros (line 646) ... ok
test library/core/src/num/wrapping.rs - num::wrapping::Wrapping<usize>::from_be (line 802) ... ok
test library/core/src/num/wrapping.rs - num::wrapping::Wrapping<usize>::from_le (line 830) ... ok
test library/core/src/num/wrapping.rs - num::wrapping::Wrapping<usize>::is_power_of_two (line 1099) ... ok
test library/core/src/num/wrapping.rs - num::wrapping::Wrapping<usize>::leading_zeros (line 1077) ... ok
test library/core/src/num/wrapping.rs - num::wrapping::Wrapping<usize>::next_power_of_two (line 1122) ... ok
test library/core/src/num/wrapping.rs - num::wrapping::Wrapping<usize>::pow (line 913) ... ok
test library/core/src/num/wrapping.rs - num::wrapping::Wrapping<usize>::pow (line 922) ... ok
test library/core/src/num/wrapping.rs - num::wrapping::Wrapping<usize>::reverse_bits (line 773) ... ok
test library/core/src/num/wrapping.rs - num::wrapping::Wrapping<usize>::rotate_left (line 693) ... ok
test library/core/src/num/wrapping.rs - num::wrapping::Wrapping<usize>::rotate_right (line 721) ... ok
test library/core/src/num/wrapping.rs - num::wrapping::Wrapping<usize>::swap_bytes (line 744) ... ok
test library/core/src/num/wrapping.rs - num::wrapping::Wrapping<usize>::to_be (line 858) ... ok
test library/core/src/num/wrapping.rs - num::wrapping::Wrapping<usize>::to_le (line 887) ... ok
test library/core/src/num/wrapping.rs - num::wrapping::Wrapping<usize>::trailing_zeros (line 666) ... ok
test library/core/src/ops/arith.rs - ops::arith::Add (line 13) ... ok
test library/core/src/ops/arith.rs - ops::arith::Add (line 42) ... ok
test library/core/src/ops/arith.rs - ops::arith::Add::add (line 86) ... ok
test library/core/src/ops/arith.rs - ops::arith::AddAssign (line 738) ... ok
test library/core/src/ops/arith.rs - ops::arith::AddAssign::add_assign (line 774) ... ok
test library/core/src/ops/arith.rs - ops::arith::Div (line 371) ... ok
test library/core/src/ops/arith.rs - ops::arith::Div (line 434) ... ok
test library/core/src/ops/arith.rs - ops::arith::Div::div (line 471) ... ok
test library/core/src/ops/arith.rs - ops::arith::DivAssign (line 939) ... ok
test library/core/src/ops/arith.rs - ops::arith::DivAssign::div_assign (line 969) ... ok
test library/core/src/ops/arith.rs - ops::arith::Mul (line 237) ... ok
test library/core/src/ops/arith.rs - ops::arith::Mul (line 296) ... ok
test library/core/src/ops/arith.rs - ops::arith::Mul::mul (line 333) ... ok
test library/core/src/ops/arith.rs - ops::arith::MulAssign (line 877) ... ok
test library/core/src/ops/arith.rs - ops::arith::MulAssign::mul_assign (line 907) ... ok
test library/core/src/ops/arith.rs - ops::arith::Neg (line 659) ... ok
test library/core/src/ops/arith.rs - ops::arith::Neg::neg (line 701) ... ok
test library/core/src/ops/arith.rs - ops::arith::Rem (line 539) ... ok
test library/core/src/ops/arith.rs - ops::arith::Rem::rem (line 580) ... ok
test library/core/src/ops/arith.rs - ops::arith::RemAssign (line 1000) ... ok
test library/core/src/ops/arith.rs - ops::arith::RemAssign::rem_assign (line 1034) ... ok
test library/core/src/ops/arith.rs - ops::arith::Sub (line 128) ... ok
test library/core/src/ops/arith.rs - ops::arith::Sub (line 157) ... ok
test library/core/src/ops/arith.rs - ops::arith::Sub::sub (line 199) ... ok
test library/core/src/ops/arith.rs - ops::arith::SubAssign (line 809) ... ok
test library/core/src/ops/arith.rs - ops::arith::SubAssign::sub_assign (line 845) ... ok
error: linking with `./cheri/linker.sh` failed: exit status: 255
  |
  = note:  "./cheri/linker.sh" "-flavor" "gnu" "/var/folders/9k/gp4ckb6n1wd80tfd822vr6j80000gp/T/rustcSwKzS0/symbols.o" "<2 object files omitted>" "--as-needed" "-Bstatic" "<sysroot>/lib/rustlib/riscv32cheriot-unknown-cheriotrtos/lib/{libpanic_abort-*,libstd-*,libcfg_if-*,librustc_demangle-*,libstd_detect-*,libhashbrown-*,librustc_std_workspace_alloc-*,libminiz_oxide-*,libadler2-*,libunwind-*,liblibc-*,librustc_std_workspace_core-*,liballoc-*,libcore-*,libcompiler_builtins-*}.rlib" "-L" "/var/folders/9k/gp4ckb6n1wd80tfd822vr6j80000gp/T/rustcSwKzS0/raw-dylibs" "-Bdynamic" "-z" "noexecstack" "-L" "<sysroot>/lib/rustlib/riscv32cheriot-unknown-cheriotrtos/lib/self-contained" "-o" "/var/folders/9k/gp4ckb6n1wd80tfd822vr6j80000gp/T/rustdoctestizBnom/rust_out" "--gc-sections" "-static"
  = note: some arguments are omitted. use `--verbose` to show all linker arguments
  = note: Remapping priority of thread 1 from 1 to 0
          Enabling sub-object bounds for cheriot.allocator
          Enabling sub-object bounds for cheriot.loader
          Enabling sub-object bounds for test_fw.scheduler
          Patched board file will be saved as "/Users/jacob/CHERIoT/rust/cheri/doctests/build/board.json"
          [ 93%]: linking compartment test_runner.compartment
          [ 93%]: linking firmware build/cheriot/cheriot/release/test_fw
          error: ld.lld: error: undefined symbol: __library_export_libcalls_truncf
          >>> referenced by compiler_builtins.f5786da9a5584453-cgu.112
          >>>               build/cheriot/cheriot/release/test_runner.compartment:()
          
          warning: $(buildir) has been deprecated, please use $(builddir)
          

error: aborting due to 1 previous error

Couldn't compile the test.test library/core/src/ops/arith.rs - ops::arith::f128 (line 627) ... FAILED
error: linking with `./cheri/linker.sh` failed: exit status: 255
  |
  = note:  "./cheri/linker.sh" "-flavor" "gnu" "/var/folders/9k/gp4ckb6n1wd80tfd822vr6j80000gp/T/rustc0Hl9mf/symbols.o" "<2 object files omitted>" "--as-needed" "-Bstatic" "<sysroot>/lib/rustlib/riscv32cheriot-unknown-cheriotrtos/lib/{libpanic_abort-*,libstd-*,libcfg_if-*,librustc_demangle-*,libstd_detect-*,libhashbrown-*,librustc_std_workspace_alloc-*,libminiz_oxide-*,libadler2-*,libunwind-*,liblibc-*,librustc_std_workspace_core-*,liballoc-*,libcore-*,libcompiler_builtins-*}.rlib" "-L" "/var/folders/9k/gp4ckb6n1wd80tfd822vr6j80000gp/T/rustc0Hl9mf/raw-dylibs" "-Bdynamic" "-z" "noexecstack" "-L" "<sysroot>/lib/rustlib/riscv32cheriot-unknown-cheriotrtos/lib/self-contained" "-o" "/var/folders/9k/gp4ckb6n1wd80tfd822vr6j80000gp/T/rustdoctestdTDFFn/rust_out" "--gc-sections" "-static"
  = note: some arguments are omitted. use `--verbose` to show all linker arguments
  = note: Remapping priority of thread 1 from 1 to 0
          Enabling sub-object bounds for cheriot.allocator
          Enabling sub-object bounds for cheriot.loader
          Enabling sub-object bounds for test_fw.scheduler
          Patched board file will be saved as "/Users/jacob/CHERIoT/rust/cheri/doctests/build/board.json"
          [ 93%]: linking compartment test_runner.compartment
          [ 93%]: linking firmware build/cheriot/cheriot/release/test_fw
          error: ld.lld: error: undefined symbol: __library_export_libcalls_truncf
          >>> referenced by compiler_builtins.f5786da9a5584453-cgu.112
          >>>               build/cheriot/cheriot/release/test_runner.compartment:()
          
          warning: $(buildir) has been deprecated, please use $(builddir)
          

error: aborting due to 1 previous error

Couldn't compile the test.test library/core/src/ops/arith.rs - ops::arith::f16 (line 627) ... FAILED
error: linking with `./cheri/linker.sh` failed: exit status: 255
  |
  = note:  "./cheri/linker.sh" "-flavor" "gnu" "/var/folders/9k/gp4ckb6n1wd80tfd822vr6j80000gp/T/rustcug6DZP/symbols.o" "<2 object files omitted>" "--as-needed" "-Bstatic" "<sysroot>/lib/rustlib/riscv32cheriot-unknown-cheriotrtos/lib/{libpanic_abort-*,libstd-*,libcfg_if-*,librustc_demangle-*,libstd_detect-*,libhashbrown-*,librustc_std_workspace_alloc-*,libminiz_oxide-*,libadler2-*,libunwind-*,liblibc-*,librustc_std_workspace_core-*,liballoc-*,libcore-*,libcompiler_builtins-*}.rlib" "-L" "/var/folders/9k/gp4ckb6n1wd80tfd822vr6j80000gp/T/rustcug6DZP/raw-dylibs" "-Bdynamic" "-z" "noexecstack" "-L" "<sysroot>/lib/rustlib/riscv32cheriot-unknown-cheriotrtos/lib/self-contained" "-o" "/var/folders/9k/gp4ckb6n1wd80tfd822vr6j80000gp/T/rustdoctestnhrrL0/rust_out" "--gc-sections" "-static"
  = note: some arguments are omitted. use `--verbose` to show all linker arguments
  = note: Remapping priority of thread 1 from 1 to 0
          Enabling sub-object bounds for cheriot.allocator
          Enabling sub-object bounds for cheriot.loader
          Enabling sub-object bounds for test_fw.scheduler
          Patched board file will be saved as "/Users/jacob/CHERIoT/rust/cheri/doctests/build/board.json"
          [ 93%]: linking compartment test_runner.compartment
          [ 93%]: linking firmware build/cheriot/cheriot/release/test_fw
          error: ld.lld: error: undefined symbol: __library_export_libcalls_truncf
          >>> referenced by compiler_builtins.f5786da9a5584453-cgu.112
          >>>               build/cheriot/cheriot/release/test_runner.compartment:()
          
          warning: $(buildir) has been deprecated, please use $(builddir)
          

error: aborting due to 1 previous error

Couldn't compile the test.test library/core/src/ops/arith.rs - ops::arith::f32 (line 627) ... FAILED
error: linking with `./cheri/linker.sh` failed: exit status: 255
  |
  = note:  "./cheri/linker.sh" "-flavor" "gnu" "/var/folders/9k/gp4ckb6n1wd80tfd822vr6j80000gp/T/rustcPNGVIH/symbols.o" "<2 object files omitted>" "--as-needed" "-Bstatic" "<sysroot>/lib/rustlib/riscv32cheriot-unknown-cheriotrtos/lib/{libpanic_abort-*,libstd-*,libcfg_if-*,librustc_demangle-*,libstd_detect-*,libhashbrown-*,librustc_std_workspace_alloc-*,libminiz_oxide-*,libadler2-*,libunwind-*,liblibc-*,librustc_std_workspace_core-*,liballoc-*,libcore-*,libcompiler_builtins-*}.rlib" "-L" "/var/folders/9k/gp4ckb6n1wd80tfd822vr6j80000gp/T/rustcPNGVIH/raw-dylibs" "-Bdynamic" "-z" "noexecstack" "-L" "<sysroot>/lib/rustlib/riscv32cheriot-unknown-cheriotrtos/lib/self-contained" "-o" "/var/folders/9k/gp4ckb6n1wd80tfd822vr6j80000gp/T/rustdoctestJmUbkI/rust_out" "--gc-sections" "-static"
  = note: some arguments are omitted. use `--verbose` to show all linker arguments
  = note: Remapping priority of thread 1 from 1 to 0
          Enabling sub-object bounds for cheriot.allocator
          Enabling sub-object bounds for cheriot.loader
          Enabling sub-object bounds for test_fw.scheduler
          Patched board file will be saved as "/Users/jacob/CHERIoT/rust/cheri/doctests/build/board.json"
          [ 93%]: linking compartment test_runner.compartment
          [ 93%]: linking firmware build/cheriot/cheriot/release/test_fw
          error: ld.lld: error: undefined symbol: __library_export_libcalls_truncf
          >>> referenced by compiler_builtins.f5786da9a5584453-cgu.112
          >>>               build/cheriot/cheriot/release/test_runner.compartment:()
          
          warning: $(buildir) has been deprecated, please use $(builddir)
          

error: aborting due to 1 previous error

Couldn't compile the test.test library/core/src/ops/arith.rs - ops::arith::f64 (line 627) ... FAILED
test library/core/src/ops/bit.rs - ops::bit::BitAnd (line 116) ... ok
test library/core/src/ops/bit.rs - ops::bit::BitAnd (line 93) ... ok
test library/core/src/ops/bit.rs - ops::bit::BitAnd::bitand (line 159) ... ok
test library/core/src/ops/bit.rs - ops::bit::BitAndAssign (line 648) ... ok
test library/core/src/ops/bit.rs - ops::bit::BitAndAssign (line 681) ... ok
test library/core/src/ops/bit.rs - ops::bit::BitAndAssign::bitand_assign (line 719) ... ok
test library/core/src/ops/bit.rs - ops::bit::BitOr (line 197) ... ok
test library/core/src/ops/bit.rs - ops::bit::BitOr (line 220) ... ok
test library/core/src/ops/bit.rs - ops::bit::BitOr::bitor (line 263) ... ok
test library/core/src/ops/bit.rs - ops::bit::BitOrAssign (line 761) ... ok
test library/core/src/ops/bit.rs - ops::bit::BitOrAssign::bitor_assign (line 794) ... ok
test library/core/src/ops/bit.rs - ops::bit::BitXor (line 301) ... ok
test library/core/src/ops/bit.rs - ops::bit::BitXor (line 324) ... ok
test library/core/src/ops/bit.rs - ops::bit::BitXor::bitxor (line 367) ... ok
test library/core/src/ops/bit.rs - ops::bit::BitXorAssign (line 836) ... ok
test library/core/src/ops/bit.rs - ops::bit::BitXorAssign::bitxor_assign (line 869) ... ok
test library/core/src/ops/bit.rs - ops::bit::Not (line 8) ... ok
test library/core/src/ops/bit.rs - ops::bit::Not::not (line 44) ... ok
test library/core/src/ops/bit.rs - ops::bit::Shl (line 409) ... ok
test library/core/src/ops/bit.rs - ops::bit::Shl (line 429) ... ok
test library/core/src/ops/bit.rs - ops::bit::Shl::shl (line 470) ... ok
test library/core/src/ops/bit.rs - ops::bit::ShlAssign (line 913) ... ok
test library/core/src/ops/bit.rs - ops::bit::ShlAssign::shl_assign (line 942) ... ok
test library/core/src/ops/bit.rs - ops::bit::Shr (line 531) ... ok
test library/core/src/ops/bit.rs - ops::bit::Shr (line 551) ... ok
test library/core/src/ops/bit.rs - ops::bit::Shr::shr (line 592) ... ok
test library/core/src/ops/bit.rs - ops::bit::ShrAssign (line 999) ... ok
test library/core/src/ops/bit.rs - ops::bit::ShrAssign::shr_assign (line 1028) ... ok
test library/core/src/ops/control_flow.rs - ops::control_flow::ControlFlow (line 18) ... ok
test library/core/src/ops/control_flow.rs - ops::control_flow::ControlFlow (line 32) ... ok
test library/core/src/ops/control_flow.rs - ops::control_flow::ControlFlow<B,C>::break_ok (line 205) ... ok
test library/core/src/ops/control_flow.rs - ops::control_flow::ControlFlow<B,C>::break_value (line 181) ... ok
test library/core/src/ops/control_flow.rs - ops::control_flow::ControlFlow<B,C>::continue_ok (line 319) ... ok
test library/core/src/ops/control_flow.rs - ops::control_flow::ControlFlow<B,C>::continue_value (line 295) ... ok
test library/core/src/ops/control_flow.rs - ops::control_flow::ControlFlow<B,C>::is_break (line 146) ... ok
test library/core/src/ops/control_flow.rs - ops::control_flow::ControlFlow<B,C>::is_continue (line 163) ... ok
test library/core/src/ops/control_flow.rs - ops::control_flow::ControlFlow<T,T>::into_value (line 409) ... ok
test library/core/src/ops/coroutine.rs - ops::coroutine::Coroutine (line 40) ... ok
test library/core/src/ops/deref.rs - ops::deref::Deref (line 115) ... ok
test library/core/src/ops/deref.rs - ops::deref::DerefMut (line 241) ... ok
error[E0658]: use of unstable library feature `arbitrary_self_types`
   --> library/core/src/ops/deref.rs:314:4
    |
314 |    type Target = T;
    |    ^^^^^^^^^^^
    |
    = note: see issue #44874 <https://github.com/rust-lang/rust/issues/44874> for more information
    = help: add `#![feature(arbitrary_self_types)]` to the crate attributes to enable
    = note: this compiler was built on 2026-01-02; consider upgrading it if it is out of date

error[E0658]: use of unstable library feature `arbitrary_self_types`
   --> library/core/src/ops/deref.rs:313:9
    |
313 | impl<T> Receiver for SmartPointer<T> {
    |         ^^^^^^^^
    |
    = note: see issue #44874 <https://github.com/rust-lang/rust/issues/44874> for more information
    = help: add `#![feature(arbitrary_self_types)]` to the crate attributes to enable
    = note: this compiler was built on 2026-01-02; consider upgrading it if it is out of date

error[E0658]: `SmartPointer<MyContainedType>` cannot be used as the type of `self` without the `arbitrary_self_types` feature
   --> library/core/src/ops/deref.rs:320:19
    |
320 |   fn method(self: SmartPointer<Self>) {
    |                   ^^^^^^^^^^^^^^^^^^
    |
    = note: see issue #44874 <https://github.com/rust-lang/rust/issues/44874> for more information
    = help: add `#![feature(arbitrary_self_types)]` to the crate attributes to enable
    = note: this compiler was built on 2026-01-02; consider upgrading it if it is out of date
    = help: consider changing to `self`, `&self`, `&mut self`, or a type implementing `Receiver` such as `self: Box<Self>`, `self: Rc<Self>`, or `self: Arc<Self>`

error[E0599]: no method named `method` found for struct `SmartPointer<T>` in the current scope
   --> library/core/src/ops/deref.rs:327:7
    |
311 | struct SmartPointer<T>(T);
    | ---------------------- method `method` not found for this struct
...
327 |   ptr.method();
    |       ^^^^^^ method not found in `SmartPointer<MyContainedType>`

error: aborting due to 4 previous errors

Some errors have detailed explanations: E0599, E0658.
For more information about an error, try `rustc --explain E0599`.
test library/core/src/ops/deref.rs - ops::deref::Receiver (line 306) ... ok
test library/core/src/ops/deref.rs - ops::deref::Receiver (line 340) ... ok
error[E0597]: `s1` does not live long enough
   --> library/core/src/ops/drop.rs:160:31
    |
159 |     let s1 = S(Cell::new(None), Box::new(42));
    |         -- binding `s1` declared here
160 |     let s2 = S(Cell::new(Some(&s1)), Box::new(42));
    |                               ^^^ borrowed value does not live long enough
...
165 | }
    | -
    | |
    | `s1` dropped here while still borrowed
    | borrow might be used here, when `s1` is dropped and runs the `Drop` code for type `S`

error[E0597]: `s2` does not live long enough
   --> library/core/src/ops/drop.rs:161:19
    |
160 |     let s2 = S(Cell::new(Some(&s1)), Box::new(42));
    |         -- binding `s2` declared here
161 |     s1.0.set(Some(&s2));
    |                   ^^^ borrowed value does not live long enough
...
165 | }
    | -
    | |
    | `s2` dropped here while still borrowed
    | borrow might be used here, when `s1` is dropped and runs the `Drop` code for type `S`
    |
    = note: values in a scope are dropped in the opposite order they are defined

error: aborting due to 2 previous errors

For more information about this error, try `rustc --explain E0597`.
test library/core/src/ops/drop.rs - ops::drop::Drop (line 144) ... ok
test library/core/src/ops/drop.rs - ops::drop::Drop (line 28) ... ok
test library/core/src/ops/drop.rs - ops::drop::Drop (line 95) ... ok
test library/core/src/ops/function.rs - ops::function::Fn (line 40) ... ok
test library/core/src/ops/function.rs - ops::function::Fn (line 47) ... ok
test library/core/src/ops/function.rs - ops::function::FnMut (line 116) ... ok
test library/core/src/ops/function.rs - ops::function::FnMut (line 127) ... ok
test library/core/src/ops/function.rs - ops::function::FnOnce (line 202) ... ok
test library/core/src/ops/index.rs - ops::index::Index (line 13) ... ok
test library/core/src/ops/index.rs - ops::index::IndexMut (line 88) ... ok
test library/core/src/ops/mod.rs - ops (line 115) ... ok
test library/core/src/ops/mod.rs - ops (line 42) ... ok
test library/core/src/ops/mod.rs - ops (line 83) ... ok
test library/core/src/ops/mod.rs - ops (line 96) ... ok
test library/core/src/ops/range.rs - ops::range::Bound (line 660) ... ok
test library/core/src/ops/range.rs - ops::range::Bound (line 672) ... ok
test library/core/src/ops/range.rs - ops::range::Bound<&'_T>::cloned (line 790) ... ok
test library/core/src/ops/range.rs - ops::range::Bound<&'_T>::copied (line 765) ... ok
test library/core/src/ops/range.rs - ops::range::Bound<T>::map (line 733) ... ok
test library/core/src/ops/range.rs - ops::range::Bound<T>::map (line 741) ... ok
test library/core/src/ops/range.rs - ops::range::IntoBounds::intersect (line 977) ... ok
test library/core/src/ops/range.rs - ops::range::IntoBounds::intersect (line 991) ... ok
test library/core/src/ops/range.rs - ops::range::IntoBounds::into_bounds (line 963) ... ok
test library/core/src/ops/range.rs - ops::range::Range (line 63) ... ok
test library/core/src/ops/range.rs - ops::range::Range (line 68) ... ok
test library/core/src/ops/range.rs - ops::range::Range<Idx>::contains (line 106) ... ok
test library/core/src/ops/range.rs - ops::range::Range<Idx>::is_empty (line 135) ... ok
test library/core/src/ops/range.rs - ops::range::Range<Idx>::is_empty (line 143) ... ok
test library/core/src/ops/range.rs - ops::range::RangeBounds::contains (line 857) ... ok
test library/core/src/ops/range.rs - ops::range::RangeBounds::end_bound (line 843) ... ok
test library/core/src/ops/range.rs - ops::range::RangeBounds::is_empty (line 889) ... ok
test library/core/src/ops/range.rs - ops::range::RangeBounds::is_empty (line 902) ... ok
test library/core/src/ops/range.rs - ops::range::RangeBounds::is_empty (line 913) ... ok
test library/core/src/ops/range.rs - ops::range::RangeBounds::is_empty (line 924) ... ok
test library/core/src/ops/range.rs - ops::range::RangeBounds::start_bound (line 827) ... ok
test library/core/src/ops/range.rs - ops::range::RangeFrom (line 178) ... ok
test library/core/src/ops/range.rs - ops::range::RangeFrom (line 183) ... ok
test library/core/src/ops/range.rs - ops::range::RangeFrom<Idx>::contains (line 217) ... ok
test library/core/src/ops/range.rs - ops::range::RangeFull (line 13) ... ok
error[E0277]: `RangeFull` is not an iterator
  --> library/core/src/ops/range.rs:21:10
   |
21 | for i in .. {
   |          ^^ `RangeFull` is not an iterator
   |
   = help: the trait `Iterator` is not implemented for `RangeFull`
   = note: required for `RangeFull` to implement `IntoIterator`

error: aborting due to 1 previous error

For more information about this error, try `rustc --explain E0277`.
test library/core/src/ops/range.rs - ops::range::RangeFull (line 20) ... ok
test library/core/src/ops/range.rs - ops::range::RangeFull (line 28) ... ok
test library/core/src/ops/range.rs - ops::range::RangeInclusive (line 338) ... ok
test library/core/src/ops/range.rs - ops::range::RangeInclusive (line 343) ... ok
test library/core/src/ops/range.rs - ops::range::RangeInclusive<Idx>::contains (line 494) ... ok
test library/core/src/ops/range.rs - ops::range::RangeInclusive<Idx>::contains (line 512) ... ok
test library/core/src/ops/range.rs - ops::range::RangeInclusive<Idx>::end (line 434) ... ok
test library/core/src/ops/range.rs - ops::range::RangeInclusive<Idx>::into_inner (line 451) ... ok
test library/core/src/ops/range.rs - ops::range::RangeInclusive<Idx>::is_empty (line 534) ... ok
test library/core/src/ops/range.rs - ops::range::RangeInclusive<Idx>::is_empty (line 542) ... ok
test library/core/src/ops/range.rs - ops::range::RangeInclusive<Idx>::is_empty (line 550) ... ok
test library/core/src/ops/range.rs - ops::range::RangeInclusive<Idx>::new (line 380) ... ok
test library/core/src/ops/range.rs - ops::range::RangeInclusive<Idx>::start (line 409) ... ok
test library/core/src/ops/range.rs - ops::range::RangeTo (line 247) ... ok
error[E0277]: `RangeTo<{integer}>` is not an iterator
   --> library/core/src/ops/range.rs:257:10
    |
257 | for i in ..5 {
    |          ^^^ if you meant to iterate until a value, add a starting value
    |
    = help: the trait `Iterator` is not implemented for `RangeTo<{integer}>`
    = note: `..end` is a `RangeTo`, which cannot be iterated on; you might have meant to have a bounded `Range`: `0..end`
    = note: required for `RangeTo<{integer}>` to implement `IntoIterator`

error: aborting due to 1 previous error

For more information about this error, try `rustc --explain E0277`.
test library/core/src/ops/range.rs - ops::range::RangeTo (line 254) ... ok
test library/core/src/ops/range.rs - ops::range::RangeTo (line 265) ... ok
test library/core/src/ops/range.rs - ops::range::RangeTo<Idx>::contains (line 301) ... ok
test library/core/src/ops/range.rs - ops::range::RangeToInclusive (line 576) ... ok
error[E0277]: `std::ops::RangeToInclusive<{integer}>` is not an iterator
   --> library/core/src/ops/range.rs:586:10
    |
586 | for i in ..=5 {
    |          ^^^^ if you meant to iterate until a value (including it), add a starting value
    |
    = help: the trait `Iterator` is not implemented for `std::ops::RangeToInclusive<{integer}>`
    = note: `..=end` is a `RangeToInclusive`, which cannot be iterated on; you might have meant to have a bounded `RangeInclusive`: `0..=end`
    = note: required for `std::ops::RangeToInclusive<{integer}>` to implement `IntoIterator`

error: aborting due to 1 previous error

For more information about this error, try `rustc --explain E0277`.
test library/core/src/ops/range.rs - ops::range::RangeToInclusive (line 583) ... ok
test library/core/src/ops/range.rs - ops::range::RangeToInclusive (line 594) ... ok
test library/core/src/ops/range.rs - ops::range::RangeToInclusive<Idx>::contains (line 630) ... ok
test library/core/src/ops/try_trait.rs - ops::try_trait::FromResidual::from_residual (line 320) ... ok
test library/core/src/ops/try_trait.rs - ops::try_trait::Try (line 102) ... ok
test library/core/src/ops/try_trait.rs - ops::try_trait::Try (line 24) ... ok
test library/core/src/ops/try_trait.rs - ops::try_trait::Try (line 43) ... ok
test library/core/src/ops/try_trait.rs - ops::try_trait::Try (line 57) ... ok
test library/core/src/ops/try_trait.rs - ops::try_trait::Try (line 80) ... ok
test library/core/src/ops/try_trait.rs - ops::try_trait::Try::branch (line 201) ... ok
test library/core/src/ops/try_trait.rs - ops::try_trait::Try::from_output (line 170) ... ok
test library/core/src/ops/unsize.rs - ops::unsize::DispatchFromDyn (line 106) ... ok
test library/core/src/option.rs - option (line 22) ... ok
test library/core/src/option.rs - option (line 346) ... ok
test library/core/src/option.rs - option (line 378) ... ok
test library/core/src/option.rs - option (line 415) ... ok
test library/core/src/option.rs - option (line 429) ... ok
error[E0308]: mismatched types
   --> library/core/src/option.rs:456:25
    |
452 | ...ert: bool) -> impl Iterator<Item = i32> {
    |                                       --- expected `Chain<Chain<..., ...>, ...>` because of return type
...
456 | ...turn (0..4).chain(empty()).chain(4..8),
    |         ^^^^^^^^^^^^^^^^^^^^^^^^^^^^^^^^^ expected `Chain<Chain<Range<i32>, Once<i32>>, ...>`, found `Chain<Chain<Range<{integer}>, ...>, ...>`
    |
    = note: expected struct `Chain<Chain<..., ...>, ...>` (`std::iter::Once<i32>`)
               found struct `Chain<Chain<..., ...>, ...>` (`std::iter::Empty<{integer}>`)
    = note: the full name for the type has been written to '/var/folders/9k/gp4ckb6n1wd80tfd822vr6j80000gp/T/rustdoctestmBI22c/rust_out.long-type-118315780759656225.txt'
    = note: consider using `--verbose` to print the full type name to the console

error: aborting due to 1 previous error

For more information about this error, try `rustc --explain E0308`.
test library/core/src/option.rs - option (line 448) ... ok
test library/core/src/option.rs - option (line 470) ... ok
test library/core/src/option.rs - option (line 487) ... ok
test library/core/src/option.rs - option (line 531) ... ok
test library/core/src/option.rs - option (line 545) ... ok
test library/core/src/option.rs - option (line 57) ... ok
test library/core/src/option.rs - option (line 81) ... ok
test library/core/src/option.rs - option (line 97) ... ok
test library/core/src/option.rs - option::Option<&'_T>::cloned (line 2069) ... ok
test library/core/src/option.rs - option::Option<&'_T>::copied (line 2042) ... ok
test library/core/src/option.rs - option::Option<&'_mutT>::cloned (line 2120) ... ok
test library/core/src/option.rs - option::Option<&'_mutT>::copied (line 2095) ... ok
test library/core/src/option.rs - option::Option<&'aT>::from (line 2317) ... ok
test library/core/src/option.rs - option::Option<&'amutT>::from (line 2337) ... ok
test library/core/src/option.rs - option::Option<(T,U)>::unzip (line 2019) ... ok
test library/core/src/option.rs - option::Option<Option<T>>::flatten (line 2709) ... ok
test library/core/src/option.rs - option::Option<Option<T>>::flatten (line 2722) ... ok
test library/core/src/option.rs - option::Option<Result<T,E>>::transpose (line 2149) ... ok
test library/core/src/option.rs - option::Option<T>::and (line 1477) ... ok
test library/core/src/option.rs - option::Option<T>::and_then (line 1515) ... ok
test library/core/src/option.rs - option::Option<T>::and_then (line 1527) ... ok
test library/core/src/option.rs - option::Option<T>::as_deref (line 1380) ... ok
test library/core/src/option.rs - option::Option<T>::as_deref_mut (line 1404) ... ok
test library/core/src/option.rs - option::Option<T>::as_mut (line 755) ... ok
test library/core/src/option.rs - option::Option<T>::as_mut_slice (line 873) ... ok
test library/core/src/option.rs - option::Option<T>::as_mut_slice (line 883) ... ok
test library/core/src/option.rs - option::Option<T>::as_mut_slice (line 892) ... ok
test library/core/src/option.rs - option::Option<T>::as_ref (line 734) ... ok
test library/core/src/option.rs - option::Option<T>::as_slice (line 825) ... ok
test library/core/src/option.rs - option::Option<T>::as_slice (line 835) ... ok
test library/core/src/option.rs - option::Option<T>::default (line 2231) ... ok
test library/core/src/option.rs - option::Option<T>::expect (line 933) ... ok
test library/core/src/option.rs - option::Option<T>::expect (line 938) ... ok
test library/core/src/option.rs - option::Option<T>::expect (line 948) ... ok
test library/core/src/option.rs - option::Option<T>::filter (line 1564) ... ok
test library/core/src/option.rs - option::Option<T>::from (line 2292) ... ok
test library/core/src/option.rs - option::Option<T>::get_or_insert (line 1740) ... ok
test library/core/src/option.rs - option::Option<T>::get_or_insert_default (line 1763) ... ok
test library/core/src/option.rs - option::Option<T>::get_or_insert_with (line 1790) ... ok
test library/core/src/option.rs - option::Option<T>::insert (line 1708) ... ok
test library/core/src/option.rs - option::Option<T>::inspect (line 1176) ... ok
test library/core/src/option.rs - option::Option<T>::into_iter (line 2250) ... ok
test library/core/src/option.rs - option::Option<T>::is_none (line 672) ... ok
test library/core/src/option.rs - option::Option<T>::is_none_or (line 692) ... ok
test library/core/src/option.rs - option::Option<T>::is_some (line 624) ... ok
test library/core/src/option.rs - option::Option<T>::is_some_and (line 643) ... ok
test library/core/src/option.rs - option::Option<T>::iter (line 1429) ... ok
test library/core/src/option.rs - option::Option<T>::iter_mut (line 1446) ... ok
test library/core/src/option.rs - option::Option<T>::map (line 1148) ... ok
test library/core/src/option.rs - option::Option<T>::map_or (line 1213) ... ok
test library/core/src/option.rs - option::Option<T>::map_or_default (line 1288) ... ok
test library/core/src/option.rs - option::Option<T>::map_or_else (line 1240) ... ok
test library/core/src/option.rs - option::Option<T>::map_or_else (line 1259) ... ok
test library/core/src/option.rs - option::Option<T>::ok_or (line 1327) ... ok
test library/core/src/option.rs - option::Option<T>::ok_or_else (line 1353) ... ok
test library/core/src/option.rs - option::Option<T>::or (line 1601) ... ok
test library/core/src/option.rs - option::Option<T>::or_else (line 1636) ... ok
test library/core/src/option.rs - option::Option<T>::reduce (line 1982) ... ok
test library/core/src/option.rs - option::Option<T>::replace (line 1886) ... ok
test library/core/src/option.rs - option::Option<T>::take (line 1827) ... ok
test library/core/src/option.rs - option::Option<T>::take_if (line 1854) ... ok
test library/core/src/option.rs - option::Option<T>::unwrap (line 1003) ... ok
test library/core/src/option.rs - option::Option<T>::unwrap (line 998) ... ok
test library/core/src/option.rs - option::Option<T>::unwrap_or (line 1030) ... ok
test library/core/src/option.rs - option::Option<T>::unwrap_or_default (line 1079) ... ok
test library/core/src/option.rs - option::Option<T>::unwrap_or_else (line 1052) ... ok
test library/core/src/option.rs - option::Option<T>::unwrap_unchecked (line 1114) ... ok
test library/core/src/option.rs - option::Option<T>::unwrap_unchecked (line 1119) ... ok
test library/core/src/option.rs - option::Option<T>::xor (line 1664) ... ok
test library/core/src/option.rs - option::Option<T>::zip (line 1911) ... ok
test library/core/src/option.rs - option::Option<T>::zip_with (line 1939) ... ok
test library/core/src/option.rs - option::Option<V>::from_iter (line 2595) ... ok
test library/core/src/option.rs - option::Option<V>::from_iter (line 2611) ... ok
test library/core/src/option.rs - option::Option<V>::from_iter (line 2628) ... ok
test library/core/src/option.rs - option::[Option<T>;N]::transpose (line 2745) ... ok
test library/core/src/panic.rs - panic::const_panic (line 150) ... ignored
test library/core/src/panic/location.rs - panic::location::Location (line 17) ... ok
test library/core/src/panic/location.rs - panic::location::Location<'a>::caller (line 105) ... ok
test library/core/src/panic/location.rs - panic::location::Location<'a>::column (line 276) ... ok
test library/core/src/panic/location.rs - panic::location::Location<'a>::file (line 204) ... ok
test library/core/src/panic/location.rs - panic::location::Location<'a>::line (line 251) ... ok
test library/core/src/panic/panic_info.rs - panic::panic_info::PanicInfo<'a>::location (line 73) ... ok
test library/core/src/panic/panic_info.rs - panic::panic_info::PanicInfo<'a>::message (line 52) ... ignored
test library/core/src/panic/unwind_safe.rs - panic::unwind_safe::AssertUnwindSafe (line 127) ... ok
test library/core/src/panic/unwind_safe.rs - panic::unwind_safe::AssertUnwindSafe (line 155) ... ok
test library/core/src/panicking.rs - panicking (line 15) ... ok
test library/core/src/pat.rs - pat::pattern_type (line 7) ... ignored
test library/core/src/pin.rs - pin (line 288) ... ok
test library/core/src/pin.rs - pin (line 407) ... ok
test library/core/src/pin.rs - pin (line 566) ... ok
test library/core/src/pin.rs - pin (line 611) ... ok
test library/core/src/pin.rs - pin (line 653) ... ok
test library/core/src/pin.rs - pin (line 67) ... ok
test library/core/src/pin.rs - pin (line 703) ... ok
test library/core/src/pin.rs - pin (line 751) ... ok
test library/core/src/pin.rs - pin (line 779) ... ok
error[E0599]: no method named `get_pin_mut` found for struct `Pin<&mut RefCell<T>>` in the current scope
   --> library/core/src/pin.rs:838:38
    |
838 |     let _: Pin<&mut T> = rc.as_mut().get_pin_mut();
    |                                      ^^^^^^^^^^^
    |
help: there is a method `get_mut` with a similar name
    |
838 -     let _: Pin<&mut T> = rc.as_mut().get_pin_mut();
838 +     let _: Pin<&mut T> = rc.as_mut().get_mut();
    |

error: aborting due to 1 previous error

For more information about this error, try `rustc --explain E0599`.
test library/core/src/pin.rs - pin (line 833) ... ok
test library/core/src/pin.rs - pin::Pin (line 1000) ... ok
test library/core/src/pin.rs - pin::Pin (line 1018) ... ok
test library/core/src/pin.rs - pin::Pin (line 1035) ... ok
test library/core/src/pin.rs - pin::Pin<Ptr>::as_mut (line 1392) ... ok
test library/core/src/pin.rs - pin::Pin<Ptr>::into_inner (line 1196) ... ok
test library/core/src/pin.rs - pin::Pin<Ptr>::new (line 1170) ... ok
test library/core/src/pin.rs - pin::Pin<Ptr>::new_unchecked (line 1250) ... ok
test library/core/src/pin.rs - pin::Pin<Ptr>::new_unchecked (line 1271) ... ok
test library/core/src/pin.rs - pin::Pin<Ptr>::new_unchecked (line 1297) ... ok
test library/core/src/pin.rs - pin::Pin<Ptr>::new_unchecked (line 1322) ... ok
test library/core/src/pin.rs - pin::Pin<Ptr>::set (line 1470) ... ok
test library/core/src/pin.rs - pin::pin (line 1888) ... ok
test library/core/src/pin.rs - pin::pin (line 1905) ... ok
test library/core/src/pin.rs - pin::pin (line 1943) ... ok
error[E0716]: temporary value dropped while borrowed
    --> library/core/src/pin.rs:1992:28
     |
1991 | let x: Pin<&mut Foo> = {
     |     - borrow later stored here
1992 |     let x: Pin<&mut Foo> = pin!(Foo { /* … */ });
     |                            ^^^^^^^^^^^^^^^^^^^^^ creates a temporary value which is freed while still in use
1993 |     x
1994 | }; // <- Foo is dropped
     | - temporary value is freed at the end of this statement
     |
     = note: consider using a `let` binding to create a longer lived value
     = note: this error originates in the macro `pin` (in Nightly builds, run with -Z macro-backtrace for more info)

error: aborting due to 1 previous error

For more information about this error, try `rustc --explain E0716`.
test library/core/src/pin.rs - pin::pin (line 1987) ... ok
test library/core/src/pin/unsafe_pinned.rs - pin::unsafe_pinned::UnsafePinned<T>::get (line 96) ... ok
test library/core/src/primitive.rs - primitive (line 23) ... ok
error: type `bool` should have an upper camel case name
 --> library/core/src/primitive.rs:9:12
  |
9 | pub struct bool;
  |            ^^^^ help: convert the identifier to upper camel case: `Bool`
  |
note: the lint level is defined here
 --> library/core/src/primitive.rs:6:9
  |
6 | #![deny(warnings)]
  |         ^^^^^^^^
  = note: `#[deny(non_camel_case_types)]` implied by `#[deny(warnings)]`

error[E0326]: implemented const `SOME_PROPERTY` has an incompatible type for trait
  --> library/core/src/primitive.rs:12:26
   |
12 |     const SOME_PROPERTY: bool = true;
   |                          ^^^^ expected `bool`, found a different `bool`
   |
note: type in trait
  --> library/core/src/primitive.rs:15:38
   |
15 | ..._PROPERTY: ::core::primitive::bool; }
   |               ^^^^^^^^^^^^^^^^^^^^^^^
   = note: `bool` and `bool` have similar names, but are actually distinct types
   = note: one `bool` is a primitive defined by the language
note: the other `bool` is defined in the current crate
  --> library/core/src/primitive.rs:9:1
   |
 9 | pub struct bool;
   | ^^^^^^^^^^^^^^^

error[E0308]: mismatched types
  --> library/core/src/primitive.rs:12:33
   |
12 |     const SOME_PROPERTY: bool = true;
   |                                 ^^^^ expected `bool`, found a different `bool`
   |
   = note: `bool` and `bool` have similar names, but are actually distinct types
   = note: one `bool` is a primitive defined by the language
note: the other `bool` is defined in the current crate
  --> library/core/src/primitive.rs:9:1
   |
 9 | pub struct bool;
   | ^^^^^^^^^^^^^^^

error: aborting due to 3 previous errors

Some errors have detailed explanations: E0308, E0326.
For more information about an error, try `rustc --explain E0308`.
test library/core/src/primitive.rs - primitive (line 8) ... ok
test library/core/src/primitive_docs.rs - prim_array (line 679) ... ok
test library/core/src/primitive_docs.rs - prim_array (line 695) ... ok
test library/core/src/primitive_docs.rs - prim_array (line 704) ... ok
test library/core/src/primitive_docs.rs - prim_array (line 712) ... ok
test library/core/src/primitive_docs.rs - prim_array (line 722) ... ok
test library/core/src/primitive_docs.rs - prim_array (line 735) ... ok
test library/core/src/primitive_docs.rs - prim_array (line 763) ... ok
test library/core/src/primitive_docs.rs - prim_array (line 792) ... ok
test library/core/src/primitive_docs.rs - prim_bool (line 18) ... ok
test library/core/src/primitive_docs.rs - prim_bool (line 34) ... ok
test library/core/src/primitive_docs.rs - prim_bool (line 56) ... ok
error: invalid unicode character escape
   --> library/core/src/primitive_docs.rs:346:3
    |
346 | ['\u{D800}', '\u{DFFF}', '\u{110000}'];
    |   ^^^^^^^^ invalid escape
    |
    = help: unicode escape must not be a surrogate

error: invalid unicode character escape
   --> library/core/src/primitive_docs.rs:346:15
    |
346 | ['\u{D800}', '\u{DFFF}', '\u{110000}'];
    |               ^^^^^^^^ invalid escape
    |
    = help: unicode escape must not be a surrogate

error: invalid unicode character escape
   --> library/core/src/primitive_docs.rs:346:27
    |
346 | ['\u{D800}', '\u{DFFF}', '\u{110000}'];
    |                           ^^^^^^^^^^ invalid escape
    |
    = help: unicode escape must be at most 10FFFF

error: aborting due to 3 previous errors

test library/core/src/primitive_docs.rs - prim_char (line 344) ... ok
test library/core/src/primitive_docs.rs - prim_char (line 349) ... ok
test library/core/src/primitive_docs.rs - prim_char (line 354) ... ok
test library/core/src/primitive_docs.rs - prim_char (line 368) ... ok
test library/core/src/primitive_docs.rs - prim_char (line 383) ... ok
test library/core/src/primitive_docs.rs - prim_char (line 398) ... ok
test library/core/src/primitive_docs.rs - prim_char (line 416) ... ok
test library/core/src/primitive_docs.rs - prim_char (line 443) ... ok
test library/core/src/primitive_docs.rs - prim_f32 (line 1341) ... ok
test library/core/src/primitive_docs.rs - prim_f32 (line 1354) ... ok
test library/core/src/primitive_docs.rs - prim_fn (line 1681) ... ok
test library/core/src/primitive_docs.rs - prim_fn (line 1697) ... ok
Test executable failed (exit status: 1).

stdout:

thread 'main' (1) panicked at library/core/src/primitive_docs.rs:10:1:
assertion `left == right` failed
  left: 8
 right: 4
note: run with `RUST_BACKTRACE=1` environment variable to display a backtrace
[35mError handler[0m: Unhandled error 0x2 at 0x800116a2 (v:0 0x8000e200-0x8001e800 l:0x10600 o:0x0 p: G R-cgm- X- ---)
Running file /var/folders/9k/gp4ckb6n1wd80tfd822vr6j80000gp/T/rustdoctestbcVvGB/rust_out.
ELF Entry @ 0x80000000
FAILURE: 1

stderr:
tohost located at 0x80021088

test library/core/src/primitive_docs.rs - prim_fn (line 1752) ... FAILED
test library/core/src/primitive_docs.rs - prim_fn (line 1772) ... ok
Test executable failed (exit status: 1).

stdout:
[35mError handler[0m: TagViolation(0x2) error at 0x8000eb0a (v:0 0x8000e200-0x8001e800 l:0x10600 o:0x0 p: G R-cgm- X- ---) (return address: 0x8000eaee (v:1 0x8000e200-0x8001e800 l:0x10600 o:0x5 p: G R-cgm- X- ---)), with capability register CA1(0xb): 0x8000ea5e (v:0 0x8000ea00-0x8000ea00 l:0x0 o:0x0 p: - ------ -- ---)
Running file /var/folders/9k/gp4ckb6n1wd80tfd822vr6j80000gp/T/rustdoctestyJ8nCd/rust_out.
ELF Entry @ 0x80000000
FAILURE: 1

stderr:
tohost located at 0x80021088

test library/core/src/primitive_docs.rs - prim_fn (line 1779) ... FAILED
test library/core/src/primitive_docs.rs - prim_never (line 115) ... ok
test library/core/src/primitive_docs.rs - prim_never (line 129) ... ok
test library/core/src/primitive_docs.rs - prim_never (line 147) ... ignored
test library/core/src/primitive_docs.rs - prim_never (line 158) ... ignored
test library/core/src/primitive_docs.rs - prim_never (line 174) ... ignored
error[E0277]: cannot add `u32` to `!`
   --> library/core/src/primitive_docs.rs:202:13
    |
202 | fn foo() -> impl Add<u32> {
    |             ^^^^^^^^^^^^^ no implementation for `! + u32`
203 |     unimplemented!()
    |     ---------------- return type was inferred to be `!` here
    |
    = help: the trait `Add<u32>` is not implemented for `!`

error: aborting due to 1 previous error

For more information about this error, try `rustc --explain E0277`.
test library/core/src/primitive_docs.rs - prim_never (line 199) ... ok
test library/core/src/primitive_docs.rs - prim_never (line 209) ... ok
test library/core/src/primitive_docs.rs - prim_never (line 232) ... ok
test library/core/src/primitive_docs.rs - prim_never (line 255) ... ok
test library/core/src/primitive_docs.rs - prim_never (line 274) ... ignored
error: unreachable statement
   --> library/core/src/primitive_docs.rs:293:1
    |
290 | { panic!() };
    |   -------- any code following this expression is unreachable
...
293 | { absurd(panic!()) };
    | ^^^^^^^^^^^^^^^^^^^^^ unreachable statement
    |
note: the lint level is defined here
   --> library/core/src/primitive_docs.rs:286:9
    |
286 | #![deny(warnings)]
    |         ^^^^^^^^
    = note: `#[deny(unreachable_code)]` implied by `#[deny(warnings)]`

error[E0425]: cannot find function `absurd` in this scope
   --> library/core/src/primitive_docs.rs:293:3
    |
293 | { absurd(panic!()) };
    |   ^^^^^^ not found in this scope

error: unreachable call
   --> library/core/src/primitive_docs.rs:293:3
    |
293 | { absurd(panic!()) };
    |   ^^^^^^ -------- any code following this expression is unreachable
    |   |
    |   unreachable call

error: aborting due to 3 previous errors

For more information about this error, try `rustc --explain E0425`.
test library/core/src/primitive_docs.rs - prim_never (line 288) ... ok
test library/core/src/primitive_docs.rs - prim_never (line 298) ... ignored
test library/core/src/primitive_docs.rs - prim_never (line 75) ... ok
test library/core/src/primitive_docs.rs - prim_never (line 91) ... ok
test library/core/src/primitive_docs.rs - prim_pointer (line 528) ... ok
test library/core/src/primitive_docs.rs - prim_pointer (line 537) ... ok
test library/core/src/primitive_docs.rs - prim_pointer (line 553) ... ok
test library/core/src/primitive_docs.rs - prim_pointer (line 576) ... ok
test library/core/src/primitive_docs.rs - prim_pointer (line 589) ... ok
test library/core/src/primitive_docs.rs - prim_ref (line 1537) ... ok
test library/core/src/primitive_docs.rs - prim_slice (line 847) ... ok
test library/core/src/primitive_docs.rs - prim_slice (line 860) ... ok
test library/core/src/primitive_docs.rs - prim_slice (line 868) ... ok
test library/core/src/primitive_docs.rs - prim_slice (line 883) ... ok
test library/core/src/primitive_docs.rs - prim_slice (line 893) ... ok
test library/core/src/primitive_docs.rs - prim_slice (line 912) ... ok
test library/core/src/primitive_docs.rs - prim_slice (line 921) ... ok
test library/core/src/primitive_docs.rs - prim_str (line 960) ... ok
test library/core/src/primitive_docs.rs - prim_str (line 969) ... ok
test library/core/src/primitive_docs.rs - prim_str (line 978) ... ok
test library/core/src/primitive_docs.rs - prim_tuple (line 1032) ... ok
test library/core/src/primitive_docs.rs - prim_tuple (line 1042) ... ok
test library/core/src/primitive_docs.rs - prim_tuple (line 1051) ... ok
test library/core/src/primitive_docs.rs - prim_tuple (line 1107) ... ok
test library/core/src/primitive_docs.rs - prim_tuple (line 1116) ... ok
test library/core/src/primitive_docs.rs - prim_tuple (line 1137) ... ok
test library/core/src/primitive_docs.rs - prim_unit (line 465) ... ok
test library/core/src/primitive_docs.rs - prim_unit (line 475) ... ok
test library/core/src/ptr/alignment.rs - ptr::alignment::Alignment::MIN (line 32) ... ok
test library/core/src/ptr/alignment.rs - ptr::alignment::Alignment::log2 (line 117) ... ok
test library/core/src/ptr/alignment.rs - ptr::alignment::Alignment::mask (line 136) ... ok
test library/core/src/ptr/const_ptr.rs - ptr::const_ptr::*constT::add (line 866) ... ok
test library/core/src/ptr/const_ptr.rs - ptr::const_ptr::*constT::align_offset (line 1284) ... ok
test library/core/src/ptr/const_ptr.rs - ptr::const_ptr::*constT::as_ref (line 289) ... ok
test library/core/src/ptr/const_ptr.rs - ptr::const_ptr::*constT::as_ref (line 300) ... ok
test library/core/src/ptr/const_ptr.rs - ptr::const_ptr::*constT::as_ref_unchecked (line 293) ... ok
test library/core/src/ptr/const_ptr.rs - ptr::const_ptr::*constT::as_uninit_ref (line 348) ... ok
test library/core/src/ptr/const_ptr.rs - ptr::const_ptr::*constT::is_aligned (line 1326) ... ok
test library/core/src/ptr/const_ptr.rs - ptr::const_ptr::*constT::is_aligned_to (line 1358) ... ok
test library/core/src/ptr/const_ptr.rs - ptr::const_ptr::*constT::is_null (line 37) ... ok
test library/core/src/ptr/const_ptr.rs - ptr::const_ptr::*constT::mask (line 506) ... ok
test library/core/src/ptr/const_ptr.rs - ptr::const_ptr::*constT::offset (line 383) ... ok
test library/core/src/ptr/const_ptr.rs - ptr::const_ptr::*constT::offset_from (line 587) ... ok
test library/core/src/ptr/const_ptr.rs - ptr::const_ptr::*constT::offset_from (line 601) ... ok
test library/core/src/ptr/const_ptr.rs - ptr::const_ptr::*constT::offset_from_unsigned (line 663) ... ok
test library/core/src/ptr/const_ptr.rs - ptr::const_ptr::*constT::offset_from_unsigned (line 691) ... ok
test library/core/src/ptr/const_ptr.rs - ptr::const_ptr::*constT::sub (line 929) ... ok
test library/core/src/ptr/const_ptr.rs - ptr::const_ptr::*constT::try_cast_aligned (line 59) ... ok
test library/core/src/ptr/const_ptr.rs - ptr::const_ptr::*constT::with_metadata_of (line 113) ... ok
test library/core/src/ptr/const_ptr.rs - ptr::const_ptr::*constT::with_metadata_of (line 95) ... ok
test library/core/src/ptr/const_ptr.rs - ptr::const_ptr::*constT::wrapping_add (line 1039) ... ok
test library/core/src/ptr/const_ptr.rs - ptr::const_ptr::*constT::wrapping_offset (line 449) ... ok
test library/core/src/ptr/const_ptr.rs - ptr::const_ptr::*constT::wrapping_sub (line 1118) ... ok
test library/core/src/ptr/const_ptr.rs - ptr::const_ptr::*const[T;N]::as_ptr (line 1545) ... ok
test library/core/src/ptr/const_ptr.rs - ptr::const_ptr::*const[T;N]::as_slice (line 1562) ... ok
test library/core/src/ptr/const_ptr.rs - ptr::const_ptr::*const[T]::as_ptr (line 1457) ... ok
test library/core/src/ptr/const_ptr.rs - ptr::const_ptr::*const[T]::get_unchecked (line 1496) ... ok
test library/core/src/ptr/const_ptr.rs - ptr::const_ptr::*const[T]::is_empty (line 1438) ... ok
test library/core/src/ptr/const_ptr.rs - ptr::const_ptr::*const[T]::len (line 1421) ... ok
test library/core/src/ptr/metadata.rs - ptr::metadata::Thin (line 76) ... ok
test library/core/src/ptr/metadata.rs - ptr::metadata::metadata (line 94) ... ok
test library/core/src/ptr/mod.rs - ptr (line 295) ... ok
test library/core/src/ptr/mod.rs - ptr::addr_eq (line 2430) ... ok
test library/core/src/ptr/mod.rs - ptr::addr_of (line 2634) ... ok
test library/core/src/ptr/mod.rs - ptr::addr_of (line 2651) ... ok
test library/core/src/ptr/mod.rs - ptr::addr_of_mut (line 2706) ... ok
test library/core/src/ptr/mod.rs - ptr::addr_of_mut (line 2724) ... ok
test library/core/src/ptr/mod.rs - ptr::addr_of_mut (line 2741) ... ok
test library/core/src/ptr/mod.rs - ptr::copy (line 595) ... ok
test library/core/src/ptr/mod.rs - ptr::copy_nonoverlapping (line 479) ... ok
test library/core/src/ptr/mod.rs - ptr::drop_in_place (line 770) ... ok
test library/core/src/ptr/mod.rs - ptr::eq (line 2389) ... ok
test library/core/src/ptr/mod.rs - ptr::eq (line 2407) ... ok
test library/core/src/ptr/mod.rs - ptr::fn_addr_eq (line 2459) ... ok
test library/core/src/ptr/mod.rs - ptr::fn_addr_eq (line 2483) ... ok
test library/core/src/ptr/mod.rs - ptr::from_mut (line 1108) ... ok
test library/core/src/ptr/mod.rs - ptr::from_mut (line 1117) ... ok
test library/core/src/ptr/mod.rs - ptr::from_mut (line 1128) ... ok
test library/core/src/ptr/mod.rs - ptr::from_ref (line 1057) ... ok
test library/core/src/ptr/mod.rs - ptr::from_ref (line 1066) ... ok
test library/core/src/ptr/mod.rs - ptr::from_ref (line 1077) ... ok
test library/core/src/ptr/mod.rs - ptr::hash (line 2507) ... ok
test library/core/src/ptr/mod.rs - ptr::null (line 824) ... ok
test library/core/src/ptr/mod.rs - ptr::null_mut (line 849) ... ok
test library/core/src/ptr/mod.rs - ptr::read (line 1587) ... ok
test library/core/src/ptr/mod.rs - ptr::read (line 1598) ... ok
test library/core/src/ptr/mod.rs - ptr::read (line 1644) ... ok
test library/core/src/ptr/mod.rs - ptr::read_unaligned (line 1755) ... ok
test library/core/src/ptr/mod.rs - ptr::read_unaligned (line 1781) ... ok
test library/core/src/ptr/mod.rs - ptr::read_volatile (line 2067) ... ok
test library/core/src/ptr/mod.rs - ptr::replace (line 1529) ... ok
test library/core/src/ptr/mod.rs - ptr::slice_from_raw_parts (line 1156) ... ok
test library/core/src/ptr/mod.rs - ptr::slice_from_raw_parts (line 1169) ... ok
test library/core/src/ptr/mod.rs - ptr::slice_from_raw_parts_mut (line 1198) ... ok
test library/core/src/ptr/mod.rs - ptr::slice_from_raw_parts_mut (line 1215) ... ok
test library/core/src/ptr/mod.rs - ptr::swap (line 1264) ... ok
test library/core/src/ptr/mod.rs - ptr::swap (line 1281) ... ok
test library/core/src/ptr/mod.rs - ptr::swap_nonoverlapping (line 1350) ... ok
test library/core/src/ptr/mod.rs - ptr::write (line 1839) ... ok
test library/core/src/ptr/mod.rs - ptr::write (line 1852) ... ok
test library/core/src/ptr/mod.rs - ptr::write_bytes (line 665) ... ok
test library/core/src/ptr/mod.rs - ptr::write_bytes (line 681) ... ok
test library/core/src/ptr/mod.rs - ptr::write_unaligned (line 1958) ... ok
test library/core/src/ptr/mod.rs - ptr::write_unaligned (line 1983) ... ok
test library/core/src/ptr/mod.rs - ptr::write_volatile (line 2152) ... ok
test library/core/src/ptr/mut_ptr.rs - ptr::mut_ptr::*mutT::add (line 964) ... ok
test library/core/src/ptr/mut_ptr.rs - ptr::mut_ptr::*mutT::align_offset (line 1545) ... ok
test library/core/src/ptr/mut_ptr.rs - ptr::mut_ptr::*mutT::as_mut (line 564) ... ok
test library/core/src/ptr/mut_ptr.rs - ptr::mut_ptr::*mutT::as_mut (line 579) ... ok
test library/core/src/ptr/mut_ptr.rs - ptr::mut_ptr::*mutT::as_mut_unchecked (line 613) ... ok
test library/core/src/ptr/mut_ptr.rs - ptr::mut_ptr::*mutT::as_ref (line 284) ... ok
test library/core/src/ptr/mut_ptr.rs - ptr::mut_ptr::*mutT::as_ref (line 295) ... ok
test library/core/src/ptr/mut_ptr.rs - ptr::mut_ptr::*mutT::as_ref_unchecked (line 291) ... ok
test library/core/src/ptr/mut_ptr.rs - ptr::mut_ptr::*mutT::as_uninit_ref (line 356) ... ok
test library/core/src/ptr/mut_ptr.rs - ptr::mut_ptr::*mutT::is_aligned (line 1592) ... ok
test library/core/src/ptr/mut_ptr.rs - ptr::mut_ptr::*mutT::is_aligned_to (line 1624) ... ok
test library/core/src/ptr/mut_ptr.rs - ptr::mut_ptr::*mutT::is_null (line 38) ... ok
test library/core/src/ptr/mut_ptr.rs - ptr::mut_ptr::*mutT::mask (line 508) ... ok
test library/core/src/ptr/mut_ptr.rs - ptr::mut_ptr::*mutT::offset (line 386) ... ok
test library/core/src/ptr/mut_ptr.rs - ptr::mut_ptr::*mutT::offset_from (line 768) ... ok
test library/core/src/ptr/mut_ptr.rs - ptr::mut_ptr::*mutT::offset_from (line 782) ... ok
test library/core/src/ptr/mut_ptr.rs - ptr::mut_ptr::*mutT::offset_from_unsigned (line 842) ... ok
test library/core/src/ptr/mut_ptr.rs - ptr::mut_ptr::*mutT::offset_from_unsigned (line 870) ... ok
test library/core/src/ptr/mut_ptr.rs - ptr::mut_ptr::*mutT::sub (line 1027) ... ok
test library/core/src/ptr/mut_ptr.rs - ptr::mut_ptr::*mutT::try_cast_aligned (line 42) ... ok
test library/core/src/ptr/mut_ptr.rs - ptr::mut_ptr::*mutT::with_metadata_of (line 78) ... ok
test library/core/src/ptr/mut_ptr.rs - ptr::mut_ptr::*mutT::with_metadata_of (line 96) ... ok
test library/core/src/ptr/mut_ptr.rs - ptr::mut_ptr::*mutT::wrapping_add (line 1137) ... ok
test library/core/src/ptr/mut_ptr.rs - ptr::mut_ptr::*mutT::wrapping_offset (line 454) ... ok
test library/core/src/ptr/mut_ptr.rs - ptr::mut_ptr::*mutT::wrapping_sub (line 1213) ... ok
test library/core/src/ptr/mut_ptr.rs - ptr::mut_ptr::*mut[T;N]::as_mut_ptr (line 1975) ... ok
test library/core/src/ptr/mut_ptr.rs - ptr::mut_ptr::*mut[T;N]::as_mut_slice (line 1992) ... ok
test library/core/src/ptr/mut_ptr.rs - ptr::mut_ptr::*mut[T]::as_mut_ptr (line 1841) ... ok
test library/core/src/ptr/mut_ptr.rs - ptr::mut_ptr::*mut[T]::get_unchecked_mut (line 1865) ... ok
test library/core/src/ptr/mut_ptr.rs - ptr::mut_ptr::*mut[T]::is_empty (line 1707) ... ok
test library/core/src/ptr/mut_ptr.rs - ptr::mut_ptr::*mut[T]::len (line 1690) ... ok
test library/core/src/ptr/mut_ptr.rs - ptr::mut_ptr::*mut[T]::split_at_mut (line 1764) ... ok
test library/core/src/ptr/mut_ptr.rs - ptr::mut_ptr::*mut[T]::split_at_mut_unchecked (line 1806) ... ok
test library/core/src/ptr/non_null.rs - ptr::non_null::NonNull (line 34) ... ok
test library/core/src/ptr/non_null.rs - ptr::non_null::NonNull (line 57) ... ok
test library/core/src/ptr/non_null.rs - ptr::non_null::NonNull<T>::add (line 636) ... ok
test library/core/src/ptr/non_null.rs - ptr::non_null::NonNull<T>::align_offset (line 1273) ... ok
test library/core/src/ptr/non_null.rs - ptr::non_null::NonNull<T>::as_mut (line 462) ... ok
test library/core/src/ptr/non_null.rs - ptr::non_null::NonNull<T>::as_ptr (line 384) ... ok
test library/core/src/ptr/non_null.rs - ptr::non_null::NonNull<T>::as_ref (line 426) ... ok
test library/core/src/ptr/non_null.rs - ptr::non_null::NonNull<T>::cast (line 489) ... ok
test library/core/src/ptr/non_null.rs - ptr::non_null::NonNull<T>::dangling (line 120) ... ok
test library/core/src/ptr/non_null.rs - ptr::non_null::NonNull<T>::is_aligned (line 1311) ... ok
test library/core/src/ptr/non_null.rs - ptr::non_null::NonNull<T>::is_aligned_to (line 1345) ... ok
test library/core/src/ptr/non_null.rs - ptr::non_null::NonNull<T>::new (line 257) ... ok
test library/core/src/ptr/non_null.rs - ptr::non_null::NonNull<T>::new_unchecked (line 215) ... ok
test library/core/src/ptr/non_null.rs - ptr::non_null::NonNull<T>::new_unchecked (line 224) ... ok
test library/core/src/ptr/non_null.rs - ptr::non_null::NonNull<T>::offset (line 560) ... ok
test library/core/src/ptr/non_null.rs - ptr::non_null::NonNull<T>::offset_from (line 821) ... ok
test library/core/src/ptr/non_null.rs - ptr::non_null::NonNull<T>::offset_from (line 837) ... ok
test library/core/src/ptr/non_null.rs - ptr::non_null::NonNull<T>::offset_from_unsigned (line 901) ... ok
test library/core/src/ptr/non_null.rs - ptr::non_null::NonNull<T>::offset_from_unsigned (line 929) ... ok
test library/core/src/ptr/non_null.rs - ptr::non_null::NonNull<T>::sub (line 713) ... ok
test library/core/src/ptr/non_null.rs - ptr::non_null::NonNull<T>::try_cast_aligned (line 515) ... ok
test library/core/src/ptr/non_null.rs - ptr::non_null::NonNull<[T]>::as_mut_ptr (line 1488) ... ok
test library/core/src/ptr/non_null.rs - ptr::non_null::NonNull<[T]>::as_non_null_ptr (line 1470) ... ok
test library/core/src/ptr/non_null.rs - ptr::non_null::NonNull<[T]>::as_uninit_slice_mut (line 1588) ... ok
test library/core/src/ptr/non_null.rs - ptr::non_null::NonNull<[T]>::get_unchecked_mut (line 1622) ... ok
test library/core/src/ptr/non_null.rs - ptr::non_null::NonNull<[T]>::is_empty (line 1452) ... ok
test library/core/src/ptr/non_null.rs - ptr::non_null::NonNull<[T]>::len (line 1434) ... ok
test library/core/src/ptr/non_null.rs - ptr::non_null::NonNull<[T]>::slice_from_raw_parts (line 1404) ... ok
test library/core/src/range.rs - range (line 6) ... ok
test library/core/src/range.rs - range::Range (line 44) ... ok
test library/core/src/range.rs - range::Range<Idx>::contains (line 102) ... ok
test library/core/src/range.rs - range::Range<Idx>::is_empty (line 134) ... ok
test library/core/src/range.rs - range::Range<Idx>::is_empty (line 145) ... ok
test library/core/src/range.rs - range::Range<Idx>::iter (line 81) ... ok
test library/core/src/range.rs - range::RangeFrom (line 436) ... ok
test library/core/src/range.rs - range::RangeFrom<Idx>::contains (line 490) ... ok
test library/core/src/range.rs - range::RangeFrom<Idx>::iter (line 469) ... ok
test library/core/src/range.rs - range::RangeInclusive (line 228) ... ok
test library/core/src/range.rs - range::RangeInclusive<Idx>::contains (line 262) ... ok
test library/core/src/range.rs - range::RangeInclusive<Idx>::is_empty (line 295) ... ok
test library/core/src/range.rs - range::RangeInclusive<Idx>::is_empty (line 306) ... ok
test library/core/src/range.rs - range::RangeInclusive<Idx>::iter (line 332) ... ok
test library/core/src/range.rs - range::RangeToInclusive (line 577) ... ok
error[E0277]: `std::ops::RangeToInclusive<{integer}>` is not an iterator
   --> library/core/src/range.rs:589:10
    |
589 | for i in ..=5 {
    |          ^^^^ if you meant to iterate until a value (including it), add a starting value
    |
    = help: the trait `Iterator` is not implemented for `std::ops::RangeToInclusive<{integer}>`
    = note: `..=end` is a `RangeToInclusive`, which cannot be iterated on; you might have meant to have a bounded `RangeInclusive`: `0..=end`
    = note: required for `std::ops::RangeToInclusive<{integer}>` to implement `IntoIterator`

error: aborting due to 1 previous error

For more information about this error, try `rustc --explain E0277`.
test library/core/src/range.rs - range::RangeToInclusive (line 586) ... ok
test library/core/src/range.rs - range::RangeToInclusive (line 597) ... ok
test library/core/src/range.rs - range::RangeToInclusive<Idx>::contains (line 632) ... ok
test library/core/src/result.rs - result (line 101) ... ok
test library/core/src/result.rs - result (line 119) ... ok
test library/core/src/result.rs - result (line 129) ... ok
test library/core/src/result.rs - result (line 138) ... ok
test library/core/src/result.rs - result (line 159) ... ok
test library/core/src/result.rs - result (line 192) ... ok
test library/core/src/result.rs - result (line 23) ... ok
test library/core/src/result.rs - result (line 438) ... ok
test library/core/src/result.rs - result (line 47) ... ok
test library/core/src/result.rs - result (line 483) ... ok
test library/core/src/result.rs - result (line 512) ... ok
test library/core/src/result.rs - result (line 529) ... ok
test library/core/src/result.rs - result (line 8) ... ok
test library/core/src/result.rs - result (line 86) ... ok
test library/core/src/result.rs - result::Result<&'_T,E>::cloned (line 1728) ... ok
test library/core/src/result.rs - result::Result<&'_T,E>::copied (line 1700) ... ok
test library/core/src/result.rs - result::Result<&'_mutT,E>::cloned (line 1779) ... ok
test library/core/src/result.rs - result::Result<&'_mutT,E>::copied (line 1751) ... ok
test library/core/src/result.rs - result::Result<Option<T>,E>::transpose (line 1804) ... ok
test library/core/src/result.rs - result::Result<Result<T,E>,E>::flatten (line 1830) ... ok
test library/core/src/result.rs - result::Result<Result<T,E>,E>::flatten (line 1843) ... ok
test library/core/src/result.rs - result::Result<T,E>::and (line 1422) ... ok
test library/core/src/result.rs - result::Result<T,E>::and_then (line 1461) ... ok
Test executable failed (exit status: 1).

stdout:

thread 'main' (1) panicked at library/core/src/result.rs:8:1:
assertion failed: root_modified_time.is_ok()
note: run with `RUST_BACKTRACE=1` environment variable to display a backtrace
[35mError handler[0m: Unhandled error 0x2 at 0x80011fec (v:0 0x8000e200-0x80020300 l:0x12100 o:0x0 p: G R-cgm- X- ---)
Running file /var/folders/9k/gp4ckb6n1wd80tfd822vr6j80000gp/T/rustdoctesto4IWPu/rust_out.
ELF Entry @ 0x80000000
FAILURE: 1

stderr:
tohost located at 0x80022b88

test library/core/src/result.rs - result::Result<T,E>::and_then (line 1473) ... FAILED
test library/core/src/result.rs - result::Result<T,E>::as_deref (line 1034) ... ok
test library/core/src/result.rs - result::Result<T,E>::as_deref_mut (line 1060) ... ok
test library/core/src/result.rs - result::Result<T,E>::as_mut (line 779) ... ok
test library/core/src/result.rs - result::Result<T,E>::as_ref (line 758) ... ok
test library/core/src/result.rs - result::Result<T,E>::err (line 726) ... ok
test library/core/src/result.rs - result::Result<T,E>::expect (line 1152) ... ok
test library/core/src/result.rs - result::Result<T,E>::expect (line 1162) ... ok
test library/core/src/result.rs - result::Result<T,E>::expect_err (line 1286) ... ok
test library/core/src/result.rs - result::Result<T,E>::inspect (line 978) ... ok
test library/core/src/result.rs - result::Result<T,E>::inspect_err (line 1005) ... ok
test library/core/src/result.rs - result::Result<T,E>::into_err (line 1383) ... ok
test library/core/src/result.rs - result::Result<T,E>::into_iter (line 1929) ... ok
test library/core/src/result.rs - result::Result<T,E>::into_ok (line 1346) ... ok
test library/core/src/result.rs - result::Result<T,E>::is_err (line 635) ... ok
test library/core/src/result.rs - result::Result<T,E>::is_err_and (line 654) ... ok
test library/core/src/result.rs - result::Result<T,E>::is_ok (line 582) ... ok
test library/core/src/result.rs - result::Result<T,E>::is_ok_and (line 601) ... ok
test library/core/src/result.rs - result::Result<T,E>::iter (line 1091) ... ok
test library/core/src/result.rs - result::Result<T,E>::iter_mut (line 1111) ... ok
test library/core/src/result.rs - result::Result<T,E>::map (line 818) ... ok
test library/core/src/result.rs - result::Result<T,E>::map_err (line 950) ... ok
test library/core/src/result.rs - result::Result<T,E>::map_or (line 852) ... ok
test library/core/src/result.rs - result::Result<T,E>::map_or_default (line 914) ... ok
test library/core/src/result.rs - result::Result<T,E>::map_or_else (line 885) ... ok
test library/core/src/result.rs - result::Result<T,E>::ok (line 697) ... ok
test library/core/src/result.rs - result::Result<T,E>::or (line 1508) ... ok
test library/core/src/result.rs - result::Result<T,E>::or_else (line 1547) ... ok
test library/core/src/result.rs - result::Result<T,E>::unwrap (line 1215) ... ok
test library/core/src/result.rs - result::Result<T,E>::unwrap (line 1220) ... ok
test library/core/src/result.rs - result::Result<T,E>::unwrap_err (line 1312) ... ok
test library/core/src/result.rs - result::Result<T,E>::unwrap_err (line 1317) ... ok
test library/core/src/result.rs - result::Result<T,E>::unwrap_err_unchecked (line 1673) ... ok
test library/core/src/result.rs - result::Result<T,E>::unwrap_err_unchecked (line 1678) ... ok
test library/core/src/result.rs - result::Result<T,E>::unwrap_or (line 1579) ... ok
test library/core/src/result.rs - result::Result<T,E>::unwrap_or_default (line 1250) ... ok
test library/core/src/result.rs - result::Result<T,E>::unwrap_or_else (line 1606) ... ok
test library/core/src/result.rs - result::Result<T,E>::unwrap_unchecked (line 1637) ... ok
test library/core/src/result.rs - result::Result<T,E>::unwrap_unchecked (line 1642) ... ok
test library/core/src/result.rs - result::Result<V,E>::from_iter (line 2119) ... ok
test library/core/src/result.rs - result::Result<V,E>::from_iter (line 2130) ... ok
test library/core/src/result.rs - result::Result<V,E>::from_iter (line 2141) ... ok
test library/core/src/slice/ascii.rs - slice::ascii::[u8]::escape_ascii (line 135) ... ok
test library/core/src/slice/ascii.rs - slice::ascii::[u8]::trim_ascii (line 213) ... ok
test library/core/src/slice/ascii.rs - slice::ascii::[u8]::trim_ascii_end (line 183) ... ok
test library/core/src/slice/ascii.rs - slice::ascii::[u8]::trim_ascii_start (line 154) ... ok
test library/core/src/slice/index.rs - slice::index::range (line 866) ... ok
test library/core/src/slice/index.rs - slice::index::range (line 879) ... ok
test library/core/src/slice/index.rs - slice::index::range (line 887) ... ok
test library/core/src/slice/index.rs - slice::index::range (line 895) ... ok
test library/core/src/slice/index.rs - slice::index::try_range (line 944) ... ok
test library/core/src/slice/index.rs - slice::index::try_range (line 957) ... ok
test library/core/src/slice/iter.rs - slice::iter::ArrayWindows (line 2167) ... ok
test library/core/src/slice/iter.rs - slice::iter::Chunks (line 1466) ... ok
test library/core/src/slice/iter.rs - slice::iter::ChunksExact (line 1829) ... ok
test library/core/src/slice/iter.rs - slice::iter::ChunksExact<'a,T>::remainder (line 1865) ... ok
test library/core/src/slice/iter.rs - slice::iter::ChunksExactMut (line 2002) ... ok
test library/core/src/slice/iter.rs - slice::iter::ChunksMut (line 1646) ... ok
test library/core/src/slice/iter.rs - slice::iter::Iter (line 48) ... ok
test library/core/src/slice/iter.rs - slice::iter::Iter<'a,T>::as_slice (line 114) ... ok
test library/core/src/slice/iter.rs - slice::iter::IterMut (line 176) ... ok
test library/core/src/slice/iter.rs - slice::iter::IterMut<'a,T>::as_mut_slice (line 323) ... ok
test library/core/src/slice/iter.rs - slice::iter::IterMut<'a,T>::as_slice (line 289) ... ok
test library/core/src/slice/iter.rs - slice::iter::IterMut<'a,T>::into_slice (line 257) ... ok
test library/core/src/slice/iter.rs - slice::iter::RChunks (line 2267) ... ok
test library/core/src/slice/iter.rs - slice::iter::RChunksExact (line 2615) ... ok
test library/core/src/slice/iter.rs - slice::iter::RChunksExact<'a,T>::remainder (line 2650) ... ok
test library/core/src/slice/iter.rs - slice::iter::RChunksExactMut (line 2795) ... ok
test library/core/src/slice/iter.rs - slice::iter::RChunksMut (line 2431) ... ok
test library/core/src/slice/iter.rs - slice::iter::RSplit (line 922) ... ok
test library/core/src/slice/iter.rs - slice::iter::RSplitMut (line 1022) ... ok
test library/core/src/slice/iter.rs - slice::iter::RSplitN (line 1189) ... ok
test library/core/src/slice/iter.rs - slice::iter::RSplitNMut (line 1273) ... ok
test library/core/src/slice/iter.rs - slice::iter::Split (line 389) ... ok
test library/core/src/slice/iter.rs - slice::iter::Split<'a,T,P>::as_slice (line 420) ... ok
test library/core/src/slice/iter.rs - slice::iter::SplitInclusive (line 545) ... ok
test library/core/src/slice/iter.rs - slice::iter::SplitInclusiveMut (line 798) ... ok
test library/core/src/slice/iter.rs - slice::iter::SplitMut (line 669) ... ok
test library/core/src/slice/iter.rs - slice::iter::SplitN (line 1145) ... ok
test library/core/src/slice/iter.rs - slice::iter::SplitNMut (line 1232) ... ok
test library/core/src/slice/iter.rs - slice::iter::Windows (line 1317) ... ok
test library/core/src/slice/iter/macros.rs - slice::iter::Iter<'_,T>::default (line 498) ... ok
test library/core/src/slice/iter/macros.rs - slice::iter::IterMut<'_,T>::default (line 498) ... ok
test library/core/src/slice/mod.rs - slice::GetDisjointMutError (line 5255) ... ok
test library/core/src/slice/mod.rs - slice::[MaybeUninit<T>]::align_to_uninit_mut (line 4920) ... ok
test library/core/src/slice/mod.rs - slice::[T]::align_to (line 4058) ... ok
test library/core/src/slice/mod.rs - slice::[T]::align_to_mut (line 4123) ... ok
test library/core/src/slice/mod.rs - slice::[T]::array_windows (line 1628) ... ok
test library/core/src/slice/mod.rs - slice::[T]::as_chunks (line 1374) ... ok
test library/core/src/slice/mod.rs - slice::[T]::as_chunks (line 1383) ... ok
test library/core/src/slice/mod.rs - slice::[T]::as_chunks_mut (line 1534) ... ok
test library/core/src/slice/mod.rs - slice::[T]::as_chunks_unchecked (line 1317) ... ok
test library/core/src/slice/mod.rs - slice::[T]::as_chunks_unchecked_mut (line 1475) ... ok
test library/core/src/slice/mod.rs - slice::[T]::as_mut_ptr (line 739) ... ok
test library/core/src/slice/mod.rs - slice::[T]::as_ptr (line 707) ... ok
test library/core/src/slice/mod.rs - slice::[T]::as_ptr_range (line 778) ... ok
test library/core/src/slice/mod.rs - slice::[T]::as_rchunks (line 1431) ... ok
test library/core/src/slice/mod.rs - slice::[T]::as_rchunks_mut (line 1587) ... ok
test library/core/src/slice/mod.rs - slice::[T]::as_simd (line 4195) ... ok
test library/core/src/slice/mod.rs - slice::[T]::binary_search (line 2870) ... ok
test library/core/src/slice/mod.rs - slice::[T]::binary_search (line 2882) ... ok
test library/core/src/slice/mod.rs - slice::[T]::binary_search (line 2905) ... ok
test library/core/src/slice/mod.rs - slice::[T]::binary_search_by (line 2952) ... ok
test library/core/src/slice/mod.rs - slice::[T]::binary_search_by_key (line 3050) ... ok
test library/core/src/slice/mod.rs - slice::[T]::chunk_by (line 1835) ... ok
test library/core/src/slice/mod.rs - slice::[T]::chunk_by (line 1848) ... ok
test library/core/src/slice/mod.rs - slice::[T]::chunk_by_mut (line 1877) ... ok
test library/core/src/slice/mod.rs - slice::[T]::chunk_by_mut (line 1890) ... ok
test library/core/src/slice/mod.rs - slice::[T]::chunks (line 1138) ... ok
test library/core/src/slice/mod.rs - slice::[T]::chunks_exact (line 1225) ... ok
test library/core/src/slice/mod.rs - slice::[T]::chunks_exact_mut (line 1269) ... ok
test library/core/src/slice/mod.rs - slice::[T]::chunks_mut (line 1178) ... ok
test library/core/src/slice/mod.rs - slice::[T]::clone_from_slice (line 3782) ... ok
error[E0502]: cannot borrow `slice` as immutable because it is also borrowed as mutable
    --> library/core/src/slice/mod.rs:3803:30
     |
3803 | slice[..2].clone_from_slice(&slice[3..]);
     | -----      ----------------  ^^^^^ immutable borrow occurs here
     | |          |
     | |          mutable borrow later used by call
     | mutable borrow occurs here
     |
     = help: use `.split_at_mut(position)` to obtain two mutable non-overlapping sub-slices

error: aborting due to 1 previous error

For more information about this error, try `rustc --explain E0502`.
test library/core/src/slice/mod.rs - slice::[T]::clone_from_slice (line 3800) ... ok
test library/core/src/slice/mod.rs - slice::[T]::clone_from_slice (line 3809) ... ok
test library/core/src/slice/mod.rs - slice::[T]::contains (line 2568) ... ok
test library/core/src/slice/mod.rs - slice::[T]::contains (line 2578) ... ok
test library/core/src/slice/mod.rs - slice::[T]::copy_from_slice (line 3845) ... ok
error[E0502]: cannot borrow `slice` as immutable because it is also borrowed as mutable
    --> library/core/src/slice/mod.rs:3866:29
     |
3866 | slice[..2].copy_from_slice(&slice[3..]);
     | -----      ---------------  ^^^^^ immutable borrow occurs here
     | |          |
     | |          mutable borrow later used by call
     | mutable borrow occurs here
     |
     = help: use `.split_at_mut(position)` to obtain two mutable non-overlapping sub-slices

error: aborting due to 1 previous error

For more information about this error, try `rustc --explain E0502`.
test library/core/src/slice/mod.rs - slice::[T]::copy_from_slice (line 3863) ... ok
test library/core/src/slice/mod.rs - slice::[T]::copy_from_slice (line 3872) ... ok
test library/core/src/slice/mod.rs - slice::[T]::copy_within (line 3915) ... ok
test library/core/src/slice/mod.rs - slice::[T]::element_offset (line 4809) ... ok
test library/core/src/slice/mod.rs - slice::[T]::element_offset (line 4819) ... ok
test library/core/src/slice/mod.rs - slice::[T]::ends_with (line 2628) ... ok
test library/core/src/slice/mod.rs - slice::[T]::ends_with (line 2639) ... ok
test library/core/src/slice/mod.rs - slice::[T]::fill (line 3730) ... ok
test library/core/src/slice/mod.rs - slice::[T]::fill_with (line 3755) ... ok
test library/core/src/slice/mod.rs - slice::[T]::first (line 143) ... ok
test library/core/src/slice/mod.rs - slice::[T]::first_chunk (line 313) ... ok
test library/core/src/slice/mod.rs - slice::[T]::first_chunk_mut (line 342) ... ok
test library/core/src/slice/mod.rs - slice::[T]::first_mut (line 162) ... ok
test library/core/src/slice/mod.rs - slice::[T]::get (line 559) ... ok
test library/core/src/slice/mod.rs - slice::[T]::get_disjoint_mut (line 4757) ... ok
test library/core/src/slice/mod.rs - slice::[T]::get_disjoint_unchecked_mut (line 4682) ... ok
test library/core/src/slice/mod.rs - slice::[T]::get_mut (line 585) ... ok
test library/core/src/slice/mod.rs - slice::[T]::get_unchecked (line 625) ... ok
test library/core/src/slice/mod.rs - slice::[T]::get_unchecked_mut (line 668) ... ok
test library/core/src/slice/mod.rs - slice::[T]::is_empty (line 123) ... ok
test library/core/src/slice/mod.rs - slice::[T]::is_sorted (line 4288) ... ok
test library/core/src/slice/mod.rs - slice::[T]::is_sorted_by (line 4330) ... ok
test library/core/src/slice/mod.rs - slice::[T]::is_sorted_by_key (line 4360) ... ok
test library/core/src/slice/mod.rs - slice::[T]::iter (line 1026) ... ok
test library/core/src/slice/mod.rs - slice::[T]::iter_mut (line 1049) ... ok
test library/core/src/slice/mod.rs - slice::[T]::last (line 269) ... ok
test library/core/src/slice/mod.rs - slice::[T]::last_chunk (line 495) ... ok
test library/core/src/slice/mod.rs - slice::[T]::last_chunk_mut (line 524) ... ok
test library/core/src/slice/mod.rs - slice::[T]::last_mut (line 288) ... ok
test library/core/src/slice/mod.rs - slice::[T]::len (line 105) ... ok
test library/core/src/slice/mod.rs - slice::[T]::partition_dedup (line 3454) ... ok
test library/core/src/slice/mod.rs - slice::[T]::partition_dedup_by (line 3488) ... ok
test library/core/src/slice/mod.rs - slice::[T]::partition_dedup_by_key (line 3614) ... ok
test library/core/src/slice/mod.rs - slice::[T]::partition_point (line 4395) ... ok
test library/core/src/slice/mod.rs - slice::[T]::partition_point (line 4407) ... ok
test library/core/src/slice/mod.rs - slice::[T]::partition_point (line 4417) ... ok
test library/core/src/slice/mod.rs - slice::[T]::rchunks (line 1667) ... ok
test library/core/src/slice/mod.rs - slice::[T]::rchunks_exact (line 1755) ... ok
test library/core/src/slice/mod.rs - slice::[T]::rchunks_exact_mut (line 1800) ... ok
test library/core/src/slice/mod.rs - slice::[T]::rchunks_mut (line 1707) ... ok
test library/core/src/slice/mod.rs - slice::[T]::reverse (line 969) ... ok
test library/core/src/slice/mod.rs - slice::[T]::rotate_left (line 3653) ... ok
test library/core/src/slice/mod.rs - slice::[T]::rotate_left (line 3661) ... ok
test library/core/src/slice/mod.rs - slice::[T]::rotate_right (line 3699) ... ok
test library/core/src/slice/mod.rs - slice::[T]::rotate_right (line 3707) ... ok
test library/core/src/slice/mod.rs - slice::[T]::rsplit (line 2336) ... ok
test library/core/src/slice/mod.rs - slice::[T]::rsplit (line 2348) ... ok
test library/core/src/slice/mod.rs - slice::[T]::rsplit_mut (line 2372) ... ok
test library/core/src/slice/mod.rs - slice::[T]::rsplit_once (line 2539) ... ok
test library/core/src/slice/mod.rs - slice::[T]::rsplitn (line 2459) ... ok
test library/core/src/slice/mod.rs - slice::[T]::rsplitn_mut (line 2485) ... ok
test library/core/src/slice/mod.rs - slice::[T]::select_nth_unstable (line 3278) ... ok
test library/core/src/slice/mod.rs - slice::[T]::select_nth_unstable_by (line 3342) ... ok
test library/core/src/slice/mod.rs - slice::[T]::select_nth_unstable_by_key (line 3409) ... ok
test library/core/src/slice/mod.rs - slice::[T]::sort_unstable (line 3119) ... ok
test library/core/src/slice/mod.rs - slice::[T]::sort_unstable_by (line 3171) ... ok
test library/core/src/slice/mod.rs - slice::[T]::sort_unstable_by_key (line 3226) ... ok
test library/core/src/slice/mod.rs - slice::[T]::split (line 2204) ... ok
test library/core/src/slice/mod.rs - slice::[T]::split (line 2218) ... ok
test library/core/src/slice/mod.rs - slice::[T]::split (line 2230) ... ok
test library/core/src/slice/mod.rs - slice::[T]::split_at (line 1923) ... ok
test library/core/src/slice/mod.rs - slice::[T]::split_at_checked (line 2123) ... ok
test library/core/src/slice/mod.rs - slice::[T]::split_at_mut (line 1969) ... ok
test library/core/src/slice/mod.rs - slice::[T]::split_at_mut_checked (line 2172) ... ok
test library/core/src/slice/mod.rs - slice::[T]::split_at_mut_unchecked (line 2072) ... ok
test library/core/src/slice/mod.rs - slice::[T]::split_at_unchecked (line 2009) ... ok
test library/core/src/slice/mod.rs - slice::[T]::split_first (line 185) ... ok
test library/core/src/slice/mod.rs - slice::[T]::split_first_chunk (line 373) ... ok
test library/core/src/slice/mod.rs - slice::[T]::split_first_chunk_mut (line 401) ... ok
test library/core/src/slice/mod.rs - slice::[T]::split_first_mut (line 205) ... ok
test library/core/src/slice/mod.rs - slice::[T]::split_inclusive (line 2276) ... ok
test library/core/src/slice/mod.rs - slice::[T]::split_inclusive (line 2289) ... ok
test library/core/src/slice/mod.rs - slice::[T]::split_inclusive_mut (line 2312) ... ok
test library/core/src/slice/mod.rs - slice::[T]::split_last (line 227) ... ok
test library/core/src/slice/mod.rs - slice::[T]::split_last_chunk (line 433) ... ok
test library/core/src/slice/mod.rs - slice::[T]::split_last_chunk_mut (line 462) ... ok
test library/core/src/slice/mod.rs - slice::[T]::split_last_mut (line 247) ... ok
test library/core/src/slice/mod.rs - slice::[T]::split_mut (line 2253) ... ok
test library/core/src/slice/mod.rs - slice::[T]::split_off (line 4446) ... ok
test library/core/src/slice/mod.rs - slice::[T]::split_off (line 4456) ... ok
test library/core/src/slice/mod.rs - slice::[T]::split_off (line 4466) ... ok
test library/core/src/slice/mod.rs - slice::[T]::split_off_first (line 4572) ... ok
test library/core/src/slice/mod.rs - slice::[T]::split_off_first_mut (line 4596) ... ok
test library/core/src/slice/mod.rs - slice::[T]::split_off_last (line 4622) ... ok
test library/core/src/slice/mod.rs - slice::[T]::split_off_last_mut (line 4646) ... ok
test library/core/src/slice/mod.rs - slice::[T]::split_off_mut (line 4512) ... ok
test library/core/src/slice/mod.rs - slice::[T]::split_off_mut (line 4522) ... ok
test library/core/src/slice/mod.rs - slice::[T]::split_off_mut (line 4532) ... ok
test library/core/src/slice/mod.rs - slice::[T]::split_once (line 2511) ... ok
test library/core/src/slice/mod.rs - slice::[T]::splitn (line 2404) ... ok
test library/core/src/slice/mod.rs - slice::[T]::splitn_mut (line 2429) ... ok
test library/core/src/slice/mod.rs - slice::[T]::starts_with (line 2597) ... ok
test library/core/src/slice/mod.rs - slice::[T]::starts_with (line 2608) ... ok
test library/core/src/slice/mod.rs - slice::[T]::strip_circumfix (line 2740) ... ok
test library/core/src/slice/mod.rs - slice::[T]::strip_prefix (line 2665) ... ok
test library/core/src/slice/mod.rs - slice::[T]::strip_suffix (line 2705) ... ok
test library/core/src/slice/mod.rs - slice::[T]::subslice_range (line 4874) ... ok
test library/core/src/slice/mod.rs - slice::[T]::swap (line 895) ... ok
test library/core/src/slice/mod.rs - slice::[T]::swap_unchecked (line 934) ... ok
test library/core/src/slice/mod.rs - slice::[T]::swap_with_slice (line 3954) ... ok
error[E0499]: cannot borrow `slice` as mutable more than once at a time
    --> library/core/src/slice/mod.rs:3971:33
     |
3971 | slice[..2].swap_with_slice(&mut slice[3..]);
     | -----      ---------------      ^^^^^ second mutable borrow occurs here
     | |          |
     | |          first borrow later used by call
     | first mutable borrow occurs here
     |
     = help: use `.split_at_mut(position)` to obtain two mutable non-overlapping sub-slices

error: aborting due to 1 previous error

For more information about this error, try `rustc --explain E0499`.
test library/core/src/slice/mod.rs - slice::[T]::swap_with_slice (line 3969) ... ok
test library/core/src/slice/mod.rs - slice::[T]::swap_with_slice (line 3977) ... ok
test library/core/src/slice/mod.rs - slice::[T]::trim_prefix (line 2771) ... ok
test library/core/src/slice/mod.rs - slice::[T]::trim_suffix (line 2814) ... ok
test library/core/src/slice/mod.rs - slice::[T]::windows (line 1073) ... ok
test library/core/src/slice/mod.rs - slice::[T]::windows (line 1084) ... ok
test library/core/src/slice/mod.rs - slice::[T]::windows (line 1099) ... ok
test library/core/src/slice/mod.rs - slice::[[T;N]]::as_flattened (line 4978) ... ok
test library/core/src/slice/mod.rs - slice::[[T;N]]::as_flattened_mut (line 5023) ... ok
test library/core/src/slice/mod.rs - slice::[f32]::sort_floats (line 5061) ... ok
test library/core/src/slice/mod.rs - slice::[f64]::sort_floats (line 5089) ... ok
test library/core/src/slice/raw.rs - slice::raw::from_mut_ptr_range (line 331) ... ok
test library/core/src/slice/raw.rs - slice::raw::from_ptr_range (line 260) ... ok
test library/core/src/slice/raw.rs - slice::raw::from_raw_parts (line 45) ... ok
test library/core/src/slice/raw.rs - slice::raw::from_raw_parts (line 59) ... ok
test library/core/src/slice/raw.rs - slice::raw::from_raw_parts (line 89) ... ok
test library/core/src/str/converts.rs - str::converts::from_utf8 (line 46) ... ok
test library/core/src/str/converts.rs - str::converts::from_utf8 (line 61) ... ok
test library/core/src/str/converts.rs - str::converts::from_utf8 (line 75) ... ok
test library/core/src/str/converts.rs - str::converts::from_utf8_mut (line 108) ... ok
test library/core/src/str/converts.rs - str::converts::from_utf8_mut (line 122) ... ok
test library/core/src/str/converts.rs - str::converts::from_utf8_unchecked (line 161) ... ok
test library/core/src/str/converts.rs - str::converts::from_utf8_unchecked_mut (line 195) ... ok
test library/core/src/str/error.rs - str::error::Utf8Error (line 20) ... ok
test library/core/src/str/error.rs - str::error::Utf8Error::valid_up_to (line 63) ... ok
test library/core/src/str/iter.rs - str::iter::CharIndices<'a>::offset (line 250) ... ok
test library/core/src/str/iter.rs - str::iter::Chars<'a>::as_str (line 146) ... ok
test library/core/src/str/iter.rs - str::iter::Lines<'a>::remainder (line 1203) ... ok
test library/core/src/str/iter.rs - str::iter::RSplit<'a,P>::remainder (line 837) ... ok
test library/core/src/str/iter.rs - str::iter::RSplitN<'a,P>::remainder (line 1028) ... ok
test library/core/src/str/iter.rs - str::iter::RSplitTerminator<'a,P>::remainder (line 901) ... ok
test library/core/src/str/iter.rs - str::iter::Split<'a,P>::remainder (line 814) ... ok
test library/core/src/str/iter.rs - str::iter::SplitAsciiWhitespace<'a>::remainder (line 1395) ... ok
test library/core/src/str/iter.rs - str::iter::SplitInclusive<'a,P>::remainder (line 1465) ... ok
test library/core/src/str/iter.rs - str::iter::SplitN<'a,P>::remainder (line 1005) ... ok
test library/core/src/str/iter.rs - str::iter::SplitTerminator<'a,P>::remainder (line 878) ... ok
test library/core/src/str/iter.rs - str::iter::SplitWhitespace<'a>::remainder (line 1337) ... ok
test library/core/src/str/lossy.rs - str::lossy::Utf8Chunk (line 57) ... ok
test library/core/src/str/lossy.rs - str::lossy::Utf8Chunks (line 170) ... ok
test library/core/src/str/lossy.rs - str::lossy::[u8]::utf8_chunks (line 19) ... ok
test library/core/src/str/mod.rs - str::str::as_bytes (line 477) ... ok
test library/core/src/str/mod.rs - str::str::as_bytes_mut (line 504) ... ok
test library/core/src/str/mod.rs - str::str::as_bytes_mut (line 513) ... ok
test library/core/src/str/mod.rs - str::str::as_ptr (line 552) ... ok
test library/core/src/str/mod.rs - str::str::bytes (line 1118) ... ok
test library/core/src/str/mod.rs - str::str::ceil_char_boundary (line 441) ... ok
test library/core/src/str/mod.rs - str::str::char_indices (line 1068) ... ok
test library/core/src/str/mod.rs - str::str::char_indices (line 1091) ... ok
test library/core/src/str/mod.rs - str::str::chars (line 1014) ... ok
test library/core/src/str/mod.rs - str::str::chars (line 1037) ... ok
test library/core/src/str/mod.rs - str::str::contains (line 1343) ... ok
test library/core/src/str/mod.rs - str::str::encode_utf16 (line 1315) ... ok
test library/core/src/str/mod.rs - str::str::ends_with (line 1406) ... ok
test library/core/src/str/mod.rs - str::str::eq_ignore_ascii_case (line 2815) ... ok
test library/core/src/str/mod.rs - str::str::escape_debug (line 2969) ... ok
test library/core/src/str/mod.rs - str::str::escape_debug (line 2978) ... ok
test library/core/src/str/mod.rs - str::str::escape_debug (line 2985) ... ok
test library/core/src/str/mod.rs - str::str::escape_debug (line 2991) ... ok
test library/core/src/str/mod.rs - str::str::escape_default (line 3015) ... ok
test library/core/src/str/mod.rs - str::str::escape_default (line 3024) ... ok
test library/core/src/str/mod.rs - str::str::escape_default (line 3031) ... ok
test library/core/src/str/mod.rs - str::str::escape_default (line 3037) ... ok
test library/core/src/str/mod.rs - str::str::escape_unicode (line 3053) ... ok
test library/core/src/str/mod.rs - str::str::escape_unicode (line 3062) ... ok
test library/core/src/str/mod.rs - str::str::escape_unicode (line 3069) ... ok
test library/core/src/str/mod.rs - str::str::escape_unicode (line 3075) ... ok
test library/core/src/str/mod.rs - str::str::find (line 1436) ... ok
test library/core/src/str/mod.rs - str::str::find (line 1446) ... ok
test library/core/src/str/mod.rs - str::str::find (line 1457) ... ok
test library/core/src/str/mod.rs - str::str::floor_char_boundary (line 398) ... ok
test library/core/src/str/mod.rs - str::str::from_utf8 (line 202) ... ok
test library/core/src/str/mod.rs - str::str::from_utf8 (line 215) ... ok
test library/core/src/str/mod.rs - str::str::from_utf8 (line 227) ... ok
test library/core/src/str/mod.rs - str::str::from_utf8_mut (line 249) ... ok
test library/core/src/str/mod.rs - str::str::from_utf8_mut (line 261) ... ok
test library/core/src/str/mod.rs - str::str::from_utf8_unchecked (line 289) ... ok
test library/core/src/str/mod.rs - str::str::from_utf8_unchecked_mut (line 318) ... ok
test library/core/src/str/mod.rs - str::str::get (line 591) ... ok
test library/core/src/str/mod.rs - str::str::get_mut (line 617) ... ok
test library/core/src/str/mod.rs - str::str::get_unchecked (line 661) ... ok
test library/core/src/str/mod.rs - str::str::get_unchecked_mut (line 696) ... ok
test library/core/src/str/mod.rs - str::str::is_ascii (line 2759) ... ok
test library/core/src/str/mod.rs - str::str::is_char_boundary (line 344) ... ok
test library/core/src/str/mod.rs - str::str::is_empty (line 149) ... ok
test library/core/src/str/mod.rs - str::str::len (line 128) ... ok
test library/core/src/str/mod.rs - str::str::lines (line 1260) ... ok
test library/core/src/str/mod.rs - str::str::lines (line 1275) ... ok
test library/core/src/str/mod.rs - str::str::lines (line 1289) ... ok
test library/core/src/str/mod.rs - str::str::make_ascii_lowercase (line 2868) ... ok
test library/core/src/str/mod.rs - str::str::make_ascii_uppercase (line 2840) ... ok
test library/core/src/str/mod.rs - str::str::match_indices (line 2079) ... ok
test library/core/src/str/mod.rs - str::str::matches (line 2004) ... ok
test library/core/src/str/mod.rs - str::str::parse (line 2726) ... ok
test library/core/src/str/mod.rs - str::str::parse (line 2734) ... ok
test library/core/src/str/mod.rs - str::str::parse (line 2742) ... ok
test library/core/src/str/mod.rs - str::str::rfind (line 1484) ... ok
test library/core/src/str/mod.rs - str::str::rfind (line 1494) ... ok
test library/core/src/str/mod.rs - str::str::rfind (line 1503) ... ok
test library/core/src/str/mod.rs - str::str::rmatch_indices (line 2119) ... ok
test library/core/src/str/mod.rs - str::str::rmatches (line 2038) ... ok
test library/core/src/str/mod.rs - str::str::rsplit (line 1713) ... ok
test library/core/src/str/mod.rs - str::str::rsplit (line 1729) ... ok
test library/core/src/str/mod.rs - str::str::rsplit_once (line 1965) ... ok
test library/core/src/str/mod.rs - str::str::rsplit_terminator (line 1818) ... ok
test library/core/src/str/mod.rs - str::str::rsplitn (line 1915) ... ok
test library/core/src/str/mod.rs - str::str::rsplitn (line 1928) ... ok
test library/core/src/str/mod.rs - str::str::slice_unchecked (line 740) ... ok
test library/core/src/str/mod.rs - str::str::split (line 1545) ... ok
test library/core/src/str/mod.rs - str::str::split (line 1570) ... ok
test library/core/src/str/mod.rs - str::str::split (line 1577) ... ok
test library/core/src/str/mod.rs - str::str::split (line 1585) ... ok
test library/core/src/str/mod.rs - str::str::split (line 1594) ... ok
test library/core/src/str/mod.rs - str::str::split (line 1604) ... ok
test library/core/src/str/mod.rs - str::str::split (line 1613) ... ok
test library/core/src/str/mod.rs - str::str::split (line 1621) ... ok
test library/core/src/str/mod.rs - str::str::split (line 1630) ... ignored
test library/core/src/str/mod.rs - str::str::split_ascii_whitespace (line 1200) ... ok
test library/core/src/str/mod.rs - str::str::split_ascii_whitespace (line 1213) ... ok
test library/core/src/str/mod.rs - str::str::split_ascii_whitespace (line 1225) ... ok
test library/core/src/str/mod.rs - str::str::split_at (line 819) ... ok
test library/core/src/str/mod.rs - str::str::split_at_checked (line 898) ... ok
test library/core/src/str/mod.rs - str::str::split_at_mut (line 858) ... ok
test library/core/src/str/mod.rs - str::str::split_at_mut_checked (line 937) ... ok
test library/core/src/str/mod.rs - str::str::split_inclusive (line 1663) ... ok
test library/core/src/str/mod.rs - str::str::split_inclusive (line 1673) ... ok
test library/core/src/str/mod.rs - str::str::split_once (line 1946) ... ok
test library/core/src/str/mod.rs - str::str::split_terminator (line 1772) ... ok
test library/core/src/str/mod.rs - str::str::split_whitespace (line 1149) ... ok
test library/core/src/str/mod.rs - str::str::split_whitespace (line 1161) ... ok
test library/core/src/str/mod.rs - str::str::split_whitespace (line 1173) ... ok
test library/core/src/str/mod.rs - str::str::splitn (line 1863) ... ok
test library/core/src/str/mod.rs - str::str::splitn (line 1879) ... ok
test library/core/src/str/mod.rs - str::str::starts_with (line 1373) ... ok
test library/core/src/str/mod.rs - str::str::starts_with (line 1380) ... ok
test library/core/src/str/mod.rs - str::str::strip_circumfix (line 2481) ... ok
test library/core/src/str/mod.rs - str::str::strip_prefix (line 2419) ... ok
test library/core/src/str/mod.rs - str::str::strip_suffix (line 2447) ... ok
test library/core/src/str/mod.rs - str::str::substr_range (line 3101) ... ok
test library/core/src/str/mod.rs - str::str::trim (line 2145) ... ok
test library/core/src/str/mod.rs - str::str::trim_ascii (line 2944) ... ok
test library/core/src/str/mod.rs - str::str::trim_ascii_end (line 2918) ... ok
test library/core/src/str/mod.rs - str::str::trim_ascii_start (line 2893) ... ok
test library/core/src/str/mod.rs - str::str::trim_end (line 2214) ... ok
test library/core/src/str/mod.rs - str::str::trim_end (line 2221) ... ok
test library/core/src/str/mod.rs - str::str::trim_end_matches (line 2595) ... ok
test library/core/src/str/mod.rs - str::str::trim_end_matches (line 2605) ... ok
test library/core/src/str/mod.rs - str::str::trim_left (line 2253) ... ok
test library/core/src/str/mod.rs - str::str::trim_left (line 2261) ... ok
test library/core/src/str/mod.rs - str::str::trim_left_matches (line 2642) ... ok
test library/core/src/str/mod.rs - str::str::trim_matches (line 2330) ... ok
test library/core/src/str/mod.rs - str::str::trim_matches (line 2340) ... ok
test library/core/src/str/mod.rs - str::str::trim_prefix (line 2515) ... ok
test library/core/src/str/mod.rs - str::str::trim_right (line 2293) ... ok
test library/core/src/str/mod.rs - str::str::trim_right (line 2301) ... ok
test library/core/src/str/mod.rs - str::str::trim_right_matches (line 2679) ... ok
test library/core/src/str/mod.rs - str::str::trim_right_matches (line 2689) ... ok
test library/core/src/str/mod.rs - str::str::trim_start (line 2175) ... ok
test library/core/src/str/mod.rs - str::str::trim_start (line 2182) ... ok
test library/core/src/str/mod.rs - str::str::trim_start_matches (line 2383) ... ok
test library/core/src/str/mod.rs - str::str::trim_suffix (line 2552) ... ok
test library/core/src/str/pattern.rs - str::pattern (line 18) ... ok
test library/core/src/str/pattern.rs - str::pattern::&'b[char;N] (line 846) ... ok
test library/core/src/str/pattern.rs - str::pattern::&'b[char] (line 888) ... ok
test library/core/src/str/pattern.rs - str::pattern::&'bstr (line 968) ... ok
test library/core/src/str/pattern.rs - str::pattern::F (line 937) ... ok
test library/core/src/str/pattern.rs - str::pattern::Pattern (line 75) ... ok
test library/core/src/str/pattern.rs - str::pattern::[char;N] (line 824) ... ok
test library/core/src/str/pattern.rs - str::pattern::char (line 557) ... ok
test library/core/src/str/traits.rs - str::traits::FromStr (line 790) ... ok
test library/core/src/str/traits.rs - str::traits::FromStr::from_str (line 845) ... ok
test library/core/src/str/traits.rs - str::traits::bool::from_str (line 869) ... ok
test library/core/src/str/traits.rs - str::traits::bool::from_str (line 879) ... ok
test library/core/src/str/traits.rs - str::traits::ops::Range<usize> (line 147) ... ok
Test executable failed (exit status: 1).

stdout:

thread 'main' (1) panicked at /Users/jacob/CHERIoT/rust/library/std/src/thread/functions.rs:131:29:
failed to spawn thread: Error { kind: Unsupported, message: "operation not supported on this platform" }
note: run with `RUST_BACKTRACE=1` environment variable to display a backtrace
[35mError handler[0m: Unhandled error 0x2 at 0x8001617a (v:0 0x8000e200-0x8002a500 l:0x1c300 o:0x0 p: G R-cgm- X- ---)
Running file /var/folders/9k/gp4ckb6n1wd80tfd822vr6j80000gp/T/rustdoctest2HUHVK/rust_out.
ELF Entry @ 0x80000000
FAILURE: 1

stderr:
tohost located at 0x8002cd88

test library/core/src/sync/atomic.rs - sync::atomic (line 198) ... FAILED
test library/core/src/sync/atomic.rs - sync::atomic (line 225) ... ok
test library/core/src/sync/atomic.rs - sync::atomic (line 65) ... ok
test library/core/src/sync/atomic.rs - sync::atomic::AtomicBool::as_ptr (line 1265) ... ignored
test library/core/src/sync/atomic.rs - sync::atomic::AtomicBool::compare_and_swap (line 836) ... ok
test library/core/src/sync/atomic.rs - sync::atomic::AtomicBool::compare_exchange (line 881) ... ok
test library/core/src/sync/atomic.rs - sync::atomic::AtomicBool::compare_exchange_weak (line 981) ... ok
test library/core/src/sync/atomic.rs - sync::atomic::AtomicBool::fetch_and (line 1051) ... ok
test library/core/src/sync/atomic.rs - sync::atomic::AtomicBool::fetch_nand (line 1093) ... ok
test library/core/src/sync/atomic.rs - sync::atomic::AtomicBool::fetch_not (line 1231) ... ok
test library/core/src/sync/atomic.rs - sync::atomic::AtomicBool::fetch_or (line 1147) ... ok
test library/core/src/sync/atomic.rs - sync::atomic::AtomicBool::fetch_update (line 1326) ... ok
test library/core/src/sync/atomic.rs - sync::atomic::AtomicBool::fetch_xor (line 1189) ... ok
test library/core/src/sync/atomic.rs - sync::atomic::AtomicBool::from (line 2560) ... ok
test library/core/src/sync/atomic.rs - sync::atomic::AtomicBool::from_mut (line 607) ... ok
Test executable failed (exit status: 1).

stdout:

thread 'main' (1) panicked at /Users/jacob/CHERIoT/rust/library/std/src/thread/scoped.rs:203:46:
failed to spawn thread: Error { kind: Unsupported, message: "operation not supported on this platform" }
note: run with `RUST_BACKTRACE=1` environment variable to display a backtrace
[35mError handler[0m: Unhandled error 0x2 at 0x800158f2 (v:0 0x8000e200-0x80028e00 l:0x1ac00 o:0x0 p: G R-cgm- X- ---)
Running file /var/folders/9k/gp4ckb6n1wd80tfd822vr6j80000gp/T/rustdoctestqFTH5L/rust_out.
ELF Entry @ 0x80000000
FAILURE: 1

stderr:
tohost located at 0x8002b688

test library/core/src/sync/atomic.rs - sync::atomic::AtomicBool::from_mut_slice (line 663) ... FAILED
test library/core/src/sync/atomic.rs - sync::atomic::AtomicBool::from_ptr (line 538) ... ok
test library/core/src/sync/atomic.rs - sync::atomic::AtomicBool::get_mut (line 588) ... ok
Test executable failed (exit status: 1).

stdout:

thread 'main' (1) panicked at /Users/jacob/CHERIoT/rust/library/std/src/thread/scoped.rs:203:46:
failed to spawn thread: Error { kind: Unsupported, message: "operation not supported on this platform" }
note: run with `RUST_BACKTRACE=1` environment variable to display a backtrace
[35mError handler[0m: Unhandled error 0x2 at 0x80016202 (v:0 0x8000e200-0x80029900 l:0x1b700 o:0x0 p: G R-cgm- X- ---)
Running file /var/folders/9k/gp4ckb6n1wd80tfd822vr6j80000gp/T/rustdoctestiFqO4l/rust_out.
ELF Entry @ 0x80000000
FAILURE: 1

stderr:
tohost located at 0x8002c188

test library/core/src/sync/atomic.rs - sync::atomic::AtomicBool::get_mut_slice (line 632) ... FAILED
test library/core/src/sync/atomic.rs - sync::atomic::AtomicBool::into_inner (line 692) ... ok
test library/core/src/sync/atomic.rs - sync::atomic::AtomicBool::load (line 716) ... ok
test library/core/src/sync/atomic.rs - sync::atomic::AtomicBool::new (line 520) ... ok
test library/core/src/sync/atomic.rs - sync::atomic::AtomicBool::store (line 743) ... ok
test library/core/src/sync/atomic.rs - sync::atomic::AtomicBool::swap (line 775) ... ok
test library/core/src/sync/atomic.rs - sync::atomic::AtomicBool::try_update (line 1397) ... ok
test library/core/src/sync/atomic.rs - sync::atomic::AtomicBool::update (line 1456) ... ok
test library/core/src/sync/atomic.rs - sync::atomic::AtomicI16::as_ptr (line 3685) ... ignored
test library/core/src/sync/atomic.rs - sync::atomic::AtomicI16::compare_and_swap (line 3022) ... ok
test library/core/src/sync/atomic.rs - sync::atomic::AtomicI16::compare_exchange (line 3075) ... ok
test library/core/src/sync/atomic.rs - sync::atomic::AtomicI16::compare_exchange_weak (line 3142) ... ok
test library/core/src/sync/atomic.rs - sync::atomic::AtomicI16::fetch_add (line 3200) ... ok
test library/core/src/sync/atomic.rs - sync::atomic::AtomicI16::fetch_and (line 3265) ... ok
test library/core/src/sync/atomic.rs - sync::atomic::AtomicI16::fetch_max (line 3596) ... ok
test library/core/src/sync/atomic.rs - sync::atomic::AtomicI16::fetch_max (line 3606) ... ok
test library/core/src/sync/atomic.rs - sync::atomic::AtomicI16::fetch_min (line 3641) ... ok
test library/core/src/sync/atomic.rs - sync::atomic::AtomicI16::fetch_min (line 3653) ... ok
error: linking with `./cheri/linker.sh` failed: exit status: 255
  |
  = note:  "./cheri/linker.sh" "-flavor" "gnu" "/var/folders/9k/gp4ckb6n1wd80tfd822vr6j80000gp/T/rustcd5pDZh/symbols.o" "<2 object files omitted>" "--as-needed" "-Bstatic" "<sysroot>/lib/rustlib/riscv32cheriot-unknown-cheriotrtos/lib/{libpanic_abort-*,libstd-*,libcfg_if-*,librustc_demangle-*,libstd_detect-*,libhashbrown-*,librustc_std_workspace_alloc-*,libminiz_oxide-*,libadler2-*,libunwind-*,liblibc-*,librustc_std_workspace_core-*,liballoc-*,libcore-*,libcompiler_builtins-*}.rlib" "-L" "/var/folders/9k/gp4ckb6n1wd80tfd822vr6j80000gp/T/rustcd5pDZh/raw-dylibs" "-Bdynamic" "-z" "noexecstack" "-L" "<sysroot>/lib/rustlib/riscv32cheriot-unknown-cheriotrtos/lib/self-contained" "-o" "/var/folders/9k/gp4ckb6n1wd80tfd822vr6j80000gp/T/rustdoctest8CzJ65/rust_out" "--gc-sections" "-static"
  = note: some arguments are omitted. use `--verbose` to show all linker arguments
  = note: Remapping priority of thread 1 from 1 to 0
          Enabling sub-object bounds for cheriot.allocator
          Enabling sub-object bounds for cheriot.loader
          Enabling sub-object bounds for test_fw.scheduler
          Patched board file will be saved as "/Users/jacob/CHERIoT/rust/cheri/doctests/build/board.json"
          [ 93%]: linking compartment test_runner.compartment
          [ 93%]: linking firmware build/cheriot/cheriot/release/test_fw
          error: ld.lld: error: undefined symbol: __library_export_libcalls___atomic_fetch_nand_2
          >>> referenced by compiler_builtins.f5786da9a5584453-cgu.112
          >>>               build/cheriot/cheriot/release/test_runner.compartment:()
          >>> did you mean: __library_export_libcalls___atomic_fetch_and_2
          >>> defined in: build/cheriot/cheriot/release/atomic2.library
          
          warning: $(buildir) has been deprecated, please use $(builddir)
          

error: aborting due to 1 previous error

Couldn't compile the test.test library/core/src/sync/atomic.rs - sync::atomic::AtomicI16::fetch_nand (line 3299) ... FAILED
test library/core/src/sync/atomic.rs - sync::atomic::AtomicI16::fetch_or (line 3333) ... ok
test library/core/src/sync/atomic.rs - sync::atomic::AtomicI16::fetch_sub (line 3231) ... ok
test library/core/src/sync/atomic.rs - sync::atomic::AtomicI16::fetch_update (line 3420) ... ok
test library/core/src/sync/atomic.rs - sync::atomic::AtomicI16::fetch_xor (line 3367) ... ok
test library/core/src/sync/atomic.rs - sync::atomic::AtomicI16::from_mut (line 2776) ... ok
Test executable failed (exit status: 1).

stdout:

thread 'main' (1) panicked at /Users/jacob/CHERIoT/rust/library/std/src/thread/scoped.rs:203:46:
failed to spawn thread: Error { kind: Unsupported, message: "operation not supported on this platform" }
note: run with `RUST_BACKTRACE=1` environment variable to display a backtrace
[35mError handler[0m: Unhandled error 0x2 at 0x80015a84 (v:0 0x8000e200-0x80029200 l:0x1b000 o:0x0 p: G R-cgm- X- ---)
Running file /var/folders/9k/gp4ckb6n1wd80tfd822vr6j80000gp/T/rustdoctest0WXcRr/rust_out.
ELF Entry @ 0x80000000
FAILURE: 1

stderr:
tohost located at 0x8002ba88

test library/core/src/sync/atomic.rs - sync::atomic::AtomicI16::from_mut_slice (line 2846) ... FAILED
test library/core/src/sync/atomic.rs - sync::atomic::AtomicI16::from_ptr (line 2693) ... ok
test library/core/src/sync/atomic.rs - sync::atomic::AtomicI16::get_mut (line 2756) ... ok
Test executable failed (exit status: 1).

stdout:

thread 'main' (1) panicked at /Users/jacob/CHERIoT/rust/library/std/src/thread/scoped.rs:203:46:
failed to spawn thread: Error { kind: Unsupported, message: "operation not supported on this platform" }
note: run with `RUST_BACKTRACE=1` environment variable to display a backtrace
[35mError handler[0m: Unhandled error 0x2 at 0x80015cc6 (v:0 0x8000e200-0x80029700 l:0x1b500 o:0x0 p: G R-cgm- X- ---)
Running file /var/folders/9k/gp4ckb6n1wd80tfd822vr6j80000gp/T/rustdoctestrOb78N/rust_out.
ELF Entry @ 0x80000000
FAILURE: 1

stderr:
tohost located at 0x8002bf88

test library/core/src/sync/atomic.rs - sync::atomic::AtomicI16::get_mut_slice (line 2811) ... FAILED
test library/core/src/sync/atomic.rs - sync::atomic::AtomicI16::into_inner (line 2886) ... ok
test library/core/src/sync/atomic.rs - sync::atomic::AtomicI16::load (line 2910) ... ok
test library/core/src/sync/atomic.rs - sync::atomic::AtomicI16::new (line 2676) ... ok
test library/core/src/sync/atomic.rs - sync::atomic::AtomicI16::store (line 2936) ... ok
test library/core/src/sync/atomic.rs - sync::atomic::AtomicI16::swap (line 2965) ... ok
test library/core/src/sync/atomic.rs - sync::atomic::AtomicI16::try_update (line 3487) ... ok
test library/core/src/sync/atomic.rs - sync::atomic::AtomicI16::update (line 3550) ... ok
test library/core/src/sync/atomic.rs - sync::atomic::AtomicI32::as_ptr (line 3685) ... ignored
test library/core/src/sync/atomic.rs - sync::atomic::AtomicI32::compare_and_swap (line 3022) ... ok
test library/core/src/sync/atomic.rs - sync::atomic::AtomicI32::compare_exchange (line 3075) ... ok
test library/core/src/sync/atomic.rs - sync::atomic::AtomicI32::compare_exchange_weak (line 3142) ... ok
test library/core/src/sync/atomic.rs - sync::atomic::AtomicI32::fetch_add (line 3200) ... ok
test library/core/src/sync/atomic.rs - sync::atomic::AtomicI32::fetch_and (line 3265) ... ok
test library/core/src/sync/atomic.rs - sync::atomic::AtomicI32::fetch_max (line 3596) ... ok
test library/core/src/sync/atomic.rs - sync::atomic::AtomicI32::fetch_max (line 3606) ... ok
test library/core/src/sync/atomic.rs - sync::atomic::AtomicI32::fetch_min (line 3641) ... ok
test library/core/src/sync/atomic.rs - sync::atomic::AtomicI32::fetch_min (line 3653) ... ok
error: linking with `./cheri/linker.sh` failed: exit status: 255
  |
  = note:  "./cheri/linker.sh" "-flavor" "gnu" "/var/folders/9k/gp4ckb6n1wd80tfd822vr6j80000gp/T/rustcCtQvhE/symbols.o" "<2 object files omitted>" "--as-needed" "-Bstatic" "<sysroot>/lib/rustlib/riscv32cheriot-unknown-cheriotrtos/lib/{libpanic_abort-*,libstd-*,libcfg_if-*,librustc_demangle-*,libstd_detect-*,libhashbrown-*,librustc_std_workspace_alloc-*,libminiz_oxide-*,libadler2-*,libunwind-*,liblibc-*,librustc_std_workspace_core-*,liballoc-*,libcore-*,libcompiler_builtins-*}.rlib" "-L" "/var/folders/9k/gp4ckb6n1wd80tfd822vr6j80000gp/T/rustcCtQvhE/raw-dylibs" "-Bdynamic" "-z" "noexecstack" "-L" "<sysroot>/lib/rustlib/riscv32cheriot-unknown-cheriotrtos/lib/self-contained" "-o" "/var/folders/9k/gp4ckb6n1wd80tfd822vr6j80000gp/T/rustdoctestKt0OAV/rust_out" "--gc-sections" "-static"
  = note: some arguments are omitted. use `--verbose` to show all linker arguments
  = note: Remapping priority of thread 1 from 1 to 0
          Enabling sub-object bounds for cheriot.allocator
          Enabling sub-object bounds for cheriot.loader
          Enabling sub-object bounds for test_fw.scheduler
          Patched board file will be saved as "/Users/jacob/CHERIoT/rust/cheri/doctests/build/board.json"
          [ 93%]: linking compartment test_runner.compartment
          [ 93%]: linking firmware build/cheriot/cheriot/release/test_fw
          error: ld.lld: error: undefined symbol: __library_export_libcalls___atomic_fetch_nand_4
          >>> referenced by compiler_builtins.f5786da9a5584453-cgu.112
          >>>               build/cheriot/cheriot/release/test_runner.compartment:()
          >>> did you mean: __library_export_libcalls___atomic_fetch_and_4
          >>> defined in: build/cheriot/cheriot/release/atomic4.library
          
          warning: $(buildir) has been deprecated, please use $(builddir)
          

error: aborting due to 1 previous error

Couldn't compile the test.test library/core/src/sync/atomic.rs - sync::atomic::AtomicI32::fetch_nand (line 3299) ... FAILED
test library/core/src/sync/atomic.rs - sync::atomic::AtomicI32::fetch_or (line 3333) ... ok
test library/core/src/sync/atomic.rs - sync::atomic::AtomicI32::fetch_sub (line 3231) ... ok
test library/core/src/sync/atomic.rs - sync::atomic::AtomicI32::fetch_update (line 3420) ... ok
test library/core/src/sync/atomic.rs - sync::atomic::AtomicI32::fetch_xor (line 3367) ... ok
test library/core/src/sync/atomic.rs - sync::atomic::AtomicI32::from_mut (line 2776) ... ok
Test executable failed (exit status: 1).

stdout:

thread 'main' (1) panicked at /Users/jacob/CHERIoT/rust/library/std/src/thread/scoped.rs:203:46:
failed to spawn thread: Error { kind: Unsupported, message: "operation not supported on this platform" }
note: run with `RUST_BACKTRACE=1` environment variable to display a backtrace
[35mError handler[0m: Unhandled error 0x2 at 0x80015a78 (v:0 0x8000e200-0x80029200 l:0x1b000 o:0x0 p: G R-cgm- X- ---)
Running file /var/folders/9k/gp4ckb6n1wd80tfd822vr6j80000gp/T/rustdoctestnceDL5/rust_out.
ELF Entry @ 0x80000000
FAILURE: 1

stderr:
tohost located at 0x8002ba88

test library/core/src/sync/atomic.rs - sync::atomic::AtomicI32::from_mut_slice (line 2846) ... FAILED
test library/core/src/sync/atomic.rs - sync::atomic::AtomicI32::from_ptr (line 2693) ... ok
test library/core/src/sync/atomic.rs - sync::atomic::AtomicI32::get_mut (line 2756) ... ok
Test executable failed (exit status: 1).

stdout:

thread 'main' (1) panicked at /Users/jacob/CHERIoT/rust/library/std/src/thread/scoped.rs:203:46:
failed to spawn thread: Error { kind: Unsupported, message: "operation not supported on this platform" }
note: run with `RUST_BACKTRACE=1` environment variable to display a backtrace
[35mError handler[0m: Unhandled error 0x2 at 0x80015ce6 (v:0 0x8000e200-0x80029400 l:0x1b200 o:0x0 p: G R-cgm- X- ---)
Running file /var/folders/9k/gp4ckb6n1wd80tfd822vr6j80000gp/T/rustdoctestixsZd3/rust_out.
ELF Entry @ 0x80000000
FAILURE: 1

stderr:
tohost located at 0x8002bc88

test library/core/src/sync/atomic.rs - sync::atomic::AtomicI32::get_mut_slice (line 2811) ... FAILED
test library/core/src/sync/atomic.rs - sync::atomic::AtomicI32::into_inner (line 2886) ... ok
test library/core/src/sync/atomic.rs - sync::atomic::AtomicI32::load (line 2910) ... ok
test library/core/src/sync/atomic.rs - sync::atomic::AtomicI32::new (line 2676) ... ok
test library/core/src/sync/atomic.rs - sync::atomic::AtomicI32::store (line 2936) ... ok
test library/core/src/sync/atomic.rs - sync::atomic::AtomicI32::swap (line 2965) ... ok
test library/core/src/sync/atomic.rs - sync::atomic::AtomicI32::try_update (line 3487) ... ok
test library/core/src/sync/atomic.rs - sync::atomic::AtomicI32::update (line 3550) ... ok
test library/core/src/sync/atomic.rs - sync::atomic::AtomicI64::as_ptr (line 3685) ... ignored
test library/core/src/sync/atomic.rs - sync::atomic::AtomicI64::compare_and_swap (line 3022) ... ok
test library/core/src/sync/atomic.rs - sync::atomic::AtomicI64::compare_exchange (line 3075) ... ok
test library/core/src/sync/atomic.rs - sync::atomic::AtomicI64::compare_exchange_weak (line 3142) ... ok
test library/core/src/sync/atomic.rs - sync::atomic::AtomicI64::fetch_add (line 3200) ... ok
test library/core/src/sync/atomic.rs - sync::atomic::AtomicI64::fetch_and (line 3265) ... ok
test library/core/src/sync/atomic.rs - sync::atomic::AtomicI64::fetch_max (line 3596) ... ok
test library/core/src/sync/atomic.rs - sync::atomic::AtomicI64::fetch_max (line 3606) ... ok
test library/core/src/sync/atomic.rs - sync::atomic::AtomicI64::fetch_min (line 3641) ... ok
test library/core/src/sync/atomic.rs - sync::atomic::AtomicI64::fetch_min (line 3653) ... ok
error: linking with `./cheri/linker.sh` failed: exit status: 255
  |
  = note:  "./cheri/linker.sh" "-flavor" "gnu" "/var/folders/9k/gp4ckb6n1wd80tfd822vr6j80000gp/T/rustcajlXdj/symbols.o" "<2 object files omitted>" "--as-needed" "-Bstatic" "<sysroot>/lib/rustlib/riscv32cheriot-unknown-cheriotrtos/lib/{libpanic_abort-*,libstd-*,libcfg_if-*,librustc_demangle-*,libstd_detect-*,libhashbrown-*,librustc_std_workspace_alloc-*,libminiz_oxide-*,libadler2-*,libunwind-*,liblibc-*,librustc_std_workspace_core-*,liballoc-*,libcore-*,libcompiler_builtins-*}.rlib" "-L" "/var/folders/9k/gp4ckb6n1wd80tfd822vr6j80000gp/T/rustcajlXdj/raw-dylibs" "-Bdynamic" "-z" "noexecstack" "-L" "<sysroot>/lib/rustlib/riscv32cheriot-unknown-cheriotrtos/lib/self-contained" "-o" "/var/folders/9k/gp4ckb6n1wd80tfd822vr6j80000gp/T/rustdoctestq08m3A/rust_out" "--gc-sections" "-static"
  = note: some arguments are omitted. use `--verbose` to show all linker arguments
  = note: Remapping priority of thread 1 from 1 to 0
          Enabling sub-object bounds for cheriot.allocator
          Enabling sub-object bounds for cheriot.loader
          Enabling sub-object bounds for test_fw.scheduler
          Patched board file will be saved as "/Users/jacob/CHERIoT/rust/cheri/doctests/build/board.json"
          [ 93%]: linking compartment test_runner.compartment
          [ 93%]: linking firmware build/cheriot/cheriot/release/test_fw
          error: ld.lld: error: undefined symbol: __library_export_libcalls___atomic_fetch_nand_8
          >>> referenced by compiler_builtins.f5786da9a5584453-cgu.112
          >>>               build/cheriot/cheriot/release/test_runner.compartment:()
          >>> did you mean: __library_export_libcalls___atomic_fetch_and_8
          >>> defined in: build/cheriot/cheriot/release/atomic8.library
          
          warning: $(buildir) has been deprecated, please use $(builddir)
          

error: aborting due to 1 previous error

Couldn't compile the test.test library/core/src/sync/atomic.rs - sync::atomic::AtomicI64::fetch_nand (line 3299) ... FAILED
test library/core/src/sync/atomic.rs - sync::atomic::AtomicI64::fetch_or (line 3333) ... ok
test library/core/src/sync/atomic.rs - sync::atomic::AtomicI64::fetch_sub (line 3231) ... ok
test library/core/src/sync/atomic.rs - sync::atomic::AtomicI64::fetch_update (line 3420) ... ok
test library/core/src/sync/atomic.rs - sync::atomic::AtomicI64::fetch_xor (line 3367) ... ok
test library/core/src/sync/atomic.rs - sync::atomic::AtomicI64::from_mut (line 2776) ... ok
Test executable failed (exit status: 1).

stdout:

thread 'main' (1) panicked at /Users/jacob/CHERIoT/rust/library/std/src/thread/scoped.rs:203:46:
failed to spawn thread: Error { kind: Unsupported, message: "operation not supported on this platform" }
note: run with `RUST_BACKTRACE=1` environment variable to display a backtrace
[35mError handler[0m: Unhandled error 0x2 at 0x80015ac8 (v:0 0x8000e200-0x80029300 l:0x1b100 o:0x0 p: G R-cgm- X- ---)
Running file /var/folders/9k/gp4ckb6n1wd80tfd822vr6j80000gp/T/rustdoctest0Etune/rust_out.
ELF Entry @ 0x80000000
FAILURE: 1

stderr:
tohost located at 0x8002bb88

test library/core/src/sync/atomic.rs - sync::atomic::AtomicI64::from_mut_slice (line 2846) ... FAILED
test library/core/src/sync/atomic.rs - sync::atomic::AtomicI64::from_ptr (line 2693) ... ok
test library/core/src/sync/atomic.rs - sync::atomic::AtomicI64::get_mut (line 2756) ... ok
Test executable failed (exit status: 1).

stdout:

thread 'main' (1) panicked at /Users/jacob/CHERIoT/rust/library/std/src/thread/scoped.rs:203:46:
failed to spawn thread: Error { kind: Unsupported, message: "operation not supported on this platform" }
note: run with `RUST_BACKTRACE=1` environment variable to display a backtrace
[35mError handler[0m: Unhandled error 0x2 at 0x80015d08 (v:0 0x8000e200-0x80029900 l:0x1b700 o:0x0 p: G R-cgm- X- ---)
Running file /var/folders/9k/gp4ckb6n1wd80tfd822vr6j80000gp/T/rustdoctestIeKnZx/rust_out.
ELF Entry @ 0x80000000
FAILURE: 1

stderr:
tohost located at 0x8002c188

test library/core/src/sync/atomic.rs - sync::atomic::AtomicI64::get_mut_slice (line 2811) ... FAILED
test library/core/src/sync/atomic.rs - sync::atomic::AtomicI64::into_inner (line 2886) ... ok
test library/core/src/sync/atomic.rs - sync::atomic::AtomicI64::load (line 2910) ... ok
test library/core/src/sync/atomic.rs - sync::atomic::AtomicI64::new (line 2676) ... ok
test library/core/src/sync/atomic.rs - sync::atomic::AtomicI64::store (line 2936) ... ok
test library/core/src/sync/atomic.rs - sync::atomic::AtomicI64::swap (line 2965) ... ok
test library/core/src/sync/atomic.rs - sync::atomic::AtomicI64::try_update (line 3487) ... ok
test library/core/src/sync/atomic.rs - sync::atomic::AtomicI64::update (line 3550) ... ok
test library/core/src/sync/atomic.rs - sync::atomic::AtomicI8::as_ptr (line 3685) ... ignored
test library/core/src/sync/atomic.rs - sync::atomic::AtomicI8::compare_and_swap (line 3022) ... ok
test library/core/src/sync/atomic.rs - sync::atomic::AtomicI8::compare_exchange (line 3075) ... ok
test library/core/src/sync/atomic.rs - sync::atomic::AtomicI8::compare_exchange_weak (line 3142) ... ok
test library/core/src/sync/atomic.rs - sync::atomic::AtomicI8::fetch_add (line 3200) ... ok
test library/core/src/sync/atomic.rs - sync::atomic::AtomicI8::fetch_and (line 3265) ... ok
test library/core/src/sync/atomic.rs - sync::atomic::AtomicI8::fetch_max (line 3596) ... ok
test library/core/src/sync/atomic.rs - sync::atomic::AtomicI8::fetch_max (line 3606) ... ok
test library/core/src/sync/atomic.rs - sync::atomic::AtomicI8::fetch_min (line 3641) ... ok
test library/core/src/sync/atomic.rs - sync::atomic::AtomicI8::fetch_min (line 3653) ... ok
error: linking with `./cheri/linker.sh` failed: exit status: 255
  |
  = note:  "./cheri/linker.sh" "-flavor" "gnu" "/var/folders/9k/gp4ckb6n1wd80tfd822vr6j80000gp/T/rustchJ5eKg/symbols.o" "<2 object files omitted>" "--as-needed" "-Bstatic" "<sysroot>/lib/rustlib/riscv32cheriot-unknown-cheriotrtos/lib/{libpanic_abort-*,libstd-*,libcfg_if-*,librustc_demangle-*,libstd_detect-*,libhashbrown-*,librustc_std_workspace_alloc-*,libminiz_oxide-*,libadler2-*,libunwind-*,liblibc-*,librustc_std_workspace_core-*,liballoc-*,libcore-*,libcompiler_builtins-*}.rlib" "-L" "/var/folders/9k/gp4ckb6n1wd80tfd822vr6j80000gp/T/rustchJ5eKg/raw-dylibs" "-Bdynamic" "-z" "noexecstack" "-L" "<sysroot>/lib/rustlib/riscv32cheriot-unknown-cheriotrtos/lib/self-contained" "-o" "/var/folders/9k/gp4ckb6n1wd80tfd822vr6j80000gp/T/rustdoctestG1bmSR/rust_out" "--gc-sections" "-static"
  = note: some arguments are omitted. use `--verbose` to show all linker arguments
  = note: Remapping priority of thread 1 from 1 to 0
          Enabling sub-object bounds for cheriot.allocator
          Enabling sub-object bounds for cheriot.loader
          Enabling sub-object bounds for test_fw.scheduler
          Patched board file will be saved as "/Users/jacob/CHERIoT/rust/cheri/doctests/build/board.json"
          [ 93%]: linking compartment test_runner.compartment
          [ 93%]: linking firmware build/cheriot/cheriot/release/test_fw
          error: ld.lld: error: undefined symbol: __library_export_libcalls___atomic_fetch_nand_1
          >>> referenced by compiler_builtins.f5786da9a5584453-cgu.112
          >>>               build/cheriot/cheriot/release/test_runner.compartment:()
          >>> did you mean: __library_export_libcalls___atomic_fetch_and_1
          >>> defined in: build/cheriot/cheriot/release/atomic1.library
          
          warning: $(buildir) has been deprecated, please use $(builddir)
          

error: aborting due to 1 previous error

Couldn't compile the test.test library/core/src/sync/atomic.rs - sync::atomic::AtomicI8::fetch_nand (line 3299) ... FAILED
test library/core/src/sync/atomic.rs - sync::atomic::AtomicI8::fetch_or (line 3333) ... ok
test library/core/src/sync/atomic.rs - sync::atomic::AtomicI8::fetch_sub (line 3231) ... ok
test library/core/src/sync/atomic.rs - sync::atomic::AtomicI8::fetch_update (line 3420) ... ok
test library/core/src/sync/atomic.rs - sync::atomic::AtomicI8::fetch_xor (line 3367) ... ok
test library/core/src/sync/atomic.rs - sync::atomic::AtomicI8::from_mut (line 2776) ... ok
Test executable failed (exit status: 1).

stdout:

thread 'main' (1) panicked at /Users/jacob/CHERIoT/rust/library/std/src/thread/scoped.rs:203:46:
failed to spawn thread: Error { kind: Unsupported, message: "operation not supported on this platform" }
note: run with `RUST_BACKTRACE=1` environment variable to display a backtrace
[35mError handler[0m: Unhandled error 0x2 at 0x80015a7a (v:0 0x8000e200-0x80029200 l:0x1b000 o:0x0 p: G R-cgm- X- ---)
Running file /var/folders/9k/gp4ckb6n1wd80tfd822vr6j80000gp/T/rustdoctestXzf8eN/rust_out.
ELF Entry @ 0x80000000
FAILURE: 1

stderr:
tohost located at 0x8002ba88

test library/core/src/sync/atomic.rs - sync::atomic::AtomicI8::from_mut_slice (line 2846) ... FAILED
test library/core/src/sync/atomic.rs - sync::atomic::AtomicI8::from_ptr (line 2693) ... ok
test library/core/src/sync/atomic.rs - sync::atomic::AtomicI8::get_mut (line 2756) ... ok
Test executable failed (exit status: 1).

stdout:

thread 'main' (1) panicked at /Users/jacob/CHERIoT/rust/library/std/src/thread/scoped.rs:203:46:
failed to spawn thread: Error { kind: Unsupported, message: "operation not supported on this platform" }
note: run with `RUST_BACKTRACE=1` environment variable to display a backtrace
[35mError handler[0m: Unhandled error 0x2 at 0x80015d08 (v:0 0x8000e200-0x80029500 l:0x1b300 o:0x0 p: G R-cgm- X- ---)
Running file /var/folders/9k/gp4ckb6n1wd80tfd822vr6j80000gp/T/rustdoctest0PgpA3/rust_out.
ELF Entry @ 0x80000000
FAILURE: 1

stderr:
tohost located at 0x8002bd88

test library/core/src/sync/atomic.rs - sync::atomic::AtomicI8::get_mut_slice (line 2811) ... FAILED
test library/core/src/sync/atomic.rs - sync::atomic::AtomicI8::into_inner (line 2886) ... ok
test library/core/src/sync/atomic.rs - sync::atomic::AtomicI8::load (line 2910) ... ok
test library/core/src/sync/atomic.rs - sync::atomic::AtomicI8::new (line 2676) ... ok
test library/core/src/sync/atomic.rs - sync::atomic::AtomicI8::store (line 2936) ... ok
test library/core/src/sync/atomic.rs - sync::atomic::AtomicI8::swap (line 2965) ... ok
test library/core/src/sync/atomic.rs - sync::atomic::AtomicI8::try_update (line 3487) ... ok
test library/core/src/sync/atomic.rs - sync::atomic::AtomicI8::update (line 3550) ... ok
test library/core/src/sync/atomic.rs - sync::atomic::AtomicIsize::as_ptr (line 3685) ... ignored
test library/core/src/sync/atomic.rs - sync::atomic::AtomicIsize::compare_and_swap (line 3022) ... ok
test library/core/src/sync/atomic.rs - sync::atomic::AtomicIsize::compare_exchange (line 3075) ... ok
test library/core/src/sync/atomic.rs - sync::atomic::AtomicIsize::compare_exchange_weak (line 3142) ... ok
test library/core/src/sync/atomic.rs - sync::atomic::AtomicIsize::fetch_add (line 3200) ... ok
test library/core/src/sync/atomic.rs - sync::atomic::AtomicIsize::fetch_and (line 3265) ... ok
test library/core/src/sync/atomic.rs - sync::atomic::AtomicIsize::fetch_max (line 3596) ... ok
test library/core/src/sync/atomic.rs - sync::atomic::AtomicIsize::fetch_max (line 3606) ... ok
test library/core/src/sync/atomic.rs - sync::atomic::AtomicIsize::fetch_min (line 3641) ... ok
test library/core/src/sync/atomic.rs - sync::atomic::AtomicIsize::fetch_min (line 3653) ... ok
error: linking with `./cheri/linker.sh` failed: exit status: 255
  |
  = note:  "./cheri/linker.sh" "-flavor" "gnu" "/var/folders/9k/gp4ckb6n1wd80tfd822vr6j80000gp/T/rustcSJk63C/symbols.o" "<2 object files omitted>" "--as-needed" "-Bstatic" "<sysroot>/lib/rustlib/riscv32cheriot-unknown-cheriotrtos/lib/{libpanic_abort-*,libstd-*,libcfg_if-*,librustc_demangle-*,libstd_detect-*,libhashbrown-*,librustc_std_workspace_alloc-*,libminiz_oxide-*,libadler2-*,libunwind-*,liblibc-*,librustc_std_workspace_core-*,liballoc-*,libcore-*,libcompiler_builtins-*}.rlib" "-L" "/var/folders/9k/gp4ckb6n1wd80tfd822vr6j80000gp/T/rustcSJk63C/raw-dylibs" "-Bdynamic" "-z" "noexecstack" "-L" "<sysroot>/lib/rustlib/riscv32cheriot-unknown-cheriotrtos/lib/self-contained" "-o" "/var/folders/9k/gp4ckb6n1wd80tfd822vr6j80000gp/T/rustdoctestGnKiZZ/rust_out" "--gc-sections" "-static"
  = note: some arguments are omitted. use `--verbose` to show all linker arguments
  = note: Remapping priority of thread 1 from 1 to 0
          Enabling sub-object bounds for cheriot.allocator
          Enabling sub-object bounds for cheriot.loader
          Enabling sub-object bounds for test_fw.scheduler
          Patched board file will be saved as "/Users/jacob/CHERIoT/rust/cheri/doctests/build/board.json"
          [ 93%]: linking compartment test_runner.compartment
          [ 93%]: linking firmware build/cheriot/cheriot/release/test_fw
          error: ld.lld: error: undefined symbol: __library_export_libcalls___atomic_fetch_nand_4
          >>> referenced by compiler_builtins.f5786da9a5584453-cgu.112
          >>>               build/cheriot/cheriot/release/test_runner.compartment:()
          >>> did you mean: __library_export_libcalls___atomic_fetch_and_4
          >>> defined in: build/cheriot/cheriot/release/atomic4.library
          
          warning: $(buildir) has been deprecated, please use $(builddir)
          

error: aborting due to 1 previous error

Couldn't compile the test.test library/core/src/sync/atomic.rs - sync::atomic::AtomicIsize::fetch_nand (line 3299) ... FAILED
test library/core/src/sync/atomic.rs - sync::atomic::AtomicIsize::fetch_or (line 3333) ... ok
test library/core/src/sync/atomic.rs - sync::atomic::AtomicIsize::fetch_sub (line 3231) ... ok
test library/core/src/sync/atomic.rs - sync::atomic::AtomicIsize::fetch_update (line 3420) ... ok
test library/core/src/sync/atomic.rs - sync::atomic::AtomicIsize::fetch_xor (line 3367) ... ok
test library/core/src/sync/atomic.rs - sync::atomic::AtomicIsize::from_mut (line 2776) ... ok
Test executable failed (exit status: 1).

stdout:

thread 'main' (1) panicked at /Users/jacob/CHERIoT/rust/library/std/src/thread/scoped.rs:203:46:
failed to spawn thread: Error { kind: Unsupported, message: "operation not supported on this platform" }
note: run with `RUST_BACKTRACE=1` environment variable to display a backtrace
[35mError handler[0m: Unhandled error 0x2 at 0x80015a78 (v:0 0x8000e200-0x80029200 l:0x1b000 o:0x0 p: G R-cgm- X- ---)
Running file /var/folders/9k/gp4ckb6n1wd80tfd822vr6j80000gp/T/rustdoctestrMT3fx/rust_out.
ELF Entry @ 0x80000000
FAILURE: 1

stderr:
tohost located at 0x8002ba88

test library/core/src/sync/atomic.rs - sync::atomic::AtomicIsize::from_mut_slice (line 2846) ... FAILED
test library/core/src/sync/atomic.rs - sync::atomic::AtomicIsize::from_ptr (line 2693) ... ok
test library/core/src/sync/atomic.rs - sync::atomic::AtomicIsize::get_mut (line 2756) ... ok
Test executable failed (exit status: 1).

stdout:

thread 'main' (1) panicked at /Users/jacob/CHERIoT/rust/library/std/src/thread/scoped.rs:203:46:
failed to spawn thread: Error { kind: Unsupported, message: "operation not supported on this platform" }
note: run with `RUST_BACKTRACE=1` environment variable to display a backtrace
[35mError handler[0m: Unhandled error 0x2 at 0x80015caa (v:0 0x8000e200-0x80029400 l:0x1b200 o:0x0 p: G R-cgm- X- ---)
Running file /var/folders/9k/gp4ckb6n1wd80tfd822vr6j80000gp/T/rustdoctest6X9RQS/rust_out.
ELF Entry @ 0x80000000
FAILURE: 1

stderr:
tohost located at 0x8002bc88

test library/core/src/sync/atomic.rs - sync::atomic::AtomicIsize::get_mut_slice (line 2811) ... FAILED
test library/core/src/sync/atomic.rs - sync::atomic::AtomicIsize::into_inner (line 2886) ... ok
test library/core/src/sync/atomic.rs - sync::atomic::AtomicIsize::load (line 2910) ... ok
test library/core/src/sync/atomic.rs - sync::atomic::AtomicIsize::new (line 2676) ... ok
test library/core/src/sync/atomic.rs - sync::atomic::AtomicIsize::store (line 2936) ... ok
test library/core/src/sync/atomic.rs - sync::atomic::AtomicIsize::swap (line 2965) ... ok
test library/core/src/sync/atomic.rs - sync::atomic::AtomicIsize::try_update (line 3487) ... ok
test library/core/src/sync/atomic.rs - sync::atomic::AtomicIsize::update (line 3550) ... ok
test library/core/src/sync/atomic.rs - sync::atomic::AtomicPtr<T>::as_ptr (line 2526) ... ignored
test library/core/src/sync/atomic.rs - sync::atomic::AtomicPtr<T>::compare_and_swap (line 1833) ... ok
test library/core/src/sync/atomic.rs - sync::atomic::AtomicPtr<T>::compare_exchange (line 1877) ... ok
test library/core/src/sync/atomic.rs - sync::atomic::AtomicPtr<T>::compare_exchange_weak (line 1938) ... ok
test library/core/src/sync/atomic.rs - sync::atomic::AtomicPtr<T>::fetch_and (line 2442) ... ok
test library/core/src/sync/atomic.rs - sync::atomic::AtomicPtr<T>::fetch_byte_add (line 2309) ... ok
test library/core/src/sync/atomic.rs - sync::atomic::AtomicPtr<T>::fetch_byte_sub (line 2345) ... ok
test library/core/src/sync/atomic.rs - sync::atomic::AtomicPtr<T>::fetch_or (line 2391) ... ok
test library/core/src/sync/atomic.rs - sync::atomic::AtomicPtr<T>::fetch_ptr_add (line 2229) ... ok
test library/core/src/sync/atomic.rs - sync::atomic::AtomicPtr<T>::fetch_ptr_sub (line 2270) ... ok
test library/core/src/sync/atomic.rs - sync::atomic::AtomicPtr<T>::fetch_update (line 2022) ... ok
test library/core/src/sync/atomic.rs - sync::atomic::AtomicPtr<T>::fetch_xor (line 2492) ... ok
test library/core/src/sync/atomic.rs - sync::atomic::AtomicPtr<T>::from_mut (line 1581) ... ok
Test executable failed (exit status: 1).

stdout:

thread 'main' (1) panicked at /Users/jacob/CHERIoT/rust/library/std/src/thread/scoped.rs:203:46:
failed to spawn thread: Error { kind: Unsupported, message: "operation not supported on this platform" }
note: run with `RUST_BACKTRACE=1` environment variable to display a backtrace
[35mError handler[0m: Unhandled error 0x2 at 0x80017048 (v:0 0x8000e200-0x8002d400 l:0x1f200 o:0x0 p: G R-cgm- X- ---)
Running file /var/folders/9k/gp4ckb6n1wd80tfd822vr6j80000gp/T/rustdoctestYOw0Uc/rust_out.
ELF Entry @ 0x80000000
FAILURE: 1

stderr:
tohost located at 0x8002fc88

test library/core/src/sync/atomic.rs - sync::atomic::AtomicPtr<T>::from_mut_slice (line 1650) ... FAILED
test library/core/src/sync/atomic.rs - sync::atomic::AtomicPtr<T>::from_ptr (line 1510) ... ok
test library/core/src/sync/atomic.rs - sync::atomic::AtomicPtr<T>::get_mut (line 1560) ... ok
Test executable failed (exit status: 1).

stdout:

thread 'main' (1) panicked at /Users/jacob/CHERIoT/rust/library/std/src/thread/scoped.rs:203:46:
failed to spawn thread: Error { kind: Unsupported, message: "operation not supported on this platform" }
note: run with `RUST_BACKTRACE=1` environment variable to display a backtrace
[35mError handler[0m: Unhandled error 0x2 at 0x800174f6 (v:0 0x8000e200-0x8002da00 l:0x1f800 o:0x0 p: G R-cgm- X- ---)
Running file /var/folders/9k/gp4ckb6n1wd80tfd822vr6j80000gp/T/rustdoctestvXt8bx/rust_out.
ELF Entry @ 0x80000000
FAILURE: 1

stderr:
tohost located at 0x80030288

test library/core/src/sync/atomic.rs - sync::atomic::AtomicPtr<T>::get_mut_slice (line 1611) ... FAILED
Test executable failed (exit status: 1).

stdout:
[35mError handler[0m: TagViolation(0x2) error at 0x8000eb7c (v:0 0x8000e200-0x8001e900 l:0x10700 o:0x0 p: G R-cgm- X- ---) (return address: 0x8000eb4a (v:1 0x8000e200-0x8001e900 l:0x10700 o:0x5 p: G R-cgm- X- ---)), with capability register CA0(0xa): 0x8002103c (v:0 0x8002103c-0x80021040 l:0x4 o:0x0 p: - RWcgml -- ---)
Running file /var/folders/9k/gp4ckb6n1wd80tfd822vr6j80000gp/T/rustdoctestbNMK7g/rust_out.
ELF Entry @ 0x80000000
FAILURE: 1

stderr:
tohost located at 0x80021188

test library/core/src/sync/atomic.rs - sync::atomic::AtomicPtr<T>::into_inner (line 1689) ... FAILED
test library/core/src/sync/atomic.rs - sync::atomic::AtomicPtr<T>::load (line 1714) ... ok
test library/core/src/sync/atomic.rs - sync::atomic::AtomicPtr<T>::new (line 1493) ... ok
test library/core/src/sync/atomic.rs - sync::atomic::AtomicPtr<T>::store (line 1741) ... ok
test library/core/src/sync/atomic.rs - sync::atomic::AtomicPtr<T>::swap (line 1774) ... ok
test library/core/src/sync/atomic.rs - sync::atomic::AtomicPtr<T>::try_update (line 2102) ... ok
test library/core/src/sync/atomic.rs - sync::atomic::AtomicPtr<T>::update (line 2172) ... ok
test library/core/src/sync/atomic.rs - sync::atomic::AtomicU16::as_ptr (line 3685) ... ignored
test library/core/src/sync/atomic.rs - sync::atomic::AtomicU16::compare_and_swap (line 3022) ... ok
test library/core/src/sync/atomic.rs - sync::atomic::AtomicU16::compare_exchange (line 3075) ... ok
test library/core/src/sync/atomic.rs - sync::atomic::AtomicU16::compare_exchange_weak (line 3142) ... ok
test library/core/src/sync/atomic.rs - sync::atomic::AtomicU16::fetch_add (line 3200) ... ok
test library/core/src/sync/atomic.rs - sync::atomic::AtomicU16::fetch_and (line 3265) ... ok
test library/core/src/sync/atomic.rs - sync::atomic::AtomicU16::fetch_max (line 3596) ... ok
test library/core/src/sync/atomic.rs - sync::atomic::AtomicU16::fetch_max (line 3606) ... ok
test library/core/src/sync/atomic.rs - sync::atomic::AtomicU16::fetch_min (line 3641) ... ok
test library/core/src/sync/atomic.rs - sync::atomic::AtomicU16::fetch_min (line 3653) ... ok
error: linking with `./cheri/linker.sh` failed: exit status: 255
  |
  = note:  "./cheri/linker.sh" "-flavor" "gnu" "/var/folders/9k/gp4ckb6n1wd80tfd822vr6j80000gp/T/rustcSBdx6P/symbols.o" "<2 object files omitted>" "--as-needed" "-Bstatic" "<sysroot>/lib/rustlib/riscv32cheriot-unknown-cheriotrtos/lib/{libpanic_abort-*,libstd-*,libcfg_if-*,librustc_demangle-*,libstd_detect-*,libhashbrown-*,librustc_std_workspace_alloc-*,libminiz_oxide-*,libadler2-*,libunwind-*,liblibc-*,librustc_std_workspace_core-*,liballoc-*,libcore-*,libcompiler_builtins-*}.rlib" "-L" "/var/folders/9k/gp4ckb6n1wd80tfd822vr6j80000gp/T/rustcSBdx6P/raw-dylibs" "-Bdynamic" "-z" "noexecstack" "-L" "<sysroot>/lib/rustlib/riscv32cheriot-unknown-cheriotrtos/lib/self-contained" "-o" "/var/folders/9k/gp4ckb6n1wd80tfd822vr6j80000gp/T/rustdoctestK67W8E/rust_out" "--gc-sections" "-static"
  = note: some arguments are omitted. use `--verbose` to show all linker arguments
  = note: Remapping priority of thread 1 from 1 to 0
          Enabling sub-object bounds for cheriot.allocator
          Enabling sub-object bounds for cheriot.loader
          Enabling sub-object bounds for test_fw.scheduler
          Patched board file will be saved as "/Users/jacob/CHERIoT/rust/cheri/doctests/build/board.json"
          [ 93%]: linking compartment test_runner.compartment
          [ 93%]: linking firmware build/cheriot/cheriot/release/test_fw
          error: ld.lld: error: undefined symbol: __library_export_libcalls___atomic_fetch_nand_2
          >>> referenced by compiler_builtins.f5786da9a5584453-cgu.112
          >>>               build/cheriot/cheriot/release/test_runner.compartment:()
          >>> did you mean: __library_export_libcalls___atomic_fetch_and_2
          >>> defined in: build/cheriot/cheriot/release/atomic2.library
          
          warning: $(buildir) has been deprecated, please use $(builddir)
          

error: aborting due to 1 previous error

Couldn't compile the test.test library/core/src/sync/atomic.rs - sync::atomic::AtomicU16::fetch_nand (line 3299) ... FAILED
test library/core/src/sync/atomic.rs - sync::atomic::AtomicU16::fetch_or (line 3333) ... ok
test library/core/src/sync/atomic.rs - sync::atomic::AtomicU16::fetch_sub (line 3231) ... ok
test library/core/src/sync/atomic.rs - sync::atomic::AtomicU16::fetch_update (line 3420) ... ok
test library/core/src/sync/atomic.rs - sync::atomic::AtomicU16::fetch_xor (line 3367) ... ok
test library/core/src/sync/atomic.rs - sync::atomic::AtomicU16::from_mut (line 2776) ... ok
Test executable failed (exit status: 1).

stdout:

thread 'main' (1) panicked at /Users/jacob/CHERIoT/rust/library/std/src/thread/scoped.rs:203:46:
failed to spawn thread: Error { kind: Unsupported, message: "operation not supported on this platform" }
note: run with `RUST_BACKTRACE=1` environment variable to display a backtrace
[35mError handler[0m: Unhandled error 0x2 at 0x80015a84 (v:0 0x8000e200-0x80029200 l:0x1b000 o:0x0 p: G R-cgm- X- ---)
Running file /var/folders/9k/gp4ckb6n1wd80tfd822vr6j80000gp/T/rustdoctestG4cfmo/rust_out.
ELF Entry @ 0x80000000
FAILURE: 1

stderr:
tohost located at 0x8002ba88

test library/core/src/sync/atomic.rs - sync::atomic::AtomicU16::from_mut_slice (line 2846) ... FAILED
test library/core/src/sync/atomic.rs - sync::atomic::AtomicU16::from_ptr (line 2693) ... ok
test library/core/src/sync/atomic.rs - sync::atomic::AtomicU16::get_mut (line 2756) ... ok
Test executable failed (exit status: 1).

stdout:

thread 'main' (1) panicked at /Users/jacob/CHERIoT/rust/library/std/src/thread/scoped.rs:203:46:
failed to spawn thread: Error { kind: Unsupported, message: "operation not supported on this platform" }
note: run with `RUST_BACKTRACE=1` environment variable to display a backtrace
[35mError handler[0m: Unhandled error 0x2 at 0x80015d02 (v:0 0x8000e200-0x80029700 l:0x1b500 o:0x0 p: G R-cgm- X- ---)
Running file /var/folders/9k/gp4ckb6n1wd80tfd822vr6j80000gp/T/rustdoctest74TNBF/rust_out.
ELF Entry @ 0x80000000
FAILURE: 1

stderr:
tohost located at 0x8002bf88

test library/core/src/sync/atomic.rs - sync::atomic::AtomicU16::get_mut_slice (line 2811) ... FAILED
test library/core/src/sync/atomic.rs - sync::atomic::AtomicU16::into_inner (line 2886) ... ok
test library/core/src/sync/atomic.rs - sync::atomic::AtomicU16::load (line 2910) ... ok
test library/core/src/sync/atomic.rs - sync::atomic::AtomicU16::new (line 2676) ... ok
test library/core/src/sync/atomic.rs - sync::atomic::AtomicU16::store (line 2936) ... ok
test library/core/src/sync/atomic.rs - sync::atomic::AtomicU16::swap (line 2965) ... ok
test library/core/src/sync/atomic.rs - sync::atomic::AtomicU16::try_update (line 3487) ... ok
test library/core/src/sync/atomic.rs - sync::atomic::AtomicU16::update (line 3550) ... ok
test library/core/src/sync/atomic.rs - sync::atomic::AtomicU32::as_ptr (line 3685) ... ignored
test library/core/src/sync/atomic.rs - sync::atomic::AtomicU32::compare_and_swap (line 3022) ... ok
test library/core/src/sync/atomic.rs - sync::atomic::AtomicU32::compare_exchange (line 3075) ... ok
test library/core/src/sync/atomic.rs - sync::atomic::AtomicU32::compare_exchange_weak (line 3142) ... ok
test library/core/src/sync/atomic.rs - sync::atomic::AtomicU32::fetch_add (line 3200) ... ok
test library/core/src/sync/atomic.rs - sync::atomic::AtomicU32::fetch_and (line 3265) ... ok
test library/core/src/sync/atomic.rs - sync::atomic::AtomicU32::fetch_max (line 3596) ... ok
test library/core/src/sync/atomic.rs - sync::atomic::AtomicU32::fetch_max (line 3606) ... ok
test library/core/src/sync/atomic.rs - sync::atomic::AtomicU32::fetch_min (line 3641) ... ok
test library/core/src/sync/atomic.rs - sync::atomic::AtomicU32::fetch_min (line 3653) ... ok
error: linking with `./cheri/linker.sh` failed: exit status: 255
  |
  = note:  "./cheri/linker.sh" "-flavor" "gnu" "/var/folders/9k/gp4ckb6n1wd80tfd822vr6j80000gp/T/rustcx89wbr/symbols.o" "<2 object files omitted>" "--as-needed" "-Bstatic" "<sysroot>/lib/rustlib/riscv32cheriot-unknown-cheriotrtos/lib/{libpanic_abort-*,libstd-*,libcfg_if-*,librustc_demangle-*,libstd_detect-*,libhashbrown-*,librustc_std_workspace_alloc-*,libminiz_oxide-*,libadler2-*,libunwind-*,liblibc-*,librustc_std_workspace_core-*,liballoc-*,libcore-*,libcompiler_builtins-*}.rlib" "-L" "/var/folders/9k/gp4ckb6n1wd80tfd822vr6j80000gp/T/rustcx89wbr/raw-dylibs" "-Bdynamic" "-z" "noexecstack" "-L" "<sysroot>/lib/rustlib/riscv32cheriot-unknown-cheriotrtos/lib/self-contained" "-o" "/var/folders/9k/gp4ckb6n1wd80tfd822vr6j80000gp/T/rustdoctest9p05Lv/rust_out" "--gc-sections" "-static"
  = note: some arguments are omitted. use `--verbose` to show all linker arguments
  = note: Remapping priority of thread 1 from 1 to 0
          Enabling sub-object bounds for cheriot.allocator
          Enabling sub-object bounds for cheriot.loader
          Enabling sub-object bounds for test_fw.scheduler
          Patched board file will be saved as "/Users/jacob/CHERIoT/rust/cheri/doctests/build/board.json"
          [ 93%]: linking compartment test_runner.compartment
          [ 93%]: linking firmware build/cheriot/cheriot/release/test_fw
          error: ld.lld: error: undefined symbol: __library_export_libcalls___atomic_fetch_nand_4
          >>> referenced by compiler_builtins.f5786da9a5584453-cgu.112
          >>>               build/cheriot/cheriot/release/test_runner.compartment:()
          >>> did you mean: __library_export_libcalls___atomic_fetch_and_4
          >>> defined in: build/cheriot/cheriot/release/atomic4.library
          
          warning: $(buildir) has been deprecated, please use $(builddir)
          

error: aborting due to 1 previous error

Couldn't compile the test.test library/core/src/sync/atomic.rs - sync::atomic::AtomicU32::fetch_nand (line 3299) ... FAILED
test library/core/src/sync/atomic.rs - sync::atomic::AtomicU32::fetch_or (line 3333) ... ok
test library/core/src/sync/atomic.rs - sync::atomic::AtomicU32::fetch_sub (line 3231) ... ok
test library/core/src/sync/atomic.rs - sync::atomic::AtomicU32::fetch_update (line 3420) ... ok
test library/core/src/sync/atomic.rs - sync::atomic::AtomicU32::fetch_xor (line 3367) ... ok
test library/core/src/sync/atomic.rs - sync::atomic::AtomicU32::from_mut (line 2776) ... ok
Test executable failed (exit status: 1).

stdout:

thread 'main' (1) panicked at /Users/jacob/CHERIoT/rust/library/std/src/thread/scoped.rs:203:46:
failed to spawn thread: Error { kind: Unsupported, message: "operation not supported on this platform" }
note: run with `RUST_BACKTRACE=1` environment variable to display a backtrace
[35mError handler[0m: Unhandled error 0x2 at 0x80015a78 (v:0 0x8000e200-0x80029200 l:0x1b000 o:0x0 p: G R-cgm- X- ---)
Running file /var/folders/9k/gp4ckb6n1wd80tfd822vr6j80000gp/T/rustdoctestPAWAhE/rust_out.
ELF Entry @ 0x80000000
FAILURE: 1

stderr:
tohost located at 0x8002ba88

test library/core/src/sync/atomic.rs - sync::atomic::AtomicU32::from_mut_slice (line 2846) ... FAILED
test library/core/src/sync/atomic.rs - sync::atomic::AtomicU32::from_ptr (line 2693) ... ok
test library/core/src/sync/atomic.rs - sync::atomic::AtomicU32::get_mut (line 2756) ... ok
Test executable failed (exit status: 1).

stdout:

thread 'main' (1) panicked at /Users/jacob/CHERIoT/rust/library/std/src/thread/scoped.rs:203:46:
failed to spawn thread: Error { kind: Unsupported, message: "operation not supported on this platform" }
note: run with `RUST_BACKTRACE=1` environment variable to display a backtrace
[35mError handler[0m: Unhandled error 0x2 at 0x80015caa (v:0 0x8000e200-0x80029300 l:0x1b100 o:0x0 p: G R-cgm- X- ---)
Running file /var/folders/9k/gp4ckb6n1wd80tfd822vr6j80000gp/T/rustdoctestK3kULB/rust_out.
ELF Entry @ 0x80000000
FAILURE: 1

stderr:
tohost located at 0x8002bb88

test library/core/src/sync/atomic.rs - sync::atomic::AtomicU32::get_mut_slice (line 2811) ... FAILED
test library/core/src/sync/atomic.rs - sync::atomic::AtomicU32::into_inner (line 2886) ... ok
test library/core/src/sync/atomic.rs - sync::atomic::AtomicU32::load (line 2910) ... ok
test library/core/src/sync/atomic.rs - sync::atomic::AtomicU32::new (line 2676) ... ok
test library/core/src/sync/atomic.rs - sync::atomic::AtomicU32::store (line 2936) ... ok
test library/core/src/sync/atomic.rs - sync::atomic::AtomicU32::swap (line 2965) ... ok
test library/core/src/sync/atomic.rs - sync::atomic::AtomicU32::try_update (line 3487) ... ok
test library/core/src/sync/atomic.rs - sync::atomic::AtomicU32::update (line 3550) ... ok
test library/core/src/sync/atomic.rs - sync::atomic::AtomicU64::as_ptr (line 3685) ... ignored
test library/core/src/sync/atomic.rs - sync::atomic::AtomicU64::compare_and_swap (line 3022) ... ok
test library/core/src/sync/atomic.rs - sync::atomic::AtomicU64::compare_exchange (line 3075) ... ok
test library/core/src/sync/atomic.rs - sync::atomic::AtomicU64::compare_exchange_weak (line 3142) ... ok
test library/core/src/sync/atomic.rs - sync::atomic::AtomicU64::fetch_add (line 3200) ... ok
test library/core/src/sync/atomic.rs - sync::atomic::AtomicU64::fetch_and (line 3265) ... ok
test library/core/src/sync/atomic.rs - sync::atomic::AtomicU64::fetch_max (line 3596) ... ok
test library/core/src/sync/atomic.rs - sync::atomic::AtomicU64::fetch_max (line 3606) ... ok
test library/core/src/sync/atomic.rs - sync::atomic::AtomicU64::fetch_min (line 3641) ... ok
test library/core/src/sync/atomic.rs - sync::atomic::AtomicU64::fetch_min (line 3653) ... ok
error: linking with `./cheri/linker.sh` failed: exit status: 255
  |
  = note:  "./cheri/linker.sh" "-flavor" "gnu" "/var/folders/9k/gp4ckb6n1wd80tfd822vr6j80000gp/T/rustct74Ena/symbols.o" "<2 object files omitted>" "--as-needed" "-Bstatic" "<sysroot>/lib/rustlib/riscv32cheriot-unknown-cheriotrtos/lib/{libpanic_abort-*,libstd-*,libcfg_if-*,librustc_demangle-*,libstd_detect-*,libhashbrown-*,librustc_std_workspace_alloc-*,libminiz_oxide-*,libadler2-*,libunwind-*,liblibc-*,librustc_std_workspace_core-*,liballoc-*,libcore-*,libcompiler_builtins-*}.rlib" "-L" "/var/folders/9k/gp4ckb6n1wd80tfd822vr6j80000gp/T/rustct74Ena/raw-dylibs" "-Bdynamic" "-z" "noexecstack" "-L" "<sysroot>/lib/rustlib/riscv32cheriot-unknown-cheriotrtos/lib/self-contained" "-o" "/var/folders/9k/gp4ckb6n1wd80tfd822vr6j80000gp/T/rustdoctestbMJFOB/rust_out" "--gc-sections" "-static"
  = note: some arguments are omitted. use `--verbose` to show all linker arguments
  = note: Remapping priority of thread 1 from 1 to 0
          Enabling sub-object bounds for cheriot.allocator
          Enabling sub-object bounds for cheriot.loader
          Enabling sub-object bounds for test_fw.scheduler
          Patched board file will be saved as "/Users/jacob/CHERIoT/rust/cheri/doctests/build/board.json"
          [ 93%]: linking compartment test_runner.compartment
          [ 93%]: linking firmware build/cheriot/cheriot/release/test_fw
          error: ld.lld: error: undefined symbol: __library_export_libcalls___atomic_fetch_nand_8
          >>> referenced by compiler_builtins.f5786da9a5584453-cgu.112
          >>>               build/cheriot/cheriot/release/test_runner.compartment:()
          >>> did you mean: __library_export_libcalls___atomic_fetch_and_8
          >>> defined in: build/cheriot/cheriot/release/atomic8.library
          
          warning: $(buildir) has been deprecated, please use $(builddir)
          

error: aborting due to 1 previous error

Couldn't compile the test.test library/core/src/sync/atomic.rs - sync::atomic::AtomicU64::fetch_nand (line 3299) ... FAILED
test library/core/src/sync/atomic.rs - sync::atomic::AtomicU64::fetch_or (line 3333) ... ok
test library/core/src/sync/atomic.rs - sync::atomic::AtomicU64::fetch_sub (line 3231) ... ok
test library/core/src/sync/atomic.rs - sync::atomic::AtomicU64::fetch_update (line 3420) ... ok
test library/core/src/sync/atomic.rs - sync::atomic::AtomicU64::fetch_xor (line 3367) ... ok
test library/core/src/sync/atomic.rs - sync::atomic::AtomicU64::from_mut (line 2776) ... ok
Test executable failed (exit status: 1).

stdout:

thread 'main' (1) panicked at /Users/jacob/CHERIoT/rust/library/std/src/thread/scoped.rs:203:46:
failed to spawn thread: Error { kind: Unsupported, message: "operation not supported on this platform" }
note: run with `RUST_BACKTRACE=1` environment variable to display a backtrace
[35mError handler[0m: Unhandled error 0x2 at 0x80015ac8 (v:0 0x8000e200-0x80029300 l:0x1b100 o:0x0 p: G R-cgm- X- ---)
Running file /var/folders/9k/gp4ckb6n1wd80tfd822vr6j80000gp/T/rustdoctestXeGWsF/rust_out.
ELF Entry @ 0x80000000
FAILURE: 1

stderr:
tohost located at 0x8002bb88

test library/core/src/sync/atomic.rs - sync::atomic::AtomicU64::from_mut_slice (line 2846) ... FAILED
test library/core/src/sync/atomic.rs - sync::atomic::AtomicU64::from_ptr (line 2693) ... ok
test library/core/src/sync/atomic.rs - sync::atomic::AtomicU64::get_mut (line 2756) ... ok
Test executable failed (exit status: 1).

stdout:

thread 'main' (1) panicked at /Users/jacob/CHERIoT/rust/library/std/src/thread/scoped.rs:203:46:
failed to spawn thread: Error { kind: Unsupported, message: "operation not supported on this platform" }
note: run with `RUST_BACKTRACE=1` environment variable to display a backtrace
[35mError handler[0m: Unhandled error 0x2 at 0x80015ccc (v:0 0x8000e200-0x80029900 l:0x1b700 o:0x0 p: G R-cgm- X- ---)
Running file /var/folders/9k/gp4ckb6n1wd80tfd822vr6j80000gp/T/rustdoctestffDe9U/rust_out.
ELF Entry @ 0x80000000
FAILURE: 1

stderr:
tohost located at 0x8002c188

test library/core/src/sync/atomic.rs - sync::atomic::AtomicU64::get_mut_slice (line 2811) ... FAILED
test library/core/src/sync/atomic.rs - sync::atomic::AtomicU64::into_inner (line 2886) ... ok
test library/core/src/sync/atomic.rs - sync::atomic::AtomicU64::load (line 2910) ... ok
test library/core/src/sync/atomic.rs - sync::atomic::AtomicU64::new (line 2676) ... ok
test library/core/src/sync/atomic.rs - sync::atomic::AtomicU64::store (line 2936) ... ok
test library/core/src/sync/atomic.rs - sync::atomic::AtomicU64::swap (line 2965) ... ok
test library/core/src/sync/atomic.rs - sync::atomic::AtomicU64::try_update (line 3487) ... ok
test library/core/src/sync/atomic.rs - sync::atomic::AtomicU64::update (line 3550) ... ok
test library/core/src/sync/atomic.rs - sync::atomic::AtomicU8::as_ptr (line 3685) ... ignored
test library/core/src/sync/atomic.rs - sync::atomic::AtomicU8::compare_and_swap (line 3022) ... ok
test library/core/src/sync/atomic.rs - sync::atomic::AtomicU8::compare_exchange (line 3075) ... ok
test library/core/src/sync/atomic.rs - sync::atomic::AtomicU8::compare_exchange_weak (line 3142) ... ok
test library/core/src/sync/atomic.rs - sync::atomic::AtomicU8::fetch_add (line 3200) ... ok
test library/core/src/sync/atomic.rs - sync::atomic::AtomicU8::fetch_and (line 3265) ... ok
test library/core/src/sync/atomic.rs - sync::atomic::AtomicU8::fetch_max (line 3596) ... ok
test library/core/src/sync/atomic.rs - sync::atomic::AtomicU8::fetch_max (line 3606) ... ok
test library/core/src/sync/atomic.rs - sync::atomic::AtomicU8::fetch_min (line 3641) ... ok
test library/core/src/sync/atomic.rs - sync::atomic::AtomicU8::fetch_min (line 3653) ... ok
error: linking with `./cheri/linker.sh` failed: exit status: 255
  |
  = note:  "./cheri/linker.sh" "-flavor" "gnu" "/var/folders/9k/gp4ckb6n1wd80tfd822vr6j80000gp/T/rustcI96QrL/symbols.o" "<2 object files omitted>" "--as-needed" "-Bstatic" "<sysroot>/lib/rustlib/riscv32cheriot-unknown-cheriotrtos/lib/{libpanic_abort-*,libstd-*,libcfg_if-*,librustc_demangle-*,libstd_detect-*,libhashbrown-*,librustc_std_workspace_alloc-*,libminiz_oxide-*,libadler2-*,libunwind-*,liblibc-*,librustc_std_workspace_core-*,liballoc-*,libcore-*,libcompiler_builtins-*}.rlib" "-L" "/var/folders/9k/gp4ckb6n1wd80tfd822vr6j80000gp/T/rustcI96QrL/raw-dylibs" "-Bdynamic" "-z" "noexecstack" "-L" "<sysroot>/lib/rustlib/riscv32cheriot-unknown-cheriotrtos/lib/self-contained" "-o" "/var/folders/9k/gp4ckb6n1wd80tfd822vr6j80000gp/T/rustdoctestvoffeg/rust_out" "--gc-sections" "-static"
  = note: some arguments are omitted. use `--verbose` to show all linker arguments
  = note: Remapping priority of thread 1 from 1 to 0
          Enabling sub-object bounds for cheriot.allocator
          Enabling sub-object bounds for cheriot.loader
          Enabling sub-object bounds for test_fw.scheduler
          Patched board file will be saved as "/Users/jacob/CHERIoT/rust/cheri/doctests/build/board.json"
          [ 93%]: linking compartment test_runner.compartment
          [ 93%]: linking firmware build/cheriot/cheriot/release/test_fw
          error: ld.lld: error: undefined symbol: __library_export_libcalls___atomic_fetch_nand_1
          >>> referenced by compiler_builtins.f5786da9a5584453-cgu.112
          >>>               build/cheriot/cheriot/release/test_runner.compartment:()
          >>> did you mean: __library_export_libcalls___atomic_fetch_and_1
          >>> defined in: build/cheriot/cheriot/release/atomic1.library
          
          warning: $(buildir) has been deprecated, please use $(builddir)
          

error: aborting due to 1 previous error

Couldn't compile the test.test library/core/src/sync/atomic.rs - sync::atomic::AtomicU8::fetch_nand (line 3299) ... FAILED
test library/core/src/sync/atomic.rs - sync::atomic::AtomicU8::fetch_or (line 3333) ... ok
test library/core/src/sync/atomic.rs - sync::atomic::AtomicU8::fetch_sub (line 3231) ... ok
test library/core/src/sync/atomic.rs - sync::atomic::AtomicU8::fetch_update (line 3420) ... ok
test library/core/src/sync/atomic.rs - sync::atomic::AtomicU8::fetch_xor (line 3367) ... ok
test library/core/src/sync/atomic.rs - sync::atomic::AtomicU8::from_mut (line 2776) ... ok
Test executable failed (exit status: 1).

stdout:

thread 'main' (1) panicked at /Users/jacob/CHERIoT/rust/library/std/src/thread/scoped.rs:203:46:
failed to spawn thread: Error { kind: Unsupported, message: "operation not supported on this platform" }
note: run with `RUST_BACKTRACE=1` environment variable to display a backtrace
[35mError handler[0m: Unhandled error 0x2 at 0x80015a7a (v:0 0x8000e200-0x80029200 l:0x1b000 o:0x0 p: G R-cgm- X- ---)
Running file /var/folders/9k/gp4ckb6n1wd80tfd822vr6j80000gp/T/rustdoctestuu5qmX/rust_out.
ELF Entry @ 0x80000000
FAILURE: 1

stderr:
tohost located at 0x8002ba88

test library/core/src/sync/atomic.rs - sync::atomic::AtomicU8::from_mut_slice (line 2846) ... FAILED
test library/core/src/sync/atomic.rs - sync::atomic::AtomicU8::from_ptr (line 2693) ... ok
test library/core/src/sync/atomic.rs - sync::atomic::AtomicU8::get_mut (line 2756) ... ok
Test executable failed (exit status: 1).

stdout:

thread 'main' (1) panicked at /Users/jacob/CHERIoT/rust/library/std/src/thread/scoped.rs:203:46:
failed to spawn thread: Error { kind: Unsupported, message: "operation not supported on this platform" }
note: run with `RUST_BACKTRACE=1` environment variable to display a backtrace
[35mError handler[0m: Unhandled error 0x2 at 0x80015a66 (v:0 0x8000e200-0x80029400 l:0x1b200 o:0x0 p: G R-cgm- X- ---)
Running file /var/folders/9k/gp4ckb6n1wd80tfd822vr6j80000gp/T/rustdoctestDdOB6O/rust_out.
ELF Entry @ 0x80000000
FAILURE: 1

stderr:
tohost located at 0x8002bc88

test library/core/src/sync/atomic.rs - sync::atomic::AtomicU8::get_mut_slice (line 2811) ... FAILED
test library/core/src/sync/atomic.rs - sync::atomic::AtomicU8::into_inner (line 2886) ... ok
test library/core/src/sync/atomic.rs - sync::atomic::AtomicU8::load (line 2910) ... ok
test library/core/src/sync/atomic.rs - sync::atomic::AtomicU8::new (line 2676) ... ok
test library/core/src/sync/atomic.rs - sync::atomic::AtomicU8::store (line 2936) ... ok
test library/core/src/sync/atomic.rs - sync::atomic::AtomicU8::swap (line 2965) ... ok
test library/core/src/sync/atomic.rs - sync::atomic::AtomicU8::try_update (line 3487) ... ok
test library/core/src/sync/atomic.rs - sync::atomic::AtomicU8::update (line 3550) ... ok
test library/core/src/sync/atomic.rs - sync::atomic::AtomicUsize::as_ptr (line 3685) ... ignored
test library/core/src/sync/atomic.rs - sync::atomic::AtomicUsize::compare_and_swap (line 3022) ... ok
test library/core/src/sync/atomic.rs - sync::atomic::AtomicUsize::compare_exchange (line 3075) ... ok
test library/core/src/sync/atomic.rs - sync::atomic::AtomicUsize::compare_exchange_weak (line 3142) ... ok
test library/core/src/sync/atomic.rs - sync::atomic::AtomicUsize::fetch_add (line 3200) ... ok
test library/core/src/sync/atomic.rs - sync::atomic::AtomicUsize::fetch_and (line 3265) ... ok
test library/core/src/sync/atomic.rs - sync::atomic::AtomicUsize::fetch_max (line 3596) ... ok
test library/core/src/sync/atomic.rs - sync::atomic::AtomicUsize::fetch_max (line 3606) ... ok
test library/core/src/sync/atomic.rs - sync::atomic::AtomicUsize::fetch_min (line 3641) ... ok
test library/core/src/sync/atomic.rs - sync::atomic::AtomicUsize::fetch_min (line 3653) ... ok
error: linking with `./cheri/linker.sh` failed: exit status: 255
  |
  = note:  "./cheri/linker.sh" "-flavor" "gnu" "/var/folders/9k/gp4ckb6n1wd80tfd822vr6j80000gp/T/rustcOC1YuX/symbols.o" "<2 object files omitted>" "--as-needed" "-Bstatic" "<sysroot>/lib/rustlib/riscv32cheriot-unknown-cheriotrtos/lib/{libpanic_abort-*,libstd-*,libcfg_if-*,librustc_demangle-*,libstd_detect-*,libhashbrown-*,librustc_std_workspace_alloc-*,libminiz_oxide-*,libadler2-*,libunwind-*,liblibc-*,librustc_std_workspace_core-*,liballoc-*,libcore-*,libcompiler_builtins-*}.rlib" "-L" "/var/folders/9k/gp4ckb6n1wd80tfd822vr6j80000gp/T/rustcOC1YuX/raw-dylibs" "-Bdynamic" "-z" "noexecstack" "-L" "<sysroot>/lib/rustlib/riscv32cheriot-unknown-cheriotrtos/lib/self-contained" "-o" "/var/folders/9k/gp4ckb6n1wd80tfd822vr6j80000gp/T/rustdoctest5fszHY/rust_out" "--gc-sections" "-static"
  = note: some arguments are omitted. use `--verbose` to show all linker arguments
  = note: Remapping priority of thread 1 from 1 to 0
          Enabling sub-object bounds for cheriot.allocator
          Enabling sub-object bounds for cheriot.loader
          Enabling sub-object bounds for test_fw.scheduler
          Patched board file will be saved as "/Users/jacob/CHERIoT/rust/cheri/doctests/build/board.json"
          [ 93%]: linking compartment test_runner.compartment
          [ 93%]: linking firmware build/cheriot/cheriot/release/test_fw
          error: ld.lld: error: undefined symbol: __library_export_libcalls___atomic_fetch_nand_4
          >>> referenced by compiler_builtins.f5786da9a5584453-cgu.112
          >>>               build/cheriot/cheriot/release/test_runner.compartment:()
          >>> did you mean: __library_export_libcalls___atomic_fetch_and_4
          >>> defined in: build/cheriot/cheriot/release/atomic4.library
          
          warning: $(buildir) has been deprecated, please use $(builddir)
          

error: aborting due to 1 previous error

Couldn't compile the test.test library/core/src/sync/atomic.rs - sync::atomic::AtomicUsize::fetch_nand (line 3299) ... FAILED
test library/core/src/sync/atomic.rs - sync::atomic::AtomicUsize::fetch_or (line 3333) ... ok
test library/core/src/sync/atomic.rs - sync::atomic::AtomicUsize::fetch_sub (line 3231) ... ok
test library/core/src/sync/atomic.rs - sync::atomic::AtomicUsize::fetch_update (line 3420) ... ok
test library/core/src/sync/atomic.rs - sync::atomic::AtomicUsize::fetch_xor (line 3367) ... ok
test library/core/src/sync/atomic.rs - sync::atomic::AtomicUsize::from_mut (line 2776) ... ok
Test executable failed (exit status: 1).

stdout:

thread 'main' (1) panicked at /Users/jacob/CHERIoT/rust/library/std/src/thread/scoped.rs:203:46:
failed to spawn thread: Error { kind: Unsupported, message: "operation not supported on this platform" }
note: run with `RUST_BACKTRACE=1` environment variable to display a backtrace
[35mError handler[0m: Unhandled error 0x2 at 0x8001597a (v:0 0x8000e200-0x80029100 l:0x1af00 o:0x0 p: G R-cgm- X- ---)
Running file /var/folders/9k/gp4ckb6n1wd80tfd822vr6j80000gp/T/rustdoctestCzp5Qi/rust_out.
ELF Entry @ 0x80000000
FAILURE: 1

stderr:
tohost located at 0x8002b988

test library/core/src/sync/atomic.rs - sync::atomic::AtomicUsize::from_mut_slice (line 2846) ... FAILED
test library/core/src/sync/atomic.rs - sync::atomic::AtomicUsize::from_ptr (line 2693) ... ok
test library/core/src/sync/atomic.rs - sync::atomic::AtomicUsize::get_mut (line 2756) ... ok
Test executable failed (exit status: 1).

stdout:

thread 'main' (1) panicked at /Users/jacob/CHERIoT/rust/library/std/src/thread/scoped.rs:203:46:
failed to spawn thread: Error { kind: Unsupported, message: "operation not supported on this platform" }
note: run with `RUST_BACKTRACE=1` environment variable to display a backtrace
[35mError handler[0m: Unhandled error 0x2 at 0x80015bac (v:0 0x8000e200-0x80029300 l:0x1b100 o:0x0 p: G R-cgm- X- ---)
Running file /var/folders/9k/gp4ckb6n1wd80tfd822vr6j80000gp/T/rustdoctestQDqAFW/rust_out.
ELF Entry @ 0x80000000
FAILURE: 1

stderr:
tohost located at 0x8002bb88

test library/core/src/sync/atomic.rs - sync::atomic::AtomicUsize::get_mut_slice (line 2811) ... FAILED
test library/core/src/sync/atomic.rs - sync::atomic::AtomicUsize::into_inner (line 2886) ... ok
test library/core/src/sync/atomic.rs - sync::atomic::AtomicUsize::load (line 2910) ... ok
test library/core/src/sync/atomic.rs - sync::atomic::AtomicUsize::new (line 2676) ... ok
test library/core/src/sync/atomic.rs - sync::atomic::AtomicUsize::store (line 2936) ... ok
test library/core/src/sync/atomic.rs - sync::atomic::AtomicUsize::swap (line 2965) ... ok
test library/core/src/sync/atomic.rs - sync::atomic::AtomicUsize::try_update (line 3487) ... ok
test library/core/src/sync/atomic.rs - sync::atomic::AtomicUsize::update (line 3550) ... ok
test library/core/src/sync/atomic.rs - sync::atomic::compiler_fence (line 4539) ... ok
test library/core/src/sync/atomic.rs - sync::atomic::fence (line 4451) ... ok
error: future cannot be shared between threads safely
  --> library/core/src/sync/exclusive.rs:40:1
   |
40 | / assert_sync(State {
41 | |     future: async {
42 | |         let cell = Cell::new(1);
43 | |         let cell_ref = &cell;
...  |
47 | | });
   | |__^ future created by async block is not `Sync`
   |
   = help: within `State<...>`, the trait `Sync` is not implemented for `Cell<i32>`
   = note: if you want to do aliasing and mutation between multiple threads, use `std::sync::RwLock` or `std::sync::atomic::AtomicI32` instead
note: future is not `Sync` as this value is used across an await
  --> library/core/src/sync/exclusive.rs:44:17
   |
42 |         let cell = Cell::new(1);
   |             ---- has type `Cell<i32>` which is not `Sync`
43 |         let cell_ref = &cell;
44 |         other().await;
   |                 ^^^^^ await occurs here, with `cell` maybe used later
note: required by a bound in `assert_sync`
  --> library/core/src/sync/exclusive.rs:35:19
   |
35 | fn assert_sync<T: Sync>(t: T) {}
   |                   ^^^^ required by this bound in `assert_sync`
   = note: the full name for the type has been written to '/var/folders/9k/gp4ckb6n1wd80tfd822vr6j80000gp/T/rustdoctestgA70zx/rust_out.long-type-17212110352434245447.txt'
   = note: consider using `--verbose` to print the full type name to the console

error: aborting due to 1 previous error

test library/core/src/sync/exclusive.rs - sync::exclusive::Exclusive (line 31) ... ok
test library/core/src/sync/exclusive.rs - sync::exclusive::Exclusive (line 53) ... ok
test library/core/src/task/poll.rs - task::poll::Poll<Option<Result<T,E>>>::map_err (line 196) ... ok
test library/core/src/task/poll.rs - task::poll::Poll<Option<Result<T,E>>>::map_ok (line 166) ... ok
test library/core/src/task/poll.rs - task::poll::Poll<Result<T,E>>::map_err (line 137) ... ok
test library/core/src/task/poll.rs - task::poll::Poll<Result<T,E>>::map_ok (line 109) ... ok
test library/core/src/task/poll.rs - task::poll::Poll<T>::from (line 224) ... ok
test library/core/src/task/poll.rs - task::poll::Poll<T>::is_pending (line 84) ... ok
test library/core/src/task/poll.rs - task::poll::Poll<T>::is_ready (line 63) ... ok
test library/core/src/task/poll.rs - task::poll::Poll<T>::map (line 39) ... ok
test library/core/src/task/ready.rs - task::ready::ready (line 10) ... ok
test library/core/src/task/ready.rs - task::ready::ready (line 29) ... ok
test library/core/src/task/wake.rs - task::wake::ContextBuilder (line 282) ... ok
test library/core/src/task/wake.rs - task::wake::LocalWaker (line 712) ... ok
test library/core/src/task/wake.rs - task::wake::LocalWaker::noop (line 865) ... ok
test library/core/src/task/wake.rs - task::wake::Waker::clone_from (line 630) ... ok
test library/core/src/task/wake.rs - task::wake::Waker::noop (line 550) ... ok
test library/core/src/time.rs - time (line 9) ... ok
test library/core/src/time.rs - time::Duration (line 56) ... ok
test library/core/src/time.rs - time::Duration::MAX (line 162) ... ok
test library/core/src/time.rs - time::Duration::MICROSECOND (line 117) ... ok
test library/core/src/time.rs - time::Duration::MILLISECOND (line 104) ... ok
test library/core/src/time.rs - time::Duration::NANOSECOND (line 130) ... ok
test library/core/src/time.rs - time::Duration::SECOND (line 91) ... ok
test library/core/src/time.rs - time::Duration::ZERO (line 143) ... ok
test library/core/src/time.rs - time::Duration::abs_diff (line 639) ... ok
test library/core/src/time.rs - time::Duration::as_micros (line 602) ... ok
test library/core/src/time.rs - time::Duration::as_millis (line 583) ... ok
test library/core/src/time.rs - time::Duration::as_millis_f32 (line 917) ... ok
test library/core/src/time.rs - time::Duration::as_millis_f64 (line 897) ... ok
test library/core/src/time.rs - time::Duration::as_nanos (line 621) ... ok
test library/core/src/time.rs - time::Duration::as_secs (line 489) ... ok
test library/core/src/time.rs - time::Duration::as_secs_f32 (line 878) ... ok
test library/core/src/time.rs - time::Duration::as_secs_f64 (line 859) ... ok
test library/core/src/time.rs - time::Duration::checked_add (line 659) ... ok
test library/core/src/time.rs - time::Duration::checked_div (line 828) ... ok
test library/core/src/time.rs - time::Duration::checked_mul (line 773) ... ok
test library/core/src/time.rs - time::Duration::checked_sub (line 717) ... ok
test library/core/src/time.rs - time::Duration::div_duration_f32 (line 1117) ... ok
test library/core/src/time.rs - time::Duration::div_duration_f64 (line 1095) ... ok
test library/core/src/time.rs - time::Duration::div_f32 (line 1075) ... ok
test library/core/src/time.rs - time::Duration::div_f64 (line 1054) ... ok
test library/core/src/time.rs - time::Duration::from_days (line 382) ... ok
test library/core/src/time.rs - time::Duration::from_hours (line 410) ... ok
test library/core/src/time.rs - time::Duration::from_micros (line 258) ... ok
test library/core/src/time.rs - time::Duration::from_millis (line 232) ... ok
test library/core/src/time.rs - time::Duration::from_mins (line 438) ... ok
test library/core/src/time.rs - time::Duration::from_nanos (line 289) ... ok
error: linking with `./cheri/linker.sh` failed: exit status: 255
  |
  = note:  "./cheri/linker.sh" "-flavor" "gnu" "/var/folders/9k/gp4ckb6n1wd80tfd822vr6j80000gp/T/rustcYTPHsB/symbols.o" "<2 object files omitted>" "--as-needed" "-Bstatic" "<sysroot>/lib/rustlib/riscv32cheriot-unknown-cheriotrtos/lib/{libpanic_abort-*,libstd-*,libcfg_if-*,librustc_demangle-*,libstd_detect-*,libhashbrown-*,librustc_std_workspace_alloc-*,libminiz_oxide-*,libadler2-*,libunwind-*,liblibc-*,librustc_std_workspace_core-*,liballoc-*,libcore-*,libcompiler_builtins-*}.rlib" "-L" "/var/folders/9k/gp4ckb6n1wd80tfd822vr6j80000gp/T/rustcYTPHsB/raw-dylibs" "-Bdynamic" "-z" "noexecstack" "-L" "<sysroot>/lib/rustlib/riscv32cheriot-unknown-cheriotrtos/lib/self-contained" "-o" "/var/folders/9k/gp4ckb6n1wd80tfd822vr6j80000gp/T/rustdoctestgo23qS/rust_out" "--gc-sections" "-static"
  = note: some arguments are omitted. use `--verbose` to show all linker arguments
  = note: Remapping priority of thread 1 from 1 to 0
          Enabling sub-object bounds for cheriot.allocator
          Enabling sub-object bounds for cheriot.loader
          Enabling sub-object bounds for test_fw.scheduler
          Patched board file will be saved as "/Users/jacob/CHERIoT/rust/cheri/doctests/build/board.json"
          [ 93%]: linking compartment test_runner.compartment
          [ 93%]: linking firmware build/cheriot/cheriot/release/test_fw
          error: ld.lld: error: undefined symbol: __library_export_libcalls___udivti3
          >>> referenced by compiler_builtins.f5786da9a5584453-cgu.112
          >>>               build/cheriot/cheriot/release/test_runner.compartment:()
          >>> did you mean: __library_export_libcalls___udivdi3
          >>> defined in: build/cheriot/cheriot/release/crt.library
          
          ld.lld: error: undefined symbol: __library_export_libcalls___umodti3
          >>> referenced by compiler_builtins.f5786da9a5584453-cgu.112
          >>>               build/cheriot/cheriot/release/test_runner.compartment:()
          >>> did you mean: __library_export_libcalls___umoddi3
          >>> defined in: build/cheriot/cheriot/release/crt.library
          
          warning: $(buildir) has been deprecated, please use $(builddir)
          

error: aborting due to 1 previous error

Couldn't compile the test.test library/core/src/time.rs - time::Duration::from_nanos_u128 (line 319) ... FAILED
test library/core/src/time.rs - time::Duration::from_secs (line 212) ... ok
test library/core/src/time.rs - time::Duration::from_secs_f32 (line 976) ... ok
test library/core/src/time.rs - time::Duration::from_secs_f64 (line 939) ... ok
test library/core/src/time.rs - time::Duration::from_weeks (line 354) ... ok
test library/core/src/time.rs - time::Duration::is_zero (line 462) ... ok
test library/core/src/time.rs - time::Duration::mul_f32 (line 1033) ... ok
test library/core/src/time.rs - time::Duration::mul_f64 (line 1012) ... ok
test library/core/src/time.rs - time::Duration::new (line 185) ... ok
test library/core/src/time.rs - time::Duration::saturating_add (line 693) ... ok
test library/core/src/time.rs - time::Duration::saturating_mul (line 804) ... ok
test library/core/src/time.rs - time::Duration::saturating_sub (line 750) ... ok
test library/core/src/time.rs - time::Duration::subsec_micros (line 541) ... ok
test library/core/src/time.rs - time::Duration::subsec_millis (line 518) ... ok
test library/core/src/time.rs - time::Duration::subsec_nanos (line 564) ... ok
test library/core/src/time.rs - time::Duration::try_from_secs_f32 (line 1594) ... ok
test library/core/src/time.rs - time::Duration::try_from_secs_f64 (line 1662) ... ok
test library/core/src/time.rs - time::TryFromFloatSecsError (line 1470) ... ok
test library/core/src/ub_checks.rs - ub_checks::assert_unsafe_precondition (line 37) ... ignored
test library/core/src/unit.rs - unit::() (line 6) ... ok

failures:


failures:
    library/core/src/../../portable-simd/crates/core_simd/src/simd/num/float.rs - core_simd::simd::num::float::SimdFloat::reduce_max (line 194)
    library/core/src/../../portable-simd/crates/core_simd/src/simd/num/float.rs - core_simd::simd::num::float::SimdFloat::reduce_min (line 221)
    library/core/src/../../portable-simd/crates/core_simd/src/vector.rs - core_simd::vector::Simd<T,N>::gather_or (line 491)
    library/core/src/../../portable-simd/crates/core_simd/src/vector.rs - core_simd::vector::Simd<T,N>::gather_or_default (line 511)
    library/core/src/../../portable-simd/crates/core_simd/src/vector.rs - core_simd::vector::Simd<T,N>::gather_ptr (line 608)
    library/core/src/../../portable-simd/crates/core_simd/src/vector.rs - core_simd::vector::Simd<T,N>::gather_select (line 534)
    library/core/src/../../portable-simd/crates/core_simd/src/vector.rs - core_simd::vector::Simd<T,N>::gather_select_ptr (line 641)
    library/core/src/../../portable-simd/crates/core_simd/src/vector.rs - core_simd::vector::Simd<T,N>::gather_select_unchecked (line 568)
    library/core/src/../../portable-simd/crates/core_simd/src/vector.rs - core_simd::vector::Simd<T,N>::scatter (line 749)
    library/core/src/../../portable-simd/crates/core_simd/src/vector.rs - core_simd::vector::Simd<T,N>::scatter_ptr (line 856)
    library/core/src/../../portable-simd/crates/core_simd/src/vector.rs - core_simd::vector::Simd<T,N>::scatter_select (line 771)
    library/core/src/../../portable-simd/crates/core_simd/src/vector.rs - core_simd::vector::Simd<T,N>::scatter_select_ptr (line 883)
    library/core/src/../../portable-simd/crates/core_simd/src/vector.rs - core_simd::vector::Simd<T,N>::scatter_select_unchecked (line 802)
    library/core/src/alloc/global.rs - alloc::global::GlobalAlloc (line 22)
    library/core/src/cmp.rs - cmp::PartialOrd (line 1188)
    library/core/src/hint.rs - hint::spin_loop (line 235)
    library/core/src/intrinsics/mod.rs - intrinsics::transmute (line 677)
    library/core/src/iter/traits/iterator.rs - iter::traits::iterator::Iterator::for_each (line 796)
    library/core/src/iter/traits/iterator.rs - iter::traits::iterator::Iterator::max (line 3142)
    library/core/src/iter/traits/iterator.rs - iter::traits::iterator::Iterator::min (line 3178)
    library/core/src/iter/traits/iterator.rs - iter::traits::iterator::Iterator::try_for_each (line 2443)
    library/core/src/num/dec2flt/mod.rs - num::dec2flt::ParseFloatError (line 202)
    library/core/src/num/f32.rs - f32::f32::max (line 909)
    library/core/src/num/f32.rs - f32::f32::min (line 935)
    library/core/src/num/f32.rs - f32::math::ceil (line 1657)
    library/core/src/num/f32.rs - f32::math::div_euclid (line 1855)
    library/core/src/num/f32.rs - f32::math::floor (line 1628)
    library/core/src/num/f32.rs - f32::math::fract (line 1780)
    library/core/src/num/f32.rs - f32::math::powi (line 1919)
    library/core/src/num/f32.rs - f32::math::rem_euclid (line 1887)
    library/core/src/num/f32.rs - f32::math::round (line 1685)
    library/core/src/num/f32.rs - f32::math::round_ties_even (line 1719)
    library/core/src/num/f32.rs - f32::math::sqrt (line 1946)
    library/core/src/num/f32.rs - f32::math::trunc (line 1750)
    library/core/src/num/f64.rs - f64::f64::max (line 927)
    library/core/src/num/f64.rs - f64::f64::min (line 953)
    library/core/src/num/f64.rs - f64::math::cbrt (line 2014)
    library/core/src/num/f64.rs - f64::math::ceil (line 1655)
    library/core/src/num/f64.rs - f64::math::div_euclid (line 1853)
    library/core/src/num/f64.rs - f64::math::floor (line 1626)
    library/core/src/num/f64.rs - f64::math::fract (line 1778)
    library/core/src/num/f64.rs - f64::math::powi (line 1917)
    library/core/src/num/f64.rs - f64::math::rem_euclid (line 1885)
    library/core/src/num/f64.rs - f64::math::round (line 1683)
    library/core/src/num/f64.rs - f64::math::round_ties_even (line 1717)
    library/core/src/num/f64.rs - f64::math::sqrt (line 1944)
    library/core/src/num/f64.rs - f64::math::trunc (line 1748)
    library/core/src/num/int_macros.rs - num::i128::checked_div (line 884)
    library/core/src/num/int_macros.rs - num::i128::checked_div_euclid (line 951)
    library/core/src/num/int_macros.rs - num::i128::checked_div_exact (line 1019)
    library/core/src/num/int_macros.rs - num::i128::checked_ilog (line 3473)
    library/core/src/num/int_macros.rs - num::i128::checked_ilog10 (line 3521)
    library/core/src/num/int_macros.rs - num::i128::checked_isqrt (line 1822)
    library/core/src/num/int_macros.rs - num::i128::checked_next_multiple_of (line 3341)
    library/core/src/num/int_macros.rs - num::i128::checked_rem (line 1124)
    library/core/src/num/int_macros.rs - num::i128::checked_rem_euclid (line 1190)
    library/core/src/num/int_macros.rs - num::i128::div_ceil (line 3252)
    library/core/src/num/int_macros.rs - num::i128::div_euclid (line 3126)
    library/core/src/num/int_macros.rs - num::i128::div_exact (line 1061)
    library/core/src/num/int_macros.rs - num::i128::div_exact (line 1068)
    library/core/src/num/int_macros.rs - num::i128::div_exact (line 1072)
    library/core/src/num/int_macros.rs - num::i128::div_floor (line 3210)
    library/core/src/num/int_macros.rs - num::i128::ilog (line 3394)
    library/core/src/num/int_macros.rs - num::i128::ilog10 (line 3445)
    library/core/src/num/int_macros.rs - num::i128::isqrt (line 3091)
    library/core/src/num/int_macros.rs - num::i128::next_multiple_of (line 3297)
    library/core/src/num/int_macros.rs - num::i128::overflowing_div (line 2783)
    library/core/src/num/int_macros.rs - num::i128::overflowing_div_euclid (line 2812)
    library/core/src/num/int_macros.rs - num::i128::overflowing_rem (line 2841)
    library/core/src/num/int_macros.rs - num::i128::overflowing_rem_euclid (line 2870)
    library/core/src/num/int_macros.rs - num::i128::rem_euclid (line 3163)
    library/core/src/num/int_macros.rs - num::i128::rem_euclid (line 3174)
    library/core/src/num/int_macros.rs - num::i128::saturating_div (line 2030)
    library/core/src/num/int_macros.rs - num::i128::strict_div (line 920)
    library/core/src/num/int_macros.rs - num::i128::strict_div (line 926)
    library/core/src/num/int_macros.rs - num::i128::strict_div (line 932)
    library/core/src/num/int_macros.rs - num::i128::strict_div_euclid (line 987)
    library/core/src/num/int_macros.rs - num::i128::strict_div_euclid (line 993)
    library/core/src/num/int_macros.rs - num::i128::strict_div_euclid (line 999)
    library/core/src/num/int_macros.rs - num::i128::strict_rem (line 1159)
    library/core/src/num/int_macros.rs - num::i128::strict_rem (line 1165)
    library/core/src/num/int_macros.rs - num::i128::strict_rem (line 1171)
    library/core/src/num/int_macros.rs - num::i128::strict_rem_euclid (line 1225)
    library/core/src/num/int_macros.rs - num::i128::strict_rem_euclid (line 1231)
    library/core/src/num/int_macros.rs - num::i128::strict_rem_euclid (line 1237)
    library/core/src/num/int_macros.rs - num::i128::wrapping_div (line 2175)
    library/core/src/num/int_macros.rs - num::i128::wrapping_div_euclid (line 2201)
    library/core/src/num/int_macros.rs - num::i128::wrapping_rem (line 2227)
    library/core/src/num/int_macros.rs - num::i128::wrapping_rem_euclid (line 2252)
    library/core/src/num/nonzero.rs - num::nonzero::NonZero<u128>::div_ceil (line 1382)
    library/core/src/num/nonzero.rs - num::nonzero::NonZero<u128>::ilog10 (line 1643)
    library/core/src/num/nonzero.rs - num::nonzero::NonZero<u128>::isqrt (line 1736)
    library/core/src/num/saturating.rs - num::saturating::Saturating<i128> (line 331)
    library/core/src/num/saturating.rs - num::saturating::Saturating<i128> (line 339)
    library/core/src/num/saturating.rs - num::saturating::Saturating<u128> (line 331)
    library/core/src/num/saturating.rs - num::saturating::Saturating<u128> (line 339)
    library/core/src/num/uint_macros.rs - num::u128::checked_div (line 1196)
    library/core/src/num/uint_macros.rs - num::u128::checked_div_euclid (line 1251)
    library/core/src/num/uint_macros.rs - num::u128::checked_div_exact (line 1305)
    library/core/src/num/uint_macros.rs - num::u128::checked_ilog (line 1638)
    library/core/src/num/uint_macros.rs - num::u128::checked_ilog10 (line 1719)
    library/core/src/num/uint_macros.rs - num::u128::checked_next_multiple_of (line 3597)
    library/core/src/num/uint_macros.rs - num::u128::checked_rem (line 1395)
    library/core/src/num/uint_macros.rs - num::u128::checked_rem_euclid (line 1451)
    library/core/src/num/uint_macros.rs - num::u128::div_ceil (line 3541)
    library/core/src/num/uint_macros.rs - num::u128::div_exact (line 1342)
    library/core/src/num/uint_macros.rs - num::u128::ilog (line 1559)
    library/core/src/num/uint_macros.rs - num::u128::ilog10 (line 1610)
    library/core/src/num/uint_macros.rs - num::u128::is_multiple_of (line 3624)
    library/core/src/num/uint_macros.rs - num::u128::isqrt (line 3429)
    library/core/src/num/uint_macros.rs - num::u128::next_multiple_of (line 3574)
    library/core/src/num/uint_macros.rs - num::u128::saturating_div (line 2328)
    library/core/src/ops/arith.rs - ops::arith::f128 (line 627)
    library/core/src/ops/arith.rs - ops::arith::f16 (line 627)
    library/core/src/ops/arith.rs - ops::arith::f32 (line 627)
    library/core/src/ops/arith.rs - ops::arith::f64 (line 627)
    library/core/src/primitive_docs.rs - prim_fn (line 1752)
    library/core/src/primitive_docs.rs - prim_fn (line 1779)
    library/core/src/result.rs - result::Result<T,E>::and_then (line 1473)
    library/core/src/sync/atomic.rs - sync::atomic (line 198)
    library/core/src/sync/atomic.rs - sync::atomic::AtomicBool::from_mut_slice (line 663)
    library/core/src/sync/atomic.rs - sync::atomic::AtomicBool::get_mut_slice (line 632)
    library/core/src/sync/atomic.rs - sync::atomic::AtomicI16::fetch_nand (line 3299)
    library/core/src/sync/atomic.rs - sync::atomic::AtomicI16::from_mut_slice (line 2846)
    library/core/src/sync/atomic.rs - sync::atomic::AtomicI16::get_mut_slice (line 2811)
    library/core/src/sync/atomic.rs - sync::atomic::AtomicI32::fetch_nand (line 3299)
    library/core/src/sync/atomic.rs - sync::atomic::AtomicI32::from_mut_slice (line 2846)
    library/core/src/sync/atomic.rs - sync::atomic::AtomicI32::get_mut_slice (line 2811)
    library/core/src/sync/atomic.rs - sync::atomic::AtomicI64::fetch_nand (line 3299)
    library/core/src/sync/atomic.rs - sync::atomic::AtomicI64::from_mut_slice (line 2846)
    library/core/src/sync/atomic.rs - sync::atomic::AtomicI64::get_mut_slice (line 2811)
    library/core/src/sync/atomic.rs - sync::atomic::AtomicI8::fetch_nand (line 3299)
    library/core/src/sync/atomic.rs - sync::atomic::AtomicI8::from_mut_slice (line 2846)
    library/core/src/sync/atomic.rs - sync::atomic::AtomicI8::get_mut_slice (line 2811)
    library/core/src/sync/atomic.rs - sync::atomic::AtomicIsize::fetch_nand (line 3299)
    library/core/src/sync/atomic.rs - sync::atomic::AtomicIsize::from_mut_slice (line 2846)
    library/core/src/sync/atomic.rs - sync::atomic::AtomicIsize::get_mut_slice (line 2811)
    library/core/src/sync/atomic.rs - sync::atomic::AtomicPtr<T>::from_mut_slice (line 1650)
    library/core/src/sync/atomic.rs - sync::atomic::AtomicPtr<T>::get_mut_slice (line 1611)
    library/core/src/sync/atomic.rs - sync::atomic::AtomicPtr<T>::into_inner (line 1689)
    library/core/src/sync/atomic.rs - sync::atomic::AtomicU16::fetch_nand (line 3299)
    library/core/src/sync/atomic.rs - sync::atomic::AtomicU16::from_mut_slice (line 2846)
    library/core/src/sync/atomic.rs - sync::atomic::AtomicU16::get_mut_slice (line 2811)
    library/core/src/sync/atomic.rs - sync::atomic::AtomicU32::fetch_nand (line 3299)
    library/core/src/sync/atomic.rs - sync::atomic::AtomicU32::from_mut_slice (line 2846)
    library/core/src/sync/atomic.rs - sync::atomic::AtomicU32::get_mut_slice (line 2811)
    library/core/src/sync/atomic.rs - sync::atomic::AtomicU64::fetch_nand (line 3299)
    library/core/src/sync/atomic.rs - sync::atomic::AtomicU64::from_mut_slice (line 2846)
    library/core/src/sync/atomic.rs - sync::atomic::AtomicU64::get_mut_slice (line 2811)
    library/core/src/sync/atomic.rs - sync::atomic::AtomicU8::fetch_nand (line 3299)
    library/core/src/sync/atomic.rs - sync::atomic::AtomicU8::from_mut_slice (line 2846)
    library/core/src/sync/atomic.rs - sync::atomic::AtomicU8::get_mut_slice (line 2811)
    library/core/src/sync/atomic.rs - sync::atomic::AtomicUsize::fetch_nand (line 3299)
    library/core/src/sync/atomic.rs - sync::atomic::AtomicUsize::from_mut_slice (line 2846)
    library/core/src/sync/atomic.rs - sync::atomic::AtomicUsize::get_mut_slice (line 2811)
    library/core/src/time.rs - time::Duration::from_nanos_u128 (line 319)

test result: FAILED. 5360 passed; 156 failed; 47 ignored; 0 measured; 0 filtered out; finished in 8504.31s

all doctests ran in 8512.50s; merged doctests compilation took 7.72s
error: doctest failed, to rerun pass `-p core --doc`
Build completed unsuccessfully in 2:21:59
